2025-03-10T17:43:18.032+0800 [INFO] [org.gradle.internal.nativeintegration.services.NativeServices] Initialized native services in: /Users/sam/.gradle/native
2025-03-10T17:43:18.047+0800 [INFO] [org.gradle.internal.nativeintegration.services.NativeServices] Initialized jansi services in: /Users/sam/.gradle/native
2025-03-10T17:43:18.062+0800 [LIFECYCLE] [org.gradle.launcher.cli.DebugLoggerWarningAction] 
#############################################################################
   WARNING WARNING WARNING WARNING WARNING WARNING WARNING WARNING WARNING

   Debug level logging will leak security sensitive information!

   For more details, please refer to https://docs.gradle.org/8.10/userguide/logging.html#sec:debug_security in the Gradle documentation.
#############################################################################

2025-03-10T17:43:18.087+0800 [INFO] [org.gradle.internal.jvm.inspection.DefaultJvmMetadataDetector] Received JVM installation metadata from '/Users/sam/Library/Java/JavaVirtualMachines/openjdk-23.0.2/Contents/Home': {JAVA_HOME=/Users/sam/Library/Java/JavaVirtualMachines/openjdk-23.0.2/Contents/Home, JAVA_VERSION=23.0.2, JAVA_VENDOR=Oracle Corporation, RUNTIME_NAME=OpenJDK Runtime Environment, RUNTIME_VERSION=23.0.2+7-58, VM_NAME=OpenJDK 64-Bit Server VM, VM_VERSION=23.0.2+7-58, VM_VENDOR=Oracle Corporation, OS_ARCH=aarch64}
2025-03-10T17:43:18.125+0800 [DEBUG] [org.gradle.launcher.daemon.client.DaemonClient] Executing build e714aaf3-09b7-4b33-a3e7-21b7a5823ce2 in daemon client {pid=7792}
2025-03-10T17:43:18.129+0800 [DEBUG] [org.gradle.internal.remote.internal.inet.InetAddresses] Adding IP addresses for network interface utun3
2025-03-10T17:43:18.129+0800 [DEBUG] [org.gradle.internal.remote.internal.inet.InetAddresses] Is this a loopback interface? false
2025-03-10T17:43:18.129+0800 [DEBUG] [org.gradle.internal.remote.internal.inet.InetAddresses] Adding remote address /fe80:0:0:0:ce81:b1c:bd2c:69e%utun3
2025-03-10T17:43:18.129+0800 [DEBUG] [org.gradle.internal.remote.internal.inet.InetAddresses] Adding IP addresses for network interface utun2
2025-03-10T17:43:18.129+0800 [DEBUG] [org.gradle.internal.remote.internal.inet.InetAddresses] Is this a loopback interface? false
2025-03-10T17:43:18.129+0800 [DEBUG] [org.gradle.internal.remote.internal.inet.InetAddresses] Adding remote address /fe80:0:0:0:26f2:c588:10a3:d721%utun2
2025-03-10T17:43:18.129+0800 [DEBUG] [org.gradle.internal.remote.internal.inet.InetAddresses] Adding IP addresses for network interface utun1
2025-03-10T17:43:18.129+0800 [DEBUG] [org.gradle.internal.remote.internal.inet.InetAddresses] Is this a loopback interface? false
2025-03-10T17:43:18.129+0800 [DEBUG] [org.gradle.internal.remote.internal.inet.InetAddresses] Adding remote address /fe80:0:0:0:e287:22b8:f3c4:ce5d%utun1
2025-03-10T17:43:18.129+0800 [DEBUG] [org.gradle.internal.remote.internal.inet.InetAddresses] Adding IP addresses for network interface utun0
2025-03-10T17:43:18.129+0800 [DEBUG] [org.gradle.internal.remote.internal.inet.InetAddresses] Is this a loopback interface? false
2025-03-10T17:43:18.129+0800 [DEBUG] [org.gradle.internal.remote.internal.inet.InetAddresses] Adding remote address /fe80:0:0:0:33cf:a159:6e22:a6be%utun0
2025-03-10T17:43:18.129+0800 [DEBUG] [org.gradle.internal.remote.internal.inet.InetAddresses] Adding IP addresses for network interface llw0
2025-03-10T17:43:18.129+0800 [DEBUG] [org.gradle.internal.remote.internal.inet.InetAddresses] Is this a loopback interface? false
2025-03-10T17:43:18.129+0800 [DEBUG] [org.gradle.internal.remote.internal.inet.InetAddresses] Adding remote address /fe80:0:0:0:a6:20ff:fe0d:a07%llw0
2025-03-10T17:43:18.129+0800 [DEBUG] [org.gradle.internal.remote.internal.inet.InetAddresses] Adding IP addresses for network interface awdl0
2025-03-10T17:43:18.129+0800 [DEBUG] [org.gradle.internal.remote.internal.inet.InetAddresses] Is this a loopback interface? false
2025-03-10T17:43:18.129+0800 [DEBUG] [org.gradle.internal.remote.internal.inet.InetAddresses] Adding remote address /fe80:0:0:0:a6:20ff:fe0d:a07%awdl0
2025-03-10T17:43:18.129+0800 [DEBUG] [org.gradle.internal.remote.internal.inet.InetAddresses] Adding IP addresses for network interface en1
2025-03-10T17:43:18.129+0800 [DEBUG] [org.gradle.internal.remote.internal.inet.InetAddresses] Is this a loopback interface? false
2025-03-10T17:43:18.129+0800 [DEBUG] [org.gradle.internal.remote.internal.inet.InetAddresses] Adding remote address /fe80:0:0:0:18bd:21cf:8c4d:cfc4%en1
2025-03-10T17:43:18.129+0800 [DEBUG] [org.gradle.internal.remote.internal.inet.InetAddresses] Adding remote address /192.168.0.27
2025-03-10T17:43:18.129+0800 [DEBUG] [org.gradle.internal.remote.internal.inet.InetAddresses] Adding IP addresses for network interface lo0
2025-03-10T17:43:18.129+0800 [DEBUG] [org.gradle.internal.remote.internal.inet.InetAddresses] Is this a loopback interface? true
2025-03-10T17:43:18.129+0800 [DEBUG] [org.gradle.internal.remote.internal.inet.InetAddresses] Ignoring remote address on loopback interface /fe80:0:0:0:0:0:0:1%lo0
2025-03-10T17:43:18.129+0800 [DEBUG] [org.gradle.internal.remote.internal.inet.InetAddresses] Adding loopback address /0:0:0:0:0:0:0:1%lo0
2025-03-10T17:43:18.129+0800 [DEBUG] [org.gradle.internal.remote.internal.inet.InetAddresses] Adding loopback address /127.0.0.1
2025-03-10T17:43:18.137+0800 [DEBUG] [org.gradle.cache.internal.DefaultFileLockManager] Waiting to acquire shared lock on daemon addresses registry.
2025-03-10T17:43:18.138+0800 [DEBUG] [org.gradle.cache.internal.DefaultFileLockManager] Lock acquired on daemon addresses registry.
2025-03-10T17:43:18.139+0800 [DEBUG] [org.gradle.cache.internal.DefaultFileLockManager] Releasing lock on daemon addresses registry.
2025-03-10T17:43:18.140+0800 [DEBUG] [org.gradle.internal.remote.internal.inet.TcpOutgoingConnector] Attempting to connect to [b1a8f178-af90-4f4a-8c0d-61c18c914117 port:49481, addresses:[/127.0.0.1]].
2025-03-10T17:43:18.140+0800 [DEBUG] [org.gradle.internal.remote.internal.inet.TcpOutgoingConnector] Trying to connect to address /127.0.0.1.
2025-03-10T17:43:18.142+0800 [DEBUG] [org.gradle.internal.remote.internal.inet.TcpOutgoingConnector] Connected to address /127.0.0.1:49481.
2025-03-10T17:43:18.146+0800 [DEBUG] [org.gradle.launcher.daemon.client.DaemonClient] Connected to daemon DaemonInfo{pid=1078, address=[b1a8f178-af90-4f4a-8c0d-61c18c914117 port:49481, addresses:[/127.0.0.1]], state=Idle, lastBusy=1741599759408, context=DefaultDaemonContext[uid=ce358010-52ff-412c-bc14-b3d381f65b83,javaHome=/Users/sam/Library/Java/JavaVirtualMachines/openjdk-23.0.2/Contents/Home,javaVersion=23,javaVendor=Oracle Corporation,daemonRegistryDir=/Users/sam/.gradle/daemon,pid=1078,idleTimeout=10800000,priority=NORMAL,applyInstrumentationAgent=true,nativeServicesMode=ENABLED,daemonOpts=--add-opens=java.base/java.util=ALL-UNNAMED,--add-opens=java.base/java.lang=ALL-UNNAMED,--add-opens=java.base/java.lang.invoke=ALL-UNNAMED,--add-opens=java.prefs/java.util.prefs=ALL-UNNAMED,--add-exports=jdk.compiler/com.sun.tools.javac.api=ALL-UNNAMED,--add-exports=jdk.compiler/com.sun.tools.javac.util=ALL-UNNAMED,--add-opens=java.base/java.nio.charset=ALL-UNNAMED,--add-opens=java.base/java.net=ALL-UNNAMED,--add-opens=java.base/java.util.concurrent.atomic=ALL-UNNAMED,-XX:MaxMetaspaceSize=384m,-XX:+HeapDumpOnOutOfMemoryError,-Xms256m,-Xmx512m,-Dfile.encoding=UTF-8,-Duser.country=TW,-Duser.language=zh,-Duser.variant]}. Dispatching request Build{id=e714aaf3-09b7-4b33-a3e7-21b7a5823ce2, currentDir=/Users/sam/Desktop/MyApplicationBackend/MyApplicationBackend}.
2025-03-10T17:43:18.146+0800 [DEBUG] [org.gradle.launcher.daemon.client.DaemonClientConnection] thread 1: dispatching class org.gradle.launcher.daemon.protocol.Build
2025-03-10T17:43:18.155+0800 [DEBUG] [org.gradle.launcher.daemon.client.DaemonClient] Received result org.gradle.launcher.daemon.protocol.BuildStarted@4a891c97 from daemon DaemonInfo{pid=1078, address=[b1a8f178-af90-4f4a-8c0d-61c18c914117 port:49481, addresses:[/127.0.0.1]], state=Idle, lastBusy=1741599759408, context=DefaultDaemonContext[uid=ce358010-52ff-412c-bc14-b3d381f65b83,javaHome=/Users/sam/Library/Java/JavaVirtualMachines/openjdk-23.0.2/Contents/Home,javaVersion=23,javaVendor=Oracle Corporation,daemonRegistryDir=/Users/sam/.gradle/daemon,pid=1078,idleTimeout=10800000,priority=NORMAL,applyInstrumentationAgent=true,nativeServicesMode=ENABLED,daemonOpts=--add-opens=java.base/java.util=ALL-UNNAMED,--add-opens=java.base/java.lang=ALL-UNNAMED,--add-opens=java.base/java.lang.invoke=ALL-UNNAMED,--add-opens=java.prefs/java.util.prefs=ALL-UNNAMED,--add-exports=jdk.compiler/com.sun.tools.javac.api=ALL-UNNAMED,--add-exports=jdk.compiler/com.sun.tools.javac.util=ALL-UNNAMED,--add-opens=java.base/java.nio.charset=ALL-UNNAMED,--add-opens=java.base/java.net=ALL-UNNAMED,--add-opens=java.base/java.util.concurrent.atomic=ALL-UNNAMED,-XX:MaxMetaspaceSize=384m,-XX:+HeapDumpOnOutOfMemoryError,-Xms256m,-Xmx512m,-Dfile.encoding=UTF-8,-Duser.country=TW,-Duser.language=zh,-Duser.variant]} (build should be starting).
2025-03-10T17:43:18.155+0800 [INFO] [org.gradle.launcher.daemon.server.exec.LogToClient] The client will now receive all logging from the daemon (pid: 1078). The daemon log file: /Users/sam/.gradle/daemon/8.10/daemon-1078.out.log
2025-03-10T17:43:18.156+0800 [INFO] [org.gradle.launcher.daemon.server.exec.LogAndCheckHealth] Starting 12th build in daemon [uptime: 52 mins 45.82 secs, performance: 100%, GC rate: 0.00/s, heap usage: 4% of 512 MiB, non-heap usage: 37% of 384 MiB]
2025-03-10T17:43:18.156+0800 [DEBUG] [org.gradle.launcher.daemon.server.exec.ExecuteBuild] The daemon has started executing the build.
2025-03-10T17:43:18.156+0800 [DEBUG] [org.gradle.launcher.daemon.server.exec.ExecuteBuild] Executing build with daemon context: DefaultDaemonContext[uid=ce358010-52ff-412c-bc14-b3d381f65b83,javaHome=/Users/sam/Library/Java/JavaVirtualMachines/openjdk-23.0.2/Contents/Home,javaVersion=23,javaVendor=Oracle Corporation,daemonRegistryDir=/Users/sam/.gradle/daemon,pid=1078,idleTimeout=10800000,priority=NORMAL,applyInstrumentationAgent=true,nativeServicesMode=ENABLED,daemonOpts=--add-opens=java.base/java.util=ALL-UNNAMED,--add-opens=java.base/java.lang=ALL-UNNAMED,--add-opens=java.base/java.lang.invoke=ALL-UNNAMED,--add-opens=java.prefs/java.util.prefs=ALL-UNNAMED,--add-exports=jdk.compiler/com.sun.tools.javac.api=ALL-UNNAMED,--add-exports=jdk.compiler/com.sun.tools.javac.util=ALL-UNNAMED,--add-opens=java.base/java.nio.charset=ALL-UNNAMED,--add-opens=java.base/java.net=ALL-UNNAMED,--add-opens=java.base/java.util.concurrent.atomic=ALL-UNNAMED,-XX:MaxMetaspaceSize=384m,-XX:+HeapDumpOnOutOfMemoryError,-Xms256m,-Xmx512m,-Dfile.encoding=UTF-8,-Duser.country=TW,-Duser.language=zh,-Duser.variant]
2025-03-10T17:43:18.158+0800 [INFO] [org.gradle.internal.work.DefaultWorkerLeaseService] Using 12 worker leases.
2025-03-10T17:43:18.158+0800 [DEBUG] [org.gradle.internal.resources.AbstractTrackedResourceLock] Daemon worker Thread 9: acquired lock on worker lease
2025-03-10T17:43:18.158+0800 [DEBUG] [org.gradle.internal.operations.DefaultBuildOperationRunner] Build operation 'Run build' started
2025-03-10T17:43:18.162+0800 [DEBUG] [org.gradle.cache.internal.DefaultCacheCoordinator] Creating new cache for fileHashes, path /Users/sam/Desktop/MyApplicationBackend/MyApplicationBackend/.gradle/8.10/fileHashes/fileHashes.bin, access org.gradle.cache.internal.DefaultCacheCoordinator@167f4fa3
2025-03-10T17:43:18.163+0800 [DEBUG] [org.gradle.cache.internal.LockOnDemandCrossProcessCacheAccess] Acquiring file lock for file hash cache (/Users/sam/Desktop/MyApplicationBackend/MyApplicationBackend/.gradle/8.10/fileHashes)
2025-03-10T17:43:18.164+0800 [DEBUG] [org.gradle.cache.internal.DefaultFileLockManager] Waiting to acquire exclusive lock on file hash cache (/Users/sam/Desktop/MyApplicationBackend/MyApplicationBackend/.gradle/8.10/fileHashes).
2025-03-10T17:43:18.164+0800 [DEBUG] [org.gradle.cache.internal.DefaultFileLockManager] Lock acquired on file hash cache (/Users/sam/Desktop/MyApplicationBackend/MyApplicationBackend/.gradle/8.10/fileHashes).
2025-03-10T17:43:18.164+0800 [DEBUG] [org.gradle.cache.internal.DefaultCacheCoordinator] Creating new cache for outputFiles, path /Users/sam/Desktop/MyApplicationBackend/MyApplicationBackend/.gradle/buildOutputCleanup/outputFiles.bin, access org.gradle.cache.internal.DefaultCacheCoordinator@42a76d2e
2025-03-10T17:43:18.165+0800 [DEBUG] [org.gradle.cache.internal.LockOnDemandCrossProcessCacheAccess] Acquiring file lock for Build Output Cleanup Cache (/Users/sam/Desktop/MyApplicationBackend/MyApplicationBackend/.gradle/buildOutputCleanup)
2025-03-10T17:43:18.165+0800 [DEBUG] [org.gradle.cache.internal.DefaultFileLockManager] Waiting to acquire exclusive lock on Build Output Cleanup Cache (/Users/sam/Desktop/MyApplicationBackend/MyApplicationBackend/.gradle/buildOutputCleanup).
2025-03-10T17:43:18.166+0800 [DEBUG] [org.gradle.cache.internal.DefaultFileLockManager] Lock acquired on Build Output Cleanup Cache (/Users/sam/Desktop/MyApplicationBackend/MyApplicationBackend/.gradle/buildOutputCleanup).
2025-03-10T17:43:18.167+0800 [DEBUG] [org.gradle.cache.internal.DefaultCacheCoordinator] Creating new cache for resourceHashesCache, path /Users/sam/Desktop/MyApplicationBackend/MyApplicationBackend/.gradle/8.10/fileHashes/resourceHashesCache.bin, access org.gradle.cache.internal.DefaultCacheCoordinator@167f4fa3
2025-03-10T17:43:18.168+0800 [INFO] [org.gradle.internal.watch.registry.impl.WatchableHierarchies] Now considering [/Users/sam/Desktop/MyApplicationBackend/MyApplicationBackend] as hierarchies to watch
2025-03-10T17:43:18.168+0800 [INFO] [org.gradle.tooling.internal.provider.FileSystemWatchingBuildActionRunner] Watching the file system is configured to be enabled if available
2025-03-10T17:43:18.169+0800 [DEBUG] [org.gradle.tooling.internal.provider.FileSystemWatchingBuildActionRunner] Watching the file system computed to be enabled if available
2025-03-10T17:43:18.169+0800 [DEBUG] [org.gradle.internal.operations.DefaultBuildOperationRunner] Build operation 'Build started for file system watching' started
2025-03-10T17:43:18.169+0800 [DEBUG] [org.gradle.internal.watch.vfs.impl.DefaultWatchableFileSystemDetector] Detected apfs: / from /dev/disk3s1s1 (remote: false)
2025-03-10T17:43:18.169+0800 [DEBUG] [org.gradle.internal.watch.vfs.impl.DefaultWatchableFileSystemDetector] Detected devfs: /dev from devfs (remote: false)
2025-03-10T17:43:18.169+0800 [DEBUG] [org.gradle.internal.watch.vfs.impl.DefaultWatchableFileSystemDetector] Detected apfs: /System/Volumes/VM from /dev/disk3s6 (remote: false)
2025-03-10T17:43:18.169+0800 [DEBUG] [org.gradle.internal.watch.vfs.impl.DefaultWatchableFileSystemDetector] Detected apfs: /System/Volumes/Preboot from /dev/disk3s2 (remote: false)
2025-03-10T17:43:18.169+0800 [DEBUG] [org.gradle.internal.watch.vfs.impl.DefaultWatchableFileSystemDetector] Detected apfs: /System/Volumes/Update from /dev/disk3s4 (remote: false)
2025-03-10T17:43:18.169+0800 [DEBUG] [org.gradle.internal.watch.vfs.impl.DefaultWatchableFileSystemDetector] Detected apfs: /System/Volumes/xarts from /dev/disk1s2 (remote: false)
2025-03-10T17:43:18.169+0800 [DEBUG] [org.gradle.internal.watch.vfs.impl.DefaultWatchableFileSystemDetector] Detected apfs: /System/Volumes/iSCPreboot from /dev/disk1s1 (remote: false)
2025-03-10T17:43:18.169+0800 [DEBUG] [org.gradle.internal.watch.vfs.impl.DefaultWatchableFileSystemDetector] Detected apfs: /System/Volumes/Hardware from /dev/disk1s3 (remote: false)
2025-03-10T17:43:18.170+0800 [DEBUG] [org.gradle.internal.watch.vfs.impl.DefaultWatchableFileSystemDetector] Detected apfs: /System/Volumes/Data from /dev/disk3s5 (remote: false)
2025-03-10T17:43:18.170+0800 [DEBUG] [org.gradle.internal.watch.vfs.impl.DefaultWatchableFileSystemDetector] Detected autofs: /System/Volumes/Data/home from map auto_home (remote: true)
2025-03-10T17:43:18.170+0800 [DEBUG] [org.gradle.internal.watch.vfs.impl.DefaultWatchableFileSystemDetector] Detected apfs: /Volumes/Recovery from /dev/disk3s3 (remote: false)
2025-03-10T17:43:18.170+0800 [DEBUG] [org.gradle.internal.watch.vfs.impl.DefaultWatchableFileSystemDetector] Detected apfs: /Library/Developer/CoreSimulator/Cryptex/Images/bundle/SimRuntimeBundle-C52D3A53-F450-430F-A254-C0B18790CA8C from /dev/disk5s1 (remote: false)
2025-03-10T17:43:18.170+0800 [DEBUG] [org.gradle.internal.watch.vfs.impl.DefaultWatchableFileSystemDetector] Detected apfs: /Library/Developer/CoreSimulator/Volumes/iOS_22D8075 from /dev/disk7s1 (remote: false)
2025-03-10T17:43:18.171+0800 [DEBUG] [org.gradle.internal.operations.DefaultBuildOperationRunner] Completing Build operation 'Build started for file system watching'
2025-03-10T17:43:18.171+0800 [DEBUG] [org.gradle.internal.operations.DefaultBuildOperationRunner] Build operation 'Build started for file system watching' completed
2025-03-10T17:43:18.171+0800 [INFO] [org.gradle.tooling.internal.provider.FileSystemWatchingBuildActionRunner] File system watching is active
2025-03-10T17:43:18.171+0800 [DEBUG] [org.gradle.internal.operations.DefaultBuildOperationRunner] Build operation 'Load build' started
2025-03-10T17:43:18.171+0800 [DEBUG] [org.gradle.initialization.properties.DefaultProjectPropertiesLoader] Found env project properties: []
2025-03-10T17:43:18.171+0800 [DEBUG] [org.gradle.initialization.properties.DefaultProjectPropertiesLoader] Found system project properties: []
2025-03-10T17:43:18.172+0800 [DEBUG] [org.gradle.internal.operations.DefaultBuildOperationRunner] Build operation 'Evaluate settings' started
2025-03-10T17:43:18.172+0800 [DEBUG] [org.gradle.cache.internal.DefaultCacheCoordinator] Creating new cache for workingDirs, path /Users/sam/Desktop/MyApplicationBackend/MyApplicationBackend/.gradle/8.10/vcsMetadata/workingDirs.bin, access org.gradle.cache.internal.DefaultCacheCoordinator@5e77fd05
2025-03-10T17:43:18.174+0800 [DEBUG] [org.gradle.cache.internal.DefaultCacheCoordinator] Creating new cache for md5-checksums, path /Users/sam/Desktop/MyApplicationBackend/MyApplicationBackend/.gradle/8.10/checksums/md5-checksums.bin, access org.gradle.cache.internal.DefaultCacheCoordinator@9f390a2
2025-03-10T17:43:18.174+0800 [DEBUG] [org.gradle.cache.internal.LockOnDemandCrossProcessCacheAccess] Acquiring file lock for checksums cache (/Users/sam/Desktop/MyApplicationBackend/MyApplicationBackend/.gradle/8.10/checksums)
2025-03-10T17:43:18.174+0800 [DEBUG] [org.gradle.cache.internal.DefaultFileLockManager] Waiting to acquire exclusive lock on checksums cache (/Users/sam/Desktop/MyApplicationBackend/MyApplicationBackend/.gradle/8.10/checksums).
2025-03-10T17:43:18.175+0800 [DEBUG] [org.gradle.cache.internal.DefaultFileLockManager] Lock acquired on checksums cache (/Users/sam/Desktop/MyApplicationBackend/MyApplicationBackend/.gradle/8.10/checksums).
2025-03-10T17:43:18.175+0800 [DEBUG] [org.gradle.cache.internal.DefaultCacheCoordinator] Creating new cache for sha1-checksums, path /Users/sam/Desktop/MyApplicationBackend/MyApplicationBackend/.gradle/8.10/checksums/sha1-checksums.bin, access org.gradle.cache.internal.DefaultCacheCoordinator@9f390a2
2025-03-10T17:43:18.175+0800 [DEBUG] [org.gradle.cache.internal.DefaultCacheCoordinator] Creating new cache for sha256-checksums, path /Users/sam/Desktop/MyApplicationBackend/MyApplicationBackend/.gradle/8.10/checksums/sha256-checksums.bin, access org.gradle.cache.internal.DefaultCacheCoordinator@9f390a2
2025-03-10T17:43:18.175+0800 [DEBUG] [org.gradle.cache.internal.DefaultCacheCoordinator] Creating new cache for sha512-checksums, path /Users/sam/Desktop/MyApplicationBackend/MyApplicationBackend/.gradle/8.10/checksums/sha512-checksums.bin, access org.gradle.cache.internal.DefaultCacheCoordinator@9f390a2
2025-03-10T17:43:18.175+0800 [DEBUG] [org.gradle.api.internal.artifacts.mvnsettings.DefaultLocalMavenRepositoryLocator] No local repository in Settings file defined. Using default path: /Users/sam/.m2/repository
2025-03-10T17:43:18.176+0800 [DEBUG] [org.gradle.cache.internal.DefaultCacheCoordinator] Creating new cache for md-rule, path /Users/sam/.gradle/caches/8.10/md-rule/md-rule.bin, access org.gradle.cache.internal.DefaultCacheCoordinator@5695cfb5
2025-03-10T17:43:18.176+0800 [DEBUG] [org.gradle.cache.internal.LockOnDemandCrossProcessCacheAccess] Acquiring file lock for cache directory md-rule (/Users/sam/.gradle/caches/8.10/md-rule)
2025-03-10T17:43:18.177+0800 [DEBUG] [org.gradle.cache.internal.DefaultFileLockManager] Waiting to acquire exclusive lock on cache directory md-rule (/Users/sam/.gradle/caches/8.10/md-rule).
2025-03-10T17:43:18.177+0800 [DEBUG] [org.gradle.cache.internal.DefaultFileLockManager] Lock acquired on cache directory md-rule (/Users/sam/.gradle/caches/8.10/md-rule).
2025-03-10T17:43:18.177+0800 [DEBUG] [org.gradle.cache.internal.DefaultCacheCoordinator] Creating new cache for md-supplier, path /Users/sam/.gradle/caches/8.10/md-supplier/md-supplier.bin, access org.gradle.cache.internal.DefaultCacheCoordinator@5c103d43
2025-03-10T17:43:18.177+0800 [DEBUG] [org.gradle.cache.internal.LockOnDemandCrossProcessCacheAccess] Acquiring file lock for cache directory md-supplier (/Users/sam/.gradle/caches/8.10/md-supplier)
2025-03-10T17:43:18.177+0800 [DEBUG] [org.gradle.cache.internal.DefaultFileLockManager] Waiting to acquire exclusive lock on cache directory md-supplier (/Users/sam/.gradle/caches/8.10/md-supplier).
2025-03-10T17:43:18.177+0800 [DEBUG] [org.gradle.cache.internal.DefaultFileLockManager] Lock acquired on cache directory md-supplier (/Users/sam/.gradle/caches/8.10/md-supplier).
2025-03-10T17:43:18.177+0800 [DEBUG] [org.gradle.internal.locking.LockFileReaderWriter] Lockfiles root: /Users/sam/Desktop/MyApplicationBackend/MyApplicationBackend/gradle/dependency-locks
2025-03-10T17:43:18.177+0800 [INFO] [org.gradle.internal.buildevents.BuildLogger] Starting Build
2025-03-10T17:43:18.177+0800 [DEBUG] [org.gradle.internal.buildevents.BuildLogger] Gradle user home: /Users/sam/.gradle
2025-03-10T17:43:18.178+0800 [DEBUG] [org.gradle.internal.buildevents.BuildLogger] Current dir: /Users/sam/Desktop/MyApplicationBackend/MyApplicationBackend
2025-03-10T17:43:18.178+0800 [DEBUG] [org.gradle.internal.buildevents.BuildLogger] Settings file: null
2025-03-10T17:43:18.178+0800 [DEBUG] [org.gradle.internal.buildevents.BuildLogger] Build file: null
2025-03-10T17:43:18.179+0800 [DEBUG] [org.gradle.internal.operations.DefaultBuildOperationRunner] Build operation 'Apply settings file 'settings.gradle.kts' to settings 'MyApplicationBackend'' started
2025-03-10T17:43:18.179+0800 [DEBUG] [org.gradle.kotlin.dsl.provider.KotlinScriptPlugin] Applying Kotlin script to settings 'MyApplicationBackend'
2025-03-10T17:43:18.180+0800 [DEBUG] [org.gradle.internal.operations.DefaultBuildOperationRunner] Build operation 'Resolve dependencies of detachedConfiguration1' started
2025-03-10T17:43:18.180+0800 [DEBUG] [org.gradle.api.internal.artifacts.ivyservice.modulecache.ResolvedArtifactCaches] Creating new in-memory cache for repo 'Gradle Central Plugin Repository' [2f8748e965ecb2135dad092e9ef808de].
2025-03-10T17:43:18.180+0800 [DEBUG] [org.gradle.api.internal.artifacts.ivyservice.resolveengine.graph.builder.DependencyGraphBuilder] Visiting configuration unspecified:unspecified-detachedConfiguration1:unspecified(detachedConfiguration1).
2025-03-10T17:43:18.181+0800 [DEBUG] [org.gradle.api.internal.artifacts.ivyservice.ivyresolve.RepositoryChainComponentMetaDataResolver] Attempting to resolve component for org.gradle.toolchains.foojay-resolver-convention:org.gradle.toolchains.foojay-resolver-convention.gradle.plugin:0.8.0 using repositories [Gradle Central Plugin Repository]
2025-03-10T17:43:18.181+0800 [DEBUG] [org.gradle.api.internal.artifacts.ivyservice.ivyresolve.CachingModuleComponentRepository] Using cached module metadata for module 'org.gradle.toolchains.foojay-resolver-convention:org.gradle.toolchains.foojay-resolver-convention.gradle.plugin:0.8.0' in 'Gradle Central Plugin Repository'
2025-03-10T17:43:18.181+0800 [DEBUG] [org.gradle.api.internal.artifacts.ivyservice.ivyresolve.RepositoryChainComponentMetaDataResolver] Using org.gradle.toolchains.foojay-resolver-convention:org.gradle.toolchains.foojay-resolver-convention.gradle.plugin:0.8.0 from Maven repository 'Gradle Central Plugin Repository'
2025-03-10T17:43:18.181+0800 [DEBUG] [org.gradle.internal.component.model.DefaultAttributeMatcher] Selected matches [1] from candidates [org.gradle.internal.component.model.DefaultExternalComponentGraphResolveState$DefaultConfigurationGraphResolveState@6f358880, org.gradle.internal.component.model.DefaultExternalComponentGraphResolveState$DefaultConfigurationGraphResolveState@55cb0e03, org.gradle.internal.component.model.DefaultExternalComponentGraphResolveState$DefaultConfigurationGraphResolveState@7f5a6998, org.gradle.internal.component.model.DefaultExternalComponentGraphResolveState$DefaultConfigurationGraphResolveState@3c7f5e45, org.gradle.internal.component.model.DefaultExternalComponentGraphResolveState$DefaultConfigurationGraphResolveState@7f4db0c2, org.gradle.internal.component.model.DefaultExternalComponentGraphResolveState$DefaultConfigurationGraphResolveState@727b023e, org.gradle.internal.component.model.DefaultExternalComponentGraphResolveState$DefaultConfigurationGraphResolveState@5ec1b340, org.gradle.internal.component.model.DefaultExternalComponentGraphResolveState$DefaultConfigurationGraphResolveState@180a53ab] for {}
2025-03-10T17:43:18.181+0800 [DEBUG] [org.gradle.api.internal.artifacts.ivyservice.resolveengine.graph.builder.DependencyGraphBuilder] Visiting configuration org.gradle.toolchains.foojay-resolver-convention:org.gradle.toolchains.foojay-resolver-convention.gradle.plugin:0.8.0(runtime).
2025-03-10T17:43:18.181+0800 [DEBUG] [org.gradle.api.internal.artifacts.ivyservice.resolveengine.graph.builder.NodeState] org.gradle.toolchains.foojay-resolver-convention:org.gradle.toolchains.foojay-resolver-convention.gradle.plugin:0.8.0(runtime) has no transitive incoming edges. ignoring outgoing edges.
2025-03-10T17:43:18.181+0800 [DEBUG] [org.gradle.api.internal.artifacts.ivyservice.resolveengine.oldresult.TransientConfigurationResultsBuilder] Flushing resolved configuration data in Binary store in /Users/sam/.gradle/.tmp/gradle3614027145268127340.bin. Wrote root 3.
2025-03-10T17:43:18.182+0800 [DEBUG] [org.gradle.internal.operations.DefaultBuildOperationRunner] Completing Build operation 'Resolve dependencies of detachedConfiguration1'
2025-03-10T17:43:18.182+0800 [DEBUG] [org.gradle.internal.operations.DefaultBuildOperationRunner] Build operation 'Resolve dependencies of detachedConfiguration1' completed
2025-03-10T17:43:18.182+0800 [DEBUG] [org.gradle.internal.component.model.LoggingAttributeMatchingExplanationBuilder] Selected match org.gradle.toolchains.foojay-resolver-convention:org.gradle.toolchains.foojay-resolver-convention.gradle.plugin:0.8.0 configuration runtime from candidates [org.gradle.toolchains.foojay-resolver-convention:org.gradle.toolchains.foojay-resolver-convention.gradle.plugin:0.8.0 configuration runtime] for {}
2025-03-10T17:43:18.182+0800 [DEBUG] [org.gradle.api.internal.artifacts.ivyservice.ivyresolve.CachingModuleComponentRepository] Detected non-existence of artifact 'org.gradle.toolchains.foojay-resolver-convention.gradle.plugin-0.8.0.jar (org.gradle.toolchains.foojay-resolver-convention:org.gradle.toolchains.foojay-resolver-convention.gradle.plugin:0.8.0)' in resolver cache
2025-03-10T17:43:18.182+0800 [DEBUG] [org.gradle.internal.operations.DefaultBuildOperationRunner] Build operation 'Resolve files of configuration 'detachedConfiguration1'' started
2025-03-10T17:43:18.182+0800 [DEBUG] [org.gradle.internal.operations.DefaultBuildOperationRunner] Completing Build operation 'Resolve files of configuration 'detachedConfiguration1''
2025-03-10T17:43:18.182+0800 [DEBUG] [org.gradle.internal.operations.DefaultBuildOperationRunner] Build operation 'Resolve files of configuration 'detachedConfiguration1'' completed
2025-03-10T17:43:18.182+0800 [DEBUG] [org.gradle.api.internal.artifacts.ivyservice.resolveengine.graph.builder.DependencyGraphBuilder] Visiting configuration unspecified:unspecified:unspecified(classpath).
2025-03-10T17:43:18.182+0800 [DEBUG] [org.gradle.api.internal.artifacts.ivyservice.resolveengine.graph.builder.NodeState] dependency: org.gradle.toolchains.foojay-resolver-convention:org.gradle.toolchains.foojay-resolver-convention.gradle.plugin:0.8.0 to-conf: null is filtered.
2025-03-10T17:43:18.183+0800 [DEBUG] [org.gradle.api.internal.artifacts.ivyservice.resolveengine.graph.builder.NodeState] dependency: org.apache.logging.log4j:log4j-core:{require 2.17.1; reject [2.0, 2.17.1)} to-conf: null is filtered.
2025-03-10T17:43:18.183+0800 [DEBUG] [org.gradle.api.internal.artifacts.ivyservice.resolveengine.graph.builder.NodeState] dependency: org.jetbrains.kotlin:kotlin-stdlib:{strictly 1.9.24} to-conf: null is filtered.
2025-03-10T17:43:18.183+0800 [DEBUG] [org.gradle.api.internal.artifacts.ivyservice.resolveengine.graph.builder.NodeState] dependency: org.jetbrains.kotlin:kotlin-reflect:{strictly 1.9.24} to-conf: null is filtered.
2025-03-10T17:43:18.183+0800 [DEBUG] [org.gradle.api.internal.artifacts.ivyservice.resolveengine.graph.builder.NodeState] dependency: org.jetbrains:annotations:{strictly 13.0} to-conf: null is filtered.
2025-03-10T17:43:18.183+0800 [DEBUG] [org.gradle.internal.operations.DefaultBuildOperationRunner] Build operation 'Resolve dependencies of classpath' started
2025-03-10T17:43:18.183+0800 [DEBUG] [org.gradle.api.internal.artifacts.ivyservice.modulecache.ResolvedArtifactCaches] Reusing in-memory cache for repo 'Gradle Central Plugin Repository' [2f8748e965ecb2135dad092e9ef808de].
2025-03-10T17:43:18.183+0800 [DEBUG] [org.gradle.api.internal.artifacts.ivyservice.resolveengine.graph.builder.DependencyGraphBuilder] Visiting configuration unspecified:unspecified:unspecified(classpath).
2025-03-10T17:43:18.183+0800 [DEBUG] [org.gradle.api.internal.artifacts.ivyservice.ivyresolve.RepositoryChainComponentMetaDataResolver] Attempting to resolve component for org.gradle.toolchains.foojay-resolver-convention:org.gradle.toolchains.foojay-resolver-convention.gradle.plugin:0.8.0 using repositories [Gradle Central Plugin Repository]
2025-03-10T17:43:18.183+0800 [DEBUG] [org.gradle.api.internal.artifacts.ivyservice.ivyresolve.CachingModuleComponentRepository] Using cached module metadata for module 'org.gradle.toolchains.foojay-resolver-convention:org.gradle.toolchains.foojay-resolver-convention.gradle.plugin:0.8.0' in 'Gradle Central Plugin Repository'
2025-03-10T17:43:18.183+0800 [DEBUG] [org.gradle.api.internal.artifacts.ivyservice.ivyresolve.RepositoryChainComponentMetaDataResolver] Using org.gradle.toolchains.foojay-resolver-convention:org.gradle.toolchains.foojay-resolver-convention.gradle.plugin:0.8.0 from Maven repository 'Gradle Central Plugin Repository'
2025-03-10T17:43:18.184+0800 [DEBUG] [org.gradle.internal.component.model.LoggingAttributeMatchingExplanationBuilder] Candidate org.gradle.internal.component.model.DefaultExternalComponentGraphResolveState$DefaultConfigurationGraphResolveState@6f358880 attribute org.gradle.usage value {org.gradle.status=release, org.gradle.usage=java-api} doesn't requested value java-runtime
2025-03-10T17:43:18.184+0800 [DEBUG] [org.gradle.internal.component.model.LoggingAttributeMatchingExplanationBuilder] Candidate org.gradle.internal.component.model.DefaultExternalComponentGraphResolveState$DefaultConfigurationGraphResolveState@55cb0e03 doesn't have attribute org.gradle.dependency.bundling
2025-03-10T17:43:18.184+0800 [DEBUG] [org.gradle.internal.component.model.LoggingAttributeMatchingExplanationBuilder] Candidate org.gradle.internal.component.model.DefaultExternalComponentGraphResolveState$DefaultConfigurationGraphResolveState@55cb0e03 doesn't have attribute org.gradle.jvm.version
2025-03-10T17:43:18.184+0800 [DEBUG] [org.gradle.internal.component.model.LoggingAttributeMatchingExplanationBuilder] Candidate org.gradle.internal.component.model.DefaultExternalComponentGraphResolveState$DefaultConfigurationGraphResolveState@55cb0e03 doesn't have attribute org.gradle.plugin.api-version
2025-03-10T17:43:18.184+0800 [DEBUG] [org.gradle.internal.component.model.LoggingAttributeMatchingExplanationBuilder] Candidate org.gradle.internal.component.model.DefaultExternalComponentGraphResolveState$DefaultConfigurationGraphResolveState@7f5a6998 attribute org.gradle.category value {org.gradle.category=documentation, org.gradle.status=release} doesn't requested value library
2025-03-10T17:43:18.184+0800 [DEBUG] [org.gradle.internal.component.model.LoggingAttributeMatchingExplanationBuilder] Candidate org.gradle.internal.component.model.DefaultExternalComponentGraphResolveState$DefaultConfigurationGraphResolveState@3c7f5e45 attribute org.gradle.category value {org.gradle.category=documentation, org.gradle.status=release} doesn't requested value library
2025-03-10T17:43:18.184+0800 [DEBUG] [org.gradle.internal.component.model.LoggingAttributeMatchingExplanationBuilder] Candidate org.gradle.internal.component.model.DefaultExternalComponentGraphResolveState$DefaultConfigurationGraphResolveState@7f4db0c2 attribute org.gradle.usage value {org.gradle.status=release, org.gradle.usage=java-api} doesn't requested value java-runtime
2025-03-10T17:43:18.184+0800 [DEBUG] [org.gradle.internal.component.model.LoggingAttributeMatchingExplanationBuilder] Candidate org.gradle.internal.component.model.DefaultExternalComponentGraphResolveState$DefaultConfigurationGraphResolveState@727b023e attribute org.gradle.category value {org.gradle.category=platform, org.gradle.status=release, org.gradle.usage=java-runtime} doesn't requested value library
2025-03-10T17:43:18.184+0800 [DEBUG] [org.gradle.internal.component.model.LoggingAttributeMatchingExplanationBuilder] Candidate org.gradle.internal.component.model.DefaultExternalComponentGraphResolveState$DefaultConfigurationGraphResolveState@5ec1b340 attribute org.gradle.usage value {org.gradle.status=release, org.gradle.usage=java-api} doesn't requested value java-runtime
2025-03-10T17:43:18.184+0800 [DEBUG] [org.gradle.internal.component.model.LoggingAttributeMatchingExplanationBuilder] Candidate org.gradle.internal.component.model.DefaultExternalComponentGraphResolveState$DefaultConfigurationGraphResolveState@180a53ab attribute org.gradle.category value {org.gradle.category=enforced-platform, org.gradle.status=release, org.gradle.usage=java-runtime} doesn't requested value library
2025-03-10T17:43:18.184+0800 [DEBUG] [org.gradle.internal.component.model.DefaultAttributeMatcher] Selected matches [1] from candidates [org.gradle.internal.component.model.DefaultExternalComponentGraphResolveState$DefaultConfigurationGraphResolveState@6f358880, org.gradle.internal.component.model.DefaultExternalComponentGraphResolveState$DefaultConfigurationGraphResolveState@55cb0e03, org.gradle.internal.component.model.DefaultExternalComponentGraphResolveState$DefaultConfigurationGraphResolveState@7f5a6998, org.gradle.internal.component.model.DefaultExternalComponentGraphResolveState$DefaultConfigurationGraphResolveState@3c7f5e45, org.gradle.internal.component.model.DefaultExternalComponentGraphResolveState$DefaultConfigurationGraphResolveState@7f4db0c2, org.gradle.internal.component.model.DefaultExternalComponentGraphResolveState$DefaultConfigurationGraphResolveState@727b023e, org.gradle.internal.component.model.DefaultExternalComponentGraphResolveState$DefaultConfigurationGraphResolveState@5ec1b340, org.gradle.internal.component.model.DefaultExternalComponentGraphResolveState$DefaultConfigurationGraphResolveState@180a53ab] for {org.gradle.category=library, org.gradle.dependency.bundling=external, org.gradle.jvm.version=23, org.gradle.libraryelements=jar, org.gradle.plugin.api-version=8.10, org.gradle.usage=java-runtime}
2025-03-10T17:43:18.184+0800 [DEBUG] [org.gradle.api.internal.artifacts.ivyservice.resolveengine.graph.builder.DependencyGraphBuilder] Visiting configuration org.gradle.toolchains.foojay-resolver-convention:org.gradle.toolchains.foojay-resolver-convention.gradle.plugin:0.8.0(runtime).
2025-03-10T17:43:18.184+0800 [DEBUG] [org.gradle.api.internal.artifacts.ivyservice.ivyresolve.RepositoryChainComponentMetaDataResolver] Attempting to resolve component for org.gradle.toolchains:foojay-resolver:0.8.0 using repositories [Gradle Central Plugin Repository]
2025-03-10T17:43:18.184+0800 [DEBUG] [org.gradle.api.internal.artifacts.ivyservice.ivyresolve.CachingModuleComponentRepository] Using cached module metadata for module 'org.gradle.toolchains:foojay-resolver:0.8.0' in 'Gradle Central Plugin Repository'
2025-03-10T17:43:18.184+0800 [DEBUG] [org.gradle.api.internal.artifacts.ivyservice.ivyresolve.RepositoryChainComponentMetaDataResolver] Using org.gradle.toolchains:foojay-resolver:0.8.0 from Maven repository 'Gradle Central Plugin Repository'
2025-03-10T17:43:18.185+0800 [DEBUG] [org.gradle.internal.component.model.LoggingAttributeMatchingExplanationBuilder] Candidate org.gradle.internal.component.model.DefaultExternalComponentGraphResolveState$DefaultConfigurationGraphResolveState@cbc5194 attribute org.gradle.usage value {org.gradle.category=library, org.gradle.dependency.bundling=external, org.gradle.jvm.environment=standard-jvm, org.gradle.jvm.version=8, org.gradle.libraryelements=jar, org.gradle.usage=java-api} doesn't requested value java-runtime
2025-03-10T17:43:18.185+0800 [DEBUG] [org.gradle.internal.component.model.LoggingAttributeMatchingExplanationBuilder] Candidate org.gradle.internal.component.model.DefaultExternalComponentGraphResolveState$DefaultConfigurationGraphResolveState@70dcffb3 doesn't have attribute org.gradle.plugin.api-version
2025-03-10T17:43:18.185+0800 [DEBUG] [org.gradle.internal.component.model.LoggingAttributeMatchingExplanationBuilder] Candidate org.gradle.internal.component.model.DefaultExternalComponentGraphResolveState$DefaultConfigurationGraphResolveState@5f3656d1 attribute org.gradle.category value {org.gradle.category=documentation} doesn't requested value library
2025-03-10T17:43:18.185+0800 [DEBUG] [org.gradle.internal.component.model.LoggingAttributeMatchingExplanationBuilder] Candidate org.gradle.internal.component.model.DefaultExternalComponentGraphResolveState$DefaultConfigurationGraphResolveState@5fae5573 attribute org.gradle.category value {org.gradle.category=documentation} doesn't requested value library
2025-03-10T17:43:18.185+0800 [DEBUG] [org.gradle.internal.component.model.DefaultAttributeMatcher] Selected matches [1] from candidates [org.gradle.internal.component.model.DefaultExternalComponentGraphResolveState$DefaultConfigurationGraphResolveState@cbc5194, org.gradle.internal.component.model.DefaultExternalComponentGraphResolveState$DefaultConfigurationGraphResolveState@70dcffb3, org.gradle.internal.component.model.DefaultExternalComponentGraphResolveState$DefaultConfigurationGraphResolveState@5f3656d1, org.gradle.internal.component.model.DefaultExternalComponentGraphResolveState$DefaultConfigurationGraphResolveState@5fae5573] for {org.gradle.category=library, org.gradle.dependency.bundling=external, org.gradle.jvm.version=23, org.gradle.libraryelements=jar, org.gradle.plugin.api-version=8.10, org.gradle.usage=java-runtime}
2025-03-10T17:43:18.185+0800 [DEBUG] [org.gradle.api.internal.artifacts.ivyservice.resolveengine.graph.builder.DependencyGraphBuilder] Visiting configuration org.gradle.toolchains:foojay-resolver:0.8.0(runtimeElements).
2025-03-10T17:43:18.185+0800 [DEBUG] [org.gradle.api.internal.artifacts.ivyservice.ivyresolve.RepositoryChainComponentMetaDataResolver] Attempting to resolve component for com.google.code.gson:gson:2.10.1 using repositories [Gradle Central Plugin Repository]
2025-03-10T17:43:18.185+0800 [DEBUG] [org.gradle.api.internal.artifacts.ivyservice.ivyresolve.CachingModuleComponentRepository] Using cached module metadata for module 'com.google.code.gson:gson:2.10.1' in 'Gradle Central Plugin Repository'
2025-03-10T17:43:18.185+0800 [DEBUG] [org.gradle.api.internal.artifacts.ivyservice.ivyresolve.RepositoryChainComponentMetaDataResolver] Using com.google.code.gson:gson:2.10.1 from Maven repository 'Gradle Central Plugin Repository'
2025-03-10T17:43:18.185+0800 [DEBUG] [org.gradle.api.internal.artifacts.ivyservice.resolveengine.graph.builder.DependencyGraphBuilder] Visiting configuration com.google.code.gson:gson:2.10.1(runtime).
2025-03-10T17:43:18.185+0800 [DEBUG] [org.gradle.api.internal.artifacts.ivyservice.resolveengine.oldresult.TransientConfigurationResultsBuilder] Flushing resolved configuration data in Binary store in /Users/sam/.gradle/.tmp/gradle3614027145268127340.bin. Wrote root 21.
2025-03-10T17:43:18.185+0800 [DEBUG] [org.gradle.internal.operations.DefaultBuildOperationRunner] Completing Build operation 'Resolve dependencies of classpath'
2025-03-10T17:43:18.185+0800 [DEBUG] [org.gradle.internal.operations.DefaultBuildOperationRunner] Build operation 'Resolve dependencies of classpath' completed
2025-03-10T17:43:18.185+0800 [DEBUG] [org.gradle.internal.component.model.LoggingAttributeMatchingExplanationBuilder] Selected match org.gradle.toolchains.foojay-resolver-convention:org.gradle.toolchains.foojay-resolver-convention.gradle.plugin:0.8.0 configuration runtime from candidates [org.gradle.toolchains.foojay-resolver-convention:org.gradle.toolchains.foojay-resolver-convention.gradle.plugin:0.8.0 configuration runtime] for {org.gradle.category=library, org.gradle.dependency.bundling=external, org.gradle.jvm.version=23, org.gradle.libraryelements=jar, org.gradle.plugin.api-version=8.10, org.gradle.usage=java-runtime}
2025-03-10T17:43:18.185+0800 [DEBUG] [org.gradle.internal.component.model.LoggingAttributeMatchingExplanationBuilder] Selected match org.gradle.toolchains:foojay-resolver:0.8.0 variant runtimeElements from candidates [org.gradle.toolchains:foojay-resolver:0.8.0 variant runtimeElements] for {org.gradle.category=library, org.gradle.dependency.bundling=external, org.gradle.jvm.version=23, org.gradle.libraryelements=jar, org.gradle.plugin.api-version=8.10, org.gradle.usage=java-runtime}
2025-03-10T17:43:18.186+0800 [DEBUG] [org.gradle.internal.component.model.LoggingAttributeMatchingExplanationBuilder] Selected match com.google.code.gson:gson:2.10.1 configuration runtime from candidates [com.google.code.gson:gson:2.10.1 configuration runtime] for {org.gradle.category=library, org.gradle.dependency.bundling=external, org.gradle.jvm.version=23, org.gradle.libraryelements=jar, org.gradle.plugin.api-version=8.10, org.gradle.usage=java-runtime}
2025-03-10T17:43:18.186+0800 [DEBUG] [org.gradle.internal.operations.DefaultBuildOperationRunner] Build operation 'Resolve files of configuration 'classpath'' started
2025-03-10T17:43:18.186+0800 [DEBUG] [org.gradle.internal.operations.DefaultBuildOperationRunner] Build operation 'Resolve foojay-resolver-0.8.0.jar (org.gradle.toolchains:foojay-resolver:0.8.0)' started
2025-03-10T17:43:18.186+0800 [DEBUG] [org.gradle.internal.resources.AbstractTrackedResourceLock] Unconstrained build operations: acquired lock on worker lease
2025-03-10T17:43:18.186+0800 [DEBUG] [org.gradle.api.internal.artifacts.ivyservice.ivyresolve.CachingModuleComponentRepository] Found artifact 'org.gradle.internal.component.external.model.UrlBackedArtifactMetadata@59241af9' in resolver cache: /Users/sam/.gradle/caches/modules-2/files-2.1/org.gradle.toolchains/foojay-resolver/0.8.0/51af701a9c5fb46bb66a0e5ab9d6ef22720d7ec6/foojay-resolver-0.8.0.jar
2025-03-10T17:43:18.186+0800 [DEBUG] [org.gradle.internal.operations.DefaultBuildOperationRunner] Completing Build operation 'Resolve foojay-resolver-0.8.0.jar (org.gradle.toolchains:foojay-resolver:0.8.0)'
2025-03-10T17:43:18.186+0800 [DEBUG] [org.gradle.internal.operations.DefaultBuildOperationRunner] Build operation 'Resolve foojay-resolver-0.8.0.jar (org.gradle.toolchains:foojay-resolver:0.8.0)' completed
2025-03-10T17:43:18.186+0800 [DEBUG] [org.gradle.internal.operations.DefaultBuildOperationRunner] Build operation 'Resolve gson-2.10.1.jar (com.google.code.gson:gson:2.10.1)' started
2025-03-10T17:43:18.186+0800 [DEBUG] [org.gradle.internal.resources.AbstractTrackedResourceLock] Daemon worker Thread 9: released lock on worker lease
2025-03-10T17:43:18.186+0800 [DEBUG] [org.gradle.api.internal.artifacts.ivyservice.ivyresolve.CachingModuleComponentRepository] Found artifact 'gson-2.10.1.jar (com.google.code.gson:gson:2.10.1)' in resolver cache: /Users/sam/.gradle/caches/modules-2/files-2.1/com.google.code.gson/gson/2.10.1/b3add478d4382b78ea20b1671390a858002feb6c/gson-2.10.1.jar
2025-03-10T17:43:18.186+0800 [DEBUG] [org.gradle.internal.operations.DefaultBuildOperationRunner] Completing Build operation 'Resolve gson-2.10.1.jar (com.google.code.gson:gson:2.10.1)'
2025-03-10T17:43:18.186+0800 [DEBUG] [org.gradle.internal.operations.DefaultBuildOperationRunner] Build operation 'Resolve gson-2.10.1.jar (com.google.code.gson:gson:2.10.1)' completed
2025-03-10T17:43:18.186+0800 [DEBUG] [org.gradle.internal.resources.AbstractTrackedResourceLock] Unconstrained build operations: released lock on worker lease
2025-03-10T17:43:18.186+0800 [DEBUG] [org.gradle.internal.resources.AbstractTrackedResourceLock] Daemon worker Thread 9: acquired lock on worker lease
2025-03-10T17:43:18.187+0800 [DEBUG] [org.gradle.internal.operations.DefaultBuildOperationRunner] Completing Build operation 'Resolve files of configuration 'classpath''
2025-03-10T17:43:18.187+0800 [DEBUG] [org.gradle.internal.operations.DefaultBuildOperationRunner] Build operation 'Resolve files of configuration 'classpath'' completed
2025-03-10T17:43:18.187+0800 [DEBUG] [org.gradle.internal.component.model.LoggingAttributeMatchingExplanationBuilder] Candidate org.gradle.toolchains.foojay-resolver-convention:org.gradle.toolchains.foojay-resolver-convention.gradle.plugin:0.8.0 configuration runtime doesn't match attributes {org.gradle.category=library, org.gradle.dependency.bundling=external, org.gradle.internal.instrumented=instrumented-and-upgraded, org.gradle.jvm.version=23, org.gradle.libraryelements=jar, org.gradle.plugin.api-version=8.10, org.gradle.usage=java-runtime}
2025-03-10T17:43:18.187+0800 [DEBUG] [org.gradle.internal.component.model.LoggingAttributeMatchingExplanationBuilder] Candidate org.gradle.toolchains:foojay-resolver:0.8.0 variant runtimeElements doesn't match attributes {org.gradle.category=library, org.gradle.dependency.bundling=external, org.gradle.internal.instrumented=instrumented-and-upgraded, org.gradle.jvm.version=23, org.gradle.libraryelements=jar, org.gradle.plugin.api-version=8.10, org.gradle.usage=java-runtime}
2025-03-10T17:43:18.187+0800 [DEBUG] [org.gradle.internal.component.model.LoggingAttributeMatchingExplanationBuilder] Candidate com.google.code.gson:gson:2.10.1 configuration runtime doesn't match attributes {org.gradle.category=library, org.gradle.dependency.bundling=external, org.gradle.internal.instrumented=instrumented-and-upgraded, org.gradle.jvm.version=23, org.gradle.libraryelements=jar, org.gradle.plugin.api-version=8.10, org.gradle.usage=java-runtime}
2025-03-10T17:43:18.187+0800 [DEBUG] [org.gradle.internal.operations.DefaultBuildOperationRunner] Build operation 'Resolve files of configuration 'classpath'' started
2025-03-10T17:43:18.187+0800 [DEBUG] [org.gradle.internal.operations.DefaultBuildOperationRunner] Build operation 'Fingerprint transform inputs' started
2025-03-10T17:43:18.187+0800 [DEBUG] [org.gradle.internal.operations.DefaultBuildOperationRunner] Completing Build operation 'Fingerprint transform inputs'
2025-03-10T17:43:18.187+0800 [DEBUG] [org.gradle.internal.operations.DefaultBuildOperationRunner] Build operation 'Fingerprint transform inputs' completed
2025-03-10T17:43:18.187+0800 [DEBUG] [org.gradle.internal.component.model.LoggingAttributeMatchingExplanationBuilder] Candidate org.gradle.toolchains.foojay-resolver-convention:org.gradle.toolchains.foojay-resolver-convention.gradle.plugin:0.8.0 configuration runtime doesn't match attributes {org.gradle.category=library, org.gradle.dependency.bundling=external, org.gradle.internal.instrumented=analyzed-artifact, org.gradle.jvm.version=23, org.gradle.libraryelements=classes, org.gradle.plugin.api-version=8.10, org.gradle.usage=java-runtime}
2025-03-10T17:43:18.187+0800 [DEBUG] [org.gradle.internal.component.model.LoggingAttributeMatchingExplanationBuilder] Candidate org.gradle.toolchains:foojay-resolver:0.8.0 variant runtimeElements doesn't match attributes {org.gradle.category=library, org.gradle.dependency.bundling=external, org.gradle.internal.instrumented=analyzed-artifact, org.gradle.jvm.version=23, org.gradle.libraryelements=classes, org.gradle.plugin.api-version=8.10, org.gradle.usage=java-runtime}
2025-03-10T17:43:18.187+0800 [DEBUG] [org.gradle.internal.component.model.LoggingAttributeMatchingExplanationBuilder] Candidate com.google.code.gson:gson:2.10.1 configuration runtime doesn't match attributes {org.gradle.category=library, org.gradle.dependency.bundling=external, org.gradle.internal.instrumented=analyzed-artifact, org.gradle.jvm.version=23, org.gradle.libraryelements=classes, org.gradle.plugin.api-version=8.10, org.gradle.usage=java-runtime}
2025-03-10T17:43:18.188+0800 [DEBUG] [org.gradle.internal.operations.DefaultBuildOperationRunner] Build operation 'Resolve files of configuration 'classpath'' started
2025-03-10T17:43:18.188+0800 [INFO] [org.gradle.api.internal.artifacts.transform.TransformStep] Transforming foojay-resolver-0.8.0.jar (org.gradle.toolchains:foojay-resolver:0.8.0) with InstrumentationAnalysisTransform
2025-03-10T17:43:18.188+0800 [DEBUG] [org.gradle.internal.operations.DefaultBuildOperationRunner] Build operation 'Identifying work' started
2025-03-10T17:43:18.188+0800 [DEBUG] [org.gradle.internal.operations.DefaultBuildOperationRunner] Completing Build operation 'Identifying work'
2025-03-10T17:43:18.188+0800 [DEBUG] [org.gradle.internal.operations.DefaultBuildOperationRunner] Build operation 'Identifying work' completed
2025-03-10T17:43:18.188+0800 [INFO] [org.gradle.api.internal.artifacts.transform.TransformStep] Transforming gson-2.10.1.jar (com.google.code.gson:gson:2.10.1) with InstrumentationAnalysisTransform
2025-03-10T17:43:18.188+0800 [DEBUG] [org.gradle.internal.operations.DefaultBuildOperationRunner] Build operation 'Identifying work' started
2025-03-10T17:43:18.188+0800 [DEBUG] [org.gradle.internal.operations.DefaultBuildOperationRunner] Completing Build operation 'Identifying work'
2025-03-10T17:43:18.188+0800 [DEBUG] [org.gradle.internal.operations.DefaultBuildOperationRunner] Build operation 'Identifying work' completed
2025-03-10T17:43:18.188+0800 [DEBUG] [org.gradle.internal.operations.DefaultBuildOperationRunner] Completing Build operation 'Resolve files of configuration 'classpath''
2025-03-10T17:43:18.188+0800 [DEBUG] [org.gradle.internal.operations.DefaultBuildOperationRunner] Build operation 'Resolve files of configuration 'classpath'' completed
2025-03-10T17:43:18.188+0800 [DEBUG] [org.gradle.internal.operations.DefaultBuildOperationRunner] Build operation 'Fingerprint transform inputs' started
2025-03-10T17:43:18.188+0800 [DEBUG] [org.gradle.internal.operations.DefaultBuildOperationRunner] Completing Build operation 'Fingerprint transform inputs'
2025-03-10T17:43:18.188+0800 [DEBUG] [org.gradle.internal.operations.DefaultBuildOperationRunner] Build operation 'Fingerprint transform inputs' completed
2025-03-10T17:43:18.188+0800 [DEBUG] [org.gradle.internal.operations.DefaultBuildOperationRunner] Build operation 'Fingerprint transform inputs' started
2025-03-10T17:43:18.188+0800 [DEBUG] [org.gradle.internal.operations.DefaultBuildOperationRunner] Completing Build operation 'Fingerprint transform inputs'
2025-03-10T17:43:18.188+0800 [DEBUG] [org.gradle.internal.operations.DefaultBuildOperationRunner] Build operation 'Fingerprint transform inputs' completed
2025-03-10T17:43:18.188+0800 [INFO] [org.gradle.api.internal.artifacts.transform.TransformStep] Transforming foojay-resolver-0.8.0.jar (org.gradle.toolchains:foojay-resolver:0.8.0) with InstrumentationAnalysisTransform
2025-03-10T17:43:18.188+0800 [DEBUG] [org.gradle.internal.operations.DefaultBuildOperationRunner] Build operation 'Identifying work' started
2025-03-10T17:43:18.188+0800 [DEBUG] [org.gradle.internal.operations.DefaultBuildOperationRunner] Completing Build operation 'Identifying work'
2025-03-10T17:43:18.188+0800 [DEBUG] [org.gradle.internal.operations.DefaultBuildOperationRunner] Build operation 'Identifying work' completed
2025-03-10T17:43:18.188+0800 [INFO] [org.gradle.api.internal.artifacts.transform.TransformStep] Transforming foojay-resolver-0.8.0.jar (org.gradle.toolchains:foojay-resolver:0.8.0) with MergeInstrumentationAnalysisTransform
2025-03-10T17:43:18.188+0800 [INFO] [org.gradle.api.internal.artifacts.transform.TransformStep] Transforming gson-2.10.1.jar (com.google.code.gson:gson:2.10.1) with InstrumentationAnalysisTransform
2025-03-10T17:43:18.188+0800 [DEBUG] [org.gradle.internal.resources.AbstractTrackedResourceLock] Unconstrained build operations Thread 3: acquired lock on worker lease
2025-03-10T17:43:18.188+0800 [DEBUG] [org.gradle.internal.operations.DefaultBuildOperationRunner] Build operation 'Execute transform' started
2025-03-10T17:43:18.188+0800 [DEBUG] [org.gradle.internal.operations.DefaultBuildOperationRunner] Build operation 'Identifying work' started
2025-03-10T17:43:18.188+0800 [DEBUG] [org.gradle.internal.operations.DefaultBuildOperationRunner] Build operation 'Identifying work' started
2025-03-10T17:43:18.188+0800 [DEBUG] [org.gradle.internal.operations.DefaultBuildOperationRunner] Completing Build operation 'Identifying work'
2025-03-10T17:43:18.189+0800 [DEBUG] [org.gradle.internal.operations.DefaultBuildOperationRunner] Build operation 'Identifying work' completed
2025-03-10T17:43:18.189+0800 [INFO] [org.gradle.api.internal.artifacts.transform.TransformStep] Transforming gson-2.10.1.jar (com.google.code.gson:gson:2.10.1) with MergeInstrumentationAnalysisTransform
2025-03-10T17:43:18.188+0800 [DEBUG] [org.gradle.internal.operations.DefaultBuildOperationRunner] Completing Build operation 'Identifying work'
2025-03-10T17:43:18.189+0800 [DEBUG] [org.gradle.internal.operations.DefaultBuildOperationRunner] Build operation 'Identifying work' completed
2025-03-10T17:43:18.189+0800 [DEBUG] [org.gradle.internal.operations.DefaultBuildOperationRunner] Build operation 'Execute transform' started
2025-03-10T17:43:18.189+0800 [DEBUG] [org.gradle.internal.operations.DefaultBuildOperationRunner] Build operation 'Identifying work' started
2025-03-10T17:43:18.189+0800 [DEBUG] [org.gradle.internal.operations.DefaultBuildOperationRunner] Build operation 'Identifying work' started
2025-03-10T17:43:18.189+0800 [DEBUG] [org.gradle.internal.operations.DefaultBuildOperationRunner] Completing Build operation 'Identifying work'
2025-03-10T17:43:18.189+0800 [DEBUG] [org.gradle.internal.operations.DefaultBuildOperationRunner] Build operation 'Identifying work' completed
2025-03-10T17:43:18.189+0800 [DEBUG] [org.gradle.internal.operations.DefaultBuildOperationRunner] Build operation 'Identifying work' started
2025-03-10T17:43:18.189+0800 [DEBUG] [org.gradle.internal.operations.DefaultBuildOperationRunner] Completing Build operation 'Identifying work'
2025-03-10T17:43:18.189+0800 [DEBUG] [org.gradle.internal.operations.DefaultBuildOperationRunner] Build operation 'Identifying work' completed
2025-03-10T17:43:18.189+0800 [DEBUG] [org.gradle.internal.operations.DefaultBuildOperationRunner] Build operation 'Identifying work' started
2025-03-10T17:43:18.189+0800 [DEBUG] [org.gradle.internal.operations.DefaultBuildOperationRunner] Completing Build operation 'Identifying work'
2025-03-10T17:43:18.189+0800 [DEBUG] [org.gradle.internal.operations.DefaultBuildOperationRunner] Build operation 'Identifying work' completed
2025-03-10T17:43:18.189+0800 [DEBUG] [org.gradle.internal.operations.DefaultBuildOperationRunner] Build operation 'Identifying work' started
2025-03-10T17:43:18.189+0800 [DEBUG] [org.gradle.internal.operations.DefaultBuildOperationRunner] Completing Build operation 'Identifying work'
2025-03-10T17:43:18.189+0800 [DEBUG] [org.gradle.internal.operations.DefaultBuildOperationRunner] Build operation 'Identifying work' completed
2025-03-10T17:43:18.189+0800 [DEBUG] [org.gradle.internal.operations.DefaultBuildOperationRunner] Completing Build operation 'Identifying work'
2025-03-10T17:43:18.189+0800 [DEBUG] [org.gradle.internal.operations.DefaultBuildOperationRunner] Build operation 'Identifying work' completed
2025-03-10T17:43:18.189+0800 [DEBUG] [org.gradle.internal.operations.DefaultBuildOperationRunner] Build operation 'Identifying work' started
2025-03-10T17:43:18.189+0800 [INFO] [org.gradle.api.internal.artifacts.transform.TransformStep] Transforming foojay-resolver-0.8.0.jar (org.gradle.toolchains:foojay-resolver:0.8.0) with ExternalDependencyInstrumentingArtifactTransform
2025-03-10T17:43:18.189+0800 [DEBUG] [org.gradle.internal.operations.DefaultBuildOperationRunner] Build operation 'Identifying work' started
2025-03-10T17:43:18.189+0800 [DEBUG] [org.gradle.internal.operations.DefaultBuildOperationRunner] Completing Build operation 'Identifying work'
2025-03-10T17:43:18.189+0800 [DEBUG] [org.gradle.internal.operations.DefaultBuildOperationRunner] Build operation 'Identifying work' completed
2025-03-10T17:43:18.189+0800 [DEBUG] [org.gradle.internal.operations.DefaultBuildOperationRunner] Build operation 'Identifying work' started
2025-03-10T17:43:18.189+0800 [DEBUG] [org.gradle.internal.operations.DefaultBuildOperationRunner] Completing Build operation 'Identifying work'
2025-03-10T17:43:18.189+0800 [DEBUG] [org.gradle.internal.operations.DefaultBuildOperationRunner] Build operation 'Identifying work' completed
2025-03-10T17:43:18.189+0800 [DEBUG] [org.gradle.internal.operations.DefaultBuildOperationRunner] Completing Build operation 'Identifying work'
2025-03-10T17:43:18.190+0800 [DEBUG] [org.gradle.internal.operations.DefaultBuildOperationRunner] Build operation 'Identifying work' completed
2025-03-10T17:43:18.190+0800 [DEBUG] [org.gradle.internal.operations.DefaultBuildOperationRunner] Build operation 'Identifying work' started
2025-03-10T17:43:18.190+0800 [INFO] [org.gradle.api.internal.artifacts.transform.TransformStep] Transforming gson-2.10.1.jar (com.google.code.gson:gson:2.10.1) with ExternalDependencyInstrumentingArtifactTransform
2025-03-10T17:43:18.190+0800 [DEBUG] [org.gradle.internal.operations.DefaultBuildOperationRunner] Build operation 'Identifying work' started
2025-03-10T17:43:18.190+0800 [DEBUG] [org.gradle.internal.operations.DefaultBuildOperationRunner] Completing Build operation 'Identifying work'
2025-03-10T17:43:18.190+0800 [DEBUG] [org.gradle.internal.operations.DefaultBuildOperationRunner] Build operation 'Identifying work' completed
2025-03-10T17:43:18.190+0800 [DEBUG] [org.gradle.internal.operations.DefaultBuildOperationRunner] Build operation 'Identifying work' started
2025-03-10T17:43:18.190+0800 [DEBUG] [org.gradle.internal.operations.DefaultBuildOperationRunner] Completing Build operation 'Identifying work'
2025-03-10T17:43:18.190+0800 [DEBUG] [org.gradle.internal.operations.DefaultBuildOperationRunner] Build operation 'Identifying work' completed
2025-03-10T17:43:18.190+0800 [DEBUG] [org.gradle.internal.operations.DefaultBuildOperationRunner] Completing Build operation 'Execute transform'
2025-03-10T17:43:18.190+0800 [DEBUG] [org.gradle.internal.operations.DefaultBuildOperationRunner] Build operation 'Execute transform' completed
2025-03-10T17:43:18.190+0800 [DEBUG] [org.gradle.internal.resources.AbstractTrackedResourceLock] Unconstrained build operations Thread 3: released lock on worker lease
2025-03-10T17:43:18.190+0800 [DEBUG] [org.gradle.internal.operations.DefaultBuildOperationRunner] Completing Build operation 'Identifying work'
2025-03-10T17:43:18.190+0800 [DEBUG] [org.gradle.internal.operations.DefaultBuildOperationRunner] Build operation 'Identifying work' completed
2025-03-10T17:43:18.190+0800 [DEBUG] [org.gradle.internal.operations.DefaultBuildOperationRunner] Build operation 'Identifying work' started
2025-03-10T17:43:18.190+0800 [DEBUG] [org.gradle.internal.operations.DefaultBuildOperationRunner] Completing Build operation 'Identifying work'
2025-03-10T17:43:18.190+0800 [DEBUG] [org.gradle.internal.operations.DefaultBuildOperationRunner] Build operation 'Identifying work' completed
2025-03-10T17:43:18.190+0800 [DEBUG] [org.gradle.internal.operations.DefaultBuildOperationRunner] Build operation 'Identifying work' started
2025-03-10T17:43:18.190+0800 [DEBUG] [org.gradle.internal.operations.DefaultBuildOperationRunner] Completing Build operation 'Identifying work'
2025-03-10T17:43:18.190+0800 [DEBUG] [org.gradle.internal.operations.DefaultBuildOperationRunner] Build operation 'Identifying work' completed
2025-03-10T17:43:18.190+0800 [DEBUG] [org.gradle.internal.operations.DefaultBuildOperationRunner] Completing Build operation 'Execute transform'
2025-03-10T17:43:18.190+0800 [DEBUG] [org.gradle.internal.operations.DefaultBuildOperationRunner] Build operation 'Execute transform' completed
2025-03-10T17:43:18.190+0800 [DEBUG] [org.gradle.internal.operations.DefaultBuildOperationRunner] Completing Build operation 'Resolve files of configuration 'classpath''
2025-03-10T17:43:18.190+0800 [DEBUG] [org.gradle.internal.operations.DefaultBuildOperationRunner] Build operation 'Resolve files of configuration 'classpath'' completed
2025-03-10T17:43:18.190+0800 [DEBUG] [org.gradle.internal.operations.DefaultBuildOperationRunner] Build operation 'Resolve files of configuration 'classpath'' started
2025-03-10T17:43:18.190+0800 [DEBUG] [org.gradle.internal.operations.DefaultBuildOperationRunner] Completing Build operation 'Resolve files of configuration 'classpath''
2025-03-10T17:43:18.190+0800 [DEBUG] [org.gradle.internal.operations.DefaultBuildOperationRunner] Build operation 'Resolve files of configuration 'classpath'' completed
2025-03-10T17:43:18.191+0800 [DEBUG] [org.gradle.internal.operations.DefaultBuildOperationRunner] Build operation 'Apply plugin org.gradle.toolchains.foojay-resolver-convention to settings 'MyApplicationBackend'' started
2025-03-10T17:43:18.191+0800 [DEBUG] [org.gradle.internal.operations.DefaultBuildOperationRunner] Build operation 'Apply plugin org.gradle.toolchains.foojay.FoojayToolchainsPlugin to settings 'MyApplicationBackend'' started
2025-03-10T17:43:18.191+0800 [DEBUG] [org.gradle.internal.operations.DefaultBuildOperationRunner] Build operation 'Apply plugin org.gradle.jvm-toolchain-management to settings 'MyApplicationBackend'' started
2025-03-10T17:43:18.191+0800 [DEBUG] [org.gradle.internal.operations.DefaultBuildOperationRunner] Completing Build operation 'Apply plugin org.gradle.jvm-toolchain-management to settings 'MyApplicationBackend''
2025-03-10T17:43:18.191+0800 [DEBUG] [org.gradle.internal.operations.DefaultBuildOperationRunner] Build operation 'Apply plugin org.gradle.jvm-toolchain-management to settings 'MyApplicationBackend'' completed
2025-03-10T17:43:18.191+0800 [DEBUG] [org.gradle.internal.operations.DefaultBuildOperationRunner] Completing Build operation 'Apply plugin org.gradle.toolchains.foojay.FoojayToolchainsPlugin to settings 'MyApplicationBackend''
2025-03-10T17:43:18.191+0800 [DEBUG] [org.gradle.internal.operations.DefaultBuildOperationRunner] Build operation 'Apply plugin org.gradle.toolchains.foojay.FoojayToolchainsPlugin to settings 'MyApplicationBackend'' completed
2025-03-10T17:43:18.191+0800 [DEBUG] [org.gradle.internal.operations.DefaultBuildOperationRunner] Completing Build operation 'Apply plugin org.gradle.toolchains.foojay-resolver-convention to settings 'MyApplicationBackend''
2025-03-10T17:43:18.191+0800 [DEBUG] [org.gradle.internal.operations.DefaultBuildOperationRunner] Build operation 'Apply plugin org.gradle.toolchains.foojay-resolver-convention to settings 'MyApplicationBackend'' completed
2025-03-10T17:43:18.193+0800 [DEBUG] [org.gradle.api.internal.runtimeshaded.RuntimeShadedJarFactory] Using Gradle runtime shaded JAR file: /Users/sam/.gradle/caches/8.10/generated-gradle-jars/gradle-api-8.10.jar
2025-03-10T17:43:18.194+0800 [DEBUG] [org.gradle.internal.operations.DefaultBuildOperationRunner] Build operation 'Identifying work' started
2025-03-10T17:43:18.194+0800 [DEBUG] [org.gradle.internal.operations.DefaultBuildOperationRunner] Completing Build operation 'Identifying work'
2025-03-10T17:43:18.194+0800 [DEBUG] [org.gradle.internal.operations.DefaultBuildOperationRunner] Build operation 'Identifying work' completed
2025-03-10T17:43:18.194+0800 [DEBUG] [org.gradle.internal.operations.DefaultBuildOperationRunner] Completing Build operation 'Apply settings file 'settings.gradle.kts' to settings 'MyApplicationBackend''
2025-03-10T17:43:18.194+0800 [DEBUG] [org.gradle.internal.operations.DefaultBuildOperationRunner] Build operation 'Apply settings file 'settings.gradle.kts' to settings 'MyApplicationBackend'' completed
2025-03-10T17:43:18.194+0800 [DEBUG] [org.gradle.initialization.ScriptEvaluatingSettingsProcessor] Timing: Processing settings took: 0.022 secs
2025-03-10T17:43:18.194+0800 [INFO] [org.gradle.internal.buildevents.BuildLogger] Settings evaluated using settings file '/Users/sam/Desktop/MyApplicationBackend/MyApplicationBackend/settings.gradle.kts'.
2025-03-10T17:43:18.194+0800 [DEBUG] [org.gradle.caching.configuration.internal.DefaultBuildCacheConfiguration] Found class org.gradle.caching.local.internal.DirectoryBuildCacheServiceFactory registered for class org.gradle.caching.local.DirectoryBuildCache
2025-03-10T17:43:18.194+0800 [DEBUG] [org.gradle.internal.operations.DefaultBuildOperationRunner] Build operation 'Finalize build cache configuration' started
2025-03-10T17:43:18.194+0800 [DEBUG] [org.gradle.internal.operations.DefaultBuildOperationRunner] Completing Build operation 'Finalize build cache configuration'
2025-03-10T17:43:18.194+0800 [DEBUG] [org.gradle.internal.operations.DefaultBuildOperationRunner] Build operation 'Finalize build cache configuration' completed
2025-03-10T17:43:18.195+0800 [DEBUG] [org.gradle.internal.operations.DefaultBuildOperationRunner] Completing Build operation 'Evaluate settings'
2025-03-10T17:43:18.195+0800 [DEBUG] [org.gradle.internal.operations.DefaultBuildOperationRunner] Build operation 'Evaluate settings' completed
2025-03-10T17:43:18.195+0800 [DEBUG] [org.gradle.internal.operations.DefaultBuildOperationRunner] Completing Build operation 'Load build'
2025-03-10T17:43:18.195+0800 [DEBUG] [org.gradle.internal.operations.DefaultBuildOperationRunner] Build operation 'Load build' completed
2025-03-10T17:43:18.195+0800 [DEBUG] [org.gradle.internal.operations.DefaultBuildOperationRunner] Build operation 'Configure build' started
2025-03-10T17:43:18.195+0800 [DEBUG] [org.gradle.internal.operations.DefaultBuildOperationRunner] Build operation 'Load projects' started
2025-03-10T17:43:18.195+0800 [DEBUG] [org.gradle.initialization.ProjectPropertySettingBuildLoader] Looking for project properties from: /Users/sam/Desktop/MyApplicationBackend/MyApplicationBackend/gradle.properties
2025-03-10T17:43:18.195+0800 [DEBUG] [org.gradle.initialization.ProjectPropertySettingBuildLoader] Adding project properties (if not overwritten by user properties): [kotlin.code.style]
2025-03-10T17:43:18.196+0800 [DEBUG] [org.gradle.internal.operations.DefaultBuildOperationRunner] Completing Build operation 'Load projects'
2025-03-10T17:43:18.196+0800 [DEBUG] [org.gradle.internal.operations.DefaultBuildOperationRunner] Build operation 'Load projects' completed
2025-03-10T17:43:18.196+0800 [DEBUG] [org.gradle.internal.operations.DefaultBuildOperationRunner] Build operation 'Notify projectsLoaded listeners' started
2025-03-10T17:43:18.196+0800 [INFO] [org.gradle.internal.buildevents.BuildLogger] Projects loaded. Root project using build file '/Users/sam/Desktop/MyApplicationBackend/MyApplicationBackend/build.gradle.kts'.
2025-03-10T17:43:18.196+0800 [INFO] [org.gradle.internal.buildevents.BuildLogger] Included projects: [root project 'MyApplicationBackend']
2025-03-10T17:43:18.196+0800 [DEBUG] [org.gradle.internal.operations.DefaultBuildOperationRunner] Completing Build operation 'Notify projectsLoaded listeners'
2025-03-10T17:43:18.196+0800 [DEBUG] [org.gradle.internal.operations.DefaultBuildOperationRunner] Build operation 'Notify projectsLoaded listeners' completed
2025-03-10T17:43:18.196+0800 [DEBUG] [org.gradle.internal.operations.DefaultBuildOperationRunner] Build operation 'Configure project :' started
2025-03-10T17:43:18.196+0800 [DEBUG] [org.gradle.internal.operations.DefaultBuildOperationRunner] Build operation 'Notify beforeEvaluate listeners of :' started
2025-03-10T17:43:18.196+0800 [DEBUG] [org.gradle.internal.operations.DefaultBuildOperationRunner] Completing Build operation 'Notify beforeEvaluate listeners of :'
2025-03-10T17:43:18.196+0800 [DEBUG] [org.gradle.internal.operations.DefaultBuildOperationRunner] Build operation 'Apply plugin org.gradle.help-tasks to root project 'MyApplicationBackend'' started
2025-03-10T17:43:18.196+0800 [DEBUG] [org.gradle.internal.operations.DefaultBuildOperationRunner] Build operation 'Register task :help' started
2025-03-10T17:43:18.196+0800 [DEBUG] [org.gradle.internal.operations.DefaultBuildOperationRunner] Completing Build operation 'Register task :help'
2025-03-10T17:43:18.196+0800 [DEBUG] [org.gradle.internal.operations.DefaultBuildOperationRunner] Build operation 'Register task :projects' started
2025-03-10T17:43:18.196+0800 [DEBUG] [org.gradle.internal.operations.DefaultBuildOperationRunner] Completing Build operation 'Register task :projects'
2025-03-10T17:43:18.197+0800 [DEBUG] [org.gradle.internal.operations.DefaultBuildOperationRunner] Build operation 'Register task :tasks' started
2025-03-10T17:43:18.197+0800 [DEBUG] [org.gradle.internal.operations.DefaultBuildOperationRunner] Completing Build operation 'Register task :tasks'
2025-03-10T17:43:18.197+0800 [DEBUG] [org.gradle.internal.operations.DefaultBuildOperationRunner] Build operation 'Register task :properties' started
2025-03-10T17:43:18.197+0800 [DEBUG] [org.gradle.internal.operations.DefaultBuildOperationRunner] Completing Build operation 'Register task :properties'
2025-03-10T17:43:18.197+0800 [DEBUG] [org.gradle.internal.operations.DefaultBuildOperationRunner] Build operation 'Register task :dependencyInsight' started
2025-03-10T17:43:18.197+0800 [DEBUG] [org.gradle.internal.operations.DefaultBuildOperationRunner] Completing Build operation 'Register task :dependencyInsight'
2025-03-10T17:43:18.197+0800 [DEBUG] [org.gradle.internal.operations.DefaultBuildOperationRunner] Build operation 'Register task :dependencies' started
2025-03-10T17:43:18.197+0800 [DEBUG] [org.gradle.internal.operations.DefaultBuildOperationRunner] Completing Build operation 'Register task :dependencies'
2025-03-10T17:43:18.197+0800 [DEBUG] [org.gradle.internal.operations.DefaultBuildOperationRunner] Build operation 'Register task :buildEnvironment' started
2025-03-10T17:43:18.197+0800 [DEBUG] [org.gradle.internal.operations.DefaultBuildOperationRunner] Completing Build operation 'Register task :buildEnvironment'
2025-03-10T17:43:18.197+0800 [DEBUG] [org.gradle.internal.operations.DefaultBuildOperationRunner] Build operation 'Register task :components' started
2025-03-10T17:43:18.197+0800 [DEBUG] [org.gradle.internal.operations.DefaultBuildOperationRunner] Completing Build operation 'Register task :components'
2025-03-10T17:43:18.197+0800 [DEBUG] [org.gradle.internal.operations.DefaultBuildOperationRunner] Build operation 'Register task :model' started
2025-03-10T17:43:18.197+0800 [DEBUG] [org.gradle.internal.operations.DefaultBuildOperationRunner] Completing Build operation 'Register task :model'
2025-03-10T17:43:18.197+0800 [DEBUG] [org.gradle.internal.operations.DefaultBuildOperationRunner] Build operation 'Register task :dependentComponents' started
2025-03-10T17:43:18.197+0800 [DEBUG] [org.gradle.internal.operations.DefaultBuildOperationRunner] Completing Build operation 'Register task :dependentComponents'
2025-03-10T17:43:18.197+0800 [DEBUG] [org.gradle.internal.operations.DefaultBuildOperationRunner] Build operation 'Register task :outgoingVariants' started
2025-03-10T17:43:18.197+0800 [DEBUG] [org.gradle.internal.operations.DefaultBuildOperationRunner] Completing Build operation 'Register task :outgoingVariants'
2025-03-10T17:43:18.197+0800 [DEBUG] [org.gradle.internal.operations.DefaultBuildOperationRunner] Build operation 'Register task :resolvableConfigurations' started
2025-03-10T17:43:18.197+0800 [DEBUG] [org.gradle.internal.operations.DefaultBuildOperationRunner] Completing Build operation 'Register task :resolvableConfigurations'
2025-03-10T17:43:18.197+0800 [DEBUG] [org.gradle.internal.operations.DefaultBuildOperationRunner] Completing Build operation 'Apply plugin org.gradle.help-tasks to root project 'MyApplicationBackend''
2025-03-10T17:43:18.197+0800 [DEBUG] [org.gradle.internal.operations.DefaultBuildOperationRunner] Build operation 'Register task :javaToolchains' started
2025-03-10T17:43:18.197+0800 [DEBUG] [org.gradle.internal.operations.DefaultBuildOperationRunner] Completing Build operation 'Register task :javaToolchains'
2025-03-10T17:43:18.197+0800 [DEBUG] [org.gradle.internal.operations.DefaultBuildOperationRunner] Build operation 'Register task :prepareKotlinBuildScriptModel' started
2025-03-10T17:43:18.197+0800 [DEBUG] [org.gradle.internal.operations.DefaultBuildOperationRunner] Completing Build operation 'Register task :prepareKotlinBuildScriptModel'
2025-03-10T17:43:18.197+0800 [DEBUG] [org.gradle.internal.operations.DefaultBuildOperationRunner] Build operation 'Register task :updateDaemonJvm' started
2025-03-10T17:43:18.197+0800 [DEBUG] [org.gradle.internal.operations.DefaultBuildOperationRunner] Completing Build operation 'Register task :updateDaemonJvm'
2025-03-10T17:43:18.198+0800 [DEBUG] [org.gradle.internal.operations.DefaultBuildOperationRunner] Build operation 'Apply plugin org.gradle.build-init to root project 'MyApplicationBackend'' started
2025-03-10T17:43:18.198+0800 [DEBUG] [org.gradle.internal.operations.DefaultBuildOperationRunner] Build operation 'Register task :init' started
2025-03-10T17:43:18.198+0800 [DEBUG] [org.gradle.internal.operations.DefaultBuildOperationRunner] Completing Build operation 'Register task :init'
2025-03-10T17:43:18.198+0800 [DEBUG] [org.gradle.internal.operations.DefaultBuildOperationRunner] Completing Build operation 'Apply plugin org.gradle.build-init to root project 'MyApplicationBackend''
2025-03-10T17:43:18.198+0800 [DEBUG] [org.gradle.internal.operations.DefaultBuildOperationRunner] Build operation 'Apply plugin org.gradle.wrapper to root project 'MyApplicationBackend'' started
2025-03-10T17:43:18.198+0800 [DEBUG] [org.gradle.internal.operations.DefaultBuildOperationRunner] Build operation 'Register task :wrapper' started
2025-03-10T17:43:18.198+0800 [DEBUG] [org.gradle.internal.operations.DefaultBuildOperationRunner] Completing Build operation 'Register task :wrapper'
2025-03-10T17:43:18.198+0800 [DEBUG] [org.gradle.internal.operations.DefaultBuildOperationRunner] Completing Build operation 'Apply plugin org.gradle.wrapper to root project 'MyApplicationBackend''
2025-03-10T17:43:18.199+0800 [DEBUG] [org.gradle.internal.operations.DefaultBuildOperationRunner] Build operation 'Apply build file 'build.gradle.kts' to root project 'MyApplicationBackend'' started
2025-03-10T17:43:18.200+0800 [DEBUG] [org.gradle.internal.operations.DefaultBuildOperationRunner] Build operation 'Resolve dependencies of detachedConfiguration1' started
2025-03-10T17:43:18.201+0800 [DEBUG] [org.gradle.internal.operations.DefaultBuildOperationRunner] Completing Build operation 'Resolve dependencies of detachedConfiguration1'
2025-03-10T17:43:18.201+0800 [DEBUG] [org.gradle.internal.operations.DefaultBuildOperationRunner] Build operation 'Resolve files of configuration 'detachedConfiguration1'' started
2025-03-10T17:43:18.201+0800 [DEBUG] [org.gradle.internal.operations.DefaultBuildOperationRunner] Completing Build operation 'Resolve files of configuration 'detachedConfiguration1''
2025-03-10T17:43:18.201+0800 [DEBUG] [org.gradle.internal.operations.DefaultBuildOperationRunner] Build operation 'Resolve dependencies of detachedConfiguration2' started
2025-03-10T17:43:18.202+0800 [DEBUG] [org.gradle.internal.operations.DefaultBuildOperationRunner] Completing Build operation 'Resolve dependencies of detachedConfiguration2'
2025-03-10T17:43:18.202+0800 [DEBUG] [org.gradle.internal.operations.DefaultBuildOperationRunner] Build operation 'Resolve files of configuration 'detachedConfiguration2'' started
2025-03-10T17:43:18.202+0800 [DEBUG] [org.gradle.internal.operations.DefaultBuildOperationRunner] Completing Build operation 'Resolve files of configuration 'detachedConfiguration2''
2025-03-10T17:43:18.202+0800 [DEBUG] [org.gradle.internal.operations.DefaultBuildOperationRunner] Build operation 'Resolve dependencies of detachedConfiguration3' started
2025-03-10T17:43:18.203+0800 [DEBUG] [org.gradle.internal.operations.DefaultBuildOperationRunner] Completing Build operation 'Resolve dependencies of detachedConfiguration3'
2025-03-10T17:43:18.203+0800 [DEBUG] [org.gradle.internal.operations.DefaultBuildOperationRunner] Build operation 'Resolve files of configuration 'detachedConfiguration3'' started
2025-03-10T17:43:18.203+0800 [DEBUG] [org.gradle.internal.operations.DefaultBuildOperationRunner] Completing Build operation 'Resolve files of configuration 'detachedConfiguration3''
2025-03-10T17:43:18.204+0800 [DEBUG] [org.gradle.internal.operations.DefaultBuildOperationRunner] Build operation 'Resolve dependencies of :classpath' started
2025-03-10T17:43:18.222+0800 [DEBUG] [org.gradle.internal.operations.DefaultBuildOperationRunner] Completing Build operation 'Resolve dependencies of :classpath'
2025-03-10T17:43:18.224+0800 [DEBUG] [org.gradle.internal.operations.DefaultBuildOperationRunner] Build operation 'Resolve files of configuration ':classpath'' started
2025-03-10T17:43:18.225+0800 [DEBUG] [org.gradle.internal.resources.AbstractTrackedResourceLock] Unconstrained build operations Thread 5: acquired lock on worker lease
2025-03-10T17:43:18.225+0800 [DEBUG] [org.gradle.internal.resources.AbstractTrackedResourceLock] Unconstrained build operations Thread 14: acquired lock on worker lease
2025-03-10T17:43:18.225+0800 [DEBUG] [org.gradle.internal.operations.DefaultBuildOperationRunner] Build operation 'Resolve kotlin-gradle-plugin-2.1.10-gradle85.jar (org.jetbrains.kotlin:kotlin-gradle-plugin:2.1.10)' started
2025-03-10T17:43:18.225+0800 [DEBUG] [org.gradle.internal.operations.DefaultBuildOperationRunner] Build operation 'Resolve plugin-2.3.6.jar (io.ktor.plugin:plugin:2.3.6)' started
2025-03-10T17:43:18.225+0800 [DEBUG] [org.gradle.internal.resources.AbstractTrackedResourceLock] Unconstrained build operations Thread 13: acquired lock on worker lease
2025-03-10T17:43:18.225+0800 [DEBUG] [org.gradle.internal.operations.DefaultBuildOperationRunner] Build operation 'Resolve kotlin-gradle-plugin-api-2.1.10-gradle85.jar (org.jetbrains.kotlin:kotlin-gradle-plugin-api:2.1.10)' started
2025-03-10T17:43:18.225+0800 [DEBUG] [org.gradle.internal.operations.DefaultBuildOperationRunner] Completing Build operation 'Resolve kotlin-gradle-plugin-api-2.1.10-gradle85.jar (org.jetbrains.kotlin:kotlin-gradle-plugin-api:2.1.10)'
2025-03-10T17:43:18.225+0800 [DEBUG] [org.gradle.internal.operations.DefaultBuildOperationRunner] Build operation 'Resolve kotlin-gradle-plugin-api-2.1.10-gradle85.jar (org.jetbrains.kotlin:kotlin-gradle-plugin-api:2.1.10)' completed
2025-03-10T17:43:18.225+0800 [DEBUG] [org.gradle.internal.operations.DefaultBuildOperationRunner] Build operation 'Resolve kotlin-gradle-plugin-idea-proto-2.1.10.jar (org.jetbrains.kotlin:kotlin-gradle-plugin-idea-proto:2.1.10)' started
2025-03-10T17:43:18.225+0800 [DEBUG] [org.gradle.internal.resources.AbstractTrackedResourceLock] Unconstrained build operations Thread 12: acquired lock on worker lease
2025-03-10T17:43:18.225+0800 [DEBUG] [org.gradle.internal.operations.DefaultBuildOperationRunner] Build operation 'Resolve kotlin-gradle-plugin-api-2.1.10.jar (org.jetbrains.kotlin:kotlin-gradle-plugin-api:2.1.10)' started
2025-03-10T17:43:18.225+0800 [DEBUG] [org.gradle.internal.operations.DefaultBuildOperationRunner] Completing Build operation 'Resolve kotlin-gradle-plugin-api-2.1.10.jar (org.jetbrains.kotlin:kotlin-gradle-plugin-api:2.1.10)'
2025-03-10T17:43:18.225+0800 [DEBUG] [org.gradle.internal.operations.DefaultBuildOperationRunner] Build operation 'Resolve kotlin-gradle-plugin-api-2.1.10.jar (org.jetbrains.kotlin:kotlin-gradle-plugin-api:2.1.10)' completed
2025-03-10T17:43:18.225+0800 [DEBUG] [org.gradle.internal.operations.DefaultBuildOperationRunner] Build operation 'Resolve kotlin-gradle-plugin-idea-2.1.10.jar (org.jetbrains.kotlin:kotlin-gradle-plugin-idea:2.1.10)' started
2025-03-10T17:43:18.225+0800 [DEBUG] [org.gradle.internal.resources.AbstractTrackedResourceLock] Unconstrained build operations Thread 11: acquired lock on worker lease
2025-03-10T17:43:18.225+0800 [DEBUG] [org.gradle.internal.operations.DefaultBuildOperationRunner] Build operation 'Resolve kotlin-gradle-plugin-model-2.1.10.jar (org.jetbrains.kotlin:kotlin-gradle-plugin-model:2.1.10)' started
2025-03-10T17:43:18.226+0800 [DEBUG] [org.gradle.internal.operations.DefaultBuildOperationRunner] Completing Build operation 'Resolve kotlin-gradle-plugin-idea-proto-2.1.10.jar (org.jetbrains.kotlin:kotlin-gradle-plugin-idea-proto:2.1.10)'
2025-03-10T17:43:18.226+0800 [DEBUG] [org.gradle.internal.operations.DefaultBuildOperationRunner] Build operation 'Resolve kotlin-gradle-plugin-idea-proto-2.1.10.jar (org.jetbrains.kotlin:kotlin-gradle-plugin-idea-proto:2.1.10)' completed
2025-03-10T17:43:18.226+0800 [DEBUG] [org.gradle.internal.operations.DefaultBuildOperationRunner] Build operation 'Resolve kotlin-klib-commonizer-api-2.1.10.jar (org.jetbrains.kotlin:kotlin-klib-commonizer-api:2.1.10)' started
2025-03-10T17:43:18.225+0800 [DEBUG] [org.gradle.internal.operations.DefaultBuildOperationRunner] Completing Build operation 'Resolve plugin-2.3.6.jar (io.ktor.plugin:plugin:2.3.6)'
2025-03-10T17:43:18.226+0800 [DEBUG] [org.gradle.internal.operations.DefaultBuildOperationRunner] Build operation 'Resolve plugin-2.3.6.jar (io.ktor.plugin:plugin:2.3.6)' completed
2025-03-10T17:43:18.226+0800 [DEBUG] [org.gradle.internal.operations.DefaultBuildOperationRunner] Build operation 'Resolve kotlin-build-statistics-2.1.10.jar (org.jetbrains.kotlin:kotlin-build-statistics:2.1.10)' started
2025-03-10T17:43:18.226+0800 [DEBUG] [org.gradle.internal.operations.DefaultBuildOperationRunner] Completing Build operation 'Resolve kotlin-build-statistics-2.1.10.jar (org.jetbrains.kotlin:kotlin-build-statistics:2.1.10)'
2025-03-10T17:43:18.226+0800 [DEBUG] [org.gradle.internal.operations.DefaultBuildOperationRunner] Build operation 'Resolve kotlin-build-statistics-2.1.10.jar (org.jetbrains.kotlin:kotlin-build-statistics:2.1.10)' completed
2025-03-10T17:43:18.226+0800 [DEBUG] [org.gradle.internal.operations.DefaultBuildOperationRunner] Build operation 'Resolve kotlin-util-klib-metadata-2.1.10.jar (org.jetbrains.kotlin:kotlin-util-klib-metadata:2.1.10)' started
2025-03-10T17:43:18.226+0800 [DEBUG] [org.gradle.internal.resources.AbstractTrackedResourceLock] Unconstrained build operations Thread 10: acquired lock on worker lease
2025-03-10T17:43:18.226+0800 [DEBUG] [org.gradle.internal.operations.DefaultBuildOperationRunner] Build operation 'Resolve annotations-13.0.jar (org.jetbrains:annotations:13.0)' started
2025-03-10T17:43:18.226+0800 [DEBUG] [org.gradle.internal.operations.DefaultBuildOperationRunner] Build operation 'Resolve kotlin-serialization-2.1.10-gradle85.jar (org.jetbrains.kotlin:kotlin-serialization:2.1.10)' started
2025-03-10T17:43:18.226+0800 [DEBUG] [org.gradle.internal.operations.DefaultBuildOperationRunner] Completing Build operation 'Resolve annotations-13.0.jar (org.jetbrains:annotations:13.0)'
2025-03-10T17:43:18.226+0800 [DEBUG] [org.gradle.internal.operations.DefaultBuildOperationRunner] Build operation 'Resolve annotations-13.0.jar (org.jetbrains:annotations:13.0)' completed
2025-03-10T17:43:18.226+0800 [DEBUG] [org.gradle.internal.operations.DefaultBuildOperationRunner] Build operation 'Resolve kotlin-compiler-runner-2.1.10.jar (org.jetbrains.kotlin:kotlin-compiler-runner:2.1.10)' started
2025-03-10T17:43:18.226+0800 [DEBUG] [org.gradle.internal.operations.DefaultBuildOperationRunner] Completing Build operation 'Resolve kotlin-gradle-plugin-idea-2.1.10.jar (org.jetbrains.kotlin:kotlin-gradle-plugin-idea:2.1.10)'
2025-03-10T17:43:18.226+0800 [DEBUG] [org.gradle.internal.operations.DefaultBuildOperationRunner] Build operation 'Resolve kotlin-gradle-plugin-idea-2.1.10.jar (org.jetbrains.kotlin:kotlin-gradle-plugin-idea:2.1.10)' completed
2025-03-10T17:43:18.226+0800 [DEBUG] [org.gradle.internal.operations.DefaultBuildOperationRunner] Build operation 'Resolve jib-gradle-plugin-3.4.0.jar (com.google.cloud.tools:jib-gradle-plugin:3.4.0)' started
2025-03-10T17:43:18.225+0800 [DEBUG] [org.gradle.internal.operations.DefaultBuildOperationRunner] Completing Build operation 'Resolve kotlin-gradle-plugin-2.1.10-gradle85.jar (org.jetbrains.kotlin:kotlin-gradle-plugin:2.1.10)'
2025-03-10T17:43:18.226+0800 [DEBUG] [org.gradle.internal.operations.DefaultBuildOperationRunner] Build operation 'Resolve kotlin-gradle-plugin-annotations-2.1.10.jar (org.jetbrains.kotlin:kotlin-gradle-plugin-annotations:2.1.10)' started
2025-03-10T17:43:18.226+0800 [DEBUG] [org.gradle.internal.operations.DefaultBuildOperationRunner] Completing Build operation 'Resolve kotlin-compiler-runner-2.1.10.jar (org.jetbrains.kotlin:kotlin-compiler-runner:2.1.10)'
2025-03-10T17:43:18.226+0800 [DEBUG] [org.gradle.internal.operations.DefaultBuildOperationRunner] Build operation 'Resolve kotlin-compiler-runner-2.1.10.jar (org.jetbrains.kotlin:kotlin-compiler-runner:2.1.10)' completed
2025-03-10T17:43:18.226+0800 [DEBUG] [org.gradle.internal.operations.DefaultBuildOperationRunner] Build operation 'Resolve kotlin-native-utils-2.1.10.jar (org.jetbrains.kotlin:kotlin-native-utils:2.1.10)' started
2025-03-10T17:43:18.226+0800 [DEBUG] [org.gradle.internal.operations.DefaultBuildOperationRunner] Completing Build operation 'Resolve kotlin-serialization-2.1.10-gradle85.jar (org.jetbrains.kotlin:kotlin-serialization:2.1.10)'
2025-03-10T17:43:18.226+0800 [DEBUG] [org.gradle.internal.operations.DefaultBuildOperationRunner] Build operation 'Resolve kotlin-serialization-2.1.10-gradle85.jar (org.jetbrains.kotlin:kotlin-serialization:2.1.10)' completed
2025-03-10T17:43:18.226+0800 [DEBUG] [org.gradle.internal.operations.DefaultBuildOperationRunner] Build operation 'Resolve kotlin-tooling-core-2.1.10.jar (org.jetbrains.kotlin:kotlin-tooling-core:2.1.10)' started
2025-03-10T17:43:18.226+0800 [DEBUG] [org.gradle.internal.resources.AbstractTrackedResourceLock] Unconstrained build operations Thread 9: acquired lock on worker lease
2025-03-10T17:43:18.226+0800 [DEBUG] [org.gradle.internal.operations.DefaultBuildOperationRunner] Build operation 'Resolve kotlin-stdlib-1.9.24.jar (org.jetbrains.kotlin:kotlin-stdlib:1.9.24)' started
2025-03-10T17:43:18.227+0800 [DEBUG] [org.gradle.internal.operations.DefaultBuildOperationRunner] Completing Build operation 'Resolve kotlin-util-klib-metadata-2.1.10.jar (org.jetbrains.kotlin:kotlin-util-klib-metadata:2.1.10)'
2025-03-10T17:43:18.227+0800 [DEBUG] [org.gradle.internal.operations.DefaultBuildOperationRunner] Build operation 'Resolve kotlin-util-klib-metadata-2.1.10.jar (org.jetbrains.kotlin:kotlin-util-klib-metadata:2.1.10)' completed
2025-03-10T17:43:18.227+0800 [DEBUG] [org.gradle.internal.operations.DefaultBuildOperationRunner] Build operation 'Resolve kotlin-build-tools-api-2.1.10.jar (org.jetbrains.kotlin:kotlin-build-tools-api:2.1.10)' started
2025-03-10T17:43:18.226+0800 [DEBUG] [org.gradle.internal.operations.DefaultBuildOperationRunner] Completing Build operation 'Resolve kotlin-gradle-plugin-model-2.1.10.jar (org.jetbrains.kotlin:kotlin-gradle-plugin-model:2.1.10)'
2025-03-10T17:43:18.227+0800 [DEBUG] [org.gradle.internal.operations.DefaultBuildOperationRunner] Build operation 'Resolve kotlin-gradle-plugin-model-2.1.10.jar (org.jetbrains.kotlin:kotlin-gradle-plugin-model:2.1.10)' completed
2025-03-10T17:43:18.227+0800 [DEBUG] [org.gradle.internal.operations.DefaultBuildOperationRunner] Build operation 'Resolve google-auth-library-oauth2-http-1.10.0.jar (com.google.auth:google-auth-library-oauth2-http:1.10.0)' started
2025-03-10T17:43:18.227+0800 [DEBUG] [org.gradle.internal.operations.DefaultBuildOperationRunner] Completing Build operation 'Resolve kotlin-klib-commonizer-api-2.1.10.jar (org.jetbrains.kotlin:kotlin-klib-commonizer-api:2.1.10)'
2025-03-10T17:43:18.227+0800 [DEBUG] [org.gradle.internal.operations.DefaultBuildOperationRunner] Build operation 'Resolve kotlin-klib-commonizer-api-2.1.10.jar (org.jetbrains.kotlin:kotlin-klib-commonizer-api:2.1.10)' completed
2025-03-10T17:43:18.227+0800 [DEBUG] [org.gradle.internal.operations.DefaultBuildOperationRunner] Build operation 'Resolve google-http-client-gson-1.42.2.jar (com.google.http-client:google-http-client-gson:1.42.2)' started
2025-03-10T17:43:18.227+0800 [DEBUG] [org.gradle.internal.operations.DefaultBuildOperationRunner] Completing Build operation 'Resolve google-auth-library-oauth2-http-1.10.0.jar (com.google.auth:google-auth-library-oauth2-http:1.10.0)'
2025-03-10T17:43:18.227+0800 [DEBUG] [org.gradle.internal.operations.DefaultBuildOperationRunner] Build operation 'Resolve google-auth-library-oauth2-http-1.10.0.jar (com.google.auth:google-auth-library-oauth2-http:1.10.0)' completed
2025-03-10T17:43:18.227+0800 [DEBUG] [org.gradle.internal.operations.DefaultBuildOperationRunner] Build operation 'Resolve gson-2.9.0.jar (com.google.code.gson:gson:2.9.0)' started
2025-03-10T17:43:18.227+0800 [DEBUG] [org.gradle.internal.operations.DefaultBuildOperationRunner] Completing Build operation 'Resolve kotlin-build-tools-api-2.1.10.jar (org.jetbrains.kotlin:kotlin-build-tools-api:2.1.10)'
2025-03-10T17:43:18.227+0800 [DEBUG] [org.gradle.internal.operations.DefaultBuildOperationRunner] Build operation 'Resolve kotlin-build-tools-api-2.1.10.jar (org.jetbrains.kotlin:kotlin-build-tools-api:2.1.10)' completed
2025-03-10T17:43:18.227+0800 [DEBUG] [org.gradle.internal.operations.DefaultBuildOperationRunner] Build operation 'Resolve kotlin-util-klib-2.1.10.jar (org.jetbrains.kotlin:kotlin-util-klib:2.1.10)' started
2025-03-10T17:43:18.227+0800 [DEBUG] [org.gradle.internal.operations.DefaultBuildOperationRunner] Completing Build operation 'Resolve kotlin-tooling-core-2.1.10.jar (org.jetbrains.kotlin:kotlin-tooling-core:2.1.10)'
2025-03-10T17:43:18.227+0800 [DEBUG] [org.gradle.internal.operations.DefaultBuildOperationRunner] Build operation 'Resolve kotlin-tooling-core-2.1.10.jar (org.jetbrains.kotlin:kotlin-tooling-core:2.1.10)' completed
2025-03-10T17:43:18.227+0800 [DEBUG] [org.gradle.internal.operations.DefaultBuildOperationRunner] Build operation 'Resolve kotlin-util-io-2.1.10.jar (org.jetbrains.kotlin:kotlin-util-io:2.1.10)' started
2025-03-10T17:43:18.227+0800 [DEBUG] [org.gradle.internal.operations.DefaultBuildOperationRunner] Completing Build operation 'Resolve kotlin-stdlib-1.9.24.jar (org.jetbrains.kotlin:kotlin-stdlib:1.9.24)'
2025-03-10T17:43:18.227+0800 [DEBUG] [org.gradle.internal.operations.DefaultBuildOperationRunner] Build operation 'Resolve kotlin-stdlib-1.9.24.jar (org.jetbrains.kotlin:kotlin-stdlib:1.9.24)' completed
2025-03-10T17:43:18.227+0800 [DEBUG] [org.gradle.internal.operations.DefaultBuildOperationRunner] Build operation 'Resolve kotlin-daemon-client-2.1.10.jar (org.jetbrains.kotlin:kotlin-daemon-client:2.1.10)' started
2025-03-10T17:43:18.226+0800 [DEBUG] [org.gradle.internal.resources.AbstractTrackedResourceLock] Unconstrained build operations Thread 8: acquired lock on worker lease
2025-03-10T17:43:18.227+0800 [DEBUG] [org.gradle.internal.operations.DefaultBuildOperationRunner] Completing Build operation 'Resolve kotlin-native-utils-2.1.10.jar (org.jetbrains.kotlin:kotlin-native-utils:2.1.10)'
2025-03-10T17:43:18.227+0800 [DEBUG] [org.gradle.internal.operations.DefaultBuildOperationRunner] Build operation 'Resolve kotlin-native-utils-2.1.10.jar (org.jetbrains.kotlin:kotlin-native-utils:2.1.10)' completed
2025-03-10T17:43:18.227+0800 [DEBUG] [org.gradle.internal.operations.DefaultBuildOperationRunner] Build operation 'Resolve kotlinx-coroutines-core-jvm-1.6.4.jar (org.jetbrains.kotlinx:kotlinx-coroutines-core-jvm:1.6.4)' started
2025-03-10T17:43:18.227+0800 [DEBUG] [org.gradle.internal.operations.DefaultBuildOperationRunner] Completing Build operation 'Resolve kotlin-gradle-plugin-annotations-2.1.10.jar (org.jetbrains.kotlin:kotlin-gradle-plugin-annotations:2.1.10)'
2025-03-10T17:43:18.227+0800 [DEBUG] [org.gradle.internal.operations.DefaultBuildOperationRunner] Build operation 'Resolve google-http-client-apache-v2-1.42.2.jar (com.google.http-client:google-http-client-apache-v2:1.42.2)' started
2025-03-10T17:43:18.227+0800 [DEBUG] [org.gradle.internal.operations.DefaultBuildOperationRunner] Completing Build operation 'Resolve jib-gradle-plugin-3.4.0.jar (com.google.cloud.tools:jib-gradle-plugin:3.4.0)'
2025-03-10T17:43:18.227+0800 [DEBUG] [org.gradle.internal.operations.DefaultBuildOperationRunner] Build operation 'Resolve jib-gradle-plugin-3.4.0.jar (com.google.cloud.tools:jib-gradle-plugin:3.4.0)' completed
2025-03-10T17:43:18.227+0800 [DEBUG] [org.gradle.internal.operations.DefaultBuildOperationRunner] Build operation 'Resolve google-http-client-1.42.2.jar (com.google.http-client:google-http-client:1.42.2)' started
2025-03-10T17:43:18.227+0800 [DEBUG] [org.gradle.internal.operations.DefaultBuildOperationRunner] Completing Build operation 'Resolve google-http-client-apache-v2-1.42.2.jar (com.google.http-client:google-http-client-apache-v2:1.42.2)'
2025-03-10T17:43:18.228+0800 [DEBUG] [org.gradle.internal.operations.DefaultBuildOperationRunner] Build operation 'Resolve commons-compress-1.21.jar (org.apache.commons:commons-compress:1.21)' started
2025-03-10T17:43:18.228+0800 [DEBUG] [org.gradle.internal.operations.DefaultBuildOperationRunner] Completing Build operation 'Resolve kotlinx-coroutines-core-jvm-1.6.4.jar (org.jetbrains.kotlinx:kotlinx-coroutines-core-jvm:1.6.4)'
2025-03-10T17:43:18.228+0800 [DEBUG] [org.gradle.internal.operations.DefaultBuildOperationRunner] Build operation 'Resolve kotlinx-coroutines-core-jvm-1.6.4.jar (org.jetbrains.kotlinx:kotlinx-coroutines-core-jvm:1.6.4)' completed
2025-03-10T17:43:18.228+0800 [DEBUG] [org.gradle.internal.operations.DefaultBuildOperationRunner] Build operation 'Resolve opencensus-contrib-http-util-0.31.1.jar (io.opencensus:opencensus-contrib-http-util:0.31.1)' started
2025-03-10T17:43:18.227+0800 [DEBUG] [org.gradle.internal.resources.AbstractTrackedResourceLock] Unconstrained build operations Thread 7: acquired lock on worker lease
2025-03-10T17:43:18.227+0800 [DEBUG] [org.gradle.internal.operations.DefaultBuildOperationRunner] Build operation 'Resolve kotlin-stdlib-jdk7-1.8.22.jar (org.jetbrains.kotlin:kotlin-stdlib-jdk7:1.8.22)' started
2025-03-10T17:43:18.228+0800 [DEBUG] [org.gradle.internal.operations.DefaultBuildOperationRunner] Completing Build operation 'Resolve kotlin-daemon-client-2.1.10.jar (org.jetbrains.kotlin:kotlin-daemon-client:2.1.10)'
2025-03-10T17:43:18.228+0800 [DEBUG] [org.gradle.internal.operations.DefaultBuildOperationRunner] Build operation 'Resolve kotlin-daemon-client-2.1.10.jar (org.jetbrains.kotlin:kotlin-daemon-client:2.1.10)' completed
2025-03-10T17:43:18.228+0800 [DEBUG] [org.gradle.internal.operations.DefaultBuildOperationRunner] Build operation 'Resolve guava-32.1.2-jre.jar (com.google.guava:guava:32.1.2-jre)' started
2025-03-10T17:43:18.228+0800 [DEBUG] [org.gradle.internal.operations.DefaultBuildOperationRunner] Completing Build operation 'Resolve kotlin-util-io-2.1.10.jar (org.jetbrains.kotlin:kotlin-util-io:2.1.10)'
2025-03-10T17:43:18.228+0800 [DEBUG] [org.gradle.internal.operations.DefaultBuildOperationRunner] Build operation 'Resolve kotlin-util-io-2.1.10.jar (org.jetbrains.kotlin:kotlin-util-io:2.1.10)' completed
2025-03-10T17:43:18.228+0800 [DEBUG] [org.gradle.internal.operations.DefaultBuildOperationRunner] Build operation 'Resolve jackson-datatype-jsr310-2.15.2.jar (com.fasterxml.jackson.datatype:jackson-datatype-jsr310:2.15.2)' started
2025-03-10T17:43:18.228+0800 [DEBUG] [org.gradle.internal.operations.DefaultBuildOperationRunner] Completing Build operation 'Resolve kotlin-util-klib-2.1.10.jar (org.jetbrains.kotlin:kotlin-util-klib:2.1.10)'
2025-03-10T17:43:18.228+0800 [DEBUG] [org.gradle.internal.operations.DefaultBuildOperationRunner] Build operation 'Resolve kotlin-util-klib-2.1.10.jar (org.jetbrains.kotlin:kotlin-util-klib:2.1.10)' completed
2025-03-10T17:43:18.228+0800 [DEBUG] [org.gradle.internal.operations.DefaultBuildOperationRunner] Build operation 'Resolve native-gradle-plugin-0.9.23.jar (org.graalvm.buildtools:native-gradle-plugin:0.9.23)' started
2025-03-10T17:43:18.228+0800 [DEBUG] [org.gradle.internal.operations.DefaultBuildOperationRunner] Completing Build operation 'Resolve gson-2.9.0.jar (com.google.code.gson:gson:2.9.0)'
2025-03-10T17:43:18.228+0800 [DEBUG] [org.gradle.internal.operations.DefaultBuildOperationRunner] Build operation 'Resolve gson-2.9.0.jar (com.google.code.gson:gson:2.9.0)' completed
2025-03-10T17:43:18.228+0800 [DEBUG] [org.gradle.internal.operations.DefaultBuildOperationRunner] Build operation 'Resolve utils-0.9.23.jar (org.graalvm.buildtools:utils:0.9.23)' started
2025-03-10T17:43:18.228+0800 [DEBUG] [org.gradle.internal.operations.DefaultBuildOperationRunner] Completing Build operation 'Resolve google-http-client-gson-1.42.2.jar (com.google.http-client:google-http-client-gson:1.42.2)'
2025-03-10T17:43:18.228+0800 [DEBUG] [org.gradle.internal.operations.DefaultBuildOperationRunner] Build operation 'Resolve google-http-client-gson-1.42.2.jar (com.google.http-client:google-http-client-gson:1.42.2)' completed
2025-03-10T17:43:18.228+0800 [DEBUG] [org.gradle.internal.operations.DefaultBuildOperationRunner] Build operation 'Resolve graalvm-reachability-metadata-0.9.23.jar (org.graalvm.buildtools:graalvm-reachability-metadata:0.9.23)' started
2025-03-10T17:43:18.228+0800 [DEBUG] [org.gradle.internal.operations.DefaultBuildOperationRunner] Completing Build operation 'Resolve utils-0.9.23.jar (org.graalvm.buildtools:utils:0.9.23)'
2025-03-10T17:43:18.228+0800 [DEBUG] [org.gradle.internal.operations.DefaultBuildOperationRunner] Build operation 'Resolve utils-0.9.23.jar (org.graalvm.buildtools:utils:0.9.23)' completed
2025-03-10T17:43:18.228+0800 [DEBUG] [org.gradle.internal.operations.DefaultBuildOperationRunner] Build operation 'Resolve jackson-databind-2.15.2.jar (com.fasterxml.jackson.core:jackson-databind:2.15.2)' started
2025-03-10T17:43:18.228+0800 [DEBUG] [org.gradle.internal.operations.DefaultBuildOperationRunner] Completing Build operation 'Resolve native-gradle-plugin-0.9.23.jar (org.graalvm.buildtools:native-gradle-plugin:0.9.23)'
2025-03-10T17:43:18.228+0800 [DEBUG] [org.gradle.internal.operations.DefaultBuildOperationRunner] Build operation 'Resolve native-gradle-plugin-0.9.23.jar (org.graalvm.buildtools:native-gradle-plugin:0.9.23)' completed
2025-03-10T17:43:18.228+0800 [DEBUG] [org.gradle.internal.operations.DefaultBuildOperationRunner] Build operation 'Resolve jackson-annotations-2.15.2.jar (com.fasterxml.jackson.core:jackson-annotations:2.15.2)' started
2025-03-10T17:43:18.228+0800 [DEBUG] [org.gradle.internal.operations.DefaultBuildOperationRunner] Completing Build operation 'Resolve jackson-datatype-jsr310-2.15.2.jar (com.fasterxml.jackson.datatype:jackson-datatype-jsr310:2.15.2)'
2025-03-10T17:43:18.228+0800 [DEBUG] [org.gradle.internal.operations.DefaultBuildOperationRunner] Build operation 'Resolve jackson-datatype-jsr310-2.15.2.jar (com.fasterxml.jackson.datatype:jackson-datatype-jsr310:2.15.2)' completed
2025-03-10T17:43:18.228+0800 [DEBUG] [org.gradle.internal.operations.DefaultBuildOperationRunner] Build operation 'Resolve jackson-core-2.15.2.jar (com.fasterxml.jackson.core:jackson-core:2.15.2)' started
2025-03-10T17:43:18.228+0800 [DEBUG] [org.gradle.internal.operations.DefaultBuildOperationRunner] Completing Build operation 'Resolve guava-32.1.2-jre.jar (com.google.guava:guava:32.1.2-jre)'
2025-03-10T17:43:18.228+0800 [DEBUG] [org.gradle.internal.operations.DefaultBuildOperationRunner] Build operation 'Resolve guava-32.1.2-jre.jar (com.google.guava:guava:32.1.2-jre)' completed
2025-03-10T17:43:18.228+0800 [DEBUG] [org.gradle.internal.operations.DefaultBuildOperationRunner] Build operation 'Resolve asm-commons-9.2.jar (org.ow2.asm:asm-commons:9.2)' started
2025-03-10T17:43:18.229+0800 [DEBUG] [org.gradle.internal.operations.DefaultBuildOperationRunner] Completing Build operation 'Resolve kotlin-stdlib-jdk7-1.8.22.jar (org.jetbrains.kotlin:kotlin-stdlib-jdk7:1.8.22)'
2025-03-10T17:43:18.229+0800 [DEBUG] [org.gradle.internal.operations.DefaultBuildOperationRunner] Build operation 'Resolve kotlin-stdlib-jdk7-1.8.22.jar (org.jetbrains.kotlin:kotlin-stdlib-jdk7:1.8.22)' completed
2025-03-10T17:43:18.229+0800 [DEBUG] [org.gradle.internal.operations.DefaultBuildOperationRunner] Build operation 'Resolve asm-analysis-9.2.jar (org.ow2.asm:asm-analysis:9.2)' started
2025-03-10T17:43:18.228+0800 [DEBUG] [org.gradle.internal.resources.AbstractTrackedResourceLock] Unconstrained build operations Thread 6: acquired lock on worker lease
2025-03-10T17:43:18.229+0800 [DEBUG] [org.gradle.internal.operations.DefaultBuildOperationRunner] Build operation 'Resolve shadow-7.1.2.jar (gradle.plugin.com.github.johnrengelman:shadow:7.1.2)' started
2025-03-10T17:43:18.229+0800 [DEBUG] [org.gradle.internal.resources.AbstractTrackedResourceLock] Unconstrained build operations Thread 15: acquired lock on worker lease
2025-03-10T17:43:18.229+0800 [DEBUG] [org.gradle.internal.operations.DefaultBuildOperationRunner] Completing Build operation 'Resolve shadow-7.1.2.jar (gradle.plugin.com.github.johnrengelman:shadow:7.1.2)'
2025-03-10T17:43:18.229+0800 [DEBUG] [org.gradle.internal.operations.DefaultBuildOperationRunner] Build operation 'Resolve shadow-7.1.2.jar (gradle.plugin.com.github.johnrengelman:shadow:7.1.2)' completed
2025-03-10T17:43:18.229+0800 [DEBUG] [org.gradle.internal.operations.DefaultBuildOperationRunner] Build operation 'Resolve asm-tree-9.2.jar (org.ow2.asm:asm-tree:9.2)' started
2025-03-10T17:43:18.228+0800 [DEBUG] [org.gradle.internal.operations.DefaultBuildOperationRunner] Build operation 'Resolve kotlin-stdlib-jdk8-1.8.22.jar (org.jetbrains.kotlin:kotlin-stdlib-jdk8:1.8.22)' started
2025-03-10T17:43:18.229+0800 [DEBUG] [org.gradle.internal.operations.DefaultBuildOperationRunner] Completing Build operation 'Resolve opencensus-contrib-http-util-0.31.1.jar (io.opencensus:opencensus-contrib-http-util:0.31.1)'
2025-03-10T17:43:18.229+0800 [DEBUG] [org.gradle.internal.operations.DefaultBuildOperationRunner] Build operation 'Resolve opencensus-contrib-http-util-0.31.1.jar (io.opencensus:opencensus-contrib-http-util:0.31.1)' completed
2025-03-10T17:43:18.229+0800 [DEBUG] [org.gradle.internal.operations.DefaultBuildOperationRunner] Build operation 'Resolve asm-9.5.jar (org.ow2.asm:asm:9.5)' started
2025-03-10T17:43:18.229+0800 [DEBUG] [org.gradle.internal.operations.DefaultBuildOperationRunner] Completing Build operation 'Resolve asm-9.5.jar (org.ow2.asm:asm:9.5)'
2025-03-10T17:43:18.229+0800 [DEBUG] [org.gradle.internal.operations.DefaultBuildOperationRunner] Build operation 'Resolve asm-9.5.jar (org.ow2.asm:asm:9.5)' completed
2025-03-10T17:43:18.229+0800 [DEBUG] [org.gradle.internal.operations.DefaultBuildOperationRunner] Build operation 'Resolve jib-gradle-plugin-extension-api-0.4.0.jar (com.google.cloud.tools:jib-gradle-plugin-extension-api:0.4.0)' started
2025-03-10T17:43:18.229+0800 [DEBUG] [org.gradle.internal.operations.DefaultBuildOperationRunner] Completing Build operation 'Resolve google-http-client-1.42.2.jar (com.google.http-client:google-http-client:1.42.2)'
2025-03-10T17:43:18.229+0800 [DEBUG] [org.gradle.internal.operations.DefaultBuildOperationRunner] Build operation 'Resolve google-http-client-1.42.2.jar (com.google.http-client:google-http-client:1.42.2)' completed
2025-03-10T17:43:18.229+0800 [DEBUG] [org.gradle.internal.operations.DefaultBuildOperationRunner] Build operation 'Resolve jib-build-plan-0.4.0.jar (com.google.cloud.tools:jib-build-plan:0.4.0)' started
2025-03-10T17:43:18.229+0800 [DEBUG] [org.gradle.internal.operations.DefaultBuildOperationRunner] Completing Build operation 'Resolve jib-gradle-plugin-extension-api-0.4.0.jar (com.google.cloud.tools:jib-gradle-plugin-extension-api:0.4.0)'
2025-03-10T17:43:18.229+0800 [DEBUG] [org.gradle.internal.operations.DefaultBuildOperationRunner] Build operation 'Resolve jib-gradle-plugin-extension-api-0.4.0.jar (com.google.cloud.tools:jib-gradle-plugin-extension-api:0.4.0)' completed
2025-03-10T17:43:18.229+0800 [DEBUG] [org.gradle.internal.operations.DefaultBuildOperationRunner] Build operation 'Resolve jib-plugins-extension-common-0.2.0.jar (com.google.cloud.tools:jib-plugins-extension-common:0.2.0)' started
2025-03-10T17:43:18.229+0800 [DEBUG] [org.gradle.internal.operations.DefaultBuildOperationRunner] Completing Build operation 'Resolve commons-compress-1.21.jar (org.apache.commons:commons-compress:1.21)'
2025-03-10T17:43:18.229+0800 [DEBUG] [org.gradle.internal.operations.DefaultBuildOperationRunner] Completing Build operation 'Resolve jib-plugins-extension-common-0.2.0.jar (com.google.cloud.tools:jib-plugins-extension-common:0.2.0)'
2025-03-10T17:43:18.230+0800 [DEBUG] [org.gradle.internal.operations.DefaultBuildOperationRunner] Build operation 'Resolve jib-plugins-extension-common-0.2.0.jar (com.google.cloud.tools:jib-plugins-extension-common:0.2.0)' completed
2025-03-10T17:43:18.230+0800 [DEBUG] [org.gradle.internal.operations.DefaultBuildOperationRunner] Build operation 'Resolve jdom2-2.0.6.jar (org.jdom:jdom2:2.0.6)' started
2025-03-10T17:43:18.230+0800 [DEBUG] [org.gradle.internal.operations.DefaultBuildOperationRunner] Completing Build operation 'Resolve kotlin-stdlib-jdk8-1.8.22.jar (org.jetbrains.kotlin:kotlin-stdlib-jdk8:1.8.22)'
2025-03-10T17:43:18.230+0800 [DEBUG] [org.gradle.internal.operations.DefaultBuildOperationRunner] Build operation 'Resolve kotlin-stdlib-jdk8-1.8.22.jar (org.jetbrains.kotlin:kotlin-stdlib-jdk8:1.8.22)' completed
2025-03-10T17:43:18.230+0800 [DEBUG] [org.gradle.internal.operations.DefaultBuildOperationRunner] Build operation 'Resolve commons-io-2.11.0.jar (commons-io:commons-io:2.11.0)' started
2025-03-10T17:43:18.229+0800 [DEBUG] [org.gradle.internal.operations.DefaultBuildOperationRunner] Build operation 'Resolve log4j-core-2.17.1.jar (org.apache.logging.log4j:log4j-core:2.17.1)' started
2025-03-10T17:43:18.230+0800 [DEBUG] [org.gradle.internal.operations.DefaultBuildOperationRunner] Completing Build operation 'Resolve asm-analysis-9.2.jar (org.ow2.asm:asm-analysis:9.2)'
2025-03-10T17:43:18.230+0800 [DEBUG] [org.gradle.internal.operations.DefaultBuildOperationRunner] Build operation 'Resolve asm-analysis-9.2.jar (org.ow2.asm:asm-analysis:9.2)' completed
2025-03-10T17:43:18.230+0800 [DEBUG] [org.gradle.internal.operations.DefaultBuildOperationRunner] Build operation 'Resolve ant-1.10.11.jar (org.apache.ant:ant:1.10.11)' started
2025-03-10T17:43:18.230+0800 [DEBUG] [org.gradle.internal.operations.DefaultBuildOperationRunner] Completing Build operation 'Resolve asm-commons-9.2.jar (org.ow2.asm:asm-commons:9.2)'
2025-03-10T17:43:18.230+0800 [DEBUG] [org.gradle.internal.operations.DefaultBuildOperationRunner] Build operation 'Resolve asm-commons-9.2.jar (org.ow2.asm:asm-commons:9.2)' completed
2025-03-10T17:43:18.230+0800 [DEBUG] [org.gradle.internal.operations.DefaultBuildOperationRunner] Build operation 'Resolve plexus-utils-3.4.1.jar (org.codehaus.plexus:plexus-utils:3.4.1)' started
2025-03-10T17:43:18.230+0800 [DEBUG] [org.gradle.internal.operations.DefaultBuildOperationRunner] Completing Build operation 'Resolve jackson-core-2.15.2.jar (com.fasterxml.jackson.core:jackson-core:2.15.2)'
2025-03-10T17:43:18.230+0800 [DEBUG] [org.gradle.internal.operations.DefaultBuildOperationRunner] Build operation 'Resolve jackson-core-2.15.2.jar (com.fasterxml.jackson.core:jackson-core:2.15.2)' completed
2025-03-10T17:43:18.230+0800 [DEBUG] [org.gradle.internal.operations.DefaultBuildOperationRunner] Build operation 'Resolve jdependency-2.7.0.jar (org.vafer:jdependency:2.7.0)' started
2025-03-10T17:43:18.230+0800 [DEBUG] [org.gradle.internal.operations.DefaultBuildOperationRunner] Completing Build operation 'Resolve jackson-annotations-2.15.2.jar (com.fasterxml.jackson.core:jackson-annotations:2.15.2)'
2025-03-10T17:43:18.230+0800 [DEBUG] [org.gradle.internal.operations.DefaultBuildOperationRunner] Build operation 'Resolve jackson-annotations-2.15.2.jar (com.fasterxml.jackson.core:jackson-annotations:2.15.2)' completed
2025-03-10T17:43:18.230+0800 [DEBUG] [org.gradle.internal.operations.DefaultBuildOperationRunner] Build operation 'Resolve httpclient-4.5.13.jar (org.apache.httpcomponents:httpclient:4.5.13)' started
2025-03-10T17:43:18.230+0800 [DEBUG] [org.gradle.internal.operations.DefaultBuildOperationRunner] Completing Build operation 'Resolve jackson-databind-2.15.2.jar (com.fasterxml.jackson.core:jackson-databind:2.15.2)'
2025-03-10T17:43:18.230+0800 [DEBUG] [org.gradle.internal.operations.DefaultBuildOperationRunner] Build operation 'Resolve jackson-databind-2.15.2.jar (com.fasterxml.jackson.core:jackson-databind:2.15.2)' completed
2025-03-10T17:43:18.230+0800 [DEBUG] [org.gradle.internal.operations.DefaultBuildOperationRunner] Build operation 'Resolve httpcore-4.4.15.jar (org.apache.httpcomponents:httpcore:4.4.15)' started
2025-03-10T17:43:18.230+0800 [DEBUG] [org.gradle.internal.operations.DefaultBuildOperationRunner] Completing Build operation 'Resolve graalvm-reachability-metadata-0.9.23.jar (org.graalvm.buildtools:graalvm-reachability-metadata:0.9.23)'
2025-03-10T17:43:18.230+0800 [DEBUG] [org.gradle.internal.operations.DefaultBuildOperationRunner] Build operation 'Resolve graalvm-reachability-metadata-0.9.23.jar (org.graalvm.buildtools:graalvm-reachability-metadata:0.9.23)' completed
2025-03-10T17:43:18.230+0800 [DEBUG] [org.gradle.internal.operations.DefaultBuildOperationRunner] Build operation 'Resolve jsr305-3.0.2.jar (com.google.code.findbugs:jsr305:3.0.2)' started
2025-03-10T17:43:18.230+0800 [DEBUG] [org.gradle.internal.operations.DefaultBuildOperationRunner] Completing Build operation 'Resolve httpcore-4.4.15.jar (org.apache.httpcomponents:httpcore:4.4.15)'
2025-03-10T17:43:18.230+0800 [DEBUG] [org.gradle.internal.operations.DefaultBuildOperationRunner] Build operation 'Resolve httpcore-4.4.15.jar (org.apache.httpcomponents:httpcore:4.4.15)' completed
2025-03-10T17:43:18.230+0800 [DEBUG] [org.gradle.internal.operations.DefaultBuildOperationRunner] Build operation 'Resolve j2objc-annotations-2.8.jar (com.google.j2objc:j2objc-annotations:2.8)' started
2025-03-10T17:43:18.230+0800 [DEBUG] [org.gradle.internal.operations.DefaultBuildOperationRunner] Completing Build operation 'Resolve httpclient-4.5.13.jar (org.apache.httpcomponents:httpclient:4.5.13)'
2025-03-10T17:43:18.230+0800 [DEBUG] [org.gradle.internal.operations.DefaultBuildOperationRunner] Build operation 'Resolve httpclient-4.5.13.jar (org.apache.httpcomponents:httpclient:4.5.13)' completed
2025-03-10T17:43:18.230+0800 [DEBUG] [org.gradle.internal.operations.DefaultBuildOperationRunner] Build operation 'Resolve opencensus-api-0.31.1.jar (io.opencensus:opencensus-api:0.31.1)' started
2025-03-10T17:43:18.230+0800 [DEBUG] [org.gradle.internal.operations.DefaultBuildOperationRunner] Completing Build operation 'Resolve jdependency-2.7.0.jar (org.vafer:jdependency:2.7.0)'
2025-03-10T17:43:18.230+0800 [DEBUG] [org.gradle.internal.operations.DefaultBuildOperationRunner] Build operation 'Resolve jdependency-2.7.0.jar (org.vafer:jdependency:2.7.0)' completed
2025-03-10T17:43:18.230+0800 [DEBUG] [org.gradle.internal.operations.DefaultBuildOperationRunner] Build operation 'Resolve auto-value-annotations-1.9.jar (com.google.auto.value:auto-value-annotations:1.9)' started
2025-03-10T17:43:18.231+0800 [DEBUG] [org.gradle.internal.operations.DefaultBuildOperationRunner] Completing Build operation 'Resolve plexus-utils-3.4.1.jar (org.codehaus.plexus:plexus-utils:3.4.1)'
2025-03-10T17:43:18.231+0800 [DEBUG] [org.gradle.internal.operations.DefaultBuildOperationRunner] Build operation 'Resolve plexus-utils-3.4.1.jar (org.codehaus.plexus:plexus-utils:3.4.1)' completed
2025-03-10T17:43:18.231+0800 [DEBUG] [org.gradle.internal.operations.DefaultBuildOperationRunner] Build operation 'Resolve google-auth-library-credentials-1.10.0.jar (com.google.auth:google-auth-library-credentials:1.10.0)' started
2025-03-10T17:43:18.231+0800 [DEBUG] [org.gradle.internal.operations.DefaultBuildOperationRunner] Completing Build operation 'Resolve ant-1.10.11.jar (org.apache.ant:ant:1.10.11)'
2025-03-10T17:43:18.231+0800 [DEBUG] [org.gradle.internal.operations.DefaultBuildOperationRunner] Build operation 'Resolve ant-1.10.11.jar (org.apache.ant:ant:1.10.11)' completed
2025-03-10T17:43:18.231+0800 [DEBUG] [org.gradle.internal.operations.DefaultBuildOperationRunner] Build operation 'Resolve failureaccess-1.0.1.jar (com.google.guava:failureaccess:1.0.1)' started
2025-03-10T17:43:18.231+0800 [DEBUG] [org.gradle.internal.operations.DefaultBuildOperationRunner] Completing Build operation 'Resolve log4j-core-2.17.1.jar (org.apache.logging.log4j:log4j-core:2.17.1)'
2025-03-10T17:43:18.231+0800 [DEBUG] [org.gradle.internal.operations.DefaultBuildOperationRunner] Build operation 'Resolve log4j-core-2.17.1.jar (org.apache.logging.log4j:log4j-core:2.17.1)' completed
2025-03-10T17:43:18.231+0800 [DEBUG] [org.gradle.internal.operations.DefaultBuildOperationRunner] Build operation 'Resolve listenablefuture-9999.0-empty-to-avoid-conflict-with-guava.jar (com.google.guava:listenablefuture:9999.0-empty-to-avoid-conflict-with-guava)' started
2025-03-10T17:43:18.230+0800 [DEBUG] [org.gradle.internal.operations.DefaultBuildOperationRunner] Completing Build operation 'Resolve asm-tree-9.2.jar (org.ow2.asm:asm-tree:9.2)'
2025-03-10T17:43:18.231+0800 [DEBUG] [org.gradle.internal.operations.DefaultBuildOperationRunner] Completing Build operation 'Resolve commons-io-2.11.0.jar (commons-io:commons-io:2.11.0)'
2025-03-10T17:43:18.231+0800 [DEBUG] [org.gradle.internal.operations.DefaultBuildOperationRunner] Build operation 'Resolve commons-io-2.11.0.jar (commons-io:commons-io:2.11.0)' completed
2025-03-10T17:43:18.231+0800 [DEBUG] [org.gradle.internal.operations.DefaultBuildOperationRunner] Completing Build operation 'Resolve jdom2-2.0.6.jar (org.jdom:jdom2:2.0.6)'
2025-03-10T17:43:18.231+0800 [DEBUG] [org.gradle.internal.operations.DefaultBuildOperationRunner] Build operation 'Resolve jdom2-2.0.6.jar (org.jdom:jdom2:2.0.6)' completed
2025-03-10T17:43:18.231+0800 [DEBUG] [org.gradle.internal.operations.DefaultBuildOperationRunner] Build operation 'Resolve error_prone_annotations-2.18.0.jar (com.google.errorprone:error_prone_annotations:2.18.0)' started
2025-03-10T17:43:18.231+0800 [DEBUG] [org.gradle.internal.operations.DefaultBuildOperationRunner] Completing Build operation 'Resolve error_prone_annotations-2.18.0.jar (com.google.errorprone:error_prone_annotations:2.18.0)'
2025-03-10T17:43:18.231+0800 [DEBUG] [org.gradle.internal.operations.DefaultBuildOperationRunner] Build operation 'Resolve error_prone_annotations-2.18.0.jar (com.google.errorprone:error_prone_annotations:2.18.0)' completed
2025-03-10T17:43:18.231+0800 [DEBUG] [org.gradle.internal.operations.DefaultBuildOperationRunner] Build operation 'Resolve log4j-api-2.17.1.jar (org.apache.logging.log4j:log4j-api:2.17.1)' started
2025-03-10T17:43:18.231+0800 [DEBUG] [org.gradle.internal.operations.DefaultBuildOperationRunner] Completing Build operation 'Resolve jib-build-plan-0.4.0.jar (com.google.cloud.tools:jib-build-plan:0.4.0)'
2025-03-10T17:43:18.231+0800 [DEBUG] [org.gradle.internal.operations.DefaultBuildOperationRunner] Build operation 'Resolve jib-build-plan-0.4.0.jar (com.google.cloud.tools:jib-build-plan:0.4.0)' completed
2025-03-10T17:43:18.231+0800 [DEBUG] [org.gradle.internal.operations.DefaultBuildOperationRunner] Build operation 'Resolve commons-logging-1.2.jar (commons-logging:commons-logging:1.2)' started
2025-03-10T17:43:18.231+0800 [DEBUG] [org.gradle.internal.operations.DefaultBuildOperationRunner] Completing Build operation 'Resolve log4j-api-2.17.1.jar (org.apache.logging.log4j:log4j-api:2.17.1)'
2025-03-10T17:43:18.231+0800 [DEBUG] [org.gradle.internal.operations.DefaultBuildOperationRunner] Build operation 'Resolve log4j-api-2.17.1.jar (org.apache.logging.log4j:log4j-api:2.17.1)' completed
2025-03-10T17:43:18.231+0800 [DEBUG] [org.gradle.internal.operations.DefaultBuildOperationRunner] Build operation 'Resolve commons-codec-1.11.jar (commons-codec:commons-codec:1.11)' started
2025-03-10T17:43:18.231+0800 [DEBUG] [org.gradle.internal.operations.DefaultBuildOperationRunner] Build operation 'Resolve ant-launcher-1.10.11.jar (org.apache.ant:ant-launcher:1.10.11)' started
2025-03-10T17:43:18.231+0800 [DEBUG] [org.gradle.internal.operations.DefaultBuildOperationRunner] Build operation 'Resolve checker-qual-3.33.0.jar (org.checkerframework:checker-qual:3.33.0)' started
2025-03-10T17:43:18.231+0800 [DEBUG] [org.gradle.internal.operations.DefaultBuildOperationRunner] Build operation 'Resolve asm-tree-9.2.jar (org.ow2.asm:asm-tree:9.2)' completed
2025-03-10T17:43:18.231+0800 [DEBUG] [org.gradle.internal.operations.DefaultBuildOperationRunner] Build operation 'Resolve grpc-context-1.27.2.jar (io.grpc:grpc-context:1.27.2)' started
2025-03-10T17:43:18.231+0800 [DEBUG] [org.gradle.internal.operations.DefaultBuildOperationRunner] Completing Build operation 'Resolve grpc-context-1.27.2.jar (io.grpc:grpc-context:1.27.2)'
2025-03-10T17:43:18.231+0800 [DEBUG] [org.gradle.internal.operations.DefaultBuildOperationRunner] Build operation 'Resolve grpc-context-1.27.2.jar (io.grpc:grpc-context:1.27.2)' completed
2025-03-10T17:43:18.231+0800 [DEBUG] [org.gradle.internal.resources.AbstractTrackedResourceLock] Unconstrained build operations Thread 6: released lock on worker lease
2025-03-10T17:43:18.231+0800 [DEBUG] [org.gradle.internal.operations.DefaultBuildOperationRunner] Completing Build operation 'Resolve failureaccess-1.0.1.jar (com.google.guava:failureaccess:1.0.1)'
2025-03-10T17:43:18.231+0800 [DEBUG] [org.gradle.internal.operations.DefaultBuildOperationRunner] Build operation 'Resolve failureaccess-1.0.1.jar (com.google.guava:failureaccess:1.0.1)' completed
2025-03-10T17:43:18.231+0800 [DEBUG] [org.gradle.internal.resources.AbstractTrackedResourceLock] Unconstrained build operations Thread 8: released lock on worker lease
2025-03-10T17:43:18.231+0800 [DEBUG] [org.gradle.internal.operations.DefaultBuildOperationRunner] Completing Build operation 'Resolve google-auth-library-credentials-1.10.0.jar (com.google.auth:google-auth-library-credentials:1.10.0)'
2025-03-10T17:43:18.231+0800 [DEBUG] [org.gradle.internal.operations.DefaultBuildOperationRunner] Build operation 'Resolve google-auth-library-credentials-1.10.0.jar (com.google.auth:google-auth-library-credentials:1.10.0)' completed
2025-03-10T17:43:18.231+0800 [DEBUG] [org.gradle.internal.resources.AbstractTrackedResourceLock] Unconstrained build operations Thread 9: released lock on worker lease
2025-03-10T17:43:18.232+0800 [DEBUG] [org.gradle.internal.operations.DefaultBuildOperationRunner] Completing Build operation 'Resolve auto-value-annotations-1.9.jar (com.google.auto.value:auto-value-annotations:1.9)'
2025-03-10T17:43:18.232+0800 [DEBUG] [org.gradle.internal.operations.DefaultBuildOperationRunner] Build operation 'Resolve auto-value-annotations-1.9.jar (com.google.auto.value:auto-value-annotations:1.9)' completed
2025-03-10T17:43:18.232+0800 [DEBUG] [org.gradle.internal.resources.AbstractTrackedResourceLock] Unconstrained build operations Thread 11: released lock on worker lease
2025-03-10T17:43:18.232+0800 [DEBUG] [org.gradle.internal.operations.DefaultBuildOperationRunner] Completing Build operation 'Resolve opencensus-api-0.31.1.jar (io.opencensus:opencensus-api:0.31.1)'
2025-03-10T17:43:18.232+0800 [DEBUG] [org.gradle.internal.operations.DefaultBuildOperationRunner] Build operation 'Resolve opencensus-api-0.31.1.jar (io.opencensus:opencensus-api:0.31.1)' completed
2025-03-10T17:43:18.232+0800 [DEBUG] [org.gradle.internal.resources.AbstractTrackedResourceLock] Unconstrained build operations Thread 5: released lock on worker lease
2025-03-10T17:43:18.232+0800 [DEBUG] [org.gradle.internal.operations.DefaultBuildOperationRunner] Completing Build operation 'Resolve j2objc-annotations-2.8.jar (com.google.j2objc:j2objc-annotations:2.8)'
2025-03-10T17:43:18.232+0800 [DEBUG] [org.gradle.internal.operations.DefaultBuildOperationRunner] Build operation 'Resolve j2objc-annotations-2.8.jar (com.google.j2objc:j2objc-annotations:2.8)' completed
2025-03-10T17:43:18.232+0800 [DEBUG] [org.gradle.internal.resources.AbstractTrackedResourceLock] Unconstrained build operations Thread 12: released lock on worker lease
2025-03-10T17:43:18.232+0800 [DEBUG] [org.gradle.internal.operations.DefaultBuildOperationRunner] Completing Build operation 'Resolve jsr305-3.0.2.jar (com.google.code.findbugs:jsr305:3.0.2)'
2025-03-10T17:43:18.232+0800 [DEBUG] [org.gradle.internal.operations.DefaultBuildOperationRunner] Build operation 'Resolve jsr305-3.0.2.jar (com.google.code.findbugs:jsr305:3.0.2)' completed
2025-03-10T17:43:18.232+0800 [DEBUG] [org.gradle.internal.resources.AbstractTrackedResourceLock] Unconstrained build operations Thread 14: released lock on worker lease
2025-03-10T17:43:18.231+0800 [DEBUG] [org.gradle.internal.operations.DefaultBuildOperationRunner] Completing Build operation 'Resolve listenablefuture-9999.0-empty-to-avoid-conflict-with-guava.jar (com.google.guava:listenablefuture:9999.0-empty-to-avoid-conflict-with-guava)'
2025-03-10T17:43:18.232+0800 [DEBUG] [org.gradle.internal.operations.DefaultBuildOperationRunner] Build operation 'Resolve listenablefuture-9999.0-empty-to-avoid-conflict-with-guava.jar (com.google.guava:listenablefuture:9999.0-empty-to-avoid-conflict-with-guava)' completed
2025-03-10T17:43:18.232+0800 [DEBUG] [org.gradle.internal.resources.AbstractTrackedResourceLock] Unconstrained build operations Thread 15: released lock on worker lease
2025-03-10T17:43:18.232+0800 [DEBUG] [org.gradle.internal.operations.DefaultBuildOperationRunner] Completing Build operation 'Resolve checker-qual-3.33.0.jar (org.checkerframework:checker-qual:3.33.0)'
2025-03-10T17:43:18.232+0800 [DEBUG] [org.gradle.internal.operations.DefaultBuildOperationRunner] Build operation 'Resolve checker-qual-3.33.0.jar (org.checkerframework:checker-qual:3.33.0)' completed
2025-03-10T17:43:18.232+0800 [DEBUG] [org.gradle.internal.resources.AbstractTrackedResourceLock] Unconstrained build operations Thread 7: released lock on worker lease
2025-03-10T17:43:18.232+0800 [DEBUG] [org.gradle.internal.operations.DefaultBuildOperationRunner] Completing Build operation 'Resolve ant-launcher-1.10.11.jar (org.apache.ant:ant-launcher:1.10.11)'
2025-03-10T17:43:18.232+0800 [DEBUG] [org.gradle.internal.operations.DefaultBuildOperationRunner] Completing Build operation 'Resolve commons-codec-1.11.jar (commons-codec:commons-codec:1.11)'
2025-03-10T17:43:18.232+0800 [DEBUG] [org.gradle.internal.operations.DefaultBuildOperationRunner] Build operation 'Resolve commons-codec-1.11.jar (commons-codec:commons-codec:1.11)' completed
2025-03-10T17:43:18.232+0800 [DEBUG] [org.gradle.internal.operations.DefaultBuildOperationRunner] Completing Build operation 'Resolve commons-logging-1.2.jar (commons-logging:commons-logging:1.2)'
2025-03-10T17:43:18.232+0800 [DEBUG] [org.gradle.internal.operations.DefaultBuildOperationRunner] Build operation 'Resolve commons-logging-1.2.jar (commons-logging:commons-logging:1.2)' completed
2025-03-10T17:43:18.232+0800 [DEBUG] [org.gradle.internal.resources.AbstractTrackedResourceLock] Unconstrained build operations Thread 13: released lock on worker lease
2025-03-10T17:43:18.232+0800 [DEBUG] [org.gradle.internal.resources.AbstractTrackedResourceLock] Unconstrained build operations Thread 10: released lock on worker lease
2025-03-10T17:43:18.232+0800 [DEBUG] [org.gradle.internal.operations.DefaultBuildOperationRunner] Completing Build operation 'Resolve files of configuration ':classpath''
2025-03-10T17:43:18.235+0800 [DEBUG] [org.gradle.internal.operations.DefaultBuildOperationRunner] Build operation 'Resolve files of configuration ':classpath'' started
2025-03-10T17:43:18.235+0800 [DEBUG] [org.gradle.internal.operations.DefaultBuildOperationRunner] Build operation 'Fingerprint transform inputs' started
2025-03-10T17:43:18.235+0800 [DEBUG] [org.gradle.internal.operations.DefaultBuildOperationRunner] Completing Build operation 'Fingerprint transform inputs'
2025-03-10T17:43:18.237+0800 [DEBUG] [org.gradle.internal.operations.DefaultBuildOperationRunner] Build operation 'Resolve files of configuration ':classpath'' started
2025-03-10T17:43:18.237+0800 [DEBUG] [org.gradle.internal.operations.DefaultBuildOperationRunner] Build operation 'Identifying work' started
2025-03-10T17:43:18.237+0800 [DEBUG] [org.gradle.internal.operations.DefaultBuildOperationRunner] Completing Build operation 'Identifying work'
2025-03-10T17:43:18.237+0800 [DEBUG] [org.gradle.internal.operations.DefaultBuildOperationRunner] Build operation 'Identifying work' started
2025-03-10T17:43:18.237+0800 [DEBUG] [org.gradle.internal.operations.DefaultBuildOperationRunner] Completing Build operation 'Identifying work'
2025-03-10T17:43:18.237+0800 [DEBUG] [org.gradle.internal.operations.DefaultBuildOperationRunner] Build operation 'Identifying work' started
2025-03-10T17:43:18.237+0800 [DEBUG] [org.gradle.internal.operations.DefaultBuildOperationRunner] Completing Build operation 'Identifying work'
2025-03-10T17:43:18.237+0800 [DEBUG] [org.gradle.internal.operations.DefaultBuildOperationRunner] Build operation 'Identifying work' started
2025-03-10T17:43:18.237+0800 [DEBUG] [org.gradle.internal.operations.DefaultBuildOperationRunner] Completing Build operation 'Identifying work'
2025-03-10T17:43:18.237+0800 [DEBUG] [org.gradle.internal.operations.DefaultBuildOperationRunner] Build operation 'Identifying work' started
2025-03-10T17:43:18.237+0800 [DEBUG] [org.gradle.internal.operations.DefaultBuildOperationRunner] Completing Build operation 'Identifying work'
2025-03-10T17:43:18.237+0800 [DEBUG] [org.gradle.internal.operations.DefaultBuildOperationRunner] Build operation 'Identifying work' started
2025-03-10T17:43:18.237+0800 [DEBUG] [org.gradle.internal.operations.DefaultBuildOperationRunner] Completing Build operation 'Identifying work'
2025-03-10T17:43:18.237+0800 [DEBUG] [org.gradle.internal.operations.DefaultBuildOperationRunner] Build operation 'Identifying work' started
2025-03-10T17:43:18.237+0800 [DEBUG] [org.gradle.internal.operations.DefaultBuildOperationRunner] Completing Build operation 'Identifying work'
2025-03-10T17:43:18.237+0800 [DEBUG] [org.gradle.internal.operations.DefaultBuildOperationRunner] Build operation 'Identifying work' started
2025-03-10T17:43:18.237+0800 [DEBUG] [org.gradle.internal.operations.DefaultBuildOperationRunner] Completing Build operation 'Identifying work'
2025-03-10T17:43:18.237+0800 [DEBUG] [org.gradle.internal.operations.DefaultBuildOperationRunner] Build operation 'Identifying work' started
2025-03-10T17:43:18.237+0800 [DEBUG] [org.gradle.internal.operations.DefaultBuildOperationRunner] Completing Build operation 'Identifying work'
2025-03-10T17:43:18.237+0800 [DEBUG] [org.gradle.internal.operations.DefaultBuildOperationRunner] Build operation 'Identifying work' started
2025-03-10T17:43:18.237+0800 [DEBUG] [org.gradle.internal.operations.DefaultBuildOperationRunner] Completing Build operation 'Identifying work'
2025-03-10T17:43:18.237+0800 [DEBUG] [org.gradle.internal.operations.DefaultBuildOperationRunner] Build operation 'Identifying work' started
2025-03-10T17:43:18.237+0800 [DEBUG] [org.gradle.internal.operations.DefaultBuildOperationRunner] Completing Build operation 'Identifying work'
2025-03-10T17:43:18.238+0800 [DEBUG] [org.gradle.internal.operations.DefaultBuildOperationRunner] Build operation 'Identifying work' started
2025-03-10T17:43:18.238+0800 [DEBUG] [org.gradle.internal.operations.DefaultBuildOperationRunner] Completing Build operation 'Identifying work'
2025-03-10T17:43:18.238+0800 [DEBUG] [org.gradle.internal.operations.DefaultBuildOperationRunner] Build operation 'Identifying work' started
2025-03-10T17:43:18.238+0800 [DEBUG] [org.gradle.internal.operations.DefaultBuildOperationRunner] Completing Build operation 'Identifying work'
2025-03-10T17:43:18.238+0800 [DEBUG] [org.gradle.internal.operations.DefaultBuildOperationRunner] Build operation 'Identifying work' started
2025-03-10T17:43:18.238+0800 [DEBUG] [org.gradle.internal.operations.DefaultBuildOperationRunner] Completing Build operation 'Identifying work'
2025-03-10T17:43:18.238+0800 [DEBUG] [org.gradle.internal.operations.DefaultBuildOperationRunner] Build operation 'Identifying work' started
2025-03-10T17:43:18.238+0800 [DEBUG] [org.gradle.internal.operations.DefaultBuildOperationRunner] Completing Build operation 'Identifying work'
2025-03-10T17:43:18.238+0800 [DEBUG] [org.gradle.internal.operations.DefaultBuildOperationRunner] Build operation 'Identifying work' started
2025-03-10T17:43:18.238+0800 [DEBUG] [org.gradle.internal.operations.DefaultBuildOperationRunner] Completing Build operation 'Identifying work'
2025-03-10T17:43:18.238+0800 [DEBUG] [org.gradle.internal.operations.DefaultBuildOperationRunner] Build operation 'Identifying work' started
2025-03-10T17:43:18.238+0800 [DEBUG] [org.gradle.internal.operations.DefaultBuildOperationRunner] Completing Build operation 'Identifying work'
2025-03-10T17:43:18.238+0800 [DEBUG] [org.gradle.internal.operations.DefaultBuildOperationRunner] Build operation 'Identifying work' started
2025-03-10T17:43:18.238+0800 [DEBUG] [org.gradle.internal.operations.DefaultBuildOperationRunner] Completing Build operation 'Identifying work'
2025-03-10T17:43:18.238+0800 [DEBUG] [org.gradle.internal.operations.DefaultBuildOperationRunner] Build operation 'Identifying work' started
2025-03-10T17:43:18.238+0800 [DEBUG] [org.gradle.internal.operations.DefaultBuildOperationRunner] Completing Build operation 'Identifying work'
2025-03-10T17:43:18.238+0800 [DEBUG] [org.gradle.internal.operations.DefaultBuildOperationRunner] Build operation 'Identifying work' started
2025-03-10T17:43:18.238+0800 [DEBUG] [org.gradle.internal.operations.DefaultBuildOperationRunner] Completing Build operation 'Identifying work'
2025-03-10T17:43:18.238+0800 [DEBUG] [org.gradle.internal.operations.DefaultBuildOperationRunner] Build operation 'Identifying work' started
2025-03-10T17:43:18.238+0800 [DEBUG] [org.gradle.internal.operations.DefaultBuildOperationRunner] Completing Build operation 'Identifying work'
2025-03-10T17:43:18.238+0800 [DEBUG] [org.gradle.internal.operations.DefaultBuildOperationRunner] Build operation 'Identifying work' started
2025-03-10T17:43:18.238+0800 [DEBUG] [org.gradle.internal.operations.DefaultBuildOperationRunner] Completing Build operation 'Identifying work'
2025-03-10T17:43:18.238+0800 [DEBUG] [org.gradle.internal.operations.DefaultBuildOperationRunner] Build operation 'Identifying work' started
2025-03-10T17:43:18.238+0800 [DEBUG] [org.gradle.internal.operations.DefaultBuildOperationRunner] Completing Build operation 'Identifying work'
2025-03-10T17:43:18.238+0800 [DEBUG] [org.gradle.internal.operations.DefaultBuildOperationRunner] Build operation 'Identifying work' started
2025-03-10T17:43:18.238+0800 [DEBUG] [org.gradle.internal.operations.DefaultBuildOperationRunner] Completing Build operation 'Identifying work'
2025-03-10T17:43:18.238+0800 [DEBUG] [org.gradle.internal.operations.DefaultBuildOperationRunner] Build operation 'Identifying work' started
2025-03-10T17:43:18.238+0800 [DEBUG] [org.gradle.internal.operations.DefaultBuildOperationRunner] Completing Build operation 'Identifying work'
2025-03-10T17:43:18.238+0800 [DEBUG] [org.gradle.internal.operations.DefaultBuildOperationRunner] Build operation 'Identifying work' started
2025-03-10T17:43:18.238+0800 [DEBUG] [org.gradle.internal.operations.DefaultBuildOperationRunner] Completing Build operation 'Identifying work'
2025-03-10T17:43:18.238+0800 [DEBUG] [org.gradle.internal.operations.DefaultBuildOperationRunner] Build operation 'Identifying work' started
2025-03-10T17:43:18.238+0800 [DEBUG] [org.gradle.internal.operations.DefaultBuildOperationRunner] Completing Build operation 'Identifying work'
2025-03-10T17:43:18.238+0800 [DEBUG] [org.gradle.internal.operations.DefaultBuildOperationRunner] Build operation 'Identifying work' started
2025-03-10T17:43:18.238+0800 [DEBUG] [org.gradle.internal.operations.DefaultBuildOperationRunner] Completing Build operation 'Identifying work'
2025-03-10T17:43:18.238+0800 [DEBUG] [org.gradle.internal.operations.DefaultBuildOperationRunner] Build operation 'Identifying work' started
2025-03-10T17:43:18.238+0800 [DEBUG] [org.gradle.internal.operations.DefaultBuildOperationRunner] Completing Build operation 'Identifying work'
2025-03-10T17:43:18.239+0800 [DEBUG] [org.gradle.internal.operations.DefaultBuildOperationRunner] Build operation 'Identifying work' started
2025-03-10T17:43:18.239+0800 [DEBUG] [org.gradle.internal.operations.DefaultBuildOperationRunner] Completing Build operation 'Identifying work'
2025-03-10T17:43:18.239+0800 [DEBUG] [org.gradle.internal.operations.DefaultBuildOperationRunner] Build operation 'Identifying work' started
2025-03-10T17:43:18.239+0800 [DEBUG] [org.gradle.internal.operations.DefaultBuildOperationRunner] Completing Build operation 'Identifying work'
2025-03-10T17:43:18.239+0800 [DEBUG] [org.gradle.internal.operations.DefaultBuildOperationRunner] Build operation 'Identifying work' started
2025-03-10T17:43:18.239+0800 [DEBUG] [org.gradle.internal.operations.DefaultBuildOperationRunner] Completing Build operation 'Identifying work'
2025-03-10T17:43:18.239+0800 [DEBUG] [org.gradle.internal.operations.DefaultBuildOperationRunner] Build operation 'Identifying work' started
2025-03-10T17:43:18.239+0800 [DEBUG] [org.gradle.internal.operations.DefaultBuildOperationRunner] Completing Build operation 'Identifying work'
2025-03-10T17:43:18.239+0800 [DEBUG] [org.gradle.internal.operations.DefaultBuildOperationRunner] Build operation 'Identifying work' started
2025-03-10T17:43:18.239+0800 [DEBUG] [org.gradle.internal.operations.DefaultBuildOperationRunner] Completing Build operation 'Identifying work'
2025-03-10T17:43:18.239+0800 [DEBUG] [org.gradle.internal.operations.DefaultBuildOperationRunner] Build operation 'Identifying work' started
2025-03-10T17:43:18.239+0800 [DEBUG] [org.gradle.internal.operations.DefaultBuildOperationRunner] Completing Build operation 'Identifying work'
2025-03-10T17:43:18.239+0800 [DEBUG] [org.gradle.internal.operations.DefaultBuildOperationRunner] Build operation 'Identifying work' started
2025-03-10T17:43:18.239+0800 [DEBUG] [org.gradle.internal.operations.DefaultBuildOperationRunner] Completing Build operation 'Identifying work'
2025-03-10T17:43:18.239+0800 [DEBUG] [org.gradle.internal.operations.DefaultBuildOperationRunner] Build operation 'Identifying work' started
2025-03-10T17:43:18.239+0800 [DEBUG] [org.gradle.internal.operations.DefaultBuildOperationRunner] Completing Build operation 'Identifying work'
2025-03-10T17:43:18.239+0800 [DEBUG] [org.gradle.internal.operations.DefaultBuildOperationRunner] Build operation 'Identifying work' started
2025-03-10T17:43:18.239+0800 [DEBUG] [org.gradle.internal.operations.DefaultBuildOperationRunner] Completing Build operation 'Identifying work'
2025-03-10T17:43:18.239+0800 [DEBUG] [org.gradle.internal.operations.DefaultBuildOperationRunner] Build operation 'Identifying work' started
2025-03-10T17:43:18.239+0800 [DEBUG] [org.gradle.internal.operations.DefaultBuildOperationRunner] Completing Build operation 'Identifying work'
2025-03-10T17:43:18.239+0800 [DEBUG] [org.gradle.internal.operations.DefaultBuildOperationRunner] Build operation 'Identifying work' started
2025-03-10T17:43:18.239+0800 [DEBUG] [org.gradle.internal.operations.DefaultBuildOperationRunner] Completing Build operation 'Identifying work'
2025-03-10T17:43:18.239+0800 [DEBUG] [org.gradle.internal.operations.DefaultBuildOperationRunner] Build operation 'Identifying work' started
2025-03-10T17:43:18.239+0800 [DEBUG] [org.gradle.internal.operations.DefaultBuildOperationRunner] Completing Build operation 'Identifying work'
2025-03-10T17:43:18.239+0800 [DEBUG] [org.gradle.internal.operations.DefaultBuildOperationRunner] Build operation 'Identifying work' started
2025-03-10T17:43:18.239+0800 [DEBUG] [org.gradle.internal.operations.DefaultBuildOperationRunner] Completing Build operation 'Identifying work'
2025-03-10T17:43:18.239+0800 [DEBUG] [org.gradle.internal.operations.DefaultBuildOperationRunner] Build operation 'Identifying work' started
2025-03-10T17:43:18.239+0800 [DEBUG] [org.gradle.internal.operations.DefaultBuildOperationRunner] Completing Build operation 'Identifying work'
2025-03-10T17:43:18.239+0800 [DEBUG] [org.gradle.internal.operations.DefaultBuildOperationRunner] Build operation 'Identifying work' started
2025-03-10T17:43:18.239+0800 [DEBUG] [org.gradle.internal.operations.DefaultBuildOperationRunner] Completing Build operation 'Identifying work'
2025-03-10T17:43:18.239+0800 [DEBUG] [org.gradle.internal.operations.DefaultBuildOperationRunner] Build operation 'Identifying work' started
2025-03-10T17:43:18.239+0800 [DEBUG] [org.gradle.internal.operations.DefaultBuildOperationRunner] Completing Build operation 'Identifying work'
2025-03-10T17:43:18.239+0800 [DEBUG] [org.gradle.internal.operations.DefaultBuildOperationRunner] Build operation 'Identifying work' started
2025-03-10T17:43:18.239+0800 [DEBUG] [org.gradle.internal.operations.DefaultBuildOperationRunner] Completing Build operation 'Identifying work'
2025-03-10T17:43:18.239+0800 [DEBUG] [org.gradle.internal.operations.DefaultBuildOperationRunner] Build operation 'Identifying work' started
2025-03-10T17:43:18.239+0800 [DEBUG] [org.gradle.internal.operations.DefaultBuildOperationRunner] Completing Build operation 'Identifying work'
2025-03-10T17:43:18.239+0800 [DEBUG] [org.gradle.internal.operations.DefaultBuildOperationRunner] Build operation 'Identifying work' started
2025-03-10T17:43:18.239+0800 [DEBUG] [org.gradle.internal.operations.DefaultBuildOperationRunner] Completing Build operation 'Identifying work'
2025-03-10T17:43:18.240+0800 [DEBUG] [org.gradle.internal.operations.DefaultBuildOperationRunner] Build operation 'Identifying work' started
2025-03-10T17:43:18.240+0800 [DEBUG] [org.gradle.internal.operations.DefaultBuildOperationRunner] Completing Build operation 'Identifying work'
2025-03-10T17:43:18.240+0800 [DEBUG] [org.gradle.internal.operations.DefaultBuildOperationRunner] Build operation 'Identifying work' started
2025-03-10T17:43:18.240+0800 [DEBUG] [org.gradle.internal.operations.DefaultBuildOperationRunner] Completing Build operation 'Identifying work'
2025-03-10T17:43:18.240+0800 [DEBUG] [org.gradle.internal.operations.DefaultBuildOperationRunner] Build operation 'Identifying work' started
2025-03-10T17:43:18.240+0800 [DEBUG] [org.gradle.internal.operations.DefaultBuildOperationRunner] Completing Build operation 'Identifying work'
2025-03-10T17:43:18.240+0800 [DEBUG] [org.gradle.internal.operations.DefaultBuildOperationRunner] Build operation 'Identifying work' started
2025-03-10T17:43:18.240+0800 [DEBUG] [org.gradle.internal.operations.DefaultBuildOperationRunner] Completing Build operation 'Identifying work'
2025-03-10T17:43:18.240+0800 [DEBUG] [org.gradle.internal.operations.DefaultBuildOperationRunner] Build operation 'Identifying work' started
2025-03-10T17:43:18.240+0800 [DEBUG] [org.gradle.internal.operations.DefaultBuildOperationRunner] Completing Build operation 'Identifying work'
2025-03-10T17:43:18.240+0800 [DEBUG] [org.gradle.internal.operations.DefaultBuildOperationRunner] Build operation 'Identifying work' started
2025-03-10T17:43:18.240+0800 [DEBUG] [org.gradle.internal.operations.DefaultBuildOperationRunner] Completing Build operation 'Identifying work'
2025-03-10T17:43:18.240+0800 [DEBUG] [org.gradle.internal.operations.DefaultBuildOperationRunner] Build operation 'Identifying work' started
2025-03-10T17:43:18.240+0800 [DEBUG] [org.gradle.internal.operations.DefaultBuildOperationRunner] Completing Build operation 'Identifying work'
2025-03-10T17:43:18.240+0800 [DEBUG] [org.gradle.internal.operations.DefaultBuildOperationRunner] Build operation 'Identifying work' started
2025-03-10T17:43:18.240+0800 [DEBUG] [org.gradle.internal.operations.DefaultBuildOperationRunner] Completing Build operation 'Identifying work'
2025-03-10T17:43:18.240+0800 [DEBUG] [org.gradle.internal.operations.DefaultBuildOperationRunner] Build operation 'Identifying work' started
2025-03-10T17:43:18.240+0800 [DEBUG] [org.gradle.internal.operations.DefaultBuildOperationRunner] Completing Build operation 'Identifying work'
2025-03-10T17:43:18.240+0800 [DEBUG] [org.gradle.internal.operations.DefaultBuildOperationRunner] Build operation 'Identifying work' started
2025-03-10T17:43:18.240+0800 [DEBUG] [org.gradle.internal.operations.DefaultBuildOperationRunner] Completing Build operation 'Identifying work'
2025-03-10T17:43:18.240+0800 [DEBUG] [org.gradle.internal.operations.DefaultBuildOperationRunner] Build operation 'Identifying work' started
2025-03-10T17:43:18.240+0800 [DEBUG] [org.gradle.internal.operations.DefaultBuildOperationRunner] Completing Build operation 'Identifying work'
2025-03-10T17:43:18.240+0800 [DEBUG] [org.gradle.internal.operations.DefaultBuildOperationRunner] Build operation 'Identifying work' started
2025-03-10T17:43:18.240+0800 [DEBUG] [org.gradle.internal.operations.DefaultBuildOperationRunner] Completing Build operation 'Identifying work'
2025-03-10T17:43:18.240+0800 [DEBUG] [org.gradle.internal.operations.DefaultBuildOperationRunner] Build operation 'Identifying work' started
2025-03-10T17:43:18.240+0800 [DEBUG] [org.gradle.internal.operations.DefaultBuildOperationRunner] Completing Build operation 'Identifying work'
2025-03-10T17:43:18.240+0800 [DEBUG] [org.gradle.internal.operations.DefaultBuildOperationRunner] Build operation 'Identifying work' started
2025-03-10T17:43:18.240+0800 [DEBUG] [org.gradle.internal.operations.DefaultBuildOperationRunner] Completing Build operation 'Identifying work'
2025-03-10T17:43:18.240+0800 [DEBUG] [org.gradle.internal.operations.DefaultBuildOperationRunner] Build operation 'Identifying work' started
2025-03-10T17:43:18.240+0800 [DEBUG] [org.gradle.internal.operations.DefaultBuildOperationRunner] Completing Build operation 'Identifying work'
2025-03-10T17:43:18.240+0800 [DEBUG] [org.gradle.internal.operations.DefaultBuildOperationRunner] Build operation 'Identifying work' started
2025-03-10T17:43:18.240+0800 [DEBUG] [org.gradle.internal.operations.DefaultBuildOperationRunner] Completing Build operation 'Identifying work'
2025-03-10T17:43:18.240+0800 [DEBUG] [org.gradle.internal.operations.DefaultBuildOperationRunner] Build operation 'Identifying work' started
2025-03-10T17:43:18.240+0800 [DEBUG] [org.gradle.internal.operations.DefaultBuildOperationRunner] Completing Build operation 'Identifying work'
2025-03-10T17:43:18.240+0800 [DEBUG] [org.gradle.internal.operations.DefaultBuildOperationRunner] Build operation 'Identifying work' started
2025-03-10T17:43:18.240+0800 [DEBUG] [org.gradle.internal.operations.DefaultBuildOperationRunner] Completing Build operation 'Identifying work'
2025-03-10T17:43:18.240+0800 [DEBUG] [org.gradle.internal.operations.DefaultBuildOperationRunner] Build operation 'Identifying work' started
2025-03-10T17:43:18.241+0800 [DEBUG] [org.gradle.internal.operations.DefaultBuildOperationRunner] Completing Build operation 'Identifying work'
2025-03-10T17:43:18.241+0800 [DEBUG] [org.gradle.internal.operations.DefaultBuildOperationRunner] Build operation 'Identifying work' started
2025-03-10T17:43:18.241+0800 [DEBUG] [org.gradle.internal.operations.DefaultBuildOperationRunner] Completing Build operation 'Identifying work'
2025-03-10T17:43:18.241+0800 [DEBUG] [org.gradle.internal.operations.DefaultBuildOperationRunner] Build operation 'Identifying work' started
2025-03-10T17:43:18.241+0800 [DEBUG] [org.gradle.internal.operations.DefaultBuildOperationRunner] Completing Build operation 'Identifying work'
2025-03-10T17:43:18.241+0800 [DEBUG] [org.gradle.internal.operations.DefaultBuildOperationRunner] Build operation 'Identifying work' started
2025-03-10T17:43:18.241+0800 [DEBUG] [org.gradle.internal.operations.DefaultBuildOperationRunner] Completing Build operation 'Identifying work'
2025-03-10T17:43:18.241+0800 [DEBUG] [org.gradle.internal.operations.DefaultBuildOperationRunner] Completing Build operation 'Resolve files of configuration ':classpath''
2025-03-10T17:43:18.241+0800 [DEBUG] [org.gradle.internal.operations.DefaultBuildOperationRunner] Build operation 'Fingerprint transform inputs' started
2025-03-10T17:43:18.241+0800 [DEBUG] [org.gradle.internal.operations.DefaultBuildOperationRunner] Completing Build operation 'Fingerprint transform inputs'
2025-03-10T17:43:18.241+0800 [DEBUG] [org.gradle.internal.operations.DefaultBuildOperationRunner] Build operation 'Fingerprint transform inputs' started
2025-03-10T17:43:18.241+0800 [DEBUG] [org.gradle.internal.operations.DefaultBuildOperationRunner] Completing Build operation 'Fingerprint transform inputs'
2025-03-10T17:43:18.241+0800 [DEBUG] [org.gradle.internal.operations.DefaultBuildOperationRunner] Build operation 'Identifying work' started
2025-03-10T17:43:18.241+0800 [DEBUG] [org.gradle.internal.operations.DefaultBuildOperationRunner] Completing Build operation 'Identifying work'
2025-03-10T17:43:18.242+0800 [DEBUG] [org.gradle.internal.resources.AbstractTrackedResourceLock] Unconstrained build operations Thread 16: acquired lock on worker lease
2025-03-10T17:43:18.242+0800 [DEBUG] [org.gradle.internal.operations.DefaultBuildOperationRunner] Build operation 'Identifying work' started
2025-03-10T17:43:18.242+0800 [DEBUG] [org.gradle.internal.operations.DefaultBuildOperationRunner] Build operation 'Execute transform' started
2025-03-10T17:43:18.242+0800 [DEBUG] [org.gradle.internal.operations.DefaultBuildOperationRunner] Build operation 'Identifying work' started
2025-03-10T17:43:18.242+0800 [DEBUG] [org.gradle.internal.operations.DefaultBuildOperationRunner] Completing Build operation 'Identifying work'
2025-03-10T17:43:18.242+0800 [DEBUG] [org.gradle.internal.operations.DefaultBuildOperationRunner] Completing Build operation 'Identifying work'
2025-03-10T17:43:18.242+0800 [DEBUG] [org.gradle.internal.operations.DefaultBuildOperationRunner] Build operation 'Identifying work' started
2025-03-10T17:43:18.242+0800 [DEBUG] [org.gradle.internal.operations.DefaultBuildOperationRunner] Completing Build operation 'Identifying work'
2025-03-10T17:43:18.242+0800 [DEBUG] [org.gradle.internal.resources.AbstractTrackedResourceLock] Unconstrained build operations Thread 17: acquired lock on worker lease
2025-03-10T17:43:18.242+0800 [DEBUG] [org.gradle.internal.operations.DefaultBuildOperationRunner] Build operation 'Execute transform' started
2025-03-10T17:43:18.242+0800 [DEBUG] [org.gradle.internal.operations.DefaultBuildOperationRunner] Build operation 'Identifying work' started
2025-03-10T17:43:18.242+0800 [DEBUG] [org.gradle.internal.operations.DefaultBuildOperationRunner] Completing Build operation 'Identifying work'
2025-03-10T17:43:18.242+0800 [DEBUG] [org.gradle.internal.operations.DefaultBuildOperationRunner] Build operation 'Identifying work' started
2025-03-10T17:43:18.242+0800 [DEBUG] [org.gradle.internal.operations.DefaultBuildOperationRunner] Build operation 'Identifying work' started
2025-03-10T17:43:18.242+0800 [DEBUG] [org.gradle.internal.operations.DefaultBuildOperationRunner] Completing Build operation 'Identifying work'
2025-03-10T17:43:18.242+0800 [DEBUG] [org.gradle.internal.operations.DefaultBuildOperationRunner] Build operation 'Identifying work' started
2025-03-10T17:43:18.242+0800 [DEBUG] [org.gradle.internal.operations.DefaultBuildOperationRunner] Completing Build operation 'Identifying work'
2025-03-10T17:43:18.242+0800 [DEBUG] [org.gradle.internal.operations.DefaultBuildOperationRunner] Build operation 'Identifying work' started
2025-03-10T17:43:18.242+0800 [DEBUG] [org.gradle.internal.operations.DefaultBuildOperationRunner] Completing Build operation 'Identifying work'
2025-03-10T17:43:18.242+0800 [DEBUG] [org.gradle.internal.operations.DefaultBuildOperationRunner] Build operation 'Identifying work' started
2025-03-10T17:43:18.242+0800 [DEBUG] [org.gradle.internal.operations.DefaultBuildOperationRunner] Completing Build operation 'Identifying work'
2025-03-10T17:43:18.242+0800 [DEBUG] [org.gradle.internal.operations.DefaultBuildOperationRunner] Completing Build operation 'Identifying work'
2025-03-10T17:43:18.243+0800 [DEBUG] [org.gradle.internal.operations.DefaultBuildOperationRunner] Build operation 'Identifying work' started
2025-03-10T17:43:18.243+0800 [DEBUG] [org.gradle.internal.operations.DefaultBuildOperationRunner] Completing Build operation 'Identifying work'
2025-03-10T17:43:18.243+0800 [DEBUG] [org.gradle.internal.operations.DefaultBuildOperationRunner] Build operation 'Identifying work' started
2025-03-10T17:43:18.243+0800 [DEBUG] [org.gradle.internal.operations.DefaultBuildOperationRunner] Build operation 'Identifying work' started
2025-03-10T17:43:18.243+0800 [DEBUG] [org.gradle.internal.operations.DefaultBuildOperationRunner] Completing Build operation 'Identifying work'
2025-03-10T17:43:18.243+0800 [DEBUG] [org.gradle.internal.resources.AbstractTrackedResourceLock] Unconstrained build operations Thread 18: acquired lock on worker lease
2025-03-10T17:43:18.243+0800 [DEBUG] [org.gradle.internal.operations.DefaultBuildOperationRunner] Build operation 'Execute transform' started
2025-03-10T17:43:18.243+0800 [DEBUG] [org.gradle.internal.operations.DefaultBuildOperationRunner] Build operation 'Identifying work' started
2025-03-10T17:43:18.243+0800 [DEBUG] [org.gradle.internal.operations.DefaultBuildOperationRunner] Completing Build operation 'Identifying work'
2025-03-10T17:43:18.243+0800 [DEBUG] [org.gradle.internal.operations.DefaultBuildOperationRunner] Build operation 'Identifying work' started
2025-03-10T17:43:18.243+0800 [DEBUG] [org.gradle.internal.operations.DefaultBuildOperationRunner] Completing Build operation 'Identifying work'
2025-03-10T17:43:18.243+0800 [DEBUG] [org.gradle.internal.operations.DefaultBuildOperationRunner] Build operation 'Identifying work' started
2025-03-10T17:43:18.243+0800 [DEBUG] [org.gradle.internal.operations.DefaultBuildOperationRunner] Completing Build operation 'Identifying work'
2025-03-10T17:43:18.243+0800 [DEBUG] [org.gradle.internal.operations.DefaultBuildOperationRunner] Build operation 'Identifying work' started
2025-03-10T17:43:18.243+0800 [DEBUG] [org.gradle.internal.operations.DefaultBuildOperationRunner] Completing Build operation 'Identifying work'
2025-03-10T17:43:18.243+0800 [DEBUG] [org.gradle.internal.operations.DefaultBuildOperationRunner] Completing Build operation 'Execute transform'
2025-03-10T17:43:18.243+0800 [DEBUG] [org.gradle.internal.operations.DefaultBuildOperationRunner] Build operation 'Execute transform' completed
2025-03-10T17:43:18.243+0800 [DEBUG] [org.gradle.internal.resources.AbstractTrackedResourceLock] Unconstrained build operations Thread 16: released lock on worker lease
2025-03-10T17:43:18.243+0800 [DEBUG] [org.gradle.internal.operations.DefaultBuildOperationRunner] Build operation 'Identifying work' started
2025-03-10T17:43:18.243+0800 [DEBUG] [org.gradle.internal.operations.DefaultBuildOperationRunner] Completing Build operation 'Identifying work'
2025-03-10T17:43:18.243+0800 [DEBUG] [org.gradle.internal.operations.DefaultBuildOperationRunner] Completing Build operation 'Identifying work'
2025-03-10T17:43:18.243+0800 [DEBUG] [org.gradle.internal.operations.DefaultBuildOperationRunner] Build operation 'Identifying work' started
2025-03-10T17:43:18.243+0800 [DEBUG] [org.gradle.internal.operations.DefaultBuildOperationRunner] Build operation 'Identifying work' started
2025-03-10T17:43:18.243+0800 [DEBUG] [org.gradle.internal.operations.DefaultBuildOperationRunner] Completing Build operation 'Identifying work'
2025-03-10T17:43:18.243+0800 [DEBUG] [org.gradle.internal.operations.DefaultBuildOperationRunner] Build operation 'Identifying work' started
2025-03-10T17:43:18.243+0800 [DEBUG] [org.gradle.internal.operations.DefaultBuildOperationRunner] Completing Build operation 'Identifying work'
2025-03-10T17:43:18.243+0800 [DEBUG] [org.gradle.internal.operations.DefaultBuildOperationRunner] Completing Build operation 'Identifying work'
2025-03-10T17:43:18.244+0800 [DEBUG] [org.gradle.internal.operations.DefaultBuildOperationRunner] Build operation 'Identifying work' started
2025-03-10T17:43:18.244+0800 [DEBUG] [org.gradle.internal.operations.DefaultBuildOperationRunner] Completing Build operation 'Identifying work'
2025-03-10T17:43:18.244+0800 [DEBUG] [org.gradle.internal.operations.DefaultBuildOperationRunner] Completing Build operation 'Execute transform'
2025-03-10T17:43:18.244+0800 [DEBUG] [org.gradle.internal.operations.DefaultBuildOperationRunner] Build operation 'Execute transform' completed
2025-03-10T17:43:18.244+0800 [DEBUG] [org.gradle.internal.operations.DefaultBuildOperationRunner] Build operation 'Identifying work' started
2025-03-10T17:43:18.243+0800 [DEBUG] [org.gradle.internal.resources.AbstractTrackedResourceLock] Unconstrained build operations Thread 16: acquired lock on worker lease
2025-03-10T17:43:18.244+0800 [DEBUG] [org.gradle.internal.resources.AbstractTrackedResourceLock] Unconstrained build operations Thread 17: released lock on worker lease
2025-03-10T17:43:18.244+0800 [DEBUG] [org.gradle.internal.operations.DefaultBuildOperationRunner] Build operation 'Execute transform' started
2025-03-10T17:43:18.244+0800 [DEBUG] [org.gradle.internal.operations.DefaultBuildOperationRunner] Build operation 'Identifying work' started
2025-03-10T17:43:18.244+0800 [DEBUG] [org.gradle.internal.operations.DefaultBuildOperationRunner] Completing Build operation 'Identifying work'
2025-03-10T17:43:18.244+0800 [DEBUG] [org.gradle.internal.operations.DefaultBuildOperationRunner] Build operation 'Identifying work' started
2025-03-10T17:43:18.244+0800 [DEBUG] [org.gradle.internal.operations.DefaultBuildOperationRunner] Completing Build operation 'Identifying work'
2025-03-10T17:43:18.244+0800 [DEBUG] [org.gradle.internal.operations.DefaultBuildOperationRunner] Build operation 'Identifying work' started
2025-03-10T17:43:18.244+0800 [DEBUG] [org.gradle.internal.operations.DefaultBuildOperationRunner] Completing Build operation 'Identifying work'
2025-03-10T17:43:18.244+0800 [DEBUG] [org.gradle.internal.operations.DefaultBuildOperationRunner] Build operation 'Identifying work' started
2025-03-10T17:43:18.244+0800 [DEBUG] [org.gradle.internal.operations.DefaultBuildOperationRunner] Completing Build operation 'Identifying work'
2025-03-10T17:43:18.244+0800 [DEBUG] [org.gradle.internal.operations.DefaultBuildOperationRunner] Build operation 'Identifying work' started
2025-03-10T17:43:18.244+0800 [DEBUG] [org.gradle.internal.operations.DefaultBuildOperationRunner] Completing Build operation 'Identifying work'
2025-03-10T17:43:18.244+0800 [DEBUG] [org.gradle.internal.operations.DefaultBuildOperationRunner] Build operation 'Identifying work' started
2025-03-10T17:43:18.244+0800 [DEBUG] [org.gradle.internal.operations.DefaultBuildOperationRunner] Completing Build operation 'Identifying work'
2025-03-10T17:43:18.244+0800 [DEBUG] [org.gradle.internal.operations.DefaultBuildOperationRunner] Build operation 'Identifying work' started
2025-03-10T17:43:18.244+0800 [DEBUG] [org.gradle.internal.operations.DefaultBuildOperationRunner] Completing Build operation 'Identifying work'
2025-03-10T17:43:18.244+0800 [DEBUG] [org.gradle.internal.operations.DefaultBuildOperationRunner] Build operation 'Identifying work' started
2025-03-10T17:43:18.244+0800 [DEBUG] [org.gradle.internal.operations.DefaultBuildOperationRunner] Completing Build operation 'Identifying work'
2025-03-10T17:43:18.244+0800 [DEBUG] [org.gradle.internal.operations.DefaultBuildOperationRunner] Build operation 'Identifying work' started
2025-03-10T17:43:18.244+0800 [DEBUG] [org.gradle.internal.operations.DefaultBuildOperationRunner] Completing Build operation 'Identifying work'
2025-03-10T17:43:18.244+0800 [DEBUG] [org.gradle.internal.operations.DefaultBuildOperationRunner] Completing Build operation 'Execute transform'
2025-03-10T17:43:18.244+0800 [DEBUG] [org.gradle.internal.operations.DefaultBuildOperationRunner] Build operation 'Execute transform' completed
2025-03-10T17:43:18.244+0800 [DEBUG] [org.gradle.internal.operations.DefaultBuildOperationRunner] Completing Build operation 'Identifying work'
2025-03-10T17:43:18.244+0800 [DEBUG] [org.gradle.internal.operations.DefaultBuildOperationRunner] Build operation 'Identifying work' started
2025-03-10T17:43:18.244+0800 [DEBUG] [org.gradle.internal.operations.DefaultBuildOperationRunner] Completing Build operation 'Identifying work'
2025-03-10T17:43:18.244+0800 [DEBUG] [org.gradle.internal.operations.DefaultBuildOperationRunner] Completing Build operation 'Execute transform'
2025-03-10T17:43:18.244+0800 [DEBUG] [org.gradle.internal.operations.DefaultBuildOperationRunner] Build operation 'Execute transform' completed
2025-03-10T17:43:18.244+0800 [DEBUG] [org.gradle.internal.resources.AbstractTrackedResourceLock] Unconstrained build operations Thread 16: released lock on worker lease
2025-03-10T17:43:18.244+0800 [DEBUG] [org.gradle.internal.resources.AbstractTrackedResourceLock] Unconstrained build operations Thread 18: released lock on worker lease
2025-03-10T17:43:18.244+0800 [DEBUG] [org.gradle.internal.operations.DefaultBuildOperationRunner] Build operation 'Identifying work' started
2025-03-10T17:43:18.244+0800 [DEBUG] [org.gradle.internal.operations.DefaultBuildOperationRunner] Completing Build operation 'Identifying work'
2025-03-10T17:43:18.244+0800 [DEBUG] [org.gradle.internal.resources.AbstractTrackedResourceLock] Unconstrained build operations Thread 19: acquired lock on worker lease
2025-03-10T17:43:18.245+0800 [DEBUG] [org.gradle.internal.operations.DefaultBuildOperationRunner] Build operation 'Execute transform' started
2025-03-10T17:43:18.245+0800 [DEBUG] [org.gradle.internal.resources.AbstractTrackedResourceLock] Unconstrained build operations Thread 21: acquired lock on worker lease
2025-03-10T17:43:18.245+0800 [DEBUG] [org.gradle.internal.operations.DefaultBuildOperationRunner] Build operation 'Identifying work' started
2025-03-10T17:43:18.245+0800 [DEBUG] [org.gradle.internal.operations.DefaultBuildOperationRunner] Completing Build operation 'Identifying work'
2025-03-10T17:43:18.245+0800 [DEBUG] [org.gradle.internal.operations.DefaultBuildOperationRunner] Build operation 'Execute transform' started
2025-03-10T17:43:18.245+0800 [DEBUG] [org.gradle.internal.operations.DefaultBuildOperationRunner] Build operation 'Identifying work' started
2025-03-10T17:43:18.245+0800 [DEBUG] [org.gradle.internal.operations.DefaultBuildOperationRunner] Build operation 'Identifying work' started
2025-03-10T17:43:18.245+0800 [DEBUG] [org.gradle.internal.operations.DefaultBuildOperationRunner] Build operation 'Identifying work' started
2025-03-10T17:43:18.245+0800 [DEBUG] [org.gradle.internal.operations.DefaultBuildOperationRunner] Completing Build operation 'Identifying work'
2025-03-10T17:43:18.245+0800 [DEBUG] [org.gradle.internal.resources.AbstractTrackedResourceLock] Unconstrained build operations Thread 22: acquired lock on worker lease
2025-03-10T17:43:18.245+0800 [DEBUG] [org.gradle.internal.operations.DefaultBuildOperationRunner] Completing Build operation 'Identifying work'
2025-03-10T17:43:18.245+0800 [DEBUG] [org.gradle.internal.operations.DefaultBuildOperationRunner] Build operation 'Identifying work' started
2025-03-10T17:43:18.245+0800 [DEBUG] [org.gradle.internal.operations.DefaultBuildOperationRunner] Completing Build operation 'Identifying work'
2025-03-10T17:43:18.245+0800 [DEBUG] [org.gradle.internal.operations.DefaultBuildOperationRunner] Build operation 'Identifying work' started
2025-03-10T17:43:18.245+0800 [DEBUG] [org.gradle.internal.operations.DefaultBuildOperationRunner] Completing Build operation 'Identifying work'
2025-03-10T17:43:18.245+0800 [DEBUG] [org.gradle.internal.operations.DefaultBuildOperationRunner] Build operation 'Identifying work' started
2025-03-10T17:43:18.245+0800 [DEBUG] [org.gradle.internal.operations.DefaultBuildOperationRunner] Completing Build operation 'Identifying work'
2025-03-10T17:43:18.245+0800 [DEBUG] [org.gradle.internal.operations.DefaultBuildOperationRunner] Build operation 'Identifying work' started
2025-03-10T17:43:18.245+0800 [DEBUG] [org.gradle.internal.operations.DefaultBuildOperationRunner] Completing Build operation 'Identifying work'
2025-03-10T17:43:18.245+0800 [DEBUG] [org.gradle.internal.operations.DefaultBuildOperationRunner] Build operation 'Execute transform' started
2025-03-10T17:43:18.245+0800 [DEBUG] [org.gradle.internal.operations.DefaultBuildOperationRunner] Build operation 'Identifying work' started
2025-03-10T17:43:18.245+0800 [DEBUG] [org.gradle.internal.operations.DefaultBuildOperationRunner] Completing Build operation 'Identifying work'
2025-03-10T17:43:18.245+0800 [DEBUG] [org.gradle.internal.operations.DefaultBuildOperationRunner] Build operation 'Identifying work' started
2025-03-10T17:43:18.245+0800 [DEBUG] [org.gradle.internal.operations.DefaultBuildOperationRunner] Completing Build operation 'Identifying work'
2025-03-10T17:43:18.245+0800 [DEBUG] [org.gradle.internal.operations.DefaultBuildOperationRunner] Build operation 'Identifying work' started
2025-03-10T17:43:18.245+0800 [DEBUG] [org.gradle.internal.operations.DefaultBuildOperationRunner] Completing Build operation 'Identifying work'
2025-03-10T17:43:18.245+0800 [DEBUG] [org.gradle.internal.operations.DefaultBuildOperationRunner] Build operation 'Identifying work' started
2025-03-10T17:43:18.245+0800 [DEBUG] [org.gradle.internal.operations.DefaultBuildOperationRunner] Completing Build operation 'Identifying work'
2025-03-10T17:43:18.245+0800 [DEBUG] [org.gradle.internal.operations.DefaultBuildOperationRunner] Completing Build operation 'Identifying work'
2025-03-10T17:43:18.245+0800 [DEBUG] [org.gradle.internal.operations.DefaultBuildOperationRunner] Build operation 'Identifying work' started
2025-03-10T17:43:18.245+0800 [DEBUG] [org.gradle.internal.operations.DefaultBuildOperationRunner] Build operation 'Identifying work' started
2025-03-10T17:43:18.245+0800 [DEBUG] [org.gradle.internal.resources.AbstractTrackedResourceLock] Unconstrained build operations Thread 23: acquired lock on worker lease
2025-03-10T17:43:18.246+0800 [DEBUG] [org.gradle.internal.operations.DefaultBuildOperationRunner] Build operation 'Identifying work' started
2025-03-10T17:43:18.246+0800 [DEBUG] [org.gradle.internal.operations.DefaultBuildOperationRunner] Completing Build operation 'Identifying work'
2025-03-10T17:43:18.246+0800 [DEBUG] [org.gradle.internal.operations.DefaultBuildOperationRunner] Completing Build operation 'Identifying work'
2025-03-10T17:43:18.246+0800 [DEBUG] [org.gradle.internal.operations.DefaultBuildOperationRunner] Build operation 'Identifying work' started
2025-03-10T17:43:18.246+0800 [DEBUG] [org.gradle.internal.operations.DefaultBuildOperationRunner] Completing Build operation 'Identifying work'
2025-03-10T17:43:18.246+0800 [DEBUG] [org.gradle.internal.operations.DefaultBuildOperationRunner] Build operation 'Identifying work' started
2025-03-10T17:43:18.246+0800 [DEBUG] [org.gradle.internal.operations.DefaultBuildOperationRunner] Completing Build operation 'Identifying work'
2025-03-10T17:43:18.246+0800 [DEBUG] [org.gradle.internal.operations.DefaultBuildOperationRunner] Completing Build operation 'Execute transform'
2025-03-10T17:43:18.246+0800 [DEBUG] [org.gradle.internal.operations.DefaultBuildOperationRunner] Build operation 'Execute transform' completed
2025-03-10T17:43:18.246+0800 [DEBUG] [org.gradle.internal.operations.DefaultBuildOperationRunner] Build operation 'Execute transform' started
2025-03-10T17:43:18.246+0800 [DEBUG] [org.gradle.internal.operations.DefaultBuildOperationRunner] Build operation 'Identifying work' started
2025-03-10T17:43:18.246+0800 [DEBUG] [org.gradle.internal.operations.DefaultBuildOperationRunner] Completing Build operation 'Identifying work'
2025-03-10T17:43:18.246+0800 [DEBUG] [org.gradle.internal.operations.DefaultBuildOperationRunner] Build operation 'Identifying work' started
2025-03-10T17:43:18.246+0800 [DEBUG] [org.gradle.internal.operations.DefaultBuildOperationRunner] Completing Build operation 'Identifying work'
2025-03-10T17:43:18.246+0800 [DEBUG] [org.gradle.internal.operations.DefaultBuildOperationRunner] Build operation 'Identifying work' started
2025-03-10T17:43:18.246+0800 [DEBUG] [org.gradle.internal.operations.DefaultBuildOperationRunner] Completing Build operation 'Identifying work'
2025-03-10T17:43:18.246+0800 [DEBUG] [org.gradle.internal.operations.DefaultBuildOperationRunner] Build operation 'Identifying work' started
2025-03-10T17:43:18.246+0800 [DEBUG] [org.gradle.internal.operations.DefaultBuildOperationRunner] Completing Build operation 'Identifying work'
2025-03-10T17:43:18.246+0800 [DEBUG] [org.gradle.internal.operations.DefaultBuildOperationRunner] Build operation 'Identifying work' started
2025-03-10T17:43:18.246+0800 [DEBUG] [org.gradle.internal.operations.DefaultBuildOperationRunner] Completing Build operation 'Identifying work'
2025-03-10T17:43:18.246+0800 [DEBUG] [org.gradle.internal.operations.DefaultBuildOperationRunner] Build operation 'Identifying work' started
2025-03-10T17:43:18.246+0800 [DEBUG] [org.gradle.internal.operations.DefaultBuildOperationRunner] Completing Build operation 'Identifying work'
2025-03-10T17:43:18.246+0800 [DEBUG] [org.gradle.internal.operations.DefaultBuildOperationRunner] Build operation 'Identifying work' started
2025-03-10T17:43:18.246+0800 [DEBUG] [org.gradle.internal.operations.DefaultBuildOperationRunner] Completing Build operation 'Identifying work'
2025-03-10T17:43:18.246+0800 [DEBUG] [org.gradle.internal.operations.DefaultBuildOperationRunner] Completing Build operation 'Execute transform'
2025-03-10T17:43:18.246+0800 [DEBUG] [org.gradle.internal.operations.DefaultBuildOperationRunner] Build operation 'Execute transform' completed
2025-03-10T17:43:18.245+0800 [DEBUG] [org.gradle.internal.operations.DefaultBuildOperationRunner] Completing Build operation 'Identifying work'
2025-03-10T17:43:18.246+0800 [DEBUG] [org.gradle.internal.operations.DefaultBuildOperationRunner] Build operation 'Identifying work' started
2025-03-10T17:43:18.246+0800 [DEBUG] [org.gradle.internal.operations.DefaultBuildOperationRunner] Completing Build operation 'Identifying work'
2025-03-10T17:43:18.246+0800 [DEBUG] [org.gradle.internal.operations.DefaultBuildOperationRunner] Build operation 'Identifying work' started
2025-03-10T17:43:18.246+0800 [DEBUG] [org.gradle.internal.operations.DefaultBuildOperationRunner] Completing Build operation 'Identifying work'
2025-03-10T17:43:18.246+0800 [DEBUG] [org.gradle.internal.operations.DefaultBuildOperationRunner] Build operation 'Identifying work' started
2025-03-10T17:43:18.246+0800 [DEBUG] [org.gradle.internal.operations.DefaultBuildOperationRunner] Build operation 'Identifying work' started
2025-03-10T17:43:18.246+0800 [DEBUG] [org.gradle.internal.operations.DefaultBuildOperationRunner] Completing Build operation 'Identifying work'
2025-03-10T17:43:18.246+0800 [DEBUG] [org.gradle.internal.operations.DefaultBuildOperationRunner] Build operation 'Identifying work' started
2025-03-10T17:43:18.246+0800 [DEBUG] [org.gradle.internal.operations.DefaultBuildOperationRunner] Completing Build operation 'Identifying work'
2025-03-10T17:43:18.247+0800 [DEBUG] [org.gradle.internal.operations.DefaultBuildOperationRunner] Build operation 'Identifying work' started
2025-03-10T17:43:18.247+0800 [DEBUG] [org.gradle.internal.operations.DefaultBuildOperationRunner] Completing Build operation 'Identifying work'
2025-03-10T17:43:18.247+0800 [DEBUG] [org.gradle.internal.operations.DefaultBuildOperationRunner] Completing Build operation 'Execute transform'
2025-03-10T17:43:18.247+0800 [DEBUG] [org.gradle.internal.operations.DefaultBuildOperationRunner] Build operation 'Execute transform' completed
2025-03-10T17:43:18.247+0800 [DEBUG] [org.gradle.internal.operations.DefaultBuildOperationRunner] Build operation 'Identifying work' started
2025-03-10T17:43:18.247+0800 [DEBUG] [org.gradle.internal.operations.DefaultBuildOperationRunner] Completing Build operation 'Identifying work'
2025-03-10T17:43:18.246+0800 [DEBUG] [org.gradle.internal.resources.AbstractTrackedResourceLock] Unconstrained build operations Thread 17: acquired lock on worker lease
2025-03-10T17:43:18.247+0800 [DEBUG] [org.gradle.internal.operations.DefaultBuildOperationRunner] Build operation 'Execute transform' started
2025-03-10T17:43:18.247+0800 [DEBUG] [org.gradle.internal.operations.DefaultBuildOperationRunner] Build operation 'Identifying work' started
2025-03-10T17:43:18.246+0800 [DEBUG] [org.gradle.internal.operations.DefaultBuildOperationRunner] Build operation 'Execute transform' started
2025-03-10T17:43:18.247+0800 [DEBUG] [org.gradle.internal.operations.DefaultBuildOperationRunner] Completing Build operation 'Identifying work'
2025-03-10T17:43:18.247+0800 [DEBUG] [org.gradle.internal.operations.DefaultBuildOperationRunner] Build operation 'Identifying work' started
2025-03-10T17:43:18.247+0800 [DEBUG] [org.gradle.internal.operations.DefaultBuildOperationRunner] Build operation 'Identifying work' started
2025-03-10T17:43:18.247+0800 [DEBUG] [org.gradle.internal.operations.DefaultBuildOperationRunner] Completing Build operation 'Identifying work'
2025-03-10T17:43:18.247+0800 [DEBUG] [org.gradle.internal.operations.DefaultBuildOperationRunner] Build operation 'Identifying work' started
2025-03-10T17:43:18.247+0800 [DEBUG] [org.gradle.internal.operations.DefaultBuildOperationRunner] Completing Build operation 'Identifying work'
2025-03-10T17:43:18.247+0800 [DEBUG] [org.gradle.internal.operations.DefaultBuildOperationRunner] Build operation 'Identifying work' started
2025-03-10T17:43:18.247+0800 [DEBUG] [org.gradle.internal.operations.DefaultBuildOperationRunner] Completing Build operation 'Identifying work'
2025-03-10T17:43:18.247+0800 [DEBUG] [org.gradle.internal.operations.DefaultBuildOperationRunner] Build operation 'Identifying work' started
2025-03-10T17:43:18.247+0800 [DEBUG] [org.gradle.internal.operations.DefaultBuildOperationRunner] Completing Build operation 'Identifying work'
2025-03-10T17:43:18.247+0800 [DEBUG] [org.gradle.internal.resources.AbstractTrackedResourceLock] Unconstrained build operations Thread 22: released lock on worker lease
2025-03-10T17:43:18.246+0800 [DEBUG] [org.gradle.internal.operations.DefaultBuildOperationRunner] Completing Build operation 'Identifying work'
2025-03-10T17:43:18.247+0800 [DEBUG] [org.gradle.internal.operations.DefaultBuildOperationRunner] Build operation 'Identifying work' started
2025-03-10T17:43:18.247+0800 [DEBUG] [org.gradle.internal.operations.DefaultBuildOperationRunner] Completing Build operation 'Identifying work'
2025-03-10T17:43:18.247+0800 [DEBUG] [org.gradle.internal.operations.DefaultBuildOperationRunner] Build operation 'Identifying work' started
2025-03-10T17:43:18.247+0800 [DEBUG] [org.gradle.internal.operations.DefaultBuildOperationRunner] Completing Build operation 'Identifying work'
2025-03-10T17:43:18.247+0800 [DEBUG] [org.gradle.internal.operations.DefaultBuildOperationRunner] Completing Build operation 'Execute transform'
2025-03-10T17:43:18.247+0800 [DEBUG] [org.gradle.internal.operations.DefaultBuildOperationRunner] Build operation 'Execute transform' completed
2025-03-10T17:43:18.247+0800 [DEBUG] [org.gradle.internal.resources.AbstractTrackedResourceLock] Unconstrained build operations Thread 19: released lock on worker lease
2025-03-10T17:43:18.247+0800 [DEBUG] [org.gradle.internal.operations.DefaultBuildOperationRunner] Completing Build operation 'Identifying work'
2025-03-10T17:43:18.247+0800 [DEBUG] [org.gradle.internal.operations.DefaultBuildOperationRunner] Build operation 'Identifying work' started
2025-03-10T17:43:18.247+0800 [DEBUG] [org.gradle.internal.operations.DefaultBuildOperationRunner] Completing Build operation 'Identifying work'
2025-03-10T17:43:18.248+0800 [DEBUG] [org.gradle.internal.operations.DefaultBuildOperationRunner] Build operation 'Identifying work' started
2025-03-10T17:43:18.248+0800 [DEBUG] [org.gradle.internal.operations.DefaultBuildOperationRunner] Completing Build operation 'Identifying work'
2025-03-10T17:43:18.248+0800 [DEBUG] [org.gradle.internal.operations.DefaultBuildOperationRunner] Build operation 'Identifying work' started
2025-03-10T17:43:18.248+0800 [DEBUG] [org.gradle.internal.operations.DefaultBuildOperationRunner] Completing Build operation 'Identifying work'
2025-03-10T17:43:18.248+0800 [DEBUG] [org.gradle.internal.operations.DefaultBuildOperationRunner] Build operation 'Identifying work' started
2025-03-10T17:43:18.248+0800 [DEBUG] [org.gradle.internal.operations.DefaultBuildOperationRunner] Completing Build operation 'Identifying work'
2025-03-10T17:43:18.248+0800 [DEBUG] [org.gradle.internal.operations.DefaultBuildOperationRunner] Build operation 'Identifying work' started
2025-03-10T17:43:18.248+0800 [DEBUG] [org.gradle.internal.operations.DefaultBuildOperationRunner] Completing Build operation 'Identifying work'
2025-03-10T17:43:18.248+0800 [DEBUG] [org.gradle.internal.operations.DefaultBuildOperationRunner] Completing Build operation 'Execute transform'
2025-03-10T17:43:18.248+0800 [DEBUG] [org.gradle.internal.operations.DefaultBuildOperationRunner] Build operation 'Execute transform' completed
2025-03-10T17:43:18.247+0800 [DEBUG] [org.gradle.internal.operations.DefaultBuildOperationRunner] Build operation 'Identifying work' started
2025-03-10T17:43:18.248+0800 [DEBUG] [org.gradle.internal.operations.DefaultBuildOperationRunner] Completing Build operation 'Identifying work'
2025-03-10T17:43:18.248+0800 [DEBUG] [org.gradle.internal.operations.DefaultBuildOperationRunner] Build operation 'Identifying work' started
2025-03-10T17:43:18.248+0800 [DEBUG] [org.gradle.internal.operations.DefaultBuildOperationRunner] Completing Build operation 'Identifying work'
2025-03-10T17:43:18.248+0800 [DEBUG] [org.gradle.internal.operations.DefaultBuildOperationRunner] Build operation 'Identifying work' started
2025-03-10T17:43:18.248+0800 [DEBUG] [org.gradle.internal.operations.DefaultBuildOperationRunner] Completing Build operation 'Identifying work'
2025-03-10T17:43:18.248+0800 [DEBUG] [org.gradle.internal.operations.DefaultBuildOperationRunner] Build operation 'Identifying work' started
2025-03-10T17:43:18.248+0800 [DEBUG] [org.gradle.internal.operations.DefaultBuildOperationRunner] Completing Build operation 'Identifying work'
2025-03-10T17:43:18.247+0800 [DEBUG] [org.gradle.internal.operations.DefaultBuildOperationRunner] Build operation 'Identifying work' started
2025-03-10T17:43:18.247+0800 [DEBUG] [org.gradle.internal.resources.AbstractTrackedResourceLock] Unconstrained build operations Thread 21: released lock on worker lease
2025-03-10T17:43:18.248+0800 [DEBUG] [org.gradle.internal.operations.DefaultBuildOperationRunner] Completing Build operation 'Identifying work'
2025-03-10T17:43:18.248+0800 [DEBUG] [org.gradle.internal.operations.DefaultBuildOperationRunner] Build operation 'Identifying work' started
2025-03-10T17:43:18.248+0800 [DEBUG] [org.gradle.internal.operations.DefaultBuildOperationRunner] Completing Build operation 'Identifying work'
2025-03-10T17:43:18.248+0800 [DEBUG] [org.gradle.internal.operations.DefaultBuildOperationRunner] Build operation 'Identifying work' started
2025-03-10T17:43:18.248+0800 [DEBUG] [org.gradle.internal.operations.DefaultBuildOperationRunner] Completing Build operation 'Identifying work'
2025-03-10T17:43:18.248+0800 [DEBUG] [org.gradle.internal.operations.DefaultBuildOperationRunner] Build operation 'Identifying work' started
2025-03-10T17:43:18.248+0800 [DEBUG] [org.gradle.internal.operations.DefaultBuildOperationRunner] Completing Build operation 'Identifying work'
2025-03-10T17:43:18.248+0800 [DEBUG] [org.gradle.internal.operations.DefaultBuildOperationRunner] Completing Build operation 'Execute transform'
2025-03-10T17:43:18.248+0800 [DEBUG] [org.gradle.internal.operations.DefaultBuildOperationRunner] Build operation 'Execute transform' completed
2025-03-10T17:43:18.248+0800 [DEBUG] [org.gradle.internal.resources.AbstractTrackedResourceLock] Unconstrained build operations Thread 16: acquired lock on worker lease
2025-03-10T17:43:18.248+0800 [DEBUG] [org.gradle.internal.operations.DefaultBuildOperationRunner] Build operation 'Identifying work' started
2025-03-10T17:43:18.248+0800 [DEBUG] [org.gradle.internal.resources.AbstractTrackedResourceLock] Unconstrained build operations Thread 25: acquired lock on worker lease
2025-03-10T17:43:18.248+0800 [DEBUG] [org.gradle.internal.operations.DefaultBuildOperationRunner] Build operation 'Execute transform' started
2025-03-10T17:43:18.248+0800 [DEBUG] [org.gradle.internal.operations.DefaultBuildOperationRunner] Build operation 'Identifying work' started
2025-03-10T17:43:18.248+0800 [DEBUG] [org.gradle.internal.operations.DefaultBuildOperationRunner] Completing Build operation 'Identifying work'
2025-03-10T17:43:18.248+0800 [DEBUG] [org.gradle.internal.operations.DefaultBuildOperationRunner] Build operation 'Identifying work' started
2025-03-10T17:43:18.248+0800 [DEBUG] [org.gradle.internal.operations.DefaultBuildOperationRunner] Completing Build operation 'Identifying work'
2025-03-10T17:43:18.249+0800 [DEBUG] [org.gradle.internal.operations.DefaultBuildOperationRunner] Build operation 'Identifying work' started
2025-03-10T17:43:18.249+0800 [DEBUG] [org.gradle.internal.operations.DefaultBuildOperationRunner] Completing Build operation 'Identifying work'
2025-03-10T17:43:18.249+0800 [DEBUG] [org.gradle.internal.operations.DefaultBuildOperationRunner] Build operation 'Identifying work' started
2025-03-10T17:43:18.249+0800 [DEBUG] [org.gradle.internal.operations.DefaultBuildOperationRunner] Completing Build operation 'Identifying work'
2025-03-10T17:43:18.248+0800 [DEBUG] [org.gradle.internal.operations.DefaultBuildOperationRunner] Build operation 'Execute transform' started
2025-03-10T17:43:18.249+0800 [DEBUG] [org.gradle.internal.operations.DefaultBuildOperationRunner] Build operation 'Identifying work' started
2025-03-10T17:43:18.249+0800 [DEBUG] [org.gradle.internal.operations.DefaultBuildOperationRunner] Completing Build operation 'Identifying work'
2025-03-10T17:43:18.249+0800 [DEBUG] [org.gradle.internal.operations.DefaultBuildOperationRunner] Build operation 'Identifying work' started
2025-03-10T17:43:18.249+0800 [DEBUG] [org.gradle.internal.operations.DefaultBuildOperationRunner] Completing Build operation 'Identifying work'
2025-03-10T17:43:18.249+0800 [DEBUG] [org.gradle.internal.operations.DefaultBuildOperationRunner] Build operation 'Identifying work' started
2025-03-10T17:43:18.249+0800 [DEBUG] [org.gradle.internal.operations.DefaultBuildOperationRunner] Completing Build operation 'Identifying work'
2025-03-10T17:43:18.249+0800 [DEBUG] [org.gradle.internal.operations.DefaultBuildOperationRunner] Build operation 'Identifying work' started
2025-03-10T17:43:18.249+0800 [DEBUG] [org.gradle.internal.operations.DefaultBuildOperationRunner] Completing Build operation 'Identifying work'
2025-03-10T17:43:18.249+0800 [DEBUG] [org.gradle.internal.operations.DefaultBuildOperationRunner] Build operation 'Identifying work' started
2025-03-10T17:43:18.249+0800 [DEBUG] [org.gradle.internal.operations.DefaultBuildOperationRunner] Completing Build operation 'Identifying work'
2025-03-10T17:43:18.249+0800 [DEBUG] [org.gradle.internal.operations.DefaultBuildOperationRunner] Build operation 'Identifying work' started
2025-03-10T17:43:18.249+0800 [DEBUG] [org.gradle.internal.operations.DefaultBuildOperationRunner] Completing Build operation 'Identifying work'
2025-03-10T17:43:18.249+0800 [DEBUG] [org.gradle.internal.operations.DefaultBuildOperationRunner] Build operation 'Identifying work' started
2025-03-10T17:43:18.249+0800 [DEBUG] [org.gradle.internal.operations.DefaultBuildOperationRunner] Completing Build operation 'Identifying work'
2025-03-10T17:43:18.249+0800 [DEBUG] [org.gradle.internal.operations.DefaultBuildOperationRunner] Completing Build operation 'Execute transform'
2025-03-10T17:43:18.249+0800 [DEBUG] [org.gradle.internal.operations.DefaultBuildOperationRunner] Build operation 'Execute transform' completed
2025-03-10T17:43:18.249+0800 [DEBUG] [org.gradle.internal.operations.DefaultBuildOperationRunner] Build operation 'Identifying work' started
2025-03-10T17:43:18.249+0800 [DEBUG] [org.gradle.internal.operations.DefaultBuildOperationRunner] Completing Build operation 'Identifying work'
2025-03-10T17:43:18.249+0800 [DEBUG] [org.gradle.internal.operations.DefaultBuildOperationRunner] Build operation 'Identifying work' started
2025-03-10T17:43:18.249+0800 [DEBUG] [org.gradle.internal.operations.DefaultBuildOperationRunner] Completing Build operation 'Identifying work'
2025-03-10T17:43:18.249+0800 [DEBUG] [org.gradle.internal.operations.DefaultBuildOperationRunner] Build operation 'Identifying work' started
2025-03-10T17:43:18.248+0800 [DEBUG] [org.gradle.internal.resources.AbstractTrackedResourceLock] Unconstrained build operations Thread 20: acquired lock on worker lease
2025-03-10T17:43:18.249+0800 [DEBUG] [org.gradle.internal.operations.DefaultBuildOperationRunner] Build operation 'Execute transform' started
2025-03-10T17:43:18.248+0800 [DEBUG] [org.gradle.internal.operations.DefaultBuildOperationRunner] Completing Build operation 'Identifying work'
2025-03-10T17:43:18.249+0800 [DEBUG] [org.gradle.internal.operations.DefaultBuildOperationRunner] Build operation 'Identifying work' started
2025-03-10T17:43:18.249+0800 [DEBUG] [org.gradle.internal.resources.AbstractTrackedResourceLock] Unconstrained build operations Thread 26: acquired lock on worker lease
2025-03-10T17:43:18.249+0800 [DEBUG] [org.gradle.internal.operations.DefaultBuildOperationRunner] Completing Build operation 'Identifying work'
2025-03-10T17:43:18.249+0800 [DEBUG] [org.gradle.internal.operations.DefaultBuildOperationRunner] Completing Build operation 'Execute transform'
2025-03-10T17:43:18.249+0800 [DEBUG] [org.gradle.internal.operations.DefaultBuildOperationRunner] Build operation 'Execute transform' completed
2025-03-10T17:43:18.249+0800 [DEBUG] [org.gradle.internal.resources.AbstractTrackedResourceLock] Unconstrained build operations Thread 24: acquired lock on worker lease
2025-03-10T17:43:18.249+0800 [DEBUG] [org.gradle.internal.operations.DefaultBuildOperationRunner] Build operation 'Execute transform' started
2025-03-10T17:43:18.249+0800 [DEBUG] [org.gradle.internal.operations.DefaultBuildOperationRunner] Build operation 'Identifying work' started
2025-03-10T17:43:18.249+0800 [DEBUG] [org.gradle.internal.operations.DefaultBuildOperationRunner] Completing Build operation 'Identifying work'
2025-03-10T17:43:18.249+0800 [DEBUG] [org.gradle.internal.operations.DefaultBuildOperationRunner] Build operation 'Identifying work' started
2025-03-10T17:43:18.249+0800 [DEBUG] [org.gradle.internal.operations.DefaultBuildOperationRunner] Completing Build operation 'Identifying work'
2025-03-10T17:43:18.249+0800 [DEBUG] [org.gradle.internal.operations.DefaultBuildOperationRunner] Build operation 'Identifying work' started
2025-03-10T17:43:18.250+0800 [DEBUG] [org.gradle.internal.operations.DefaultBuildOperationRunner] Completing Build operation 'Identifying work'
2025-03-10T17:43:18.250+0800 [DEBUG] [org.gradle.internal.operations.DefaultBuildOperationRunner] Build operation 'Identifying work' started
2025-03-10T17:43:18.249+0800 [DEBUG] [org.gradle.internal.operations.DefaultBuildOperationRunner] Build operation 'Execute transform' started
2025-03-10T17:43:18.250+0800 [DEBUG] [org.gradle.internal.operations.DefaultBuildOperationRunner] Build operation 'Identifying work' started
2025-03-10T17:43:18.250+0800 [DEBUG] [org.gradle.internal.operations.DefaultBuildOperationRunner] Completing Build operation 'Identifying work'
2025-03-10T17:43:18.250+0800 [DEBUG] [org.gradle.internal.operations.DefaultBuildOperationRunner] Build operation 'Identifying work' started
2025-03-10T17:43:18.250+0800 [DEBUG] [org.gradle.internal.operations.DefaultBuildOperationRunner] Completing Build operation 'Identifying work'
2025-03-10T17:43:18.250+0800 [DEBUG] [org.gradle.internal.operations.DefaultBuildOperationRunner] Build operation 'Identifying work' started
2025-03-10T17:43:18.250+0800 [DEBUG] [org.gradle.internal.operations.DefaultBuildOperationRunner] Completing Build operation 'Identifying work'
2025-03-10T17:43:18.250+0800 [DEBUG] [org.gradle.internal.operations.DefaultBuildOperationRunner] Build operation 'Identifying work' started
2025-03-10T17:43:18.250+0800 [DEBUG] [org.gradle.internal.operations.DefaultBuildOperationRunner] Completing Build operation 'Identifying work'
2025-03-10T17:43:18.249+0800 [DEBUG] [org.gradle.internal.operations.DefaultBuildOperationRunner] Completing Build operation 'Identifying work'
2025-03-10T17:43:18.250+0800 [DEBUG] [org.gradle.internal.operations.DefaultBuildOperationRunner] Build operation 'Identifying work' started
2025-03-10T17:43:18.250+0800 [DEBUG] [org.gradle.internal.operations.DefaultBuildOperationRunner] Completing Build operation 'Identifying work'
2025-03-10T17:43:18.250+0800 [DEBUG] [org.gradle.internal.operations.DefaultBuildOperationRunner] Build operation 'Identifying work' started
2025-03-10T17:43:18.250+0800 [DEBUG] [org.gradle.internal.operations.DefaultBuildOperationRunner] Completing Build operation 'Identifying work'
2025-03-10T17:43:18.250+0800 [DEBUG] [org.gradle.internal.operations.DefaultBuildOperationRunner] Build operation 'Identifying work' started
2025-03-10T17:43:18.250+0800 [DEBUG] [org.gradle.internal.operations.DefaultBuildOperationRunner] Completing Build operation 'Identifying work'
2025-03-10T17:43:18.250+0800 [DEBUG] [org.gradle.internal.operations.DefaultBuildOperationRunner] Build operation 'Identifying work' started
2025-03-10T17:43:18.250+0800 [DEBUG] [org.gradle.internal.operations.DefaultBuildOperationRunner] Completing Build operation 'Identifying work'
2025-03-10T17:43:18.250+0800 [DEBUG] [org.gradle.internal.operations.DefaultBuildOperationRunner] Build operation 'Identifying work' started
2025-03-10T17:43:18.250+0800 [DEBUG] [org.gradle.internal.operations.DefaultBuildOperationRunner] Completing Build operation 'Identifying work'
2025-03-10T17:43:18.250+0800 [DEBUG] [org.gradle.internal.operations.DefaultBuildOperationRunner] Build operation 'Identifying work' started
2025-03-10T17:43:18.250+0800 [DEBUG] [org.gradle.internal.operations.DefaultBuildOperationRunner] Completing Build operation 'Identifying work'
2025-03-10T17:43:18.250+0800 [DEBUG] [org.gradle.internal.operations.DefaultBuildOperationRunner] Build operation 'Identifying work' started
2025-03-10T17:43:18.250+0800 [DEBUG] [org.gradle.internal.operations.DefaultBuildOperationRunner] Completing Build operation 'Identifying work'
2025-03-10T17:43:18.250+0800 [DEBUG] [org.gradle.internal.operations.DefaultBuildOperationRunner] Completing Build operation 'Execute transform'
2025-03-10T17:43:18.250+0800 [DEBUG] [org.gradle.internal.operations.DefaultBuildOperationRunner] Build operation 'Execute transform' completed
2025-03-10T17:43:18.250+0800 [DEBUG] [org.gradle.internal.operations.DefaultBuildOperationRunner] Build operation 'Identifying work' started
2025-03-10T17:43:18.250+0800 [DEBUG] [org.gradle.internal.operations.DefaultBuildOperationRunner] Completing Build operation 'Identifying work'
2025-03-10T17:43:18.250+0800 [DEBUG] [org.gradle.internal.operations.DefaultBuildOperationRunner] Build operation 'Identifying work' started
2025-03-10T17:43:18.250+0800 [DEBUG] [org.gradle.internal.operations.DefaultBuildOperationRunner] Completing Build operation 'Identifying work'
2025-03-10T17:43:18.250+0800 [DEBUG] [org.gradle.internal.operations.DefaultBuildOperationRunner] Build operation 'Identifying work' started
2025-03-10T17:43:18.250+0800 [DEBUG] [org.gradle.internal.operations.DefaultBuildOperationRunner] Completing Build operation 'Identifying work'
2025-03-10T17:43:18.250+0800 [DEBUG] [org.gradle.internal.operations.DefaultBuildOperationRunner] Completing Build operation 'Execute transform'
2025-03-10T17:43:18.250+0800 [DEBUG] [org.gradle.internal.operations.DefaultBuildOperationRunner] Build operation 'Execute transform' completed
2025-03-10T17:43:18.250+0800 [DEBUG] [org.gradle.internal.operations.DefaultBuildOperationRunner] Completing Build operation 'Identifying work'
2025-03-10T17:43:18.249+0800 [DEBUG] [org.gradle.internal.resources.AbstractTrackedResourceLock] Unconstrained build operations Thread 22: acquired lock on worker lease
2025-03-10T17:43:18.250+0800 [DEBUG] [org.gradle.internal.operations.DefaultBuildOperationRunner] Build operation 'Execute transform' started
2025-03-10T17:43:18.250+0800 [DEBUG] [org.gradle.internal.operations.DefaultBuildOperationRunner] Build operation 'Identifying work' started
2025-03-10T17:43:18.250+0800 [DEBUG] [org.gradle.internal.operations.DefaultBuildOperationRunner] Completing Build operation 'Identifying work'
2025-03-10T17:43:18.250+0800 [DEBUG] [org.gradle.internal.operations.DefaultBuildOperationRunner] Build operation 'Identifying work' started
2025-03-10T17:43:18.250+0800 [DEBUG] [org.gradle.internal.operations.DefaultBuildOperationRunner] Completing Build operation 'Identifying work'
2025-03-10T17:43:18.251+0800 [DEBUG] [org.gradle.internal.operations.DefaultBuildOperationRunner] Build operation 'Identifying work' started
2025-03-10T17:43:18.251+0800 [DEBUG] [org.gradle.internal.operations.DefaultBuildOperationRunner] Completing Build operation 'Identifying work'
2025-03-10T17:43:18.251+0800 [DEBUG] [org.gradle.internal.operations.DefaultBuildOperationRunner] Build operation 'Identifying work' started
2025-03-10T17:43:18.251+0800 [DEBUG] [org.gradle.internal.operations.DefaultBuildOperationRunner] Completing Build operation 'Identifying work'
2025-03-10T17:43:18.251+0800 [DEBUG] [org.gradle.internal.operations.DefaultBuildOperationRunner] Build operation 'Identifying work' started
2025-03-10T17:43:18.251+0800 [DEBUG] [org.gradle.internal.operations.DefaultBuildOperationRunner] Completing Build operation 'Identifying work'
2025-03-10T17:43:18.251+0800 [DEBUG] [org.gradle.internal.operations.DefaultBuildOperationRunner] Build operation 'Identifying work' started
2025-03-10T17:43:18.251+0800 [DEBUG] [org.gradle.internal.operations.DefaultBuildOperationRunner] Completing Build operation 'Identifying work'
2025-03-10T17:43:18.251+0800 [DEBUG] [org.gradle.internal.operations.DefaultBuildOperationRunner] Build operation 'Identifying work' started
2025-03-10T17:43:18.251+0800 [DEBUG] [org.gradle.internal.operations.DefaultBuildOperationRunner] Completing Build operation 'Identifying work'
2025-03-10T17:43:18.251+0800 [DEBUG] [org.gradle.internal.operations.DefaultBuildOperationRunner] Completing Build operation 'Execute transform'
2025-03-10T17:43:18.251+0800 [DEBUG] [org.gradle.internal.operations.DefaultBuildOperationRunner] Build operation 'Execute transform' completed
2025-03-10T17:43:18.251+0800 [DEBUG] [org.gradle.internal.operations.DefaultBuildOperationRunner] Build operation 'Identifying work' started
2025-03-10T17:43:18.251+0800 [DEBUG] [org.gradle.internal.operations.DefaultBuildOperationRunner] Completing Build operation 'Identifying work'
2025-03-10T17:43:18.251+0800 [DEBUG] [org.gradle.internal.operations.DefaultBuildOperationRunner] Build operation 'Identifying work' started
2025-03-10T17:43:18.251+0800 [DEBUG] [org.gradle.internal.operations.DefaultBuildOperationRunner] Completing Build operation 'Identifying work'
2025-03-10T17:43:18.251+0800 [DEBUG] [org.gradle.internal.operations.DefaultBuildOperationRunner] Build operation 'Identifying work' started
2025-03-10T17:43:18.251+0800 [DEBUG] [org.gradle.internal.operations.DefaultBuildOperationRunner] Completing Build operation 'Identifying work'
2025-03-10T17:43:18.251+0800 [DEBUG] [org.gradle.internal.operations.DefaultBuildOperationRunner] Completing Build operation 'Execute transform'
2025-03-10T17:43:18.251+0800 [DEBUG] [org.gradle.internal.operations.DefaultBuildOperationRunner] Build operation 'Execute transform' completed
2025-03-10T17:43:18.251+0800 [DEBUG] [org.gradle.internal.operations.DefaultBuildOperationRunner] Build operation 'Identifying work' started
2025-03-10T17:43:18.251+0800 [DEBUG] [org.gradle.internal.operations.DefaultBuildOperationRunner] Completing Build operation 'Identifying work'
2025-03-10T17:43:18.250+0800 [DEBUG] [org.gradle.internal.resources.AbstractTrackedResourceLock] Unconstrained build operations Thread 16: released lock on worker lease
2025-03-10T17:43:18.251+0800 [DEBUG] [org.gradle.internal.operations.DefaultBuildOperationRunner] Build operation 'Identifying work' started
2025-03-10T17:43:18.251+0800 [DEBUG] [org.gradle.internal.operations.DefaultBuildOperationRunner] Completing Build operation 'Identifying work'
2025-03-10T17:43:18.251+0800 [DEBUG] [org.gradle.internal.resources.AbstractTrackedResourceLock] Unconstrained build operations Thread 18: acquired lock on worker lease
2025-03-10T17:43:18.251+0800 [DEBUG] [org.gradle.internal.operations.DefaultBuildOperationRunner] Build operation 'Identifying work' started
2025-03-10T17:43:18.251+0800 [DEBUG] [org.gradle.internal.operations.DefaultBuildOperationRunner] Completing Build operation 'Identifying work'
2025-03-10T17:43:18.251+0800 [DEBUG] [org.gradle.internal.operations.DefaultBuildOperationRunner] Build operation 'Identifying work' started
2025-03-10T17:43:18.251+0800 [DEBUG] [org.gradle.internal.resources.AbstractTrackedResourceLock] Unconstrained build operations Thread 23: released lock on worker lease
2025-03-10T17:43:18.251+0800 [DEBUG] [org.gradle.internal.operations.DefaultBuildOperationRunner] Build operation 'Execute transform' started
2025-03-10T17:43:18.251+0800 [DEBUG] [org.gradle.internal.operations.DefaultBuildOperationRunner] Build operation 'Identifying work' started
2025-03-10T17:43:18.251+0800 [DEBUG] [org.gradle.internal.operations.DefaultBuildOperationRunner] Completing Build operation 'Identifying work'
2025-03-10T17:43:18.251+0800 [DEBUG] [org.gradle.internal.operations.DefaultBuildOperationRunner] Build operation 'Identifying work' started
2025-03-10T17:43:18.251+0800 [DEBUG] [org.gradle.internal.operations.DefaultBuildOperationRunner] Completing Build operation 'Identifying work'
2025-03-10T17:43:18.251+0800 [DEBUG] [org.gradle.internal.operations.DefaultBuildOperationRunner] Build operation 'Identifying work' started
2025-03-10T17:43:18.252+0800 [DEBUG] [org.gradle.internal.operations.DefaultBuildOperationRunner] Completing Build operation 'Identifying work'
2025-03-10T17:43:18.252+0800 [DEBUG] [org.gradle.internal.operations.DefaultBuildOperationRunner] Build operation 'Identifying work' started
2025-03-10T17:43:18.252+0800 [DEBUG] [org.gradle.internal.operations.DefaultBuildOperationRunner] Completing Build operation 'Identifying work'
2025-03-10T17:43:18.251+0800 [DEBUG] [org.gradle.internal.resources.AbstractTrackedResourceLock] Unconstrained build operations Thread 23: acquired lock on worker lease
2025-03-10T17:43:18.252+0800 [DEBUG] [org.gradle.internal.operations.DefaultBuildOperationRunner] Build operation 'Execute transform' started
2025-03-10T17:43:18.252+0800 [DEBUG] [org.gradle.internal.operations.DefaultBuildOperationRunner] Build operation 'Identifying work' started
2025-03-10T17:43:18.252+0800 [DEBUG] [org.gradle.internal.operations.DefaultBuildOperationRunner] Completing Build operation 'Identifying work'
2025-03-10T17:43:18.252+0800 [DEBUG] [org.gradle.internal.operations.DefaultBuildOperationRunner] Build operation 'Identifying work' started
2025-03-10T17:43:18.252+0800 [DEBUG] [org.gradle.internal.operations.DefaultBuildOperationRunner] Completing Build operation 'Identifying work'
2025-03-10T17:43:18.252+0800 [DEBUG] [org.gradle.internal.operations.DefaultBuildOperationRunner] Build operation 'Identifying work' started
2025-03-10T17:43:18.252+0800 [DEBUG] [org.gradle.internal.operations.DefaultBuildOperationRunner] Completing Build operation 'Identifying work'
2025-03-10T17:43:18.252+0800 [DEBUG] [org.gradle.internal.operations.DefaultBuildOperationRunner] Build operation 'Identifying work' started
2025-03-10T17:43:18.252+0800 [DEBUG] [org.gradle.internal.operations.DefaultBuildOperationRunner] Completing Build operation 'Identifying work'
2025-03-10T17:43:18.251+0800 [DEBUG] [org.gradle.internal.operations.DefaultBuildOperationRunner] Completing Build operation 'Identifying work'
2025-03-10T17:43:18.252+0800 [DEBUG] [org.gradle.internal.operations.DefaultBuildOperationRunner] Build operation 'Identifying work' started
2025-03-10T17:43:18.252+0800 [DEBUG] [org.gradle.internal.operations.DefaultBuildOperationRunner] Completing Build operation 'Identifying work'
2025-03-10T17:43:18.252+0800 [DEBUG] [org.gradle.internal.operations.DefaultBuildOperationRunner] Build operation 'Identifying work' started
2025-03-10T17:43:18.252+0800 [DEBUG] [org.gradle.internal.operations.DefaultBuildOperationRunner] Completing Build operation 'Identifying work'
2025-03-10T17:43:18.252+0800 [DEBUG] [org.gradle.internal.operations.DefaultBuildOperationRunner] Build operation 'Identifying work' started
2025-03-10T17:43:18.252+0800 [DEBUG] [org.gradle.internal.operations.DefaultBuildOperationRunner] Completing Build operation 'Identifying work'
2025-03-10T17:43:18.252+0800 [DEBUG] [org.gradle.internal.operations.DefaultBuildOperationRunner] Completing Build operation 'Execute transform'
2025-03-10T17:43:18.252+0800 [DEBUG] [org.gradle.internal.operations.DefaultBuildOperationRunner] Build operation 'Execute transform' completed
2025-03-10T17:43:18.252+0800 [DEBUG] [org.gradle.internal.resources.AbstractTrackedResourceLock] Unconstrained build operations Thread 17: released lock on worker lease
2025-03-10T17:43:18.252+0800 [DEBUG] [org.gradle.internal.operations.DefaultBuildOperationRunner] Build operation 'Identifying work' started
2025-03-10T17:43:18.252+0800 [DEBUG] [org.gradle.internal.operations.DefaultBuildOperationRunner] Completing Build operation 'Identifying work'
2025-03-10T17:43:18.252+0800 [DEBUG] [org.gradle.internal.operations.DefaultBuildOperationRunner] Build operation 'Identifying work' started
2025-03-10T17:43:18.252+0800 [DEBUG] [org.gradle.internal.operations.DefaultBuildOperationRunner] Completing Build operation 'Identifying work'
2025-03-10T17:43:18.252+0800 [DEBUG] [org.gradle.internal.operations.DefaultBuildOperationRunner] Build operation 'Identifying work' started
2025-03-10T17:43:18.252+0800 [DEBUG] [org.gradle.internal.operations.DefaultBuildOperationRunner] Completing Build operation 'Identifying work'
2025-03-10T17:43:18.252+0800 [DEBUG] [org.gradle.internal.operations.DefaultBuildOperationRunner] Completing Build operation 'Execute transform'
2025-03-10T17:43:18.252+0800 [DEBUG] [org.gradle.internal.operations.DefaultBuildOperationRunner] Build operation 'Execute transform' completed
2025-03-10T17:43:18.252+0800 [DEBUG] [org.gradle.internal.resources.AbstractTrackedResourceLock] Unconstrained build operations Thread 23: released lock on worker lease
2025-03-10T17:43:18.252+0800 [DEBUG] [org.gradle.internal.resources.AbstractTrackedResourceLock] Unconstrained build operations Thread 16: acquired lock on worker lease
2025-03-10T17:43:18.252+0800 [DEBUG] [org.gradle.internal.operations.DefaultBuildOperationRunner] Build operation 'Execute transform' started
2025-03-10T17:43:18.252+0800 [DEBUG] [org.gradle.internal.operations.DefaultBuildOperationRunner] Build operation 'Identifying work' started
2025-03-10T17:43:18.252+0800 [DEBUG] [org.gradle.internal.operations.DefaultBuildOperationRunner] Completing Build operation 'Identifying work'
2025-03-10T17:43:18.252+0800 [DEBUG] [org.gradle.internal.operations.DefaultBuildOperationRunner] Build operation 'Identifying work' started
2025-03-10T17:43:18.252+0800 [DEBUG] [org.gradle.internal.operations.DefaultBuildOperationRunner] Completing Build operation 'Identifying work'
2025-03-10T17:43:18.252+0800 [DEBUG] [org.gradle.internal.operations.DefaultBuildOperationRunner] Build operation 'Identifying work' started
2025-03-10T17:43:18.252+0800 [DEBUG] [org.gradle.internal.operations.DefaultBuildOperationRunner] Completing Build operation 'Identifying work'
2025-03-10T17:43:18.252+0800 [DEBUG] [org.gradle.internal.operations.DefaultBuildOperationRunner] Build operation 'Identifying work' started
2025-03-10T17:43:18.252+0800 [DEBUG] [org.gradle.internal.operations.DefaultBuildOperationRunner] Completing Build operation 'Identifying work'
2025-03-10T17:43:18.253+0800 [DEBUG] [org.gradle.internal.operations.DefaultBuildOperationRunner] Build operation 'Identifying work' started
2025-03-10T17:43:18.253+0800 [DEBUG] [org.gradle.internal.operations.DefaultBuildOperationRunner] Completing Build operation 'Identifying work'
2025-03-10T17:43:18.253+0800 [DEBUG] [org.gradle.internal.operations.DefaultBuildOperationRunner] Build operation 'Identifying work' started
2025-03-10T17:43:18.253+0800 [DEBUG] [org.gradle.internal.operations.DefaultBuildOperationRunner] Completing Build operation 'Identifying work'
2025-03-10T17:43:18.253+0800 [DEBUG] [org.gradle.internal.operations.DefaultBuildOperationRunner] Build operation 'Identifying work' started
2025-03-10T17:43:18.253+0800 [DEBUG] [org.gradle.internal.operations.DefaultBuildOperationRunner] Completing Build operation 'Identifying work'
2025-03-10T17:43:18.253+0800 [DEBUG] [org.gradle.internal.operations.DefaultBuildOperationRunner] Completing Build operation 'Execute transform'
2025-03-10T17:43:18.253+0800 [DEBUG] [org.gradle.internal.operations.DefaultBuildOperationRunner] Build operation 'Execute transform' completed
2025-03-10T17:43:18.253+0800 [DEBUG] [org.gradle.internal.operations.DefaultBuildOperationRunner] Build operation 'Identifying work' started
2025-03-10T17:43:18.253+0800 [DEBUG] [org.gradle.internal.operations.DefaultBuildOperationRunner] Completing Build operation 'Identifying work'
2025-03-10T17:43:18.253+0800 [DEBUG] [org.gradle.internal.operations.DefaultBuildOperationRunner] Build operation 'Identifying work' started
2025-03-10T17:43:18.253+0800 [DEBUG] [org.gradle.internal.operations.DefaultBuildOperationRunner] Completing Build operation 'Identifying work'
2025-03-10T17:43:18.253+0800 [DEBUG] [org.gradle.internal.operations.DefaultBuildOperationRunner] Build operation 'Identifying work' started
2025-03-10T17:43:18.253+0800 [DEBUG] [org.gradle.internal.operations.DefaultBuildOperationRunner] Completing Build operation 'Identifying work'
2025-03-10T17:43:18.253+0800 [DEBUG] [org.gradle.internal.operations.DefaultBuildOperationRunner] Build operation 'Identifying work' started
2025-03-10T17:43:18.253+0800 [DEBUG] [org.gradle.internal.operations.DefaultBuildOperationRunner] Completing Build operation 'Identifying work'
2025-03-10T17:43:18.253+0800 [DEBUG] [org.gradle.internal.operations.DefaultBuildOperationRunner] Build operation 'Identifying work' started
2025-03-10T17:43:18.253+0800 [DEBUG] [org.gradle.internal.operations.DefaultBuildOperationRunner] Completing Build operation 'Identifying work'
2025-03-10T17:43:18.253+0800 [DEBUG] [org.gradle.internal.operations.DefaultBuildOperationRunner] Build operation 'Identifying work' started
2025-03-10T17:43:18.253+0800 [DEBUG] [org.gradle.internal.operations.DefaultBuildOperationRunner] Completing Build operation 'Identifying work'
2025-03-10T17:43:18.253+0800 [DEBUG] [org.gradle.internal.operations.DefaultBuildOperationRunner] Build operation 'Identifying work' started
2025-03-10T17:43:18.253+0800 [DEBUG] [org.gradle.internal.operations.DefaultBuildOperationRunner] Completing Build operation 'Identifying work'
2025-03-10T17:43:18.253+0800 [DEBUG] [org.gradle.internal.operations.DefaultBuildOperationRunner] Build operation 'Identifying work' started
2025-03-10T17:43:18.253+0800 [DEBUG] [org.gradle.internal.operations.DefaultBuildOperationRunner] Completing Build operation 'Identifying work'
2025-03-10T17:43:18.253+0800 [DEBUG] [org.gradle.internal.operations.DefaultBuildOperationRunner] Build operation 'Identifying work' started
2025-03-10T17:43:18.253+0800 [DEBUG] [org.gradle.internal.operations.DefaultBuildOperationRunner] Completing Build operation 'Identifying work'
2025-03-10T17:43:18.253+0800 [DEBUG] [org.gradle.internal.operations.DefaultBuildOperationRunner] Build operation 'Identifying work' started
2025-03-10T17:43:18.253+0800 [DEBUG] [org.gradle.internal.operations.DefaultBuildOperationRunner] Completing Build operation 'Identifying work'
2025-03-10T17:43:18.254+0800 [DEBUG] [org.gradle.internal.operations.DefaultBuildOperationRunner] Build operation 'Identifying work' started
2025-03-10T17:43:18.254+0800 [DEBUG] [org.gradle.internal.operations.DefaultBuildOperationRunner] Completing Build operation 'Identifying work'
2025-03-10T17:43:18.254+0800 [DEBUG] [org.gradle.internal.operations.DefaultBuildOperationRunner] Build operation 'Identifying work' started
2025-03-10T17:43:18.254+0800 [DEBUG] [org.gradle.internal.operations.DefaultBuildOperationRunner] Completing Build operation 'Identifying work'
2025-03-10T17:43:18.254+0800 [DEBUG] [org.gradle.internal.operations.DefaultBuildOperationRunner] Build operation 'Identifying work' started
2025-03-10T17:43:18.254+0800 [DEBUG] [org.gradle.internal.operations.DefaultBuildOperationRunner] Completing Build operation 'Identifying work'
2025-03-10T17:43:18.254+0800 [DEBUG] [org.gradle.internal.operations.DefaultBuildOperationRunner] Build operation 'Identifying work' started
2025-03-10T17:43:18.254+0800 [DEBUG] [org.gradle.internal.operations.DefaultBuildOperationRunner] Completing Build operation 'Identifying work'
2025-03-10T17:43:18.252+0800 [DEBUG] [org.gradle.internal.resources.AbstractTrackedResourceLock] Unconstrained build operations Thread 21: acquired lock on worker lease
2025-03-10T17:43:18.254+0800 [DEBUG] [org.gradle.internal.operations.DefaultBuildOperationRunner] Build operation 'Execute transform' started
2025-03-10T17:43:18.254+0800 [DEBUG] [org.gradle.internal.operations.DefaultBuildOperationRunner] Build operation 'Identifying work' started
2025-03-10T17:43:18.254+0800 [DEBUG] [org.gradle.internal.operations.DefaultBuildOperationRunner] Completing Build operation 'Identifying work'
2025-03-10T17:43:18.254+0800 [DEBUG] [org.gradle.internal.operations.DefaultBuildOperationRunner] Build operation 'Identifying work' started
2025-03-10T17:43:18.254+0800 [DEBUG] [org.gradle.internal.operations.DefaultBuildOperationRunner] Completing Build operation 'Identifying work'
2025-03-10T17:43:18.254+0800 [DEBUG] [org.gradle.internal.operations.DefaultBuildOperationRunner] Build operation 'Identifying work' started
2025-03-10T17:43:18.254+0800 [DEBUG] [org.gradle.internal.operations.DefaultBuildOperationRunner] Completing Build operation 'Identifying work'
2025-03-10T17:43:18.254+0800 [DEBUG] [org.gradle.internal.operations.DefaultBuildOperationRunner] Build operation 'Identifying work' started
2025-03-10T17:43:18.254+0800 [DEBUG] [org.gradle.internal.operations.DefaultBuildOperationRunner] Completing Build operation 'Identifying work'
2025-03-10T17:43:18.254+0800 [DEBUG] [org.gradle.internal.operations.DefaultBuildOperationRunner] Build operation 'Identifying work' started
2025-03-10T17:43:18.254+0800 [DEBUG] [org.gradle.internal.operations.DefaultBuildOperationRunner] Completing Build operation 'Identifying work'
2025-03-10T17:43:18.254+0800 [DEBUG] [org.gradle.internal.operations.DefaultBuildOperationRunner] Build operation 'Identifying work' started
2025-03-10T17:43:18.254+0800 [DEBUG] [org.gradle.internal.operations.DefaultBuildOperationRunner] Completing Build operation 'Identifying work'
2025-03-10T17:43:18.254+0800 [DEBUG] [org.gradle.internal.operations.DefaultBuildOperationRunner] Build operation 'Identifying work' started
2025-03-10T17:43:18.254+0800 [DEBUG] [org.gradle.internal.operations.DefaultBuildOperationRunner] Completing Build operation 'Identifying work'
2025-03-10T17:43:18.254+0800 [DEBUG] [org.gradle.internal.operations.DefaultBuildOperationRunner] Completing Build operation 'Execute transform'
2025-03-10T17:43:18.254+0800 [DEBUG] [org.gradle.internal.operations.DefaultBuildOperationRunner] Build operation 'Execute transform' completed
2025-03-10T17:43:18.254+0800 [DEBUG] [org.gradle.internal.operations.DefaultBuildOperationRunner] Build operation 'Execute transform' started
2025-03-10T17:43:18.254+0800 [DEBUG] [org.gradle.internal.operations.DefaultBuildOperationRunner] Build operation 'Identifying work' started
2025-03-10T17:43:18.254+0800 [DEBUG] [org.gradle.internal.operations.DefaultBuildOperationRunner] Completing Build operation 'Identifying work'
2025-03-10T17:43:18.254+0800 [DEBUG] [org.gradle.internal.operations.DefaultBuildOperationRunner] Build operation 'Identifying work' started
2025-03-10T17:43:18.254+0800 [DEBUG] [org.gradle.internal.operations.DefaultBuildOperationRunner] Completing Build operation 'Identifying work'
2025-03-10T17:43:18.254+0800 [DEBUG] [org.gradle.internal.operations.DefaultBuildOperationRunner] Build operation 'Identifying work' started
2025-03-10T17:43:18.254+0800 [DEBUG] [org.gradle.internal.operations.DefaultBuildOperationRunner] Completing Build operation 'Identifying work'
2025-03-10T17:43:18.254+0800 [DEBUG] [org.gradle.internal.operations.DefaultBuildOperationRunner] Build operation 'Identifying work' started
2025-03-10T17:43:18.254+0800 [DEBUG] [org.gradle.internal.operations.DefaultBuildOperationRunner] Completing Build operation 'Identifying work'
2025-03-10T17:43:18.254+0800 [DEBUG] [org.gradle.internal.operations.DefaultBuildOperationRunner] Build operation 'Identifying work' started
2025-03-10T17:43:18.254+0800 [DEBUG] [org.gradle.internal.operations.DefaultBuildOperationRunner] Completing Build operation 'Identifying work'
2025-03-10T17:43:18.254+0800 [DEBUG] [org.gradle.internal.operations.DefaultBuildOperationRunner] Build operation 'Identifying work' started
2025-03-10T17:43:18.254+0800 [DEBUG] [org.gradle.internal.operations.DefaultBuildOperationRunner] Completing Build operation 'Identifying work'
2025-03-10T17:43:18.254+0800 [DEBUG] [org.gradle.internal.operations.DefaultBuildOperationRunner] Build operation 'Identifying work' started
2025-03-10T17:43:18.254+0800 [DEBUG] [org.gradle.internal.operations.DefaultBuildOperationRunner] Completing Build operation 'Identifying work'
2025-03-10T17:43:18.255+0800 [DEBUG] [org.gradle.internal.operations.DefaultBuildOperationRunner] Completing Build operation 'Execute transform'
2025-03-10T17:43:18.255+0800 [DEBUG] [org.gradle.internal.operations.DefaultBuildOperationRunner] Build operation 'Execute transform' completed
2025-03-10T17:43:18.255+0800 [DEBUG] [org.gradle.internal.operations.DefaultBuildOperationRunner] Build operation 'Execute transform' started
2025-03-10T17:43:18.255+0800 [DEBUG] [org.gradle.internal.operations.DefaultBuildOperationRunner] Build operation 'Identifying work' started
2025-03-10T17:43:18.255+0800 [DEBUG] [org.gradle.internal.operations.DefaultBuildOperationRunner] Completing Build operation 'Identifying work'
2025-03-10T17:43:18.255+0800 [DEBUG] [org.gradle.internal.operations.DefaultBuildOperationRunner] Build operation 'Identifying work' started
2025-03-10T17:43:18.255+0800 [DEBUG] [org.gradle.internal.operations.DefaultBuildOperationRunner] Completing Build operation 'Identifying work'
2025-03-10T17:43:18.255+0800 [DEBUG] [org.gradle.internal.operations.DefaultBuildOperationRunner] Build operation 'Identifying work' started
2025-03-10T17:43:18.255+0800 [DEBUG] [org.gradle.internal.operations.DefaultBuildOperationRunner] Completing Build operation 'Identifying work'
2025-03-10T17:43:18.255+0800 [DEBUG] [org.gradle.internal.operations.DefaultBuildOperationRunner] Build operation 'Identifying work' started
2025-03-10T17:43:18.255+0800 [DEBUG] [org.gradle.internal.operations.DefaultBuildOperationRunner] Completing Build operation 'Identifying work'
2025-03-10T17:43:18.255+0800 [DEBUG] [org.gradle.internal.operations.DefaultBuildOperationRunner] Build operation 'Identifying work' started
2025-03-10T17:43:18.255+0800 [DEBUG] [org.gradle.internal.operations.DefaultBuildOperationRunner] Completing Build operation 'Identifying work'
2025-03-10T17:43:18.255+0800 [DEBUG] [org.gradle.internal.operations.DefaultBuildOperationRunner] Build operation 'Identifying work' started
2025-03-10T17:43:18.255+0800 [DEBUG] [org.gradle.internal.operations.DefaultBuildOperationRunner] Completing Build operation 'Identifying work'
2025-03-10T17:43:18.255+0800 [DEBUG] [org.gradle.internal.operations.DefaultBuildOperationRunner] Build operation 'Identifying work' started
2025-03-10T17:43:18.255+0800 [DEBUG] [org.gradle.internal.operations.DefaultBuildOperationRunner] Completing Build operation 'Identifying work'
2025-03-10T17:43:18.255+0800 [DEBUG] [org.gradle.internal.operations.DefaultBuildOperationRunner] Completing Build operation 'Execute transform'
2025-03-10T17:43:18.255+0800 [DEBUG] [org.gradle.internal.operations.DefaultBuildOperationRunner] Build operation 'Execute transform' completed
2025-03-10T17:43:18.255+0800 [DEBUG] [org.gradle.internal.operations.DefaultBuildOperationRunner] Build operation 'Execute transform' started
2025-03-10T17:43:18.255+0800 [DEBUG] [org.gradle.internal.operations.DefaultBuildOperationRunner] Build operation 'Identifying work' started
2025-03-10T17:43:18.255+0800 [DEBUG] [org.gradle.internal.operations.DefaultBuildOperationRunner] Completing Build operation 'Identifying work'
2025-03-10T17:43:18.255+0800 [DEBUG] [org.gradle.internal.operations.DefaultBuildOperationRunner] Build operation 'Identifying work' started
2025-03-10T17:43:18.255+0800 [DEBUG] [org.gradle.internal.operations.DefaultBuildOperationRunner] Completing Build operation 'Identifying work'
2025-03-10T17:43:18.255+0800 [DEBUG] [org.gradle.internal.operations.DefaultBuildOperationRunner] Build operation 'Identifying work' started
2025-03-10T17:43:18.255+0800 [DEBUG] [org.gradle.internal.operations.DefaultBuildOperationRunner] Completing Build operation 'Identifying work'
2025-03-10T17:43:18.255+0800 [DEBUG] [org.gradle.internal.operations.DefaultBuildOperationRunner] Build operation 'Identifying work' started
2025-03-10T17:43:18.255+0800 [DEBUG] [org.gradle.internal.operations.DefaultBuildOperationRunner] Completing Build operation 'Identifying work'
2025-03-10T17:43:18.255+0800 [DEBUG] [org.gradle.internal.operations.DefaultBuildOperationRunner] Build operation 'Identifying work' started
2025-03-10T17:43:18.255+0800 [DEBUG] [org.gradle.internal.operations.DefaultBuildOperationRunner] Completing Build operation 'Identifying work'
2025-03-10T17:43:18.255+0800 [DEBUG] [org.gradle.internal.operations.DefaultBuildOperationRunner] Build operation 'Identifying work' started
2025-03-10T17:43:18.255+0800 [DEBUG] [org.gradle.internal.operations.DefaultBuildOperationRunner] Completing Build operation 'Identifying work'
2025-03-10T17:43:18.255+0800 [DEBUG] [org.gradle.internal.operations.DefaultBuildOperationRunner] Build operation 'Identifying work' started
2025-03-10T17:43:18.255+0800 [DEBUG] [org.gradle.internal.operations.DefaultBuildOperationRunner] Completing Build operation 'Identifying work'
2025-03-10T17:43:18.255+0800 [DEBUG] [org.gradle.internal.operations.DefaultBuildOperationRunner] Completing Build operation 'Execute transform'
2025-03-10T17:43:18.255+0800 [DEBUG] [org.gradle.internal.operations.DefaultBuildOperationRunner] Build operation 'Execute transform' completed
2025-03-10T17:43:18.255+0800 [DEBUG] [org.gradle.internal.operations.DefaultBuildOperationRunner] Build operation 'Execute transform' started
2025-03-10T17:43:18.255+0800 [DEBUG] [org.gradle.internal.operations.DefaultBuildOperationRunner] Build operation 'Identifying work' started
2025-03-10T17:43:18.255+0800 [DEBUG] [org.gradle.internal.operations.DefaultBuildOperationRunner] Completing Build operation 'Identifying work'
2025-03-10T17:43:18.255+0800 [DEBUG] [org.gradle.internal.operations.DefaultBuildOperationRunner] Build operation 'Identifying work' started
2025-03-10T17:43:18.255+0800 [DEBUG] [org.gradle.internal.operations.DefaultBuildOperationRunner] Completing Build operation 'Identifying work'
2025-03-10T17:43:18.255+0800 [DEBUG] [org.gradle.internal.operations.DefaultBuildOperationRunner] Build operation 'Identifying work' started
2025-03-10T17:43:18.255+0800 [DEBUG] [org.gradle.internal.operations.DefaultBuildOperationRunner] Completing Build operation 'Identifying work'
2025-03-10T17:43:18.255+0800 [DEBUG] [org.gradle.internal.operations.DefaultBuildOperationRunner] Build operation 'Identifying work' started
2025-03-10T17:43:18.255+0800 [DEBUG] [org.gradle.internal.operations.DefaultBuildOperationRunner] Completing Build operation 'Identifying work'
2025-03-10T17:43:18.255+0800 [DEBUG] [org.gradle.internal.operations.DefaultBuildOperationRunner] Build operation 'Identifying work' started
2025-03-10T17:43:18.255+0800 [DEBUG] [org.gradle.internal.operations.DefaultBuildOperationRunner] Completing Build operation 'Identifying work'
2025-03-10T17:43:18.255+0800 [DEBUG] [org.gradle.internal.operations.DefaultBuildOperationRunner] Build operation 'Identifying work' started
2025-03-10T17:43:18.255+0800 [DEBUG] [org.gradle.internal.operations.DefaultBuildOperationRunner] Completing Build operation 'Identifying work'
2025-03-10T17:43:18.255+0800 [DEBUG] [org.gradle.internal.operations.DefaultBuildOperationRunner] Build operation 'Identifying work' started
2025-03-10T17:43:18.255+0800 [DEBUG] [org.gradle.internal.operations.DefaultBuildOperationRunner] Completing Build operation 'Identifying work'
2025-03-10T17:43:18.256+0800 [DEBUG] [org.gradle.internal.operations.DefaultBuildOperationRunner] Completing Build operation 'Execute transform'
2025-03-10T17:43:18.256+0800 [DEBUG] [org.gradle.internal.operations.DefaultBuildOperationRunner] Build operation 'Execute transform' completed
2025-03-10T17:43:18.256+0800 [DEBUG] [org.gradle.internal.operations.DefaultBuildOperationRunner] Build operation 'Execute transform' started
2025-03-10T17:43:18.256+0800 [DEBUG] [org.gradle.internal.operations.DefaultBuildOperationRunner] Build operation 'Identifying work' started
2025-03-10T17:43:18.256+0800 [DEBUG] [org.gradle.internal.operations.DefaultBuildOperationRunner] Completing Build operation 'Identifying work'
2025-03-10T17:43:18.256+0800 [DEBUG] [org.gradle.internal.operations.DefaultBuildOperationRunner] Build operation 'Identifying work' started
2025-03-10T17:43:18.256+0800 [DEBUG] [org.gradle.internal.operations.DefaultBuildOperationRunner] Completing Build operation 'Identifying work'
2025-03-10T17:43:18.256+0800 [DEBUG] [org.gradle.internal.operations.DefaultBuildOperationRunner] Build operation 'Identifying work' started
2025-03-10T17:43:18.256+0800 [DEBUG] [org.gradle.internal.operations.DefaultBuildOperationRunner] Completing Build operation 'Identifying work'
2025-03-10T17:43:18.256+0800 [DEBUG] [org.gradle.internal.operations.DefaultBuildOperationRunner] Build operation 'Identifying work' started
2025-03-10T17:43:18.256+0800 [DEBUG] [org.gradle.internal.operations.DefaultBuildOperationRunner] Completing Build operation 'Identifying work'
2025-03-10T17:43:18.256+0800 [DEBUG] [org.gradle.internal.operations.DefaultBuildOperationRunner] Build operation 'Identifying work' started
2025-03-10T17:43:18.256+0800 [DEBUG] [org.gradle.internal.operations.DefaultBuildOperationRunner] Completing Build operation 'Identifying work'
2025-03-10T17:43:18.256+0800 [DEBUG] [org.gradle.internal.operations.DefaultBuildOperationRunner] Build operation 'Identifying work' started
2025-03-10T17:43:18.256+0800 [DEBUG] [org.gradle.internal.operations.DefaultBuildOperationRunner] Completing Build operation 'Identifying work'
2025-03-10T17:43:18.256+0800 [DEBUG] [org.gradle.internal.operations.DefaultBuildOperationRunner] Build operation 'Identifying work' started
2025-03-10T17:43:18.256+0800 [DEBUG] [org.gradle.internal.operations.DefaultBuildOperationRunner] Completing Build operation 'Identifying work'
2025-03-10T17:43:18.256+0800 [DEBUG] [org.gradle.internal.operations.DefaultBuildOperationRunner] Completing Build operation 'Execute transform'
2025-03-10T17:43:18.256+0800 [DEBUG] [org.gradle.internal.operations.DefaultBuildOperationRunner] Build operation 'Execute transform' completed
2025-03-10T17:43:18.256+0800 [DEBUG] [org.gradle.internal.operations.DefaultBuildOperationRunner] Build operation 'Execute transform' started
2025-03-10T17:43:18.256+0800 [DEBUG] [org.gradle.internal.operations.DefaultBuildOperationRunner] Build operation 'Identifying work' started
2025-03-10T17:43:18.256+0800 [DEBUG] [org.gradle.internal.operations.DefaultBuildOperationRunner] Completing Build operation 'Identifying work'
2025-03-10T17:43:18.256+0800 [DEBUG] [org.gradle.internal.operations.DefaultBuildOperationRunner] Build operation 'Identifying work' started
2025-03-10T17:43:18.256+0800 [DEBUG] [org.gradle.internal.operations.DefaultBuildOperationRunner] Completing Build operation 'Identifying work'
2025-03-10T17:43:18.256+0800 [DEBUG] [org.gradle.internal.operations.DefaultBuildOperationRunner] Build operation 'Identifying work' started
2025-03-10T17:43:18.256+0800 [DEBUG] [org.gradle.internal.operations.DefaultBuildOperationRunner] Completing Build operation 'Identifying work'
2025-03-10T17:43:18.256+0800 [DEBUG] [org.gradle.internal.operations.DefaultBuildOperationRunner] Build operation 'Identifying work' started
2025-03-10T17:43:18.256+0800 [DEBUG] [org.gradle.internal.operations.DefaultBuildOperationRunner] Completing Build operation 'Identifying work'
2025-03-10T17:43:18.256+0800 [DEBUG] [org.gradle.internal.operations.DefaultBuildOperationRunner] Build operation 'Identifying work' started
2025-03-10T17:43:18.256+0800 [DEBUG] [org.gradle.internal.operations.DefaultBuildOperationRunner] Completing Build operation 'Identifying work'
2025-03-10T17:43:18.256+0800 [DEBUG] [org.gradle.internal.operations.DefaultBuildOperationRunner] Build operation 'Identifying work' started
2025-03-10T17:43:18.256+0800 [DEBUG] [org.gradle.internal.operations.DefaultBuildOperationRunner] Completing Build operation 'Identifying work'
2025-03-10T17:43:18.256+0800 [DEBUG] [org.gradle.internal.operations.DefaultBuildOperationRunner] Build operation 'Identifying work' started
2025-03-10T17:43:18.256+0800 [DEBUG] [org.gradle.internal.operations.DefaultBuildOperationRunner] Completing Build operation 'Identifying work'
2025-03-10T17:43:18.256+0800 [DEBUG] [org.gradle.internal.operations.DefaultBuildOperationRunner] Completing Build operation 'Execute transform'
2025-03-10T17:43:18.256+0800 [DEBUG] [org.gradle.internal.operations.DefaultBuildOperationRunner] Build operation 'Execute transform' completed
2025-03-10T17:43:18.256+0800 [DEBUG] [org.gradle.internal.operations.DefaultBuildOperationRunner] Build operation 'Execute transform' started
2025-03-10T17:43:18.256+0800 [DEBUG] [org.gradle.internal.operations.DefaultBuildOperationRunner] Build operation 'Identifying work' started
2025-03-10T17:43:18.256+0800 [DEBUG] [org.gradle.internal.operations.DefaultBuildOperationRunner] Completing Build operation 'Identifying work'
2025-03-10T17:43:18.256+0800 [DEBUG] [org.gradle.internal.operations.DefaultBuildOperationRunner] Build operation 'Identifying work' started
2025-03-10T17:43:18.256+0800 [DEBUG] [org.gradle.internal.operations.DefaultBuildOperationRunner] Completing Build operation 'Identifying work'
2025-03-10T17:43:18.256+0800 [DEBUG] [org.gradle.internal.operations.DefaultBuildOperationRunner] Build operation 'Identifying work' started
2025-03-10T17:43:18.256+0800 [DEBUG] [org.gradle.internal.operations.DefaultBuildOperationRunner] Completing Build operation 'Identifying work'
2025-03-10T17:43:18.257+0800 [DEBUG] [org.gradle.internal.operations.DefaultBuildOperationRunner] Build operation 'Identifying work' started
2025-03-10T17:43:18.257+0800 [DEBUG] [org.gradle.internal.operations.DefaultBuildOperationRunner] Completing Build operation 'Identifying work'
2025-03-10T17:43:18.257+0800 [DEBUG] [org.gradle.internal.operations.DefaultBuildOperationRunner] Build operation 'Identifying work' started
2025-03-10T17:43:18.257+0800 [DEBUG] [org.gradle.internal.operations.DefaultBuildOperationRunner] Completing Build operation 'Identifying work'
2025-03-10T17:43:18.257+0800 [DEBUG] [org.gradle.internal.operations.DefaultBuildOperationRunner] Build operation 'Identifying work' started
2025-03-10T17:43:18.257+0800 [DEBUG] [org.gradle.internal.operations.DefaultBuildOperationRunner] Completing Build operation 'Identifying work'
2025-03-10T17:43:18.257+0800 [DEBUG] [org.gradle.internal.operations.DefaultBuildOperationRunner] Build operation 'Identifying work' started
2025-03-10T17:43:18.257+0800 [DEBUG] [org.gradle.internal.operations.DefaultBuildOperationRunner] Completing Build operation 'Identifying work'
2025-03-10T17:43:18.257+0800 [DEBUG] [org.gradle.internal.operations.DefaultBuildOperationRunner] Completing Build operation 'Execute transform'
2025-03-10T17:43:18.257+0800 [DEBUG] [org.gradle.internal.operations.DefaultBuildOperationRunner] Build operation 'Execute transform' completed
2025-03-10T17:43:18.257+0800 [DEBUG] [org.gradle.internal.operations.DefaultBuildOperationRunner] Build operation 'Execute transform' started
2025-03-10T17:43:18.257+0800 [DEBUG] [org.gradle.internal.operations.DefaultBuildOperationRunner] Build operation 'Identifying work' started
2025-03-10T17:43:18.257+0800 [DEBUG] [org.gradle.internal.operations.DefaultBuildOperationRunner] Completing Build operation 'Identifying work'
2025-03-10T17:43:18.257+0800 [DEBUG] [org.gradle.internal.operations.DefaultBuildOperationRunner] Build operation 'Identifying work' started
2025-03-10T17:43:18.257+0800 [DEBUG] [org.gradle.internal.operations.DefaultBuildOperationRunner] Completing Build operation 'Identifying work'
2025-03-10T17:43:18.257+0800 [DEBUG] [org.gradle.internal.operations.DefaultBuildOperationRunner] Build operation 'Identifying work' started
2025-03-10T17:43:18.257+0800 [DEBUG] [org.gradle.internal.operations.DefaultBuildOperationRunner] Completing Build operation 'Identifying work'
2025-03-10T17:43:18.257+0800 [DEBUG] [org.gradle.internal.operations.DefaultBuildOperationRunner] Build operation 'Identifying work' started
2025-03-10T17:43:18.257+0800 [DEBUG] [org.gradle.internal.operations.DefaultBuildOperationRunner] Completing Build operation 'Identifying work'
2025-03-10T17:43:18.257+0800 [DEBUG] [org.gradle.internal.operations.DefaultBuildOperationRunner] Build operation 'Identifying work' started
2025-03-10T17:43:18.257+0800 [DEBUG] [org.gradle.internal.operations.DefaultBuildOperationRunner] Completing Build operation 'Identifying work'
2025-03-10T17:43:18.257+0800 [DEBUG] [org.gradle.internal.operations.DefaultBuildOperationRunner] Build operation 'Identifying work' started
2025-03-10T17:43:18.257+0800 [DEBUG] [org.gradle.internal.operations.DefaultBuildOperationRunner] Completing Build operation 'Identifying work'
2025-03-10T17:43:18.257+0800 [DEBUG] [org.gradle.internal.operations.DefaultBuildOperationRunner] Build operation 'Identifying work' started
2025-03-10T17:43:18.257+0800 [DEBUG] [org.gradle.internal.operations.DefaultBuildOperationRunner] Completing Build operation 'Identifying work'
2025-03-10T17:43:18.257+0800 [DEBUG] [org.gradle.internal.operations.DefaultBuildOperationRunner] Completing Build operation 'Execute transform'
2025-03-10T17:43:18.257+0800 [DEBUG] [org.gradle.internal.operations.DefaultBuildOperationRunner] Build operation 'Execute transform' completed
2025-03-10T17:43:18.257+0800 [DEBUG] [org.gradle.internal.operations.DefaultBuildOperationRunner] Build operation 'Execute transform' started
2025-03-10T17:43:18.257+0800 [DEBUG] [org.gradle.internal.operations.DefaultBuildOperationRunner] Build operation 'Identifying work' started
2025-03-10T17:43:18.257+0800 [DEBUG] [org.gradle.internal.operations.DefaultBuildOperationRunner] Completing Build operation 'Identifying work'
2025-03-10T17:43:18.257+0800 [DEBUG] [org.gradle.internal.operations.DefaultBuildOperationRunner] Build operation 'Identifying work' started
2025-03-10T17:43:18.257+0800 [DEBUG] [org.gradle.internal.operations.DefaultBuildOperationRunner] Completing Build operation 'Identifying work'
2025-03-10T17:43:18.257+0800 [DEBUG] [org.gradle.internal.operations.DefaultBuildOperationRunner] Build operation 'Identifying work' started
2025-03-10T17:43:18.257+0800 [DEBUG] [org.gradle.internal.operations.DefaultBuildOperationRunner] Completing Build operation 'Identifying work'
2025-03-10T17:43:18.257+0800 [DEBUG] [org.gradle.internal.operations.DefaultBuildOperationRunner] Build operation 'Identifying work' started
2025-03-10T17:43:18.257+0800 [DEBUG] [org.gradle.internal.operations.DefaultBuildOperationRunner] Completing Build operation 'Identifying work'
2025-03-10T17:43:18.257+0800 [DEBUG] [org.gradle.internal.operations.DefaultBuildOperationRunner] Build operation 'Identifying work' started
2025-03-10T17:43:18.257+0800 [DEBUG] [org.gradle.internal.operations.DefaultBuildOperationRunner] Completing Build operation 'Identifying work'
2025-03-10T17:43:18.257+0800 [DEBUG] [org.gradle.internal.operations.DefaultBuildOperationRunner] Build operation 'Identifying work' started
2025-03-10T17:43:18.257+0800 [DEBUG] [org.gradle.internal.operations.DefaultBuildOperationRunner] Completing Build operation 'Identifying work'
2025-03-10T17:43:18.257+0800 [DEBUG] [org.gradle.internal.operations.DefaultBuildOperationRunner] Build operation 'Identifying work' started
2025-03-10T17:43:18.257+0800 [DEBUG] [org.gradle.internal.operations.DefaultBuildOperationRunner] Completing Build operation 'Identifying work'
2025-03-10T17:43:18.257+0800 [DEBUG] [org.gradle.internal.operations.DefaultBuildOperationRunner] Completing Build operation 'Execute transform'
2025-03-10T17:43:18.257+0800 [DEBUG] [org.gradle.internal.operations.DefaultBuildOperationRunner] Build operation 'Execute transform' completed
2025-03-10T17:43:18.257+0800 [DEBUG] [org.gradle.internal.operations.DefaultBuildOperationRunner] Build operation 'Execute transform' started
2025-03-10T17:43:18.257+0800 [DEBUG] [org.gradle.internal.operations.DefaultBuildOperationRunner] Build operation 'Identifying work' started
2025-03-10T17:43:18.258+0800 [DEBUG] [org.gradle.internal.operations.DefaultBuildOperationRunner] Completing Build operation 'Identifying work'
2025-03-10T17:43:18.258+0800 [DEBUG] [org.gradle.internal.operations.DefaultBuildOperationRunner] Build operation 'Identifying work' started
2025-03-10T17:43:18.258+0800 [DEBUG] [org.gradle.internal.operations.DefaultBuildOperationRunner] Completing Build operation 'Identifying work'
2025-03-10T17:43:18.258+0800 [DEBUG] [org.gradle.internal.operations.DefaultBuildOperationRunner] Build operation 'Identifying work' started
2025-03-10T17:43:18.258+0800 [DEBUG] [org.gradle.internal.operations.DefaultBuildOperationRunner] Completing Build operation 'Identifying work'
2025-03-10T17:43:18.258+0800 [DEBUG] [org.gradle.internal.operations.DefaultBuildOperationRunner] Build operation 'Identifying work' started
2025-03-10T17:43:18.258+0800 [DEBUG] [org.gradle.internal.operations.DefaultBuildOperationRunner] Completing Build operation 'Identifying work'
2025-03-10T17:43:18.258+0800 [DEBUG] [org.gradle.internal.operations.DefaultBuildOperationRunner] Build operation 'Identifying work' started
2025-03-10T17:43:18.258+0800 [DEBUG] [org.gradle.internal.operations.DefaultBuildOperationRunner] Completing Build operation 'Identifying work'
2025-03-10T17:43:18.258+0800 [DEBUG] [org.gradle.internal.operations.DefaultBuildOperationRunner] Build operation 'Identifying work' started
2025-03-10T17:43:18.258+0800 [DEBUG] [org.gradle.internal.operations.DefaultBuildOperationRunner] Completing Build operation 'Identifying work'
2025-03-10T17:43:18.258+0800 [DEBUG] [org.gradle.internal.operations.DefaultBuildOperationRunner] Build operation 'Identifying work' started
2025-03-10T17:43:18.258+0800 [DEBUG] [org.gradle.internal.operations.DefaultBuildOperationRunner] Completing Build operation 'Identifying work'
2025-03-10T17:43:18.258+0800 [DEBUG] [org.gradle.internal.operations.DefaultBuildOperationRunner] Completing Build operation 'Execute transform'
2025-03-10T17:43:18.258+0800 [DEBUG] [org.gradle.internal.operations.DefaultBuildOperationRunner] Build operation 'Execute transform' completed
2025-03-10T17:43:18.258+0800 [DEBUG] [org.gradle.internal.operations.DefaultBuildOperationRunner] Build operation 'Execute transform' started
2025-03-10T17:43:18.258+0800 [DEBUG] [org.gradle.internal.operations.DefaultBuildOperationRunner] Build operation 'Identifying work' started
2025-03-10T17:43:18.258+0800 [DEBUG] [org.gradle.internal.operations.DefaultBuildOperationRunner] Completing Build operation 'Identifying work'
2025-03-10T17:43:18.258+0800 [DEBUG] [org.gradle.internal.operations.DefaultBuildOperationRunner] Build operation 'Identifying work' started
2025-03-10T17:43:18.258+0800 [DEBUG] [org.gradle.internal.operations.DefaultBuildOperationRunner] Completing Build operation 'Identifying work'
2025-03-10T17:43:18.258+0800 [DEBUG] [org.gradle.internal.operations.DefaultBuildOperationRunner] Build operation 'Identifying work' started
2025-03-10T17:43:18.258+0800 [DEBUG] [org.gradle.internal.operations.DefaultBuildOperationRunner] Completing Build operation 'Identifying work'
2025-03-10T17:43:18.258+0800 [DEBUG] [org.gradle.internal.operations.DefaultBuildOperationRunner] Build operation 'Identifying work' started
2025-03-10T17:43:18.258+0800 [DEBUG] [org.gradle.internal.operations.DefaultBuildOperationRunner] Completing Build operation 'Identifying work'
2025-03-10T17:43:18.258+0800 [DEBUG] [org.gradle.internal.operations.DefaultBuildOperationRunner] Build operation 'Identifying work' started
2025-03-10T17:43:18.258+0800 [DEBUG] [org.gradle.internal.operations.DefaultBuildOperationRunner] Completing Build operation 'Identifying work'
2025-03-10T17:43:18.258+0800 [DEBUG] [org.gradle.internal.operations.DefaultBuildOperationRunner] Build operation 'Identifying work' started
2025-03-10T17:43:18.258+0800 [DEBUG] [org.gradle.internal.operations.DefaultBuildOperationRunner] Completing Build operation 'Identifying work'
2025-03-10T17:43:18.258+0800 [DEBUG] [org.gradle.internal.operations.DefaultBuildOperationRunner] Build operation 'Identifying work' started
2025-03-10T17:43:18.258+0800 [DEBUG] [org.gradle.internal.operations.DefaultBuildOperationRunner] Completing Build operation 'Identifying work'
2025-03-10T17:43:18.258+0800 [DEBUG] [org.gradle.internal.operations.DefaultBuildOperationRunner] Completing Build operation 'Execute transform'
2025-03-10T17:43:18.258+0800 [DEBUG] [org.gradle.internal.operations.DefaultBuildOperationRunner] Build operation 'Execute transform' completed
2025-03-10T17:43:18.258+0800 [DEBUG] [org.gradle.internal.operations.DefaultBuildOperationRunner] Build operation 'Execute transform' started
2025-03-10T17:43:18.258+0800 [DEBUG] [org.gradle.internal.operations.DefaultBuildOperationRunner] Build operation 'Identifying work' started
2025-03-10T17:43:18.258+0800 [DEBUG] [org.gradle.internal.operations.DefaultBuildOperationRunner] Completing Build operation 'Identifying work'
2025-03-10T17:43:18.258+0800 [DEBUG] [org.gradle.internal.operations.DefaultBuildOperationRunner] Build operation 'Identifying work' started
2025-03-10T17:43:18.258+0800 [DEBUG] [org.gradle.internal.operations.DefaultBuildOperationRunner] Completing Build operation 'Identifying work'
2025-03-10T17:43:18.258+0800 [DEBUG] [org.gradle.internal.operations.DefaultBuildOperationRunner] Build operation 'Identifying work' started
2025-03-10T17:43:18.258+0800 [DEBUG] [org.gradle.internal.operations.DefaultBuildOperationRunner] Completing Build operation 'Identifying work'
2025-03-10T17:43:18.258+0800 [DEBUG] [org.gradle.internal.operations.DefaultBuildOperationRunner] Build operation 'Identifying work' started
2025-03-10T17:43:18.258+0800 [DEBUG] [org.gradle.internal.operations.DefaultBuildOperationRunner] Completing Build operation 'Identifying work'
2025-03-10T17:43:18.258+0800 [DEBUG] [org.gradle.internal.operations.DefaultBuildOperationRunner] Build operation 'Identifying work' started
2025-03-10T17:43:18.258+0800 [DEBUG] [org.gradle.internal.operations.DefaultBuildOperationRunner] Completing Build operation 'Identifying work'
2025-03-10T17:43:18.258+0800 [DEBUG] [org.gradle.internal.operations.DefaultBuildOperationRunner] Build operation 'Identifying work' started
2025-03-10T17:43:18.258+0800 [DEBUG] [org.gradle.internal.operations.DefaultBuildOperationRunner] Completing Build operation 'Identifying work'
2025-03-10T17:43:18.258+0800 [DEBUG] [org.gradle.internal.operations.DefaultBuildOperationRunner] Build operation 'Identifying work' started
2025-03-10T17:43:18.258+0800 [DEBUG] [org.gradle.internal.operations.DefaultBuildOperationRunner] Completing Build operation 'Identifying work'
2025-03-10T17:43:18.258+0800 [DEBUG] [org.gradle.internal.operations.DefaultBuildOperationRunner] Completing Build operation 'Execute transform'
2025-03-10T17:43:18.258+0800 [DEBUG] [org.gradle.internal.operations.DefaultBuildOperationRunner] Build operation 'Execute transform' completed
2025-03-10T17:43:18.254+0800 [DEBUG] [org.gradle.internal.resources.AbstractTrackedResourceLock] Unconstrained build operations Thread 24: released lock on worker lease
2025-03-10T17:43:18.259+0800 [DEBUG] [org.gradle.internal.operations.DefaultBuildOperationRunner] Build operation 'Identifying work' started
2025-03-10T17:43:18.259+0800 [DEBUG] [org.gradle.internal.resources.AbstractTrackedResourceLock] Unconstrained build operations Thread 24: acquired lock on worker lease
2025-03-10T17:43:18.259+0800 [DEBUG] [org.gradle.internal.operations.DefaultBuildOperationRunner] Build operation 'Execute transform' started
2025-03-10T17:43:18.259+0800 [DEBUG] [org.gradle.internal.operations.DefaultBuildOperationRunner] Build operation 'Identifying work' started
2025-03-10T17:43:18.259+0800 [DEBUG] [org.gradle.internal.operations.DefaultBuildOperationRunner] Completing Build operation 'Identifying work'
2025-03-10T17:43:18.259+0800 [DEBUG] [org.gradle.internal.operations.DefaultBuildOperationRunner] Build operation 'Identifying work' started
2025-03-10T17:43:18.259+0800 [DEBUG] [org.gradle.internal.operations.DefaultBuildOperationRunner] Completing Build operation 'Identifying work'
2025-03-10T17:43:18.259+0800 [DEBUG] [org.gradle.internal.operations.DefaultBuildOperationRunner] Build operation 'Identifying work' started
2025-03-10T17:43:18.259+0800 [DEBUG] [org.gradle.internal.operations.DefaultBuildOperationRunner] Completing Build operation 'Identifying work'
2025-03-10T17:43:18.259+0800 [DEBUG] [org.gradle.internal.operations.DefaultBuildOperationRunner] Build operation 'Identifying work' started
2025-03-10T17:43:18.259+0800 [DEBUG] [org.gradle.internal.operations.DefaultBuildOperationRunner] Completing Build operation 'Identifying work'
2025-03-10T17:43:18.259+0800 [DEBUG] [org.gradle.internal.operations.DefaultBuildOperationRunner] Build operation 'Identifying work' started
2025-03-10T17:43:18.259+0800 [DEBUG] [org.gradle.internal.operations.DefaultBuildOperationRunner] Completing Build operation 'Identifying work'
2025-03-10T17:43:18.259+0800 [DEBUG] [org.gradle.internal.operations.DefaultBuildOperationRunner] Build operation 'Identifying work' started
2025-03-10T17:43:18.259+0800 [DEBUG] [org.gradle.internal.operations.DefaultBuildOperationRunner] Completing Build operation 'Identifying work'
2025-03-10T17:43:18.259+0800 [DEBUG] [org.gradle.internal.operations.DefaultBuildOperationRunner] Build operation 'Identifying work' started
2025-03-10T17:43:18.259+0800 [DEBUG] [org.gradle.internal.operations.DefaultBuildOperationRunner] Completing Build operation 'Identifying work'
2025-03-10T17:43:18.259+0800 [DEBUG] [org.gradle.internal.operations.DefaultBuildOperationRunner] Completing Build operation 'Execute transform'
2025-03-10T17:43:18.259+0800 [DEBUG] [org.gradle.internal.operations.DefaultBuildOperationRunner] Build operation 'Execute transform' completed
2025-03-10T17:43:18.259+0800 [DEBUG] [org.gradle.internal.operations.DefaultBuildOperationRunner] Completing Build operation 'Identifying work'
2025-03-10T17:43:18.259+0800 [DEBUG] [org.gradle.internal.operations.DefaultBuildOperationRunner] Build operation 'Identifying work' started
2025-03-10T17:43:18.259+0800 [DEBUG] [org.gradle.internal.operations.DefaultBuildOperationRunner] Completing Build operation 'Identifying work'
2025-03-10T17:43:18.259+0800 [DEBUG] [org.gradle.internal.operations.DefaultBuildOperationRunner] Build operation 'Identifying work' started
2025-03-10T17:43:18.259+0800 [DEBUG] [org.gradle.internal.operations.DefaultBuildOperationRunner] Completing Build operation 'Identifying work'
2025-03-10T17:43:18.259+0800 [DEBUG] [org.gradle.internal.operations.DefaultBuildOperationRunner] Build operation 'Identifying work' started
2025-03-10T17:43:18.259+0800 [DEBUG] [org.gradle.internal.operations.DefaultBuildOperationRunner] Completing Build operation 'Identifying work'
2025-03-10T17:43:18.259+0800 [DEBUG] [org.gradle.internal.operations.DefaultBuildOperationRunner] Build operation 'Identifying work' started
2025-03-10T17:43:18.259+0800 [DEBUG] [org.gradle.internal.operations.DefaultBuildOperationRunner] Completing Build operation 'Identifying work'
2025-03-10T17:43:18.259+0800 [DEBUG] [org.gradle.internal.operations.DefaultBuildOperationRunner] Build operation 'Identifying work' started
2025-03-10T17:43:18.259+0800 [DEBUG] [org.gradle.internal.operations.DefaultBuildOperationRunner] Completing Build operation 'Identifying work'
2025-03-10T17:43:18.259+0800 [DEBUG] [org.gradle.internal.operations.DefaultBuildOperationRunner] Build operation 'Identifying work' started
2025-03-10T17:43:18.259+0800 [DEBUG] [org.gradle.internal.operations.DefaultBuildOperationRunner] Completing Build operation 'Identifying work'
2025-03-10T17:43:18.259+0800 [DEBUG] [org.gradle.internal.operations.DefaultBuildOperationRunner] Build operation 'Identifying work' started
2025-03-10T17:43:18.259+0800 [DEBUG] [org.gradle.internal.operations.DefaultBuildOperationRunner] Completing Build operation 'Identifying work'
2025-03-10T17:43:18.259+0800 [DEBUG] [org.gradle.internal.operations.DefaultBuildOperationRunner] Build operation 'Identifying work' started
2025-03-10T17:43:18.260+0800 [DEBUG] [org.gradle.internal.operations.DefaultBuildOperationRunner] Completing Build operation 'Identifying work'
2025-03-10T17:43:18.260+0800 [DEBUG] [org.gradle.internal.operations.DefaultBuildOperationRunner] Build operation 'Identifying work' started
2025-03-10T17:43:18.260+0800 [DEBUG] [org.gradle.internal.operations.DefaultBuildOperationRunner] Completing Build operation 'Identifying work'
2025-03-10T17:43:18.260+0800 [DEBUG] [org.gradle.internal.operations.DefaultBuildOperationRunner] Build operation 'Identifying work' started
2025-03-10T17:43:18.260+0800 [DEBUG] [org.gradle.internal.operations.DefaultBuildOperationRunner] Completing Build operation 'Identifying work'
2025-03-10T17:43:18.260+0800 [DEBUG] [org.gradle.internal.operations.DefaultBuildOperationRunner] Build operation 'Identifying work' started
2025-03-10T17:43:18.260+0800 [DEBUG] [org.gradle.internal.operations.DefaultBuildOperationRunner] Completing Build operation 'Identifying work'
2025-03-10T17:43:18.260+0800 [DEBUG] [org.gradle.internal.operations.DefaultBuildOperationRunner] Build operation 'Identifying work' started
2025-03-10T17:43:18.260+0800 [DEBUG] [org.gradle.internal.operations.DefaultBuildOperationRunner] Completing Build operation 'Identifying work'
2025-03-10T17:43:18.260+0800 [DEBUG] [org.gradle.internal.operations.DefaultBuildOperationRunner] Build operation 'Identifying work' started
2025-03-10T17:43:18.260+0800 [DEBUG] [org.gradle.internal.operations.DefaultBuildOperationRunner] Completing Build operation 'Identifying work'
2025-03-10T17:43:18.260+0800 [DEBUG] [org.gradle.internal.operations.DefaultBuildOperationRunner] Build operation 'Identifying work' started
2025-03-10T17:43:18.260+0800 [DEBUG] [org.gradle.internal.operations.DefaultBuildOperationRunner] Completing Build operation 'Identifying work'
2025-03-10T17:43:18.260+0800 [DEBUG] [org.gradle.internal.operations.DefaultBuildOperationRunner] Build operation 'Identifying work' started
2025-03-10T17:43:18.260+0800 [DEBUG] [org.gradle.internal.operations.DefaultBuildOperationRunner] Completing Build operation 'Identifying work'
2025-03-10T17:43:18.260+0800 [DEBUG] [org.gradle.internal.operations.DefaultBuildOperationRunner] Build operation 'Identifying work' started
2025-03-10T17:43:18.260+0800 [DEBUG] [org.gradle.internal.operations.DefaultBuildOperationRunner] Completing Build operation 'Identifying work'
2025-03-10T17:43:18.260+0800 [DEBUG] [org.gradle.internal.operations.DefaultBuildOperationRunner] Build operation 'Identifying work' started
2025-03-10T17:43:18.260+0800 [DEBUG] [org.gradle.internal.operations.DefaultBuildOperationRunner] Completing Build operation 'Identifying work'
2025-03-10T17:43:18.260+0800 [DEBUG] [org.gradle.internal.operations.DefaultBuildOperationRunner] Build operation 'Identifying work' started
2025-03-10T17:43:18.260+0800 [DEBUG] [org.gradle.internal.operations.DefaultBuildOperationRunner] Completing Build operation 'Identifying work'
2025-03-10T17:43:18.260+0800 [DEBUG] [org.gradle.internal.operations.DefaultBuildOperationRunner] Build operation 'Identifying work' started
2025-03-10T17:43:18.260+0800 [DEBUG] [org.gradle.internal.operations.DefaultBuildOperationRunner] Completing Build operation 'Identifying work'
2025-03-10T17:43:18.260+0800 [DEBUG] [org.gradle.internal.operations.DefaultBuildOperationRunner] Build operation 'Identifying work' started
2025-03-10T17:43:18.260+0800 [DEBUG] [org.gradle.internal.operations.DefaultBuildOperationRunner] Completing Build operation 'Identifying work'
2025-03-10T17:43:18.260+0800 [DEBUG] [org.gradle.internal.operations.DefaultBuildOperationRunner] Build operation 'Identifying work' started
2025-03-10T17:43:18.260+0800 [DEBUG] [org.gradle.internal.operations.DefaultBuildOperationRunner] Completing Build operation 'Identifying work'
2025-03-10T17:43:18.260+0800 [DEBUG] [org.gradle.internal.operations.DefaultBuildOperationRunner] Build operation 'Identifying work' started
2025-03-10T17:43:18.260+0800 [DEBUG] [org.gradle.internal.operations.DefaultBuildOperationRunner] Completing Build operation 'Identifying work'
2025-03-10T17:43:18.261+0800 [DEBUG] [org.gradle.internal.operations.DefaultBuildOperationRunner] Build operation 'Identifying work' started
2025-03-10T17:43:18.261+0800 [DEBUG] [org.gradle.internal.operations.DefaultBuildOperationRunner] Completing Build operation 'Identifying work'
2025-03-10T17:43:18.261+0800 [DEBUG] [org.gradle.internal.operations.DefaultBuildOperationRunner] Build operation 'Identifying work' started
2025-03-10T17:43:18.261+0800 [DEBUG] [org.gradle.internal.operations.DefaultBuildOperationRunner] Completing Build operation 'Identifying work'
2025-03-10T17:43:18.261+0800 [DEBUG] [org.gradle.internal.operations.DefaultBuildOperationRunner] Build operation 'Identifying work' started
2025-03-10T17:43:18.261+0800 [DEBUG] [org.gradle.internal.operations.DefaultBuildOperationRunner] Completing Build operation 'Identifying work'
2025-03-10T17:43:18.261+0800 [DEBUG] [org.gradle.internal.operations.DefaultBuildOperationRunner] Build operation 'Identifying work' started
2025-03-10T17:43:18.261+0800 [DEBUG] [org.gradle.internal.operations.DefaultBuildOperationRunner] Completing Build operation 'Identifying work'
2025-03-10T17:43:18.261+0800 [DEBUG] [org.gradle.internal.operations.DefaultBuildOperationRunner] Build operation 'Identifying work' started
2025-03-10T17:43:18.261+0800 [DEBUG] [org.gradle.internal.operations.DefaultBuildOperationRunner] Completing Build operation 'Identifying work'
2025-03-10T17:43:18.261+0800 [DEBUG] [org.gradle.internal.operations.DefaultBuildOperationRunner] Build operation 'Identifying work' started
2025-03-10T17:43:18.261+0800 [DEBUG] [org.gradle.internal.operations.DefaultBuildOperationRunner] Completing Build operation 'Identifying work'
2025-03-10T17:43:18.261+0800 [DEBUG] [org.gradle.internal.operations.DefaultBuildOperationRunner] Build operation 'Identifying work' started
2025-03-10T17:43:18.261+0800 [DEBUG] [org.gradle.internal.operations.DefaultBuildOperationRunner] Completing Build operation 'Identifying work'
2025-03-10T17:43:18.261+0800 [DEBUG] [org.gradle.internal.operations.DefaultBuildOperationRunner] Build operation 'Identifying work' started
2025-03-10T17:43:18.261+0800 [DEBUG] [org.gradle.internal.operations.DefaultBuildOperationRunner] Completing Build operation 'Identifying work'
2025-03-10T17:43:18.261+0800 [DEBUG] [org.gradle.internal.operations.DefaultBuildOperationRunner] Build operation 'Identifying work' started
2025-03-10T17:43:18.261+0800 [DEBUG] [org.gradle.internal.operations.DefaultBuildOperationRunner] Completing Build operation 'Identifying work'
2025-03-10T17:43:18.261+0800 [DEBUG] [org.gradle.internal.operations.DefaultBuildOperationRunner] Build operation 'Identifying work' started
2025-03-10T17:43:18.261+0800 [DEBUG] [org.gradle.internal.operations.DefaultBuildOperationRunner] Completing Build operation 'Identifying work'
2025-03-10T17:43:18.261+0800 [DEBUG] [org.gradle.internal.operations.DefaultBuildOperationRunner] Build operation 'Identifying work' started
2025-03-10T17:43:18.261+0800 [DEBUG] [org.gradle.internal.operations.DefaultBuildOperationRunner] Completing Build operation 'Identifying work'
2025-03-10T17:43:18.261+0800 [DEBUG] [org.gradle.internal.operations.DefaultBuildOperationRunner] Build operation 'Execute transform' started
2025-03-10T17:43:18.261+0800 [DEBUG] [org.gradle.internal.operations.DefaultBuildOperationRunner] Build operation 'Identifying work' started
2025-03-10T17:43:18.261+0800 [DEBUG] [org.gradle.internal.operations.DefaultBuildOperationRunner] Completing Build operation 'Identifying work'
2025-03-10T17:43:18.261+0800 [DEBUG] [org.gradle.internal.operations.DefaultBuildOperationRunner] Build operation 'Identifying work' started
2025-03-10T17:43:18.261+0800 [DEBUG] [org.gradle.internal.operations.DefaultBuildOperationRunner] Completing Build operation 'Identifying work'
2025-03-10T17:43:18.261+0800 [DEBUG] [org.gradle.internal.operations.DefaultBuildOperationRunner] Build operation 'Identifying work' started
2025-03-10T17:43:18.261+0800 [DEBUG] [org.gradle.internal.operations.DefaultBuildOperationRunner] Completing Build operation 'Identifying work'
2025-03-10T17:43:18.261+0800 [DEBUG] [org.gradle.internal.operations.DefaultBuildOperationRunner] Build operation 'Identifying work' started
2025-03-10T17:43:18.261+0800 [DEBUG] [org.gradle.internal.operations.DefaultBuildOperationRunner] Completing Build operation 'Identifying work'
2025-03-10T17:43:18.261+0800 [DEBUG] [org.gradle.internal.operations.DefaultBuildOperationRunner] Build operation 'Identifying work' started
2025-03-10T17:43:18.261+0800 [DEBUG] [org.gradle.internal.operations.DefaultBuildOperationRunner] Completing Build operation 'Identifying work'
2025-03-10T17:43:18.261+0800 [DEBUG] [org.gradle.internal.operations.DefaultBuildOperationRunner] Build operation 'Identifying work' started
2025-03-10T17:43:18.261+0800 [DEBUG] [org.gradle.internal.operations.DefaultBuildOperationRunner] Completing Build operation 'Identifying work'
2025-03-10T17:43:18.262+0800 [DEBUG] [org.gradle.internal.operations.DefaultBuildOperationRunner] Build operation 'Identifying work' started
2025-03-10T17:43:18.262+0800 [DEBUG] [org.gradle.internal.operations.DefaultBuildOperationRunner] Completing Build operation 'Identifying work'
2025-03-10T17:43:18.262+0800 [DEBUG] [org.gradle.internal.operations.DefaultBuildOperationRunner] Completing Build operation 'Execute transform'
2025-03-10T17:43:18.262+0800 [DEBUG] [org.gradle.internal.operations.DefaultBuildOperationRunner] Build operation 'Execute transform' started
2025-03-10T17:43:18.262+0800 [DEBUG] [org.gradle.internal.operations.DefaultBuildOperationRunner] Build operation 'Identifying work' started
2025-03-10T17:43:18.262+0800 [DEBUG] [org.gradle.internal.operations.DefaultBuildOperationRunner] Completing Build operation 'Identifying work'
2025-03-10T17:43:18.262+0800 [DEBUG] [org.gradle.internal.operations.DefaultBuildOperationRunner] Build operation 'Identifying work' started
2025-03-10T17:43:18.262+0800 [DEBUG] [org.gradle.internal.operations.DefaultBuildOperationRunner] Completing Build operation 'Identifying work'
2025-03-10T17:43:18.262+0800 [DEBUG] [org.gradle.internal.operations.DefaultBuildOperationRunner] Build operation 'Identifying work' started
2025-03-10T17:43:18.262+0800 [DEBUG] [org.gradle.internal.operations.DefaultBuildOperationRunner] Completing Build operation 'Identifying work'
2025-03-10T17:43:18.262+0800 [DEBUG] [org.gradle.internal.operations.DefaultBuildOperationRunner] Build operation 'Identifying work' started
2025-03-10T17:43:18.262+0800 [DEBUG] [org.gradle.internal.operations.DefaultBuildOperationRunner] Completing Build operation 'Identifying work'
2025-03-10T17:43:18.262+0800 [DEBUG] [org.gradle.internal.operations.DefaultBuildOperationRunner] Build operation 'Identifying work' started
2025-03-10T17:43:18.262+0800 [DEBUG] [org.gradle.internal.operations.DefaultBuildOperationRunner] Completing Build operation 'Identifying work'
2025-03-10T17:43:18.262+0800 [DEBUG] [org.gradle.internal.operations.DefaultBuildOperationRunner] Build operation 'Identifying work' started
2025-03-10T17:43:18.262+0800 [DEBUG] [org.gradle.internal.operations.DefaultBuildOperationRunner] Completing Build operation 'Identifying work'
2025-03-10T17:43:18.262+0800 [DEBUG] [org.gradle.internal.operations.DefaultBuildOperationRunner] Build operation 'Identifying work' started
2025-03-10T17:43:18.262+0800 [DEBUG] [org.gradle.internal.operations.DefaultBuildOperationRunner] Completing Build operation 'Identifying work'
2025-03-10T17:43:18.262+0800 [DEBUG] [org.gradle.internal.operations.DefaultBuildOperationRunner] Completing Build operation 'Execute transform'
2025-03-10T17:43:18.262+0800 [DEBUG] [org.gradle.internal.operations.DefaultBuildOperationRunner] Build operation 'Execute transform' started
2025-03-10T17:43:18.262+0800 [DEBUG] [org.gradle.internal.operations.DefaultBuildOperationRunner] Build operation 'Identifying work' started
2025-03-10T17:43:18.262+0800 [DEBUG] [org.gradle.internal.operations.DefaultBuildOperationRunner] Completing Build operation 'Identifying work'
2025-03-10T17:43:18.262+0800 [DEBUG] [org.gradle.internal.operations.DefaultBuildOperationRunner] Build operation 'Identifying work' started
2025-03-10T17:43:18.262+0800 [DEBUG] [org.gradle.internal.operations.DefaultBuildOperationRunner] Completing Build operation 'Identifying work'
2025-03-10T17:43:18.262+0800 [DEBUG] [org.gradle.internal.operations.DefaultBuildOperationRunner] Build operation 'Identifying work' started
2025-03-10T17:43:18.262+0800 [DEBUG] [org.gradle.internal.operations.DefaultBuildOperationRunner] Completing Build operation 'Identifying work'
2025-03-10T17:43:18.262+0800 [DEBUG] [org.gradle.internal.operations.DefaultBuildOperationRunner] Build operation 'Identifying work' started
2025-03-10T17:43:18.262+0800 [DEBUG] [org.gradle.internal.operations.DefaultBuildOperationRunner] Completing Build operation 'Identifying work'
2025-03-10T17:43:18.262+0800 [DEBUG] [org.gradle.internal.operations.DefaultBuildOperationRunner] Build operation 'Identifying work' started
2025-03-10T17:43:18.262+0800 [DEBUG] [org.gradle.internal.operations.DefaultBuildOperationRunner] Completing Build operation 'Identifying work'
2025-03-10T17:43:18.262+0800 [DEBUG] [org.gradle.internal.operations.DefaultBuildOperationRunner] Build operation 'Identifying work' started
2025-03-10T17:43:18.262+0800 [DEBUG] [org.gradle.internal.operations.DefaultBuildOperationRunner] Completing Build operation 'Identifying work'
2025-03-10T17:43:18.262+0800 [DEBUG] [org.gradle.internal.operations.DefaultBuildOperationRunner] Build operation 'Identifying work' started
2025-03-10T17:43:18.262+0800 [DEBUG] [org.gradle.internal.operations.DefaultBuildOperationRunner] Completing Build operation 'Identifying work'
2025-03-10T17:43:18.262+0800 [DEBUG] [org.gradle.internal.operations.DefaultBuildOperationRunner] Completing Build operation 'Execute transform'
2025-03-10T17:43:18.262+0800 [DEBUG] [org.gradle.internal.operations.DefaultBuildOperationRunner] Build operation 'Execute transform' started
2025-03-10T17:43:18.262+0800 [DEBUG] [org.gradle.internal.operations.DefaultBuildOperationRunner] Build operation 'Identifying work' started
2025-03-10T17:43:18.262+0800 [DEBUG] [org.gradle.internal.operations.DefaultBuildOperationRunner] Completing Build operation 'Identifying work'
2025-03-10T17:43:18.262+0800 [DEBUG] [org.gradle.internal.operations.DefaultBuildOperationRunner] Build operation 'Identifying work' started
2025-03-10T17:43:18.262+0800 [DEBUG] [org.gradle.internal.operations.DefaultBuildOperationRunner] Completing Build operation 'Identifying work'
2025-03-10T17:43:18.262+0800 [DEBUG] [org.gradle.internal.operations.DefaultBuildOperationRunner] Build operation 'Identifying work' started
2025-03-10T17:43:18.262+0800 [DEBUG] [org.gradle.internal.operations.DefaultBuildOperationRunner] Completing Build operation 'Identifying work'
2025-03-10T17:43:18.262+0800 [DEBUG] [org.gradle.internal.operations.DefaultBuildOperationRunner] Build operation 'Identifying work' started
2025-03-10T17:43:18.262+0800 [DEBUG] [org.gradle.internal.operations.DefaultBuildOperationRunner] Completing Build operation 'Identifying work'
2025-03-10T17:43:18.262+0800 [DEBUG] [org.gradle.internal.operations.DefaultBuildOperationRunner] Build operation 'Identifying work' started
2025-03-10T17:43:18.262+0800 [DEBUG] [org.gradle.internal.operations.DefaultBuildOperationRunner] Completing Build operation 'Identifying work'
2025-03-10T17:43:18.262+0800 [DEBUG] [org.gradle.internal.operations.DefaultBuildOperationRunner] Build operation 'Identifying work' started
2025-03-10T17:43:18.262+0800 [DEBUG] [org.gradle.internal.operations.DefaultBuildOperationRunner] Completing Build operation 'Identifying work'
2025-03-10T17:43:18.262+0800 [DEBUG] [org.gradle.internal.operations.DefaultBuildOperationRunner] Build operation 'Identifying work' started
2025-03-10T17:43:18.262+0800 [DEBUG] [org.gradle.internal.operations.DefaultBuildOperationRunner] Completing Build operation 'Identifying work'
2025-03-10T17:43:18.263+0800 [DEBUG] [org.gradle.internal.operations.DefaultBuildOperationRunner] Completing Build operation 'Execute transform'
2025-03-10T17:43:18.263+0800 [DEBUG] [org.gradle.internal.operations.DefaultBuildOperationRunner] Build operation 'Execute transform' started
2025-03-10T17:43:18.263+0800 [DEBUG] [org.gradle.internal.operations.DefaultBuildOperationRunner] Build operation 'Identifying work' started
2025-03-10T17:43:18.263+0800 [DEBUG] [org.gradle.internal.operations.DefaultBuildOperationRunner] Completing Build operation 'Identifying work'
2025-03-10T17:43:18.263+0800 [DEBUG] [org.gradle.internal.operations.DefaultBuildOperationRunner] Build operation 'Identifying work' started
2025-03-10T17:43:18.263+0800 [DEBUG] [org.gradle.internal.operations.DefaultBuildOperationRunner] Completing Build operation 'Identifying work'
2025-03-10T17:43:18.263+0800 [DEBUG] [org.gradle.internal.operations.DefaultBuildOperationRunner] Build operation 'Identifying work' started
2025-03-10T17:43:18.263+0800 [DEBUG] [org.gradle.internal.operations.DefaultBuildOperationRunner] Completing Build operation 'Identifying work'
2025-03-10T17:43:18.263+0800 [DEBUG] [org.gradle.internal.operations.DefaultBuildOperationRunner] Build operation 'Identifying work' started
2025-03-10T17:43:18.263+0800 [DEBUG] [org.gradle.internal.operations.DefaultBuildOperationRunner] Completing Build operation 'Identifying work'
2025-03-10T17:43:18.263+0800 [DEBUG] [org.gradle.internal.operations.DefaultBuildOperationRunner] Build operation 'Identifying work' started
2025-03-10T17:43:18.263+0800 [DEBUG] [org.gradle.internal.operations.DefaultBuildOperationRunner] Completing Build operation 'Identifying work'
2025-03-10T17:43:18.263+0800 [DEBUG] [org.gradle.internal.operations.DefaultBuildOperationRunner] Build operation 'Identifying work' started
2025-03-10T17:43:18.263+0800 [DEBUG] [org.gradle.internal.operations.DefaultBuildOperationRunner] Completing Build operation 'Identifying work'
2025-03-10T17:43:18.263+0800 [DEBUG] [org.gradle.internal.operations.DefaultBuildOperationRunner] Build operation 'Identifying work' started
2025-03-10T17:43:18.263+0800 [DEBUG] [org.gradle.internal.operations.DefaultBuildOperationRunner] Completing Build operation 'Identifying work'
2025-03-10T17:43:18.263+0800 [DEBUG] [org.gradle.internal.operations.DefaultBuildOperationRunner] Completing Build operation 'Execute transform'
2025-03-10T17:43:18.263+0800 [DEBUG] [org.gradle.internal.operations.DefaultBuildOperationRunner] Build operation 'Execute transform' started
2025-03-10T17:43:18.263+0800 [DEBUG] [org.gradle.internal.operations.DefaultBuildOperationRunner] Build operation 'Identifying work' started
2025-03-10T17:43:18.263+0800 [DEBUG] [org.gradle.internal.operations.DefaultBuildOperationRunner] Completing Build operation 'Identifying work'
2025-03-10T17:43:18.263+0800 [DEBUG] [org.gradle.internal.operations.DefaultBuildOperationRunner] Build operation 'Identifying work' started
2025-03-10T17:43:18.263+0800 [DEBUG] [org.gradle.internal.operations.DefaultBuildOperationRunner] Completing Build operation 'Identifying work'
2025-03-10T17:43:18.263+0800 [DEBUG] [org.gradle.internal.operations.DefaultBuildOperationRunner] Build operation 'Identifying work' started
2025-03-10T17:43:18.263+0800 [DEBUG] [org.gradle.internal.operations.DefaultBuildOperationRunner] Completing Build operation 'Identifying work'
2025-03-10T17:43:18.263+0800 [DEBUG] [org.gradle.internal.operations.DefaultBuildOperationRunner] Build operation 'Identifying work' started
2025-03-10T17:43:18.263+0800 [DEBUG] [org.gradle.internal.operations.DefaultBuildOperationRunner] Completing Build operation 'Identifying work'
2025-03-10T17:43:18.259+0800 [DEBUG] [org.gradle.internal.resources.AbstractTrackedResourceLock] Unconstrained build operations Thread 22: released lock on worker lease
2025-03-10T17:43:18.263+0800 [DEBUG] [org.gradle.internal.operations.DefaultBuildOperationRunner] Build operation 'Identifying work' started
2025-03-10T17:43:18.263+0800 [DEBUG] [org.gradle.internal.operations.DefaultBuildOperationRunner] Completing Build operation 'Identifying work'
2025-03-10T17:43:18.263+0800 [DEBUG] [org.gradle.internal.operations.DefaultBuildOperationRunner] Build operation 'Identifying work' started
2025-03-10T17:43:18.263+0800 [DEBUG] [org.gradle.internal.operations.DefaultBuildOperationRunner] Completing Build operation 'Identifying work'
2025-03-10T17:43:18.263+0800 [DEBUG] [org.gradle.internal.operations.DefaultBuildOperationRunner] Build operation 'Identifying work' started
2025-03-10T17:43:18.263+0800 [DEBUG] [org.gradle.internal.operations.DefaultBuildOperationRunner] Completing Build operation 'Identifying work'
2025-03-10T17:43:18.263+0800 [DEBUG] [org.gradle.internal.operations.DefaultBuildOperationRunner] Completing Build operation 'Execute transform'
2025-03-10T17:43:18.263+0800 [DEBUG] [org.gradle.internal.operations.DefaultBuildOperationRunner] Build operation 'Execute transform' started
2025-03-10T17:43:18.263+0800 [DEBUG] [org.gradle.internal.operations.DefaultBuildOperationRunner] Build operation 'Identifying work' started
2025-03-10T17:43:18.263+0800 [DEBUG] [org.gradle.internal.operations.DefaultBuildOperationRunner] Completing Build operation 'Identifying work'
2025-03-10T17:43:18.263+0800 [DEBUG] [org.gradle.internal.operations.DefaultBuildOperationRunner] Build operation 'Identifying work' started
2025-03-10T17:43:18.263+0800 [DEBUG] [org.gradle.internal.operations.DefaultBuildOperationRunner] Completing Build operation 'Identifying work'
2025-03-10T17:43:18.263+0800 [DEBUG] [org.gradle.internal.operations.DefaultBuildOperationRunner] Build operation 'Identifying work' started
2025-03-10T17:43:18.263+0800 [DEBUG] [org.gradle.internal.operations.DefaultBuildOperationRunner] Completing Build operation 'Identifying work'
2025-03-10T17:43:18.263+0800 [DEBUG] [org.gradle.internal.operations.DefaultBuildOperationRunner] Build operation 'Identifying work' started
2025-03-10T17:43:18.263+0800 [DEBUG] [org.gradle.internal.operations.DefaultBuildOperationRunner] Completing Build operation 'Identifying work'
2025-03-10T17:43:18.263+0800 [DEBUG] [org.gradle.internal.operations.DefaultBuildOperationRunner] Build operation 'Identifying work' started
2025-03-10T17:43:18.263+0800 [DEBUG] [org.gradle.internal.operations.DefaultBuildOperationRunner] Completing Build operation 'Identifying work'
2025-03-10T17:43:18.263+0800 [DEBUG] [org.gradle.internal.operations.DefaultBuildOperationRunner] Build operation 'Identifying work' started
2025-03-10T17:43:18.263+0800 [DEBUG] [org.gradle.internal.operations.DefaultBuildOperationRunner] Completing Build operation 'Identifying work'
2025-03-10T17:43:18.264+0800 [DEBUG] [org.gradle.internal.operations.DefaultBuildOperationRunner] Build operation 'Identifying work' started
2025-03-10T17:43:18.264+0800 [DEBUG] [org.gradle.internal.operations.DefaultBuildOperationRunner] Completing Build operation 'Identifying work'
2025-03-10T17:43:18.264+0800 [DEBUG] [org.gradle.internal.operations.DefaultBuildOperationRunner] Completing Build operation 'Execute transform'
2025-03-10T17:43:18.264+0800 [DEBUG] [org.gradle.internal.operations.DefaultBuildOperationRunner] Build operation 'Execute transform' started
2025-03-10T17:43:18.264+0800 [DEBUG] [org.gradle.internal.operations.DefaultBuildOperationRunner] Build operation 'Identifying work' started
2025-03-10T17:43:18.264+0800 [DEBUG] [org.gradle.internal.operations.DefaultBuildOperationRunner] Completing Build operation 'Identifying work'
2025-03-10T17:43:18.264+0800 [DEBUG] [org.gradle.internal.operations.DefaultBuildOperationRunner] Build operation 'Identifying work' started
2025-03-10T17:43:18.264+0800 [DEBUG] [org.gradle.internal.operations.DefaultBuildOperationRunner] Completing Build operation 'Identifying work'
2025-03-10T17:43:18.264+0800 [DEBUG] [org.gradle.internal.operations.DefaultBuildOperationRunner] Build operation 'Identifying work' started
2025-03-10T17:43:18.264+0800 [DEBUG] [org.gradle.internal.operations.DefaultBuildOperationRunner] Completing Build operation 'Identifying work'
2025-03-10T17:43:18.264+0800 [DEBUG] [org.gradle.internal.operations.DefaultBuildOperationRunner] Build operation 'Identifying work' started
2025-03-10T17:43:18.264+0800 [DEBUG] [org.gradle.internal.operations.DefaultBuildOperationRunner] Completing Build operation 'Identifying work'
2025-03-10T17:43:18.264+0800 [DEBUG] [org.gradle.internal.operations.DefaultBuildOperationRunner] Build operation 'Identifying work' started
2025-03-10T17:43:18.264+0800 [DEBUG] [org.gradle.internal.operations.DefaultBuildOperationRunner] Completing Build operation 'Identifying work'
2025-03-10T17:43:18.264+0800 [DEBUG] [org.gradle.internal.operations.DefaultBuildOperationRunner] Build operation 'Identifying work' started
2025-03-10T17:43:18.264+0800 [DEBUG] [org.gradle.internal.operations.DefaultBuildOperationRunner] Completing Build operation 'Identifying work'
2025-03-10T17:43:18.264+0800 [DEBUG] [org.gradle.internal.operations.DefaultBuildOperationRunner] Build operation 'Identifying work' started
2025-03-10T17:43:18.264+0800 [DEBUG] [org.gradle.internal.operations.DefaultBuildOperationRunner] Completing Build operation 'Identifying work'
2025-03-10T17:43:18.264+0800 [DEBUG] [org.gradle.internal.operations.DefaultBuildOperationRunner] Completing Build operation 'Execute transform'
2025-03-10T17:43:18.264+0800 [DEBUG] [org.gradle.internal.operations.DefaultBuildOperationRunner] Build operation 'Execute transform' started
2025-03-10T17:43:18.264+0800 [DEBUG] [org.gradle.internal.operations.DefaultBuildOperationRunner] Build operation 'Identifying work' started
2025-03-10T17:43:18.264+0800 [DEBUG] [org.gradle.internal.operations.DefaultBuildOperationRunner] Completing Build operation 'Identifying work'
2025-03-10T17:43:18.264+0800 [DEBUG] [org.gradle.internal.operations.DefaultBuildOperationRunner] Build operation 'Identifying work' started
2025-03-10T17:43:18.264+0800 [DEBUG] [org.gradle.internal.operations.DefaultBuildOperationRunner] Completing Build operation 'Identifying work'
2025-03-10T17:43:18.264+0800 [DEBUG] [org.gradle.internal.operations.DefaultBuildOperationRunner] Build operation 'Identifying work' started
2025-03-10T17:43:18.264+0800 [DEBUG] [org.gradle.internal.operations.DefaultBuildOperationRunner] Completing Build operation 'Identifying work'
2025-03-10T17:43:18.264+0800 [DEBUG] [org.gradle.internal.operations.DefaultBuildOperationRunner] Build operation 'Identifying work' started
2025-03-10T17:43:18.264+0800 [DEBUG] [org.gradle.internal.operations.DefaultBuildOperationRunner] Completing Build operation 'Identifying work'
2025-03-10T17:43:18.264+0800 [DEBUG] [org.gradle.internal.operations.DefaultBuildOperationRunner] Build operation 'Identifying work' started
2025-03-10T17:43:18.264+0800 [DEBUG] [org.gradle.internal.operations.DefaultBuildOperationRunner] Completing Build operation 'Identifying work'
2025-03-10T17:43:18.264+0800 [DEBUG] [org.gradle.internal.operations.DefaultBuildOperationRunner] Build operation 'Identifying work' started
2025-03-10T17:43:18.264+0800 [DEBUG] [org.gradle.internal.operations.DefaultBuildOperationRunner] Completing Build operation 'Identifying work'
2025-03-10T17:43:18.264+0800 [DEBUG] [org.gradle.internal.operations.DefaultBuildOperationRunner] Build operation 'Identifying work' started
2025-03-10T17:43:18.264+0800 [DEBUG] [org.gradle.internal.operations.DefaultBuildOperationRunner] Completing Build operation 'Identifying work'
2025-03-10T17:43:18.264+0800 [DEBUG] [org.gradle.internal.operations.DefaultBuildOperationRunner] Completing Build operation 'Execute transform'
2025-03-10T17:43:18.264+0800 [DEBUG] [org.gradle.internal.operations.DefaultBuildOperationRunner] Build operation 'Execute transform' started
2025-03-10T17:43:18.264+0800 [DEBUG] [org.gradle.internal.operations.DefaultBuildOperationRunner] Build operation 'Identifying work' started
2025-03-10T17:43:18.264+0800 [DEBUG] [org.gradle.internal.operations.DefaultBuildOperationRunner] Completing Build operation 'Identifying work'
2025-03-10T17:43:18.264+0800 [DEBUG] [org.gradle.internal.operations.DefaultBuildOperationRunner] Build operation 'Identifying work' started
2025-03-10T17:43:18.264+0800 [DEBUG] [org.gradle.internal.operations.DefaultBuildOperationRunner] Completing Build operation 'Identifying work'
2025-03-10T17:43:18.264+0800 [DEBUG] [org.gradle.internal.operations.DefaultBuildOperationRunner] Build operation 'Identifying work' started
2025-03-10T17:43:18.264+0800 [DEBUG] [org.gradle.internal.operations.DefaultBuildOperationRunner] Completing Build operation 'Identifying work'
2025-03-10T17:43:18.264+0800 [DEBUG] [org.gradle.internal.operations.DefaultBuildOperationRunner] Build operation 'Identifying work' started
2025-03-10T17:43:18.264+0800 [DEBUG] [org.gradle.internal.operations.DefaultBuildOperationRunner] Completing Build operation 'Identifying work'
2025-03-10T17:43:18.264+0800 [DEBUG] [org.gradle.internal.operations.DefaultBuildOperationRunner] Build operation 'Identifying work' started
2025-03-10T17:43:18.265+0800 [DEBUG] [org.gradle.internal.operations.DefaultBuildOperationRunner] Completing Build operation 'Identifying work'
2025-03-10T17:43:18.265+0800 [DEBUG] [org.gradle.internal.operations.DefaultBuildOperationRunner] Build operation 'Identifying work' started
2025-03-10T17:43:18.265+0800 [DEBUG] [org.gradle.internal.operations.DefaultBuildOperationRunner] Completing Build operation 'Identifying work'
2025-03-10T17:43:18.265+0800 [DEBUG] [org.gradle.internal.operations.DefaultBuildOperationRunner] Build operation 'Identifying work' started
2025-03-10T17:43:18.265+0800 [DEBUG] [org.gradle.internal.operations.DefaultBuildOperationRunner] Completing Build operation 'Identifying work'
2025-03-10T17:43:18.265+0800 [DEBUG] [org.gradle.internal.operations.DefaultBuildOperationRunner] Completing Build operation 'Execute transform'
2025-03-10T17:43:18.265+0800 [DEBUG] [org.gradle.internal.operations.DefaultBuildOperationRunner] Build operation 'Execute transform' started
2025-03-10T17:43:18.265+0800 [DEBUG] [org.gradle.internal.operations.DefaultBuildOperationRunner] Build operation 'Identifying work' started
2025-03-10T17:43:18.265+0800 [DEBUG] [org.gradle.internal.operations.DefaultBuildOperationRunner] Completing Build operation 'Identifying work'
2025-03-10T17:43:18.265+0800 [DEBUG] [org.gradle.internal.operations.DefaultBuildOperationRunner] Build operation 'Identifying work' started
2025-03-10T17:43:18.265+0800 [DEBUG] [org.gradle.internal.operations.DefaultBuildOperationRunner] Completing Build operation 'Identifying work'
2025-03-10T17:43:18.265+0800 [DEBUG] [org.gradle.internal.operations.DefaultBuildOperationRunner] Build operation 'Identifying work' started
2025-03-10T17:43:18.265+0800 [DEBUG] [org.gradle.internal.operations.DefaultBuildOperationRunner] Completing Build operation 'Identifying work'
2025-03-10T17:43:18.265+0800 [DEBUG] [org.gradle.internal.operations.DefaultBuildOperationRunner] Build operation 'Identifying work' started
2025-03-10T17:43:18.265+0800 [DEBUG] [org.gradle.internal.operations.DefaultBuildOperationRunner] Completing Build operation 'Identifying work'
2025-03-10T17:43:18.265+0800 [DEBUG] [org.gradle.internal.operations.DefaultBuildOperationRunner] Build operation 'Identifying work' started
2025-03-10T17:43:18.265+0800 [DEBUG] [org.gradle.internal.operations.DefaultBuildOperationRunner] Completing Build operation 'Identifying work'
2025-03-10T17:43:18.265+0800 [DEBUG] [org.gradle.internal.operations.DefaultBuildOperationRunner] Build operation 'Identifying work' started
2025-03-10T17:43:18.265+0800 [DEBUG] [org.gradle.internal.operations.DefaultBuildOperationRunner] Completing Build operation 'Identifying work'
2025-03-10T17:43:18.265+0800 [DEBUG] [org.gradle.internal.operations.DefaultBuildOperationRunner] Build operation 'Identifying work' started
2025-03-10T17:43:18.265+0800 [DEBUG] [org.gradle.internal.operations.DefaultBuildOperationRunner] Completing Build operation 'Identifying work'
2025-03-10T17:43:18.265+0800 [DEBUG] [org.gradle.internal.operations.DefaultBuildOperationRunner] Completing Build operation 'Execute transform'
2025-03-10T17:43:18.265+0800 [DEBUG] [org.gradle.internal.operations.DefaultBuildOperationRunner] Build operation 'Execute transform' started
2025-03-10T17:43:18.265+0800 [DEBUG] [org.gradle.internal.operations.DefaultBuildOperationRunner] Build operation 'Identifying work' started
2025-03-10T17:43:18.265+0800 [DEBUG] [org.gradle.internal.operations.DefaultBuildOperationRunner] Completing Build operation 'Identifying work'
2025-03-10T17:43:18.265+0800 [DEBUG] [org.gradle.internal.operations.DefaultBuildOperationRunner] Build operation 'Identifying work' started
2025-03-10T17:43:18.265+0800 [DEBUG] [org.gradle.internal.operations.DefaultBuildOperationRunner] Completing Build operation 'Identifying work'
2025-03-10T17:43:18.265+0800 [DEBUG] [org.gradle.internal.operations.DefaultBuildOperationRunner] Build operation 'Identifying work' started
2025-03-10T17:43:18.265+0800 [DEBUG] [org.gradle.internal.operations.DefaultBuildOperationRunner] Completing Build operation 'Identifying work'
2025-03-10T17:43:18.265+0800 [DEBUG] [org.gradle.internal.operations.DefaultBuildOperationRunner] Build operation 'Identifying work' started
2025-03-10T17:43:18.265+0800 [DEBUG] [org.gradle.internal.operations.DefaultBuildOperationRunner] Completing Build operation 'Identifying work'
2025-03-10T17:43:18.265+0800 [DEBUG] [org.gradle.internal.operations.DefaultBuildOperationRunner] Build operation 'Identifying work' started
2025-03-10T17:43:18.265+0800 [DEBUG] [org.gradle.internal.operations.DefaultBuildOperationRunner] Completing Build operation 'Identifying work'
2025-03-10T17:43:18.265+0800 [DEBUG] [org.gradle.internal.operations.DefaultBuildOperationRunner] Build operation 'Identifying work' started
2025-03-10T17:43:18.265+0800 [DEBUG] [org.gradle.internal.operations.DefaultBuildOperationRunner] Completing Build operation 'Identifying work'
2025-03-10T17:43:18.265+0800 [DEBUG] [org.gradle.internal.operations.DefaultBuildOperationRunner] Build operation 'Identifying work' started
2025-03-10T17:43:18.265+0800 [DEBUG] [org.gradle.internal.operations.DefaultBuildOperationRunner] Completing Build operation 'Identifying work'
2025-03-10T17:43:18.265+0800 [DEBUG] [org.gradle.internal.operations.DefaultBuildOperationRunner] Completing Build operation 'Execute transform'
2025-03-10T17:43:18.265+0800 [DEBUG] [org.gradle.internal.operations.DefaultBuildOperationRunner] Build operation 'Execute transform' started
2025-03-10T17:43:18.265+0800 [DEBUG] [org.gradle.internal.operations.DefaultBuildOperationRunner] Build operation 'Identifying work' started
2025-03-10T17:43:18.265+0800 [DEBUG] [org.gradle.internal.operations.DefaultBuildOperationRunner] Completing Build operation 'Identifying work'
2025-03-10T17:43:18.266+0800 [DEBUG] [org.gradle.internal.operations.DefaultBuildOperationRunner] Build operation 'Identifying work' started
2025-03-10T17:43:18.266+0800 [DEBUG] [org.gradle.internal.operations.DefaultBuildOperationRunner] Completing Build operation 'Identifying work'
2025-03-10T17:43:18.266+0800 [DEBUG] [org.gradle.internal.operations.DefaultBuildOperationRunner] Build operation 'Identifying work' started
2025-03-10T17:43:18.266+0800 [DEBUG] [org.gradle.internal.operations.DefaultBuildOperationRunner] Completing Build operation 'Identifying work'
2025-03-10T17:43:18.266+0800 [DEBUG] [org.gradle.internal.operations.DefaultBuildOperationRunner] Build operation 'Identifying work' started
2025-03-10T17:43:18.266+0800 [DEBUG] [org.gradle.internal.operations.DefaultBuildOperationRunner] Completing Build operation 'Identifying work'
2025-03-10T17:43:18.266+0800 [DEBUG] [org.gradle.internal.operations.DefaultBuildOperationRunner] Build operation 'Identifying work' started
2025-03-10T17:43:18.266+0800 [DEBUG] [org.gradle.internal.operations.DefaultBuildOperationRunner] Completing Build operation 'Identifying work'
2025-03-10T17:43:18.266+0800 [DEBUG] [org.gradle.internal.operations.DefaultBuildOperationRunner] Build operation 'Identifying work' started
2025-03-10T17:43:18.266+0800 [DEBUG] [org.gradle.internal.operations.DefaultBuildOperationRunner] Completing Build operation 'Identifying work'
2025-03-10T17:43:18.266+0800 [DEBUG] [org.gradle.internal.operations.DefaultBuildOperationRunner] Build operation 'Identifying work' started
2025-03-10T17:43:18.266+0800 [DEBUG] [org.gradle.internal.operations.DefaultBuildOperationRunner] Completing Build operation 'Identifying work'
2025-03-10T17:43:18.266+0800 [DEBUG] [org.gradle.internal.operations.DefaultBuildOperationRunner] Completing Build operation 'Execute transform'
2025-03-10T17:43:18.266+0800 [DEBUG] [org.gradle.internal.operations.DefaultBuildOperationRunner] Build operation 'Execute transform' started
2025-03-10T17:43:18.266+0800 [DEBUG] [org.gradle.internal.operations.DefaultBuildOperationRunner] Build operation 'Identifying work' started
2025-03-10T17:43:18.266+0800 [DEBUG] [org.gradle.internal.operations.DefaultBuildOperationRunner] Completing Build operation 'Identifying work'
2025-03-10T17:43:18.266+0800 [DEBUG] [org.gradle.internal.operations.DefaultBuildOperationRunner] Build operation 'Identifying work' started
2025-03-10T17:43:18.266+0800 [DEBUG] [org.gradle.internal.operations.DefaultBuildOperationRunner] Completing Build operation 'Identifying work'
2025-03-10T17:43:18.266+0800 [DEBUG] [org.gradle.internal.operations.DefaultBuildOperationRunner] Build operation 'Identifying work' started
2025-03-10T17:43:18.266+0800 [DEBUG] [org.gradle.internal.operations.DefaultBuildOperationRunner] Completing Build operation 'Identifying work'
2025-03-10T17:43:18.266+0800 [DEBUG] [org.gradle.internal.operations.DefaultBuildOperationRunner] Build operation 'Identifying work' started
2025-03-10T17:43:18.266+0800 [DEBUG] [org.gradle.internal.operations.DefaultBuildOperationRunner] Completing Build operation 'Identifying work'
2025-03-10T17:43:18.266+0800 [DEBUG] [org.gradle.internal.operations.DefaultBuildOperationRunner] Build operation 'Identifying work' started
2025-03-10T17:43:18.266+0800 [DEBUG] [org.gradle.internal.operations.DefaultBuildOperationRunner] Completing Build operation 'Identifying work'
2025-03-10T17:43:18.266+0800 [DEBUG] [org.gradle.internal.operations.DefaultBuildOperationRunner] Build operation 'Identifying work' started
2025-03-10T17:43:18.266+0800 [DEBUG] [org.gradle.internal.operations.DefaultBuildOperationRunner] Completing Build operation 'Identifying work'
2025-03-10T17:43:18.266+0800 [DEBUG] [org.gradle.internal.operations.DefaultBuildOperationRunner] Build operation 'Identifying work' started
2025-03-10T17:43:18.266+0800 [DEBUG] [org.gradle.internal.operations.DefaultBuildOperationRunner] Completing Build operation 'Identifying work'
2025-03-10T17:43:18.266+0800 [DEBUG] [org.gradle.internal.operations.DefaultBuildOperationRunner] Completing Build operation 'Execute transform'
2025-03-10T17:43:18.266+0800 [DEBUG] [org.gradle.internal.operations.DefaultBuildOperationRunner] Build operation 'Execute transform' started
2025-03-10T17:43:18.266+0800 [DEBUG] [org.gradle.internal.operations.DefaultBuildOperationRunner] Build operation 'Identifying work' started
2025-03-10T17:43:18.266+0800 [DEBUG] [org.gradle.internal.operations.DefaultBuildOperationRunner] Completing Build operation 'Identifying work'
2025-03-10T17:43:18.266+0800 [DEBUG] [org.gradle.internal.operations.DefaultBuildOperationRunner] Build operation 'Identifying work' started
2025-03-10T17:43:18.266+0800 [DEBUG] [org.gradle.internal.operations.DefaultBuildOperationRunner] Completing Build operation 'Identifying work'
2025-03-10T17:43:18.266+0800 [DEBUG] [org.gradle.internal.operations.DefaultBuildOperationRunner] Build operation 'Identifying work' started
2025-03-10T17:43:18.266+0800 [DEBUG] [org.gradle.internal.operations.DefaultBuildOperationRunner] Completing Build operation 'Identifying work'
2025-03-10T17:43:18.266+0800 [DEBUG] [org.gradle.internal.operations.DefaultBuildOperationRunner] Build operation 'Identifying work' started
2025-03-10T17:43:18.266+0800 [DEBUG] [org.gradle.internal.operations.DefaultBuildOperationRunner] Completing Build operation 'Identifying work'
2025-03-10T17:43:18.266+0800 [DEBUG] [org.gradle.internal.operations.DefaultBuildOperationRunner] Build operation 'Identifying work' started
2025-03-10T17:43:18.266+0800 [DEBUG] [org.gradle.internal.operations.DefaultBuildOperationRunner] Completing Build operation 'Identifying work'
2025-03-10T17:43:18.266+0800 [DEBUG] [org.gradle.internal.operations.DefaultBuildOperationRunner] Build operation 'Identifying work' started
2025-03-10T17:43:18.267+0800 [DEBUG] [org.gradle.internal.operations.DefaultBuildOperationRunner] Completing Build operation 'Identifying work'
2025-03-10T17:43:18.263+0800 [DEBUG] [org.gradle.internal.resources.AbstractTrackedResourceLock] Unconstrained build operations Thread 22: acquired lock on worker lease
2025-03-10T17:43:18.267+0800 [DEBUG] [org.gradle.internal.operations.DefaultBuildOperationRunner] Build operation 'Identifying work' started
2025-03-10T17:43:18.267+0800 [DEBUG] [org.gradle.internal.operations.DefaultBuildOperationRunner] Completing Build operation 'Identifying work'
2025-03-10T17:43:18.267+0800 [DEBUG] [org.gradle.internal.operations.DefaultBuildOperationRunner] Completing Build operation 'Execute transform'
2025-03-10T17:43:18.267+0800 [DEBUG] [org.gradle.internal.operations.DefaultBuildOperationRunner] Build operation 'Execute transform' started
2025-03-10T17:43:18.267+0800 [DEBUG] [org.gradle.internal.operations.DefaultBuildOperationRunner] Build operation 'Identifying work' started
2025-03-10T17:43:18.267+0800 [DEBUG] [org.gradle.internal.operations.DefaultBuildOperationRunner] Completing Build operation 'Identifying work'
2025-03-10T17:43:18.267+0800 [DEBUG] [org.gradle.internal.operations.DefaultBuildOperationRunner] Build operation 'Identifying work' started
2025-03-10T17:43:18.267+0800 [DEBUG] [org.gradle.internal.operations.DefaultBuildOperationRunner] Completing Build operation 'Identifying work'
2025-03-10T17:43:18.267+0800 [DEBUG] [org.gradle.internal.operations.DefaultBuildOperationRunner] Build operation 'Identifying work' started
2025-03-10T17:43:18.267+0800 [DEBUG] [org.gradle.internal.operations.DefaultBuildOperationRunner] Completing Build operation 'Identifying work'
2025-03-10T17:43:18.267+0800 [DEBUG] [org.gradle.internal.operations.DefaultBuildOperationRunner] Build operation 'Identifying work' started
2025-03-10T17:43:18.267+0800 [DEBUG] [org.gradle.internal.operations.DefaultBuildOperationRunner] Completing Build operation 'Identifying work'
2025-03-10T17:43:18.267+0800 [DEBUG] [org.gradle.internal.operations.DefaultBuildOperationRunner] Build operation 'Identifying work' started
2025-03-10T17:43:18.267+0800 [DEBUG] [org.gradle.internal.operations.DefaultBuildOperationRunner] Completing Build operation 'Identifying work'
2025-03-10T17:43:18.267+0800 [DEBUG] [org.gradle.internal.operations.DefaultBuildOperationRunner] Build operation 'Identifying work' started
2025-03-10T17:43:18.267+0800 [DEBUG] [org.gradle.internal.operations.DefaultBuildOperationRunner] Completing Build operation 'Identifying work'
2025-03-10T17:43:18.267+0800 [DEBUG] [org.gradle.internal.operations.DefaultBuildOperationRunner] Build operation 'Identifying work' started
2025-03-10T17:43:18.267+0800 [DEBUG] [org.gradle.internal.operations.DefaultBuildOperationRunner] Completing Build operation 'Identifying work'
2025-03-10T17:43:18.267+0800 [DEBUG] [org.gradle.internal.operations.DefaultBuildOperationRunner] Completing Build operation 'Execute transform'
2025-03-10T17:43:18.267+0800 [DEBUG] [org.gradle.internal.operations.DefaultBuildOperationRunner] Build operation 'Execute transform' started
2025-03-10T17:43:18.267+0800 [DEBUG] [org.gradle.internal.operations.DefaultBuildOperationRunner] Build operation 'Identifying work' started
2025-03-10T17:43:18.267+0800 [DEBUG] [org.gradle.internal.operations.DefaultBuildOperationRunner] Completing Build operation 'Identifying work'
2025-03-10T17:43:18.267+0800 [DEBUG] [org.gradle.internal.operations.DefaultBuildOperationRunner] Build operation 'Identifying work' started
2025-03-10T17:43:18.267+0800 [DEBUG] [org.gradle.internal.operations.DefaultBuildOperationRunner] Completing Build operation 'Identifying work'
2025-03-10T17:43:18.267+0800 [DEBUG] [org.gradle.internal.operations.DefaultBuildOperationRunner] Build operation 'Identifying work' started
2025-03-10T17:43:18.267+0800 [DEBUG] [org.gradle.internal.operations.DefaultBuildOperationRunner] Completing Build operation 'Identifying work'
2025-03-10T17:43:18.267+0800 [DEBUG] [org.gradle.internal.operations.DefaultBuildOperationRunner] Build operation 'Identifying work' started
2025-03-10T17:43:18.267+0800 [DEBUG] [org.gradle.internal.operations.DefaultBuildOperationRunner] Completing Build operation 'Identifying work'
2025-03-10T17:43:18.267+0800 [DEBUG] [org.gradle.internal.operations.DefaultBuildOperationRunner] Build operation 'Identifying work' started
2025-03-10T17:43:18.267+0800 [DEBUG] [org.gradle.internal.operations.DefaultBuildOperationRunner] Completing Build operation 'Identifying work'
2025-03-10T17:43:18.267+0800 [DEBUG] [org.gradle.internal.operations.DefaultBuildOperationRunner] Build operation 'Identifying work' started
2025-03-10T17:43:18.267+0800 [DEBUG] [org.gradle.internal.operations.DefaultBuildOperationRunner] Completing Build operation 'Identifying work'
2025-03-10T17:43:18.267+0800 [DEBUG] [org.gradle.internal.operations.DefaultBuildOperationRunner] Build operation 'Identifying work' started
2025-03-10T17:43:18.267+0800 [DEBUG] [org.gradle.internal.operations.DefaultBuildOperationRunner] Completing Build operation 'Identifying work'
2025-03-10T17:43:18.267+0800 [DEBUG] [org.gradle.internal.operations.DefaultBuildOperationRunner] Completing Build operation 'Execute transform'
2025-03-10T17:43:18.268+0800 [DEBUG] [org.gradle.internal.operations.DefaultBuildOperationRunner] Build operation 'Execute transform' started
2025-03-10T17:43:18.268+0800 [DEBUG] [org.gradle.internal.operations.DefaultBuildOperationRunner] Build operation 'Identifying work' started
2025-03-10T17:43:18.268+0800 [DEBUG] [org.gradle.internal.operations.DefaultBuildOperationRunner] Completing Build operation 'Identifying work'
2025-03-10T17:43:18.268+0800 [DEBUG] [org.gradle.internal.operations.DefaultBuildOperationRunner] Build operation 'Identifying work' started
2025-03-10T17:43:18.268+0800 [DEBUG] [org.gradle.internal.operations.DefaultBuildOperationRunner] Completing Build operation 'Identifying work'
2025-03-10T17:43:18.268+0800 [DEBUG] [org.gradle.internal.operations.DefaultBuildOperationRunner] Build operation 'Identifying work' started
2025-03-10T17:43:18.268+0800 [DEBUG] [org.gradle.internal.operations.DefaultBuildOperationRunner] Completing Build operation 'Identifying work'
2025-03-10T17:43:18.268+0800 [DEBUG] [org.gradle.internal.operations.DefaultBuildOperationRunner] Build operation 'Identifying work' started
2025-03-10T17:43:18.268+0800 [DEBUG] [org.gradle.internal.operations.DefaultBuildOperationRunner] Completing Build operation 'Identifying work'
2025-03-10T17:43:18.268+0800 [DEBUG] [org.gradle.internal.operations.DefaultBuildOperationRunner] Build operation 'Identifying work' started
2025-03-10T17:43:18.268+0800 [DEBUG] [org.gradle.internal.operations.DefaultBuildOperationRunner] Completing Build operation 'Identifying work'
2025-03-10T17:43:18.268+0800 [DEBUG] [org.gradle.internal.operations.DefaultBuildOperationRunner] Build operation 'Identifying work' started
2025-03-10T17:43:18.268+0800 [DEBUG] [org.gradle.internal.operations.DefaultBuildOperationRunner] Completing Build operation 'Identifying work'
2025-03-10T17:43:18.268+0800 [DEBUG] [org.gradle.internal.operations.DefaultBuildOperationRunner] Build operation 'Identifying work' started
2025-03-10T17:43:18.268+0800 [DEBUG] [org.gradle.internal.operations.DefaultBuildOperationRunner] Completing Build operation 'Identifying work'
2025-03-10T17:43:18.268+0800 [DEBUG] [org.gradle.internal.operations.DefaultBuildOperationRunner] Completing Build operation 'Execute transform'
2025-03-10T17:43:18.268+0800 [DEBUG] [org.gradle.internal.operations.DefaultBuildOperationRunner] Build operation 'Execute transform' started
2025-03-10T17:43:18.268+0800 [DEBUG] [org.gradle.internal.operations.DefaultBuildOperationRunner] Build operation 'Identifying work' started
2025-03-10T17:43:18.268+0800 [DEBUG] [org.gradle.internal.operations.DefaultBuildOperationRunner] Completing Build operation 'Identifying work'
2025-03-10T17:43:18.268+0800 [DEBUG] [org.gradle.internal.operations.DefaultBuildOperationRunner] Build operation 'Identifying work' started
2025-03-10T17:43:18.268+0800 [DEBUG] [org.gradle.internal.operations.DefaultBuildOperationRunner] Completing Build operation 'Identifying work'
2025-03-10T17:43:18.268+0800 [DEBUG] [org.gradle.internal.operations.DefaultBuildOperationRunner] Build operation 'Identifying work' started
2025-03-10T17:43:18.268+0800 [DEBUG] [org.gradle.internal.operations.DefaultBuildOperationRunner] Completing Build operation 'Identifying work'
2025-03-10T17:43:18.268+0800 [DEBUG] [org.gradle.internal.operations.DefaultBuildOperationRunner] Build operation 'Identifying work' started
2025-03-10T17:43:18.268+0800 [DEBUG] [org.gradle.internal.operations.DefaultBuildOperationRunner] Completing Build operation 'Identifying work'
2025-03-10T17:43:18.268+0800 [DEBUG] [org.gradle.internal.operations.DefaultBuildOperationRunner] Build operation 'Identifying work' started
2025-03-10T17:43:18.268+0800 [DEBUG] [org.gradle.internal.operations.DefaultBuildOperationRunner] Completing Build operation 'Identifying work'
2025-03-10T17:43:18.268+0800 [DEBUG] [org.gradle.internal.operations.DefaultBuildOperationRunner] Build operation 'Identifying work' started
2025-03-10T17:43:18.268+0800 [DEBUG] [org.gradle.internal.operations.DefaultBuildOperationRunner] Completing Build operation 'Identifying work'
2025-03-10T17:43:18.268+0800 [DEBUG] [org.gradle.internal.operations.DefaultBuildOperationRunner] Build operation 'Identifying work' started
2025-03-10T17:43:18.268+0800 [DEBUG] [org.gradle.internal.operations.DefaultBuildOperationRunner] Completing Build operation 'Identifying work'
2025-03-10T17:43:18.268+0800 [DEBUG] [org.gradle.internal.operations.DefaultBuildOperationRunner] Completing Build operation 'Execute transform'
2025-03-10T17:43:18.268+0800 [DEBUG] [org.gradle.internal.operations.DefaultBuildOperationRunner] Build operation 'Execute transform' started
2025-03-10T17:43:18.268+0800 [DEBUG] [org.gradle.internal.operations.DefaultBuildOperationRunner] Build operation 'Identifying work' started
2025-03-10T17:43:18.268+0800 [DEBUG] [org.gradle.internal.operations.DefaultBuildOperationRunner] Completing Build operation 'Identifying work'
2025-03-10T17:43:18.269+0800 [DEBUG] [org.gradle.internal.operations.DefaultBuildOperationRunner] Build operation 'Identifying work' started
2025-03-10T17:43:18.269+0800 [DEBUG] [org.gradle.internal.operations.DefaultBuildOperationRunner] Completing Build operation 'Identifying work'
2025-03-10T17:43:18.269+0800 [DEBUG] [org.gradle.internal.operations.DefaultBuildOperationRunner] Build operation 'Identifying work' started
2025-03-10T17:43:18.269+0800 [DEBUG] [org.gradle.internal.operations.DefaultBuildOperationRunner] Completing Build operation 'Identifying work'
2025-03-10T17:43:18.269+0800 [DEBUG] [org.gradle.internal.operations.DefaultBuildOperationRunner] Build operation 'Identifying work' started
2025-03-10T17:43:18.269+0800 [DEBUG] [org.gradle.internal.operations.DefaultBuildOperationRunner] Completing Build operation 'Identifying work'
2025-03-10T17:43:18.269+0800 [DEBUG] [org.gradle.internal.operations.DefaultBuildOperationRunner] Build operation 'Identifying work' started
2025-03-10T17:43:18.269+0800 [DEBUG] [org.gradle.internal.operations.DefaultBuildOperationRunner] Completing Build operation 'Identifying work'
2025-03-10T17:43:18.269+0800 [DEBUG] [org.gradle.internal.operations.DefaultBuildOperationRunner] Build operation 'Identifying work' started
2025-03-10T17:43:18.269+0800 [DEBUG] [org.gradle.internal.operations.DefaultBuildOperationRunner] Completing Build operation 'Identifying work'
2025-03-10T17:43:18.269+0800 [DEBUG] [org.gradle.internal.operations.DefaultBuildOperationRunner] Build operation 'Identifying work' started
2025-03-10T17:43:18.269+0800 [DEBUG] [org.gradle.internal.operations.DefaultBuildOperationRunner] Completing Build operation 'Identifying work'
2025-03-10T17:43:18.269+0800 [DEBUG] [org.gradle.internal.operations.DefaultBuildOperationRunner] Completing Build operation 'Execute transform'
2025-03-10T17:43:18.269+0800 [DEBUG] [org.gradle.internal.operations.DefaultBuildOperationRunner] Build operation 'Execute transform' started
2025-03-10T17:43:18.269+0800 [DEBUG] [org.gradle.internal.operations.DefaultBuildOperationRunner] Build operation 'Identifying work' started
2025-03-10T17:43:18.269+0800 [DEBUG] [org.gradle.internal.operations.DefaultBuildOperationRunner] Completing Build operation 'Identifying work'
2025-03-10T17:43:18.269+0800 [DEBUG] [org.gradle.internal.operations.DefaultBuildOperationRunner] Build operation 'Identifying work' started
2025-03-10T17:43:18.269+0800 [DEBUG] [org.gradle.internal.operations.DefaultBuildOperationRunner] Completing Build operation 'Identifying work'
2025-03-10T17:43:18.269+0800 [DEBUG] [org.gradle.internal.operations.DefaultBuildOperationRunner] Build operation 'Identifying work' started
2025-03-10T17:43:18.269+0800 [DEBUG] [org.gradle.internal.operations.DefaultBuildOperationRunner] Completing Build operation 'Identifying work'
2025-03-10T17:43:18.269+0800 [DEBUG] [org.gradle.internal.operations.DefaultBuildOperationRunner] Build operation 'Identifying work' started
2025-03-10T17:43:18.269+0800 [DEBUG] [org.gradle.internal.operations.DefaultBuildOperationRunner] Completing Build operation 'Identifying work'
2025-03-10T17:43:18.267+0800 [DEBUG] [org.gradle.internal.resources.AbstractTrackedResourceLock] Unconstrained build operations Thread 26: released lock on worker lease
2025-03-10T17:43:18.269+0800 [DEBUG] [org.gradle.internal.resources.AbstractTrackedResourceLock] Unconstrained build operations Thread 26: acquired lock on worker lease
2025-03-10T17:43:18.267+0800 [DEBUG] [org.gradle.internal.operations.DefaultBuildOperationRunner] Build operation 'Execute transform' started
2025-03-10T17:43:18.269+0800 [DEBUG] [org.gradle.internal.resources.AbstractTrackedResourceLock] Unconstrained build operations Thread 20: released lock on worker lease
2025-03-10T17:43:18.269+0800 [DEBUG] [org.gradle.internal.operations.DefaultBuildOperationRunner] Build operation 'Execute transform' started
2025-03-10T17:43:18.269+0800 [DEBUG] [org.gradle.internal.operations.DefaultBuildOperationRunner] Build operation 'Identifying work' started
2025-03-10T17:43:18.269+0800 [DEBUG] [org.gradle.internal.resources.AbstractTrackedResourceLock] Unconstrained build operations Thread 25: released lock on worker lease
2025-03-10T17:43:18.269+0800 [DEBUG] [org.gradle.internal.operations.DefaultBuildOperationRunner] Build operation 'Identifying work' started
2025-03-10T17:43:18.270+0800 [DEBUG] [org.gradle.internal.resources.AbstractTrackedResourceLock] Unconstrained build operations Thread 25: acquired lock on worker lease
2025-03-10T17:43:18.270+0800 [DEBUG] [org.gradle.internal.operations.DefaultBuildOperationRunner] Completing Build operation 'Identifying work'
2025-03-10T17:43:18.269+0800 [DEBUG] [org.gradle.internal.operations.DefaultBuildOperationRunner] Build operation 'Identifying work' started
2025-03-10T17:43:18.270+0800 [DEBUG] [org.gradle.internal.operations.DefaultBuildOperationRunner] Build operation 'Identifying work' started
2025-03-10T17:43:18.270+0800 [DEBUG] [org.gradle.internal.resources.AbstractTrackedResourceLock] Unconstrained build operations Thread 20: acquired lock on worker lease
2025-03-10T17:43:18.270+0800 [DEBUG] [org.gradle.internal.operations.DefaultBuildOperationRunner] Build operation 'Execute transform' started
2025-03-10T17:43:18.270+0800 [DEBUG] [org.gradle.internal.operations.DefaultBuildOperationRunner] Completing Build operation 'Identifying work'
2025-03-10T17:43:18.270+0800 [DEBUG] [org.gradle.internal.operations.DefaultBuildOperationRunner] Build operation 'Identifying work' started
2025-03-10T17:43:18.270+0800 [DEBUG] [org.gradle.internal.operations.DefaultBuildOperationRunner] Completing Build operation 'Identifying work'
2025-03-10T17:43:18.270+0800 [DEBUG] [org.gradle.internal.operations.DefaultBuildOperationRunner] Build operation 'Identifying work' started
2025-03-10T17:43:18.270+0800 [DEBUG] [org.gradle.internal.operations.DefaultBuildOperationRunner] Completing Build operation 'Identifying work'
2025-03-10T17:43:18.270+0800 [DEBUG] [org.gradle.internal.operations.DefaultBuildOperationRunner] Build operation 'Identifying work' started
2025-03-10T17:43:18.270+0800 [DEBUG] [org.gradle.internal.operations.DefaultBuildOperationRunner] Completing Build operation 'Identifying work'
2025-03-10T17:43:18.271+0800 [DEBUG] [org.gradle.internal.operations.DefaultBuildOperationRunner] Build operation 'Identifying work' started
2025-03-10T17:43:18.271+0800 [DEBUG] [org.gradle.internal.operations.DefaultBuildOperationRunner] Completing Build operation 'Identifying work'
2025-03-10T17:43:18.271+0800 [DEBUG] [org.gradle.internal.operations.DefaultBuildOperationRunner] Build operation 'Identifying work' started
2025-03-10T17:43:18.271+0800 [DEBUG] [org.gradle.internal.operations.DefaultBuildOperationRunner] Completing Build operation 'Identifying work'
2025-03-10T17:43:18.271+0800 [DEBUG] [org.gradle.internal.operations.DefaultBuildOperationRunner] Build operation 'Identifying work' started
2025-03-10T17:43:18.271+0800 [DEBUG] [org.gradle.internal.operations.DefaultBuildOperationRunner] Completing Build operation 'Identifying work'
2025-03-10T17:43:18.271+0800 [DEBUG] [org.gradle.internal.operations.DefaultBuildOperationRunner] Completing Build operation 'Execute transform'
2025-03-10T17:43:18.271+0800 [DEBUG] [org.gradle.internal.operations.DefaultBuildOperationRunner] Build operation 'Execute transform' completed
2025-03-10T17:43:18.271+0800 [DEBUG] [org.gradle.internal.operations.DefaultBuildOperationRunner] Build operation 'Execute transform' started
2025-03-10T17:43:18.271+0800 [DEBUG] [org.gradle.internal.operations.DefaultBuildOperationRunner] Build operation 'Identifying work' started
2025-03-10T17:43:18.271+0800 [DEBUG] [org.gradle.internal.operations.DefaultBuildOperationRunner] Completing Build operation 'Identifying work'
2025-03-10T17:43:18.271+0800 [DEBUG] [org.gradle.internal.operations.DefaultBuildOperationRunner] Build operation 'Identifying work' started
2025-03-10T17:43:18.271+0800 [DEBUG] [org.gradle.internal.operations.DefaultBuildOperationRunner] Completing Build operation 'Identifying work'
2025-03-10T17:43:18.271+0800 [DEBUG] [org.gradle.internal.operations.DefaultBuildOperationRunner] Build operation 'Identifying work' started
2025-03-10T17:43:18.271+0800 [DEBUG] [org.gradle.internal.operations.DefaultBuildOperationRunner] Completing Build operation 'Identifying work'
2025-03-10T17:43:18.271+0800 [DEBUG] [org.gradle.internal.operations.DefaultBuildOperationRunner] Build operation 'Identifying work' started
2025-03-10T17:43:18.271+0800 [DEBUG] [org.gradle.internal.operations.DefaultBuildOperationRunner] Completing Build operation 'Identifying work'
2025-03-10T17:43:18.271+0800 [DEBUG] [org.gradle.internal.operations.DefaultBuildOperationRunner] Build operation 'Identifying work' started
2025-03-10T17:43:18.271+0800 [DEBUG] [org.gradle.internal.operations.DefaultBuildOperationRunner] Completing Build operation 'Identifying work'
2025-03-10T17:43:18.271+0800 [DEBUG] [org.gradle.internal.operations.DefaultBuildOperationRunner] Build operation 'Identifying work' started
2025-03-10T17:43:18.271+0800 [DEBUG] [org.gradle.internal.operations.DefaultBuildOperationRunner] Completing Build operation 'Identifying work'
2025-03-10T17:43:18.271+0800 [DEBUG] [org.gradle.internal.operations.DefaultBuildOperationRunner] Build operation 'Identifying work' started
2025-03-10T17:43:18.272+0800 [DEBUG] [org.gradle.internal.operations.DefaultBuildOperationRunner] Completing Build operation 'Identifying work'
2025-03-10T17:43:18.272+0800 [DEBUG] [org.gradle.internal.operations.DefaultBuildOperationRunner] Completing Build operation 'Execute transform'
2025-03-10T17:43:18.272+0800 [DEBUG] [org.gradle.internal.operations.DefaultBuildOperationRunner] Build operation 'Execute transform' completed
2025-03-10T17:43:18.272+0800 [DEBUG] [org.gradle.internal.operations.DefaultBuildOperationRunner] Build operation 'Execute transform' started
2025-03-10T17:43:18.272+0800 [DEBUG] [org.gradle.internal.operations.DefaultBuildOperationRunner] Build operation 'Identifying work' started
2025-03-10T17:43:18.272+0800 [DEBUG] [org.gradle.internal.operations.DefaultBuildOperationRunner] Completing Build operation 'Identifying work'
2025-03-10T17:43:18.270+0800 [DEBUG] [org.gradle.internal.operations.DefaultBuildOperationRunner] Build operation 'Identifying work' started
2025-03-10T17:43:18.272+0800 [DEBUG] [org.gradle.internal.operations.DefaultBuildOperationRunner] Completing Build operation 'Identifying work'
2025-03-10T17:43:18.272+0800 [DEBUG] [org.gradle.internal.operations.DefaultBuildOperationRunner] Build operation 'Identifying work' started
2025-03-10T17:43:18.272+0800 [DEBUG] [org.gradle.internal.operations.DefaultBuildOperationRunner] Completing Build operation 'Identifying work'
2025-03-10T17:43:18.272+0800 [DEBUG] [org.gradle.internal.operations.DefaultBuildOperationRunner] Build operation 'Identifying work' started
2025-03-10T17:43:18.272+0800 [DEBUG] [org.gradle.internal.operations.DefaultBuildOperationRunner] Completing Build operation 'Identifying work'
2025-03-10T17:43:18.270+0800 [DEBUG] [org.gradle.internal.resources.AbstractTrackedResourceLock] Unconstrained build operations Thread 19: acquired lock on worker lease
2025-03-10T17:43:18.270+0800 [DEBUG] [org.gradle.internal.operations.DefaultBuildOperationRunner] Build operation 'Execute transform' started
2025-03-10T17:43:18.272+0800 [DEBUG] [org.gradle.internal.operations.DefaultBuildOperationRunner] Build operation 'Identifying work' started
2025-03-10T17:43:18.270+0800 [DEBUG] [org.gradle.internal.operations.DefaultBuildOperationRunner] Completing Build operation 'Identifying work'
2025-03-10T17:43:18.272+0800 [DEBUG] [org.gradle.internal.operations.DefaultBuildOperationRunner] Build operation 'Identifying work' started
2025-03-10T17:43:18.272+0800 [DEBUG] [org.gradle.internal.operations.DefaultBuildOperationRunner] Completing Build operation 'Identifying work'
2025-03-10T17:43:18.272+0800 [DEBUG] [org.gradle.internal.operations.DefaultBuildOperationRunner] Build operation 'Identifying work' started
2025-03-10T17:43:18.272+0800 [DEBUG] [org.gradle.internal.operations.DefaultBuildOperationRunner] Completing Build operation 'Identifying work'
2025-03-10T17:43:18.272+0800 [DEBUG] [org.gradle.internal.operations.DefaultBuildOperationRunner] Build operation 'Identifying work' started
2025-03-10T17:43:18.272+0800 [DEBUG] [org.gradle.internal.operations.DefaultBuildOperationRunner] Completing Build operation 'Identifying work'
2025-03-10T17:43:18.272+0800 [DEBUG] [org.gradle.internal.operations.DefaultBuildOperationRunner] Build operation 'Identifying work' started
2025-03-10T17:43:18.272+0800 [DEBUG] [org.gradle.internal.operations.DefaultBuildOperationRunner] Completing Build operation 'Identifying work'
2025-03-10T17:43:18.272+0800 [DEBUG] [org.gradle.internal.operations.DefaultBuildOperationRunner] Build operation 'Identifying work' started
2025-03-10T17:43:18.272+0800 [DEBUG] [org.gradle.internal.operations.DefaultBuildOperationRunner] Completing Build operation 'Identifying work'
2025-03-10T17:43:18.272+0800 [DEBUG] [org.gradle.internal.operations.DefaultBuildOperationRunner] Completing Build operation 'Execute transform'
2025-03-10T17:43:18.272+0800 [DEBUG] [org.gradle.internal.operations.DefaultBuildOperationRunner] Build operation 'Execute transform' completed
2025-03-10T17:43:18.272+0800 [DEBUG] [org.gradle.internal.operations.DefaultBuildOperationRunner] Build operation 'Execute transform' started
2025-03-10T17:43:18.272+0800 [DEBUG] [org.gradle.internal.operations.DefaultBuildOperationRunner] Build operation 'Identifying work' started
2025-03-10T17:43:18.272+0800 [DEBUG] [org.gradle.internal.operations.DefaultBuildOperationRunner] Completing Build operation 'Identifying work'
2025-03-10T17:43:18.272+0800 [DEBUG] [org.gradle.internal.operations.DefaultBuildOperationRunner] Build operation 'Identifying work' started
2025-03-10T17:43:18.272+0800 [DEBUG] [org.gradle.internal.operations.DefaultBuildOperationRunner] Completing Build operation 'Identifying work'
2025-03-10T17:43:18.272+0800 [DEBUG] [org.gradle.internal.operations.DefaultBuildOperationRunner] Build operation 'Identifying work' started
2025-03-10T17:43:18.272+0800 [DEBUG] [org.gradle.internal.operations.DefaultBuildOperationRunner] Completing Build operation 'Identifying work'
2025-03-10T17:43:18.273+0800 [DEBUG] [org.gradle.internal.operations.DefaultBuildOperationRunner] Build operation 'Identifying work' started
2025-03-10T17:43:18.273+0800 [DEBUG] [org.gradle.internal.operations.DefaultBuildOperationRunner] Completing Build operation 'Identifying work'
2025-03-10T17:43:18.270+0800 [DEBUG] [org.gradle.internal.operations.DefaultBuildOperationRunner] Completing Build operation 'Identifying work'
2025-03-10T17:43:18.273+0800 [DEBUG] [org.gradle.internal.operations.DefaultBuildOperationRunner] Build operation 'Identifying work' started
2025-03-10T17:43:18.273+0800 [DEBUG] [org.gradle.internal.operations.DefaultBuildOperationRunner] Completing Build operation 'Identifying work'
2025-03-10T17:43:18.273+0800 [DEBUG] [org.gradle.internal.operations.DefaultBuildOperationRunner] Build operation 'Identifying work' started
2025-03-10T17:43:18.273+0800 [DEBUG] [org.gradle.internal.operations.DefaultBuildOperationRunner] Completing Build operation 'Identifying work'
2025-03-10T17:43:18.273+0800 [DEBUG] [org.gradle.internal.operations.DefaultBuildOperationRunner] Build operation 'Identifying work' started
2025-03-10T17:43:18.273+0800 [DEBUG] [org.gradle.internal.operations.DefaultBuildOperationRunner] Completing Build operation 'Identifying work'
2025-03-10T17:43:18.273+0800 [DEBUG] [org.gradle.internal.operations.DefaultBuildOperationRunner] Completing Build operation 'Execute transform'
2025-03-10T17:43:18.273+0800 [DEBUG] [org.gradle.internal.operations.DefaultBuildOperationRunner] Build operation 'Execute transform' completed
2025-03-10T17:43:18.273+0800 [DEBUG] [org.gradle.internal.operations.DefaultBuildOperationRunner] Build operation 'Execute transform' started
2025-03-10T17:43:18.273+0800 [DEBUG] [org.gradle.internal.operations.DefaultBuildOperationRunner] Build operation 'Identifying work' started
2025-03-10T17:43:18.273+0800 [DEBUG] [org.gradle.internal.operations.DefaultBuildOperationRunner] Completing Build operation 'Identifying work'
2025-03-10T17:43:18.273+0800 [DEBUG] [org.gradle.internal.operations.DefaultBuildOperationRunner] Build operation 'Identifying work' started
2025-03-10T17:43:18.273+0800 [DEBUG] [org.gradle.internal.operations.DefaultBuildOperationRunner] Completing Build operation 'Identifying work'
2025-03-10T17:43:18.273+0800 [DEBUG] [org.gradle.internal.operations.DefaultBuildOperationRunner] Build operation 'Identifying work' started
2025-03-10T17:43:18.273+0800 [DEBUG] [org.gradle.internal.operations.DefaultBuildOperationRunner] Completing Build operation 'Identifying work'
2025-03-10T17:43:18.273+0800 [DEBUG] [org.gradle.internal.operations.DefaultBuildOperationRunner] Build operation 'Identifying work' started
2025-03-10T17:43:18.273+0800 [DEBUG] [org.gradle.internal.operations.DefaultBuildOperationRunner] Completing Build operation 'Identifying work'
2025-03-10T17:43:18.272+0800 [DEBUG] [org.gradle.internal.resources.AbstractTrackedResourceLock] Unconstrained build operations Thread 24: released lock on worker lease
2025-03-10T17:43:18.272+0800 [DEBUG] [org.gradle.internal.operations.DefaultBuildOperationRunner] Completing Build operation 'Identifying work'
2025-03-10T17:43:18.273+0800 [DEBUG] [org.gradle.internal.operations.DefaultBuildOperationRunner] Build operation 'Identifying work' started
2025-03-10T17:43:18.272+0800 [DEBUG] [org.gradle.internal.operations.DefaultBuildOperationRunner] Build operation 'Execute transform' started
2025-03-10T17:43:18.272+0800 [DEBUG] [org.gradle.internal.operations.DefaultBuildOperationRunner] Build operation 'Identifying work' started
2025-03-10T17:43:18.272+0800 [DEBUG] [org.gradle.internal.operations.DefaultBuildOperationRunner] Build operation 'Identifying work' started
2025-03-10T17:43:18.273+0800 [DEBUG] [org.gradle.internal.operations.DefaultBuildOperationRunner] Completing Build operation 'Identifying work'
2025-03-10T17:43:18.273+0800 [DEBUG] [org.gradle.internal.operations.DefaultBuildOperationRunner] Build operation 'Identifying work' started
2025-03-10T17:43:18.273+0800 [DEBUG] [org.gradle.internal.operations.DefaultBuildOperationRunner] Completing Build operation 'Identifying work'
2025-03-10T17:43:18.273+0800 [DEBUG] [org.gradle.internal.operations.DefaultBuildOperationRunner] Completing Build operation 'Identifying work'
2025-03-10T17:43:18.274+0800 [DEBUG] [org.gradle.internal.operations.DefaultBuildOperationRunner] Build operation 'Identifying work' started
2025-03-10T17:43:18.274+0800 [DEBUG] [org.gradle.internal.operations.DefaultBuildOperationRunner] Completing Build operation 'Identifying work'
2025-03-10T17:43:18.274+0800 [DEBUG] [org.gradle.internal.operations.DefaultBuildOperationRunner] Build operation 'Identifying work' started
2025-03-10T17:43:18.274+0800 [DEBUG] [org.gradle.internal.operations.DefaultBuildOperationRunner] Completing Build operation 'Identifying work'
2025-03-10T17:43:18.274+0800 [DEBUG] [org.gradle.internal.operations.DefaultBuildOperationRunner] Build operation 'Identifying work' started
2025-03-10T17:43:18.274+0800 [DEBUG] [org.gradle.internal.operations.DefaultBuildOperationRunner] Completing Build operation 'Identifying work'
2025-03-10T17:43:18.274+0800 [DEBUG] [org.gradle.internal.operations.DefaultBuildOperationRunner] Completing Build operation 'Execute transform'
2025-03-10T17:43:18.274+0800 [DEBUG] [org.gradle.internal.operations.DefaultBuildOperationRunner] Build operation 'Execute transform' completed
2025-03-10T17:43:18.274+0800 [DEBUG] [org.gradle.internal.operations.DefaultBuildOperationRunner] Build operation 'Execute transform' started
2025-03-10T17:43:18.274+0800 [DEBUG] [org.gradle.internal.operations.DefaultBuildOperationRunner] Build operation 'Identifying work' started
2025-03-10T17:43:18.274+0800 [DEBUG] [org.gradle.internal.operations.DefaultBuildOperationRunner] Completing Build operation 'Identifying work'
2025-03-10T17:43:18.274+0800 [DEBUG] [org.gradle.internal.operations.DefaultBuildOperationRunner] Build operation 'Identifying work' started
2025-03-10T17:43:18.274+0800 [DEBUG] [org.gradle.internal.operations.DefaultBuildOperationRunner] Completing Build operation 'Identifying work'
2025-03-10T17:43:18.274+0800 [DEBUG] [org.gradle.internal.operations.DefaultBuildOperationRunner] Build operation 'Identifying work' started
2025-03-10T17:43:18.274+0800 [DEBUG] [org.gradle.internal.operations.DefaultBuildOperationRunner] Completing Build operation 'Identifying work'
2025-03-10T17:43:18.274+0800 [DEBUG] [org.gradle.internal.operations.DefaultBuildOperationRunner] Build operation 'Identifying work' started
2025-03-10T17:43:18.274+0800 [DEBUG] [org.gradle.internal.operations.DefaultBuildOperationRunner] Completing Build operation 'Identifying work'
2025-03-10T17:43:18.273+0800 [DEBUG] [org.gradle.internal.operations.DefaultBuildOperationRunner] Build operation 'Identifying work' started
2025-03-10T17:43:18.274+0800 [DEBUG] [org.gradle.internal.operations.DefaultBuildOperationRunner] Completing Build operation 'Identifying work'
2025-03-10T17:43:18.274+0800 [DEBUG] [org.gradle.internal.operations.DefaultBuildOperationRunner] Build operation 'Identifying work' started
2025-03-10T17:43:18.274+0800 [DEBUG] [org.gradle.internal.operations.DefaultBuildOperationRunner] Completing Build operation 'Identifying work'
2025-03-10T17:43:18.274+0800 [DEBUG] [org.gradle.internal.operations.DefaultBuildOperationRunner] Build operation 'Identifying work' started
2025-03-10T17:43:18.274+0800 [DEBUG] [org.gradle.internal.operations.DefaultBuildOperationRunner] Completing Build operation 'Identifying work'
2025-03-10T17:43:18.274+0800 [DEBUG] [org.gradle.internal.operations.DefaultBuildOperationRunner] Build operation 'Identifying work' started
2025-03-10T17:43:18.274+0800 [DEBUG] [org.gradle.internal.operations.DefaultBuildOperationRunner] Completing Build operation 'Identifying work'
2025-03-10T17:43:18.273+0800 [DEBUG] [org.gradle.internal.operations.DefaultBuildOperationRunner] Completing Build operation 'Identifying work'
2025-03-10T17:43:18.275+0800 [DEBUG] [org.gradle.internal.operations.DefaultBuildOperationRunner] Build operation 'Identifying work' started
2025-03-10T17:43:18.275+0800 [DEBUG] [org.gradle.internal.operations.DefaultBuildOperationRunner] Completing Build operation 'Identifying work'
2025-03-10T17:43:18.275+0800 [DEBUG] [org.gradle.internal.operations.DefaultBuildOperationRunner] Build operation 'Identifying work' started
2025-03-10T17:43:18.275+0800 [DEBUG] [org.gradle.internal.operations.DefaultBuildOperationRunner] Completing Build operation 'Identifying work'
2025-03-10T17:43:18.275+0800 [DEBUG] [org.gradle.internal.operations.DefaultBuildOperationRunner] Build operation 'Identifying work' started
2025-03-10T17:43:18.275+0800 [DEBUG] [org.gradle.internal.operations.DefaultBuildOperationRunner] Completing Build operation 'Identifying work'
2025-03-10T17:43:18.275+0800 [DEBUG] [org.gradle.internal.operations.DefaultBuildOperationRunner] Build operation 'Identifying work' started
2025-03-10T17:43:18.275+0800 [DEBUG] [org.gradle.internal.operations.DefaultBuildOperationRunner] Completing Build operation 'Identifying work'
2025-03-10T17:43:18.275+0800 [DEBUG] [org.gradle.internal.operations.DefaultBuildOperationRunner] Build operation 'Identifying work' started
2025-03-10T17:43:18.275+0800 [DEBUG] [org.gradle.internal.operations.DefaultBuildOperationRunner] Completing Build operation 'Identifying work'
2025-03-10T17:43:18.275+0800 [DEBUG] [org.gradle.internal.operations.DefaultBuildOperationRunner] Completing Build operation 'Execute transform'
2025-03-10T17:43:18.275+0800 [DEBUG] [org.gradle.internal.operations.DefaultBuildOperationRunner] Build operation 'Execute transform' completed
2025-03-10T17:43:18.275+0800 [DEBUG] [org.gradle.internal.operations.DefaultBuildOperationRunner] Build operation 'Execute transform' started
2025-03-10T17:43:18.275+0800 [DEBUG] [org.gradle.internal.operations.DefaultBuildOperationRunner] Build operation 'Identifying work' started
2025-03-10T17:43:18.275+0800 [DEBUG] [org.gradle.internal.operations.DefaultBuildOperationRunner] Completing Build operation 'Identifying work'
2025-03-10T17:43:18.275+0800 [DEBUG] [org.gradle.internal.operations.DefaultBuildOperationRunner] Build operation 'Identifying work' started
2025-03-10T17:43:18.275+0800 [DEBUG] [org.gradle.internal.operations.DefaultBuildOperationRunner] Completing Build operation 'Identifying work'
2025-03-10T17:43:18.275+0800 [DEBUG] [org.gradle.internal.operations.DefaultBuildOperationRunner] Build operation 'Identifying work' started
2025-03-10T17:43:18.275+0800 [DEBUG] [org.gradle.internal.operations.DefaultBuildOperationRunner] Completing Build operation 'Identifying work'
2025-03-10T17:43:18.276+0800 [DEBUG] [org.gradle.internal.operations.DefaultBuildOperationRunner] Build operation 'Identifying work' started
2025-03-10T17:43:18.276+0800 [DEBUG] [org.gradle.internal.operations.DefaultBuildOperationRunner] Completing Build operation 'Identifying work'
2025-03-10T17:43:18.276+0800 [DEBUG] [org.gradle.internal.operations.DefaultBuildOperationRunner] Build operation 'Identifying work' started
2025-03-10T17:43:18.273+0800 [DEBUG] [org.gradle.internal.resources.AbstractTrackedResourceLock] Unconstrained build operations Thread 24: acquired lock on worker lease
2025-03-10T17:43:18.273+0800 [DEBUG] [org.gradle.internal.operations.DefaultBuildOperationRunner] Build operation 'Identifying work' started
2025-03-10T17:43:18.276+0800 [DEBUG] [org.gradle.internal.operations.DefaultBuildOperationRunner] Build operation 'Identifying work' started
2025-03-10T17:43:18.276+0800 [DEBUG] [org.gradle.internal.resources.AbstractTrackedResourceLock] Unconstrained build operations Thread 21: released lock on worker lease
2025-03-10T17:43:18.276+0800 [DEBUG] [org.gradle.internal.operations.DefaultBuildOperationRunner] Build operation 'Execute transform' started
2025-03-10T17:43:18.276+0800 [DEBUG] [org.gradle.internal.operations.DefaultBuildOperationRunner] Build operation 'Identifying work' started
2025-03-10T17:43:18.276+0800 [DEBUG] [org.gradle.internal.operations.DefaultBuildOperationRunner] Completing Build operation 'Identifying work'
2025-03-10T17:43:18.276+0800 [DEBUG] [org.gradle.internal.operations.DefaultBuildOperationRunner] Build operation 'Identifying work' started
2025-03-10T17:43:18.274+0800 [DEBUG] [org.gradle.internal.operations.DefaultBuildOperationRunner] Build operation 'Identifying work' started
2025-03-10T17:43:18.276+0800 [DEBUG] [org.gradle.internal.operations.DefaultBuildOperationRunner] Build operation 'Identifying work' started
2025-03-10T17:43:18.276+0800 [DEBUG] [org.gradle.internal.operations.DefaultBuildOperationRunner] Completing Build operation 'Identifying work'
2025-03-10T17:43:18.276+0800 [DEBUG] [org.gradle.internal.operations.DefaultBuildOperationRunner] Build operation 'Identifying work' started
2025-03-10T17:43:18.276+0800 [DEBUG] [org.gradle.internal.operations.DefaultBuildOperationRunner] Completing Build operation 'Identifying work'
2025-03-10T17:43:18.276+0800 [DEBUG] [org.gradle.internal.operations.DefaultBuildOperationRunner] Build operation 'Identifying work' started
2025-03-10T17:43:18.276+0800 [DEBUG] [org.gradle.internal.operations.DefaultBuildOperationRunner] Completing Build operation 'Identifying work'
2025-03-10T17:43:18.276+0800 [DEBUG] [org.gradle.internal.operations.DefaultBuildOperationRunner] Completing Build operation 'Execute transform'
2025-03-10T17:43:18.276+0800 [DEBUG] [org.gradle.internal.operations.DefaultBuildOperationRunner] Build operation 'Execute transform' completed
2025-03-10T17:43:18.276+0800 [DEBUG] [org.gradle.internal.operations.DefaultBuildOperationRunner] Build operation 'Execute transform' started
2025-03-10T17:43:18.276+0800 [DEBUG] [org.gradle.internal.operations.DefaultBuildOperationRunner] Build operation 'Identifying work' started
2025-03-10T17:43:18.276+0800 [DEBUG] [org.gradle.internal.operations.DefaultBuildOperationRunner] Completing Build operation 'Identifying work'
2025-03-10T17:43:18.276+0800 [DEBUG] [org.gradle.internal.operations.DefaultBuildOperationRunner] Build operation 'Identifying work' started
2025-03-10T17:43:18.276+0800 [DEBUG] [org.gradle.internal.operations.DefaultBuildOperationRunner] Completing Build operation 'Identifying work'
2025-03-10T17:43:18.277+0800 [DEBUG] [org.gradle.internal.operations.DefaultBuildOperationRunner] Build operation 'Identifying work' started
2025-03-10T17:43:18.277+0800 [DEBUG] [org.gradle.internal.operations.DefaultBuildOperationRunner] Completing Build operation 'Identifying work'
2025-03-10T17:43:18.276+0800 [DEBUG] [org.gradle.internal.operations.DefaultBuildOperationRunner] Build operation 'Identifying work' started
2025-03-10T17:43:18.276+0800 [DEBUG] [org.gradle.internal.operations.DefaultBuildOperationRunner] Completing Build operation 'Identifying work'
2025-03-10T17:43:18.276+0800 [DEBUG] [org.gradle.internal.resources.AbstractTrackedResourceLock] Unconstrained build operations Thread 21: acquired lock on worker lease
2025-03-10T17:43:18.277+0800 [DEBUG] [org.gradle.internal.operations.DefaultBuildOperationRunner] Build operation 'Execute transform' started
2025-03-10T17:43:18.276+0800 [DEBUG] [org.gradle.internal.operations.DefaultBuildOperationRunner] Completing Build operation 'Identifying work'
2025-03-10T17:43:18.277+0800 [DEBUG] [org.gradle.internal.operations.DefaultBuildOperationRunner] Build operation 'Identifying work' started
2025-03-10T17:43:18.277+0800 [DEBUG] [org.gradle.internal.operations.DefaultBuildOperationRunner] Completing Build operation 'Identifying work'
2025-03-10T17:43:18.277+0800 [DEBUG] [org.gradle.internal.operations.DefaultBuildOperationRunner] Build operation 'Identifying work' started
2025-03-10T17:43:18.276+0800 [DEBUG] [org.gradle.internal.operations.DefaultBuildOperationRunner] Completing Build operation 'Identifying work'
2025-03-10T17:43:18.277+0800 [DEBUG] [org.gradle.internal.operations.DefaultBuildOperationRunner] Build operation 'Identifying work' started
2025-03-10T17:43:18.277+0800 [DEBUG] [org.gradle.internal.operations.DefaultBuildOperationRunner] Completing Build operation 'Identifying work'
2025-03-10T17:43:18.277+0800 [DEBUG] [org.gradle.internal.operations.DefaultBuildOperationRunner] Completing Build operation 'Execute transform'
2025-03-10T17:43:18.277+0800 [DEBUG] [org.gradle.internal.operations.DefaultBuildOperationRunner] Completing Build operation 'Identifying work'
2025-03-10T17:43:18.277+0800 [DEBUG] [org.gradle.internal.operations.DefaultBuildOperationRunner] Completing Build operation 'Execute transform'
2025-03-10T17:43:18.277+0800 [DEBUG] [org.gradle.internal.operations.DefaultBuildOperationRunner] Build operation 'Execute transform' completed
2025-03-10T17:43:18.277+0800 [DEBUG] [org.gradle.internal.operations.DefaultBuildOperationRunner] Build operation 'Identifying work' started
2025-03-10T17:43:18.277+0800 [DEBUG] [org.gradle.internal.operations.DefaultBuildOperationRunner] Completing Build operation 'Identifying work'
2025-03-10T17:43:18.277+0800 [DEBUG] [org.gradle.internal.operations.DefaultBuildOperationRunner] Build operation 'Identifying work' started
2025-03-10T17:43:18.277+0800 [DEBUG] [org.gradle.internal.operations.DefaultBuildOperationRunner] Completing Build operation 'Identifying work'
2025-03-10T17:43:18.277+0800 [DEBUG] [org.gradle.internal.operations.DefaultBuildOperationRunner] Build operation 'Identifying work' started
2025-03-10T17:43:18.277+0800 [DEBUG] [org.gradle.internal.operations.DefaultBuildOperationRunner] Completing Build operation 'Identifying work'
2025-03-10T17:43:18.277+0800 [DEBUG] [org.gradle.internal.operations.DefaultBuildOperationRunner] Build operation 'Identifying work' started
2025-03-10T17:43:18.277+0800 [DEBUG] [org.gradle.internal.resources.AbstractTrackedResourceLock] Unconstrained build operations Thread 23: acquired lock on worker lease
2025-03-10T17:43:18.277+0800 [DEBUG] [org.gradle.internal.operations.DefaultBuildOperationRunner] Build operation 'Identifying work' started
2025-03-10T17:43:18.277+0800 [DEBUG] [org.gradle.internal.operations.DefaultBuildOperationRunner] Completing Build operation 'Identifying work'
2025-03-10T17:43:18.277+0800 [DEBUG] [org.gradle.internal.operations.DefaultBuildOperationRunner] Build operation 'Identifying work' started
2025-03-10T17:43:18.277+0800 [DEBUG] [org.gradle.internal.operations.DefaultBuildOperationRunner] Completing Build operation 'Identifying work'
2025-03-10T17:43:18.277+0800 [DEBUG] [org.gradle.internal.operations.DefaultBuildOperationRunner] Completing Build operation 'Execute transform'
2025-03-10T17:43:18.277+0800 [DEBUG] [org.gradle.internal.operations.DefaultBuildOperationRunner] Build operation 'Execute transform' completed
2025-03-10T17:43:18.277+0800 [DEBUG] [org.gradle.internal.operations.DefaultBuildOperationRunner] Completing Build operation 'Execute transform'
2025-03-10T17:43:18.277+0800 [DEBUG] [org.gradle.internal.operations.DefaultBuildOperationRunner] Build operation 'Execute transform' completed
2025-03-10T17:43:18.276+0800 [DEBUG] [org.gradle.internal.operations.DefaultBuildOperationRunner] Completing Build operation 'Identifying work'
2025-03-10T17:43:18.278+0800 [DEBUG] [org.gradle.internal.operations.DefaultBuildOperationRunner] Build operation 'Identifying work' started
2025-03-10T17:43:18.276+0800 [DEBUG] [org.gradle.internal.operations.DefaultBuildOperationRunner] Completing Build operation 'Identifying work'
2025-03-10T17:43:18.278+0800 [DEBUG] [org.gradle.internal.operations.DefaultBuildOperationRunner] Completing Build operation 'Identifying work'
2025-03-10T17:43:18.278+0800 [DEBUG] [org.gradle.internal.operations.DefaultBuildOperationRunner] Build operation 'Identifying work' started
2025-03-10T17:43:18.278+0800 [DEBUG] [org.gradle.internal.operations.DefaultBuildOperationRunner] Completing Build operation 'Identifying work'
2025-03-10T17:43:18.278+0800 [DEBUG] [org.gradle.internal.operations.DefaultBuildOperationRunner] Build operation 'Identifying work' started
2025-03-10T17:43:18.277+0800 [DEBUG] [org.gradle.internal.operations.DefaultBuildOperationRunner] Build operation 'Execute transform' started
2025-03-10T17:43:18.278+0800 [DEBUG] [org.gradle.internal.operations.DefaultBuildOperationRunner] Build operation 'Identifying work' started
2025-03-10T17:43:18.278+0800 [DEBUG] [org.gradle.internal.operations.DefaultBuildOperationRunner] Completing Build operation 'Identifying work'
2025-03-10T17:43:18.278+0800 [DEBUG] [org.gradle.internal.operations.DefaultBuildOperationRunner] Build operation 'Identifying work' started
2025-03-10T17:43:18.278+0800 [DEBUG] [org.gradle.internal.operations.DefaultBuildOperationRunner] Completing Build operation 'Identifying work'
2025-03-10T17:43:18.278+0800 [DEBUG] [org.gradle.internal.operations.DefaultBuildOperationRunner] Build operation 'Identifying work' started
2025-03-10T17:43:18.278+0800 [DEBUG] [org.gradle.internal.operations.DefaultBuildOperationRunner] Completing Build operation 'Identifying work'
2025-03-10T17:43:18.278+0800 [DEBUG] [org.gradle.internal.operations.DefaultBuildOperationRunner] Build operation 'Identifying work' started
2025-03-10T17:43:18.278+0800 [DEBUG] [org.gradle.internal.operations.DefaultBuildOperationRunner] Completing Build operation 'Identifying work'
2025-03-10T17:43:18.278+0800 [DEBUG] [org.gradle.internal.operations.DefaultBuildOperationRunner] Build operation 'Identifying work' started
2025-03-10T17:43:18.278+0800 [DEBUG] [org.gradle.internal.operations.DefaultBuildOperationRunner] Completing Build operation 'Identifying work'
2025-03-10T17:43:18.278+0800 [DEBUG] [org.gradle.internal.operations.DefaultBuildOperationRunner] Build operation 'Identifying work' started
2025-03-10T17:43:18.278+0800 [DEBUG] [org.gradle.internal.operations.DefaultBuildOperationRunner] Completing Build operation 'Identifying work'
2025-03-10T17:43:18.278+0800 [DEBUG] [org.gradle.internal.operations.DefaultBuildOperationRunner] Build operation 'Identifying work' started
2025-03-10T17:43:18.278+0800 [DEBUG] [org.gradle.internal.operations.DefaultBuildOperationRunner] Completing Build operation 'Identifying work'
2025-03-10T17:43:18.278+0800 [DEBUG] [org.gradle.internal.operations.DefaultBuildOperationRunner] Completing Build operation 'Execute transform'
2025-03-10T17:43:18.278+0800 [DEBUG] [org.gradle.internal.operations.DefaultBuildOperationRunner] Build operation 'Execute transform' completed
2025-03-10T17:43:18.277+0800 [DEBUG] [org.gradle.internal.resources.AbstractTrackedResourceLock] Unconstrained build operations Thread 16: released lock on worker lease
2025-03-10T17:43:18.277+0800 [DEBUG] [org.gradle.internal.operations.DefaultBuildOperationRunner] Completing Build operation 'Identifying work'
2025-03-10T17:43:18.278+0800 [DEBUG] [org.gradle.internal.operations.DefaultBuildOperationRunner] Build operation 'Identifying work' started
2025-03-10T17:43:18.278+0800 [DEBUG] [org.gradle.internal.operations.DefaultBuildOperationRunner] Completing Build operation 'Identifying work'
2025-03-10T17:43:18.278+0800 [DEBUG] [org.gradle.internal.operations.DefaultBuildOperationRunner] Build operation 'Identifying work' started
2025-03-10T17:43:18.278+0800 [DEBUG] [org.gradle.internal.operations.DefaultBuildOperationRunner] Completing Build operation 'Identifying work'
2025-03-10T17:43:18.278+0800 [DEBUG] [org.gradle.internal.operations.DefaultBuildOperationRunner] Build operation 'Identifying work' started
2025-03-10T17:43:18.278+0800 [DEBUG] [org.gradle.internal.operations.DefaultBuildOperationRunner] Completing Build operation 'Identifying work'
2025-03-10T17:43:18.278+0800 [DEBUG] [org.gradle.internal.operations.DefaultBuildOperationRunner] Build operation 'Identifying work' started
2025-03-10T17:43:18.278+0800 [DEBUG] [org.gradle.internal.operations.DefaultBuildOperationRunner] Completing Build operation 'Identifying work'
2025-03-10T17:43:18.279+0800 [DEBUG] [org.gradle.internal.operations.DefaultBuildOperationRunner] Build operation 'Identifying work' started
2025-03-10T17:43:18.279+0800 [DEBUG] [org.gradle.internal.operations.DefaultBuildOperationRunner] Completing Build operation 'Identifying work'
2025-03-10T17:43:18.279+0800 [DEBUG] [org.gradle.internal.operations.DefaultBuildOperationRunner] Completing Build operation 'Execute transform'
2025-03-10T17:43:18.279+0800 [DEBUG] [org.gradle.internal.operations.DefaultBuildOperationRunner] Build operation 'Execute transform' completed
2025-03-10T17:43:18.277+0800 [DEBUG] [org.gradle.internal.operations.DefaultBuildOperationRunner] Completing Build operation 'Identifying work'
2025-03-10T17:43:18.279+0800 [DEBUG] [org.gradle.internal.operations.DefaultBuildOperationRunner] Build operation 'Identifying work' started
2025-03-10T17:43:18.279+0800 [DEBUG] [org.gradle.internal.operations.DefaultBuildOperationRunner] Completing Build operation 'Identifying work'
2025-03-10T17:43:18.279+0800 [DEBUG] [org.gradle.internal.operations.DefaultBuildOperationRunner] Build operation 'Identifying work' started
2025-03-10T17:43:18.279+0800 [DEBUG] [org.gradle.internal.operations.DefaultBuildOperationRunner] Completing Build operation 'Identifying work'
2025-03-10T17:43:18.279+0800 [DEBUG] [org.gradle.internal.operations.DefaultBuildOperationRunner] Build operation 'Identifying work' started
2025-03-10T17:43:18.279+0800 [DEBUG] [org.gradle.internal.operations.DefaultBuildOperationRunner] Completing Build operation 'Identifying work'
2025-03-10T17:43:18.279+0800 [DEBUG] [org.gradle.internal.operations.DefaultBuildOperationRunner] Completing Build operation 'Execute transform'
2025-03-10T17:43:18.279+0800 [DEBUG] [org.gradle.internal.operations.DefaultBuildOperationRunner] Build operation 'Execute transform' completed
2025-03-10T17:43:18.278+0800 [DEBUG] [org.gradle.internal.resources.AbstractTrackedResourceLock] Unconstrained build operations Thread 17: acquired lock on worker lease
2025-03-10T17:43:18.279+0800 [DEBUG] [org.gradle.internal.operations.DefaultBuildOperationRunner] Build operation 'Execute transform' started
2025-03-10T17:43:18.279+0800 [DEBUG] [org.gradle.internal.resources.AbstractTrackedResourceLock] Unconstrained build operations Thread 18: released lock on worker lease
2025-03-10T17:43:18.278+0800 [DEBUG] [org.gradle.internal.operations.DefaultBuildOperationRunner] Completing Build operation 'Identifying work'
2025-03-10T17:43:18.279+0800 [DEBUG] [org.gradle.internal.operations.DefaultBuildOperationRunner] Build operation 'Identifying work' started
2025-03-10T17:43:18.279+0800 [DEBUG] [org.gradle.internal.operations.DefaultBuildOperationRunner] Completing Build operation 'Identifying work'
2025-03-10T17:43:18.279+0800 [DEBUG] [org.gradle.internal.operations.DefaultBuildOperationRunner] Build operation 'Identifying work' started
2025-03-10T17:43:18.279+0800 [DEBUG] [org.gradle.internal.operations.DefaultBuildOperationRunner] Completing Build operation 'Identifying work'
2025-03-10T17:43:18.279+0800 [DEBUG] [org.gradle.internal.operations.DefaultBuildOperationRunner] Build operation 'Identifying work' started
2025-03-10T17:43:18.279+0800 [DEBUG] [org.gradle.internal.operations.DefaultBuildOperationRunner] Completing Build operation 'Identifying work'
2025-03-10T17:43:18.279+0800 [DEBUG] [org.gradle.internal.operations.DefaultBuildOperationRunner] Completing Build operation 'Execute transform'
2025-03-10T17:43:18.279+0800 [DEBUG] [org.gradle.internal.operations.DefaultBuildOperationRunner] Build operation 'Execute transform' completed
2025-03-10T17:43:18.279+0800 [DEBUG] [org.gradle.internal.operations.DefaultBuildOperationRunner] Build operation 'Identifying work' started
2025-03-10T17:43:18.279+0800 [DEBUG] [org.gradle.internal.operations.DefaultBuildOperationRunner] Completing Build operation 'Identifying work'
2025-03-10T17:43:18.279+0800 [DEBUG] [org.gradle.internal.operations.DefaultBuildOperationRunner] Build operation 'Identifying work' started
2025-03-10T17:43:18.279+0800 [DEBUG] [org.gradle.internal.operations.DefaultBuildOperationRunner] Completing Build operation 'Identifying work'
2025-03-10T17:43:18.279+0800 [DEBUG] [org.gradle.internal.operations.DefaultBuildOperationRunner] Build operation 'Identifying work' started
2025-03-10T17:43:18.279+0800 [DEBUG] [org.gradle.internal.operations.DefaultBuildOperationRunner] Completing Build operation 'Identifying work'
2025-03-10T17:43:18.279+0800 [DEBUG] [org.gradle.internal.operations.DefaultBuildOperationRunner] Completing Build operation 'Execute transform'
2025-03-10T17:43:18.279+0800 [DEBUG] [org.gradle.internal.operations.DefaultBuildOperationRunner] Build operation 'Execute transform' completed
2025-03-10T17:43:18.279+0800 [DEBUG] [org.gradle.internal.resources.AbstractTrackedResourceLock] Unconstrained build operations Thread 21: released lock on worker lease
2025-03-10T17:43:18.279+0800 [DEBUG] [org.gradle.internal.operations.DefaultBuildOperationRunner] Build operation 'Identifying work' started
2025-03-10T17:43:18.280+0800 [DEBUG] [org.gradle.internal.resources.AbstractTrackedResourceLock] Unconstrained build operations Thread 24: released lock on worker lease
2025-03-10T17:43:18.280+0800 [DEBUG] [org.gradle.internal.operations.DefaultBuildOperationRunner] Completing Build operation 'Identifying work'
2025-03-10T17:43:18.280+0800 [DEBUG] [org.gradle.internal.operations.DefaultBuildOperationRunner] Build operation 'Identifying work' started
2025-03-10T17:43:18.280+0800 [DEBUG] [org.gradle.internal.operations.DefaultBuildOperationRunner] Completing Build operation 'Identifying work'
2025-03-10T17:43:18.280+0800 [DEBUG] [org.gradle.internal.operations.DefaultBuildOperationRunner] Build operation 'Identifying work' started
2025-03-10T17:43:18.280+0800 [DEBUG] [org.gradle.internal.operations.DefaultBuildOperationRunner] Completing Build operation 'Identifying work'
2025-03-10T17:43:18.280+0800 [DEBUG] [org.gradle.internal.operations.DefaultBuildOperationRunner] Build operation 'Identifying work' started
2025-03-10T17:43:18.280+0800 [DEBUG] [org.gradle.internal.operations.DefaultBuildOperationRunner] Completing Build operation 'Identifying work'
2025-03-10T17:43:18.280+0800 [DEBUG] [org.gradle.internal.resources.AbstractTrackedResourceLock] Unconstrained build operations Thread 23: released lock on worker lease
2025-03-10T17:43:18.280+0800 [DEBUG] [org.gradle.internal.operations.DefaultBuildOperationRunner] Build operation 'Identifying work' started
2025-03-10T17:43:18.280+0800 [DEBUG] [org.gradle.internal.operations.DefaultBuildOperationRunner] Completing Build operation 'Identifying work'
2025-03-10T17:43:18.280+0800 [DEBUG] [org.gradle.internal.operations.DefaultBuildOperationRunner] Build operation 'Identifying work' started
2025-03-10T17:43:18.280+0800 [DEBUG] [org.gradle.internal.operations.DefaultBuildOperationRunner] Completing Build operation 'Identifying work'
2025-03-10T17:43:18.280+0800 [DEBUG] [org.gradle.internal.operations.DefaultBuildOperationRunner] Build operation 'Identifying work' started
2025-03-10T17:43:18.280+0800 [DEBUG] [org.gradle.internal.operations.DefaultBuildOperationRunner] Completing Build operation 'Identifying work'
2025-03-10T17:43:18.281+0800 [DEBUG] [org.gradle.internal.operations.DefaultBuildOperationRunner] Completing Build operation 'Execute transform'
2025-03-10T17:43:18.281+0800 [DEBUG] [org.gradle.internal.operations.DefaultBuildOperationRunner] Build operation 'Execute transform' completed
2025-03-10T17:43:18.280+0800 [DEBUG] [org.gradle.internal.resources.AbstractTrackedResourceLock] Unconstrained build operations Thread 19: released lock on worker lease
2025-03-10T17:43:18.281+0800 [DEBUG] [org.gradle.internal.resources.AbstractTrackedResourceLock] Unconstrained build operations Thread 20: released lock on worker lease
2025-03-10T17:43:18.281+0800 [DEBUG] [org.gradle.internal.resources.AbstractTrackedResourceLock] Unconstrained build operations Thread 26: released lock on worker lease
2025-03-10T17:43:18.281+0800 [DEBUG] [org.gradle.internal.resources.AbstractTrackedResourceLock] Unconstrained build operations Thread 17: released lock on worker lease
2025-03-10T17:43:18.281+0800 [DEBUG] [org.gradle.internal.resources.AbstractTrackedResourceLock] Unconstrained build operations Thread 22: released lock on worker lease
2025-03-10T17:43:18.281+0800 [DEBUG] [org.gradle.internal.resources.AbstractTrackedResourceLock] Unconstrained build operations Thread 25: released lock on worker lease
2025-03-10T17:43:18.281+0800 [DEBUG] [org.gradle.internal.operations.DefaultBuildOperationRunner] Completing Build operation 'Resolve files of configuration ':classpath''
2025-03-10T17:43:18.281+0800 [DEBUG] [org.gradle.internal.operations.DefaultBuildOperationRunner] Build operation 'Resolve files of configuration ':classpath'' started
2025-03-10T17:43:18.281+0800 [DEBUG] [org.gradle.internal.operations.DefaultBuildOperationRunner] Completing Build operation 'Resolve files of configuration ':classpath''
2025-03-10T17:43:18.282+0800 [DEBUG] [org.gradle.internal.operations.DefaultBuildOperationRunner] Build operation 'Apply plugin org.jetbrains.kotlin.jvm to root project 'MyApplicationBackend'' started
2025-03-10T17:43:18.285+0800 [DEBUG] [org.gradle.internal.operations.DefaultBuildOperationRunner] Build operation 'Apply plugin org.gradle.api.plugins.JavaPlugin to root project 'MyApplicationBackend'' started
2025-03-10T17:43:18.285+0800 [DEBUG] [org.gradle.internal.operations.DefaultBuildOperationRunner] Build operation 'Apply plugin org.gradle.api.plugins.JavaBasePlugin to root project 'MyApplicationBackend'' started
2025-03-10T17:43:18.285+0800 [DEBUG] [org.gradle.internal.operations.DefaultBuildOperationRunner] Build operation 'Apply plugin org.gradle.api.plugins.BasePlugin to root project 'MyApplicationBackend'' started
2025-03-10T17:43:18.285+0800 [DEBUG] [org.gradle.internal.operations.DefaultBuildOperationRunner] Build operation 'Apply plugin org.gradle.language.base.plugins.LifecycleBasePlugin to root project 'MyApplicationBackend'' started
2025-03-10T17:43:18.285+0800 [DEBUG] [org.gradle.internal.operations.DefaultBuildOperationRunner] Build operation 'Register task :clean' started
2025-03-10T17:43:18.285+0800 [DEBUG] [org.gradle.internal.operations.DefaultBuildOperationRunner] Completing Build operation 'Register task :clean'
2025-03-10T17:43:18.285+0800 [DEBUG] [org.gradle.internal.operations.DefaultBuildOperationRunner] Build operation 'Register task :assemble' started
2025-03-10T17:43:18.285+0800 [DEBUG] [org.gradle.internal.operations.DefaultBuildOperationRunner] Completing Build operation 'Register task :assemble'
2025-03-10T17:43:18.285+0800 [DEBUG] [org.gradle.internal.operations.DefaultBuildOperationRunner] Build operation 'Register task :check' started
2025-03-10T17:43:18.285+0800 [DEBUG] [org.gradle.internal.operations.DefaultBuildOperationRunner] Completing Build operation 'Register task :check'
2025-03-10T17:43:18.285+0800 [DEBUG] [org.gradle.internal.operations.DefaultBuildOperationRunner] Build operation 'Register task :build' started
2025-03-10T17:43:18.285+0800 [DEBUG] [org.gradle.internal.operations.DefaultBuildOperationRunner] Completing Build operation 'Register task :build'
2025-03-10T17:43:18.285+0800 [DEBUG] [org.gradle.internal.operations.DefaultBuildOperationRunner] Completing Build operation 'Apply plugin org.gradle.language.base.plugins.LifecycleBasePlugin to root project 'MyApplicationBackend''
2025-03-10T17:43:18.285+0800 [DEBUG] [org.gradle.internal.operations.DefaultBuildOperationRunner] Build operation 'Execute container callback action' started
2025-03-10T17:43:18.285+0800 [DEBUG] [org.gradle.internal.operations.DefaultBuildOperationRunner] Completing Build operation 'Execute container callback action'
2025-03-10T17:43:18.285+0800 [DEBUG] [org.gradle.internal.operations.DefaultBuildOperationRunner] Build operation 'Execute container callback action' started
2025-03-10T17:43:18.285+0800 [DEBUG] [org.gradle.internal.operations.DefaultBuildOperationRunner] Completing Build operation 'Execute container callback action'
2025-03-10T17:43:18.285+0800 [DEBUG] [org.gradle.internal.operations.DefaultBuildOperationRunner] Build operation 'Execute container callback action' started
2025-03-10T17:43:18.285+0800 [DEBUG] [org.gradle.internal.operations.DefaultBuildOperationRunner] Completing Build operation 'Execute container callback action'
2025-03-10T17:43:18.285+0800 [DEBUG] [org.gradle.internal.operations.DefaultBuildOperationRunner] Build operation 'Execute container callback action' started
2025-03-10T17:43:18.285+0800 [DEBUG] [org.gradle.internal.operations.DefaultBuildOperationRunner] Completing Build operation 'Execute container callback action'
2025-03-10T17:43:18.285+0800 [DEBUG] [org.gradle.internal.operations.DefaultBuildOperationRunner] Build operation 'Execute container callback action' started
2025-03-10T17:43:18.286+0800 [DEBUG] [org.gradle.internal.operations.DefaultBuildOperationRunner] Completing Build operation 'Execute container callback action'
2025-03-10T17:43:18.286+0800 [DEBUG] [org.gradle.internal.operations.DefaultBuildOperationRunner] Build operation 'Execute container callback action' started
2025-03-10T17:43:18.286+0800 [DEBUG] [org.gradle.internal.operations.DefaultBuildOperationRunner] Completing Build operation 'Execute container callback action'
2025-03-10T17:43:18.286+0800 [DEBUG] [org.gradle.internal.operations.DefaultBuildOperationRunner] Build operation 'Execute container callback action' started
2025-03-10T17:43:18.286+0800 [DEBUG] [org.gradle.internal.operations.DefaultBuildOperationRunner] Completing Build operation 'Execute container callback action'
2025-03-10T17:43:18.286+0800 [DEBUG] [org.gradle.internal.operations.DefaultBuildOperationRunner] Completing Build operation 'Apply plugin org.gradle.api.plugins.BasePlugin to root project 'MyApplicationBackend''
2025-03-10T17:43:18.286+0800 [DEBUG] [org.gradle.internal.operations.DefaultBuildOperationRunner] Build operation 'Apply plugin org.gradle.api.plugins.JvmEcosystemPlugin to root project 'MyApplicationBackend'' started
2025-03-10T17:43:18.286+0800 [DEBUG] [org.gradle.internal.operations.DefaultBuildOperationRunner] Completing Build operation 'Apply plugin org.gradle.api.plugins.JvmEcosystemPlugin to root project 'MyApplicationBackend''
2025-03-10T17:43:18.286+0800 [DEBUG] [org.gradle.internal.operations.DefaultBuildOperationRunner] Build operation 'Apply plugin org.gradle.api.plugins.ReportingBasePlugin to root project 'MyApplicationBackend'' started
2025-03-10T17:43:18.286+0800 [DEBUG] [org.gradle.internal.operations.DefaultBuildOperationRunner] Completing Build operation 'Apply plugin org.gradle.api.plugins.ReportingBasePlugin to root project 'MyApplicationBackend''
2025-03-10T17:43:18.286+0800 [DEBUG] [org.gradle.internal.operations.DefaultBuildOperationRunner] Build operation 'Apply plugin org.gradle.api.plugins.JvmToolchainsPlugin to root project 'MyApplicationBackend'' started
2025-03-10T17:43:18.286+0800 [DEBUG] [org.gradle.internal.operations.DefaultBuildOperationRunner] Completing Build operation 'Apply plugin org.gradle.api.plugins.JvmToolchainsPlugin to root project 'MyApplicationBackend''
2025-03-10T17:43:18.287+0800 [DEBUG] [org.gradle.internal.operations.DefaultBuildOperationRunner] Build operation 'Register task :buildNeeded' started
2025-03-10T17:43:18.287+0800 [DEBUG] [org.gradle.internal.operations.DefaultBuildOperationRunner] Completing Build operation 'Register task :buildNeeded'
2025-03-10T17:43:18.287+0800 [DEBUG] [org.gradle.internal.operations.DefaultBuildOperationRunner] Build operation 'Register task :buildDependents' started
2025-03-10T17:43:18.287+0800 [DEBUG] [org.gradle.internal.operations.DefaultBuildOperationRunner] Completing Build operation 'Register task :buildDependents'
2025-03-10T17:43:18.287+0800 [DEBUG] [org.gradle.internal.operations.DefaultBuildOperationRunner] Build operation 'Execute container callback action' started
2025-03-10T17:43:18.287+0800 [DEBUG] [org.gradle.internal.operations.DefaultBuildOperationRunner] Build operation 'Execute container callback action' started
2025-03-10T17:43:18.287+0800 [DEBUG] [org.gradle.internal.operations.DefaultBuildOperationRunner] Completing Build operation 'Execute container callback action'
2025-03-10T17:43:18.287+0800 [DEBUG] [org.gradle.internal.operations.DefaultBuildOperationRunner] Completing Build operation 'Execute container callback action'
2025-03-10T17:43:18.287+0800 [DEBUG] [org.gradle.internal.operations.DefaultBuildOperationRunner] Completing Build operation 'Apply plugin org.gradle.api.plugins.JavaBasePlugin to root project 'MyApplicationBackend''
2025-03-10T17:43:18.287+0800 [DEBUG] [org.gradle.internal.operations.DefaultBuildOperationRunner] Build operation 'Apply plugin org.gradle.jvm-test-suite to root project 'MyApplicationBackend'' started
2025-03-10T17:43:18.287+0800 [DEBUG] [org.gradle.internal.operations.DefaultBuildOperationRunner] Build operation 'Apply plugin org.gradle.testing.base.plugins.TestSuiteBasePlugin to root project 'MyApplicationBackend'' started
2025-03-10T17:43:18.287+0800 [DEBUG] [org.gradle.internal.operations.DefaultBuildOperationRunner] Completing Build operation 'Apply plugin org.gradle.testing.base.plugins.TestSuiteBasePlugin to root project 'MyApplicationBackend''
2025-03-10T17:43:18.287+0800 [DEBUG] [org.gradle.internal.operations.DefaultBuildOperationRunner] Completing Build operation 'Apply plugin org.gradle.jvm-test-suite to root project 'MyApplicationBackend''
2025-03-10T17:43:18.287+0800 [DEBUG] [org.gradle.internal.operations.DefaultBuildOperationRunner] Build operation 'Execute container callback action' started
2025-03-10T17:43:18.287+0800 [DEBUG] [org.gradle.internal.operations.DefaultBuildOperationRunner] Build operation 'Execute container callback action' started
2025-03-10T17:43:18.287+0800 [DEBUG] [org.gradle.internal.operations.DefaultBuildOperationRunner] Completing Build operation 'Execute container callback action'
2025-03-10T17:43:18.287+0800 [DEBUG] [org.gradle.internal.operations.DefaultBuildOperationRunner] Build operation 'Execute container callback action' started
2025-03-10T17:43:18.287+0800 [DEBUG] [org.gradle.internal.operations.DefaultBuildOperationRunner] Completing Build operation 'Execute container callback action'
2025-03-10T17:43:18.287+0800 [DEBUG] [org.gradle.internal.operations.DefaultBuildOperationRunner] Build operation 'Execute container callback action' started
2025-03-10T17:43:18.287+0800 [DEBUG] [org.gradle.internal.operations.DefaultBuildOperationRunner] Completing Build operation 'Execute container callback action'
2025-03-10T17:43:18.287+0800 [DEBUG] [org.gradle.internal.operations.DefaultBuildOperationRunner] Build operation 'Execute container callback action' started
2025-03-10T17:43:18.287+0800 [DEBUG] [org.gradle.internal.operations.DefaultBuildOperationRunner] Completing Build operation 'Execute container callback action'
2025-03-10T17:43:18.287+0800 [DEBUG] [org.gradle.internal.operations.DefaultBuildOperationRunner] Build operation 'Execute container callback action' started
2025-03-10T17:43:18.287+0800 [DEBUG] [org.gradle.internal.operations.DefaultBuildOperationRunner] Completing Build operation 'Execute container callback action'
2025-03-10T17:43:18.288+0800 [DEBUG] [org.gradle.internal.operations.DefaultBuildOperationRunner] Build operation 'Execute container callback action' started
2025-03-10T17:43:18.288+0800 [DEBUG] [org.gradle.internal.operations.DefaultBuildOperationRunner] Completing Build operation 'Execute container callback action'
2025-03-10T17:43:18.288+0800 [DEBUG] [org.gradle.internal.operations.DefaultBuildOperationRunner] Build operation 'Register task :processResources' started
2025-03-10T17:43:18.288+0800 [DEBUG] [org.gradle.internal.operations.DefaultBuildOperationRunner] Completing Build operation 'Register task :processResources'
2025-03-10T17:43:18.288+0800 [DEBUG] [org.gradle.internal.operations.DefaultBuildOperationRunner] Build operation 'Register task :compileJava' started
2025-03-10T17:43:18.288+0800 [DEBUG] [org.gradle.internal.operations.DefaultBuildOperationRunner] Completing Build operation 'Register task :compileJava'
2025-03-10T17:43:18.288+0800 [DEBUG] [org.gradle.internal.operations.DefaultBuildOperationRunner] Build operation 'Register task :classes' started
2025-03-10T17:43:18.288+0800 [DEBUG] [org.gradle.internal.operations.DefaultBuildOperationRunner] Completing Build operation 'Register task :classes'
2025-03-10T17:43:18.288+0800 [DEBUG] [org.gradle.internal.operations.DefaultBuildOperationRunner] Completing Build operation 'Execute container callback action'
2025-03-10T17:43:18.288+0800 [DEBUG] [org.gradle.internal.operations.DefaultBuildOperationRunner] Build operation 'Register task :jar' started
2025-03-10T17:43:18.288+0800 [DEBUG] [org.gradle.internal.operations.DefaultBuildOperationRunner] Completing Build operation 'Register task :jar'
2025-03-10T17:43:18.288+0800 [DEBUG] [org.gradle.internal.operations.DefaultBuildOperationRunner] Build operation 'Execute container callback action' started
2025-03-10T17:43:18.288+0800 [DEBUG] [org.gradle.internal.operations.DefaultBuildOperationRunner] Completing Build operation 'Execute container callback action'
2025-03-10T17:43:18.288+0800 [DEBUG] [org.gradle.internal.operations.DefaultBuildOperationRunner] Build operation 'Execute container callback action' started
2025-03-10T17:43:18.288+0800 [DEBUG] [org.gradle.internal.operations.DefaultBuildOperationRunner] Completing Build operation 'Execute container callback action'
2025-03-10T17:43:18.288+0800 [DEBUG] [org.gradle.internal.operations.DefaultBuildOperationRunner] Build operation 'Execute container callback action' started
2025-03-10T17:43:18.288+0800 [DEBUG] [org.gradle.internal.operations.DefaultBuildOperationRunner] Completing Build operation 'Execute container callback action'
2025-03-10T17:43:18.288+0800 [DEBUG] [org.gradle.internal.operations.DefaultBuildOperationRunner] Build operation 'Execute container callback action' started
2025-03-10T17:43:18.288+0800 [DEBUG] [org.gradle.internal.operations.DefaultBuildOperationRunner] Completing Build operation 'Execute container callback action'
2025-03-10T17:43:18.288+0800 [DEBUG] [org.gradle.internal.operations.DefaultBuildOperationRunner] Build operation 'Register task :javadoc' started
2025-03-10T17:43:18.288+0800 [DEBUG] [org.gradle.internal.operations.DefaultBuildOperationRunner] Completing Build operation 'Register task :javadoc'
2025-03-10T17:43:18.288+0800 [DEBUG] [org.gradle.internal.operations.DefaultBuildOperationRunner] Build operation 'Execute container callback action' started
2025-03-10T17:43:18.288+0800 [DEBUG] [org.gradle.internal.operations.DefaultBuildOperationRunner] Completing Build operation 'Execute container callback action'
2025-03-10T17:43:18.289+0800 [DEBUG] [org.gradle.internal.operations.DefaultBuildOperationRunner] Build operation 'Execute container callback action' started
2025-03-10T17:43:18.289+0800 [DEBUG] [org.gradle.internal.operations.DefaultBuildOperationRunner] Build operation 'Execute container callback action' started
2025-03-10T17:43:18.289+0800 [DEBUG] [org.gradle.internal.operations.DefaultBuildOperationRunner] Completing Build operation 'Execute container callback action'
2025-03-10T17:43:18.289+0800 [DEBUG] [org.gradle.internal.operations.DefaultBuildOperationRunner] Build operation 'Execute container callback action' started
2025-03-10T17:43:18.289+0800 [DEBUG] [org.gradle.internal.operations.DefaultBuildOperationRunner] Completing Build operation 'Execute container callback action'
2025-03-10T17:43:18.289+0800 [DEBUG] [org.gradle.internal.operations.DefaultBuildOperationRunner] Build operation 'Execute container callback action' started
2025-03-10T17:43:18.289+0800 [DEBUG] [org.gradle.internal.operations.DefaultBuildOperationRunner] Completing Build operation 'Execute container callback action'
2025-03-10T17:43:18.289+0800 [DEBUG] [org.gradle.internal.operations.DefaultBuildOperationRunner] Build operation 'Execute container callback action' started
2025-03-10T17:43:18.289+0800 [DEBUG] [org.gradle.internal.operations.DefaultBuildOperationRunner] Completing Build operation 'Execute container callback action'
2025-03-10T17:43:18.289+0800 [DEBUG] [org.gradle.internal.operations.DefaultBuildOperationRunner] Build operation 'Execute container callback action' started
2025-03-10T17:43:18.289+0800 [DEBUG] [org.gradle.internal.operations.DefaultBuildOperationRunner] Completing Build operation 'Execute container callback action'
2025-03-10T17:43:18.289+0800 [DEBUG] [org.gradle.internal.operations.DefaultBuildOperationRunner] Build operation 'Execute container callback action' started
2025-03-10T17:43:18.289+0800 [DEBUG] [org.gradle.internal.operations.DefaultBuildOperationRunner] Completing Build operation 'Execute container callback action'
2025-03-10T17:43:18.289+0800 [DEBUG] [org.gradle.internal.operations.DefaultBuildOperationRunner] Build operation 'Register task :processTestResources' started
2025-03-10T17:43:18.289+0800 [DEBUG] [org.gradle.internal.operations.DefaultBuildOperationRunner] Completing Build operation 'Register task :processTestResources'
2025-03-10T17:43:18.289+0800 [DEBUG] [org.gradle.internal.operations.DefaultBuildOperationRunner] Build operation 'Register task :compileTestJava' started
2025-03-10T17:43:18.289+0800 [DEBUG] [org.gradle.internal.operations.DefaultBuildOperationRunner] Completing Build operation 'Register task :compileTestJava'
2025-03-10T17:43:18.289+0800 [DEBUG] [org.gradle.internal.operations.DefaultBuildOperationRunner] Build operation 'Register task :testClasses' started
2025-03-10T17:43:18.289+0800 [DEBUG] [org.gradle.internal.operations.DefaultBuildOperationRunner] Completing Build operation 'Register task :testClasses'
2025-03-10T17:43:18.289+0800 [DEBUG] [org.gradle.internal.operations.DefaultBuildOperationRunner] Completing Build operation 'Execute container callback action'
2025-03-10T17:43:18.289+0800 [DEBUG] [org.gradle.internal.operations.DefaultBuildOperationRunner] Build operation 'Execute container callback action' started
2025-03-10T17:43:18.289+0800 [DEBUG] [org.gradle.internal.operations.DefaultBuildOperationRunner] Build operation 'Register task :test' started
2025-03-10T17:43:18.289+0800 [DEBUG] [org.gradle.internal.operations.DefaultBuildOperationRunner] Completing Build operation 'Register task :test'
2025-03-10T17:43:18.289+0800 [DEBUG] [org.gradle.internal.operations.DefaultBuildOperationRunner] Build operation 'Execute container callback action' started
2025-03-10T17:43:18.289+0800 [DEBUG] [org.gradle.internal.operations.DefaultBuildOperationRunner] Completing Build operation 'Execute container callback action'
2025-03-10T17:43:18.289+0800 [DEBUG] [org.gradle.internal.operations.DefaultBuildOperationRunner] Build operation 'Execute container callback action' started
2025-03-10T17:43:18.289+0800 [DEBUG] [org.gradle.internal.operations.DefaultBuildOperationRunner] Completing Build operation 'Execute container callback action'
2025-03-10T17:43:18.290+0800 [DEBUG] [org.gradle.internal.operations.DefaultBuildOperationRunner] Completing Build operation 'Execute container callback action'
2025-03-10T17:43:18.290+0800 [DEBUG] [org.gradle.internal.operations.DefaultBuildOperationRunner] Build operation 'Execute container callback action' started
2025-03-10T17:43:18.290+0800 [DEBUG] [org.gradle.internal.operations.DefaultBuildOperationRunner] Build operation 'Execute container callback action' started
2025-03-10T17:43:18.290+0800 [DEBUG] [org.gradle.internal.operations.DefaultBuildOperationRunner] Build operation 'Execute container callback action' started
2025-03-10T17:43:18.290+0800 [DEBUG] [org.gradle.internal.operations.DefaultBuildOperationRunner] Completing Build operation 'Execute container callback action'
2025-03-10T17:43:18.290+0800 [DEBUG] [org.gradle.internal.operations.DefaultBuildOperationRunner] Build operation 'Execute container callback action' started
2025-03-10T17:43:18.290+0800 [DEBUG] [org.gradle.internal.operations.DefaultBuildOperationRunner] Completing Build operation 'Execute container callback action'
2025-03-10T17:43:18.290+0800 [DEBUG] [org.gradle.internal.operations.DefaultBuildOperationRunner] Completing Build operation 'Execute container callback action'
2025-03-10T17:43:18.290+0800 [DEBUG] [org.gradle.internal.operations.DefaultBuildOperationRunner] Completing Build operation 'Execute container callback action'
2025-03-10T17:43:18.290+0800 [DEBUG] [org.gradle.internal.operations.DefaultBuildOperationRunner] Build operation 'Execute container callback action' started
2025-03-10T17:43:18.290+0800 [DEBUG] [org.gradle.internal.operations.DefaultBuildOperationRunner] Completing Build operation 'Execute container callback action'
2025-03-10T17:43:18.290+0800 [DEBUG] [org.gradle.internal.operations.DefaultBuildOperationRunner] Build operation 'Execute container callback action' started
2025-03-10T17:43:18.290+0800 [DEBUG] [org.gradle.internal.operations.DefaultBuildOperationRunner] Completing Build operation 'Execute container callback action'
2025-03-10T17:43:18.290+0800 [DEBUG] [org.gradle.internal.operations.DefaultBuildOperationRunner] Build operation 'Execute container callback action' started
2025-03-10T17:43:18.290+0800 [DEBUG] [org.gradle.internal.operations.DefaultBuildOperationRunner] Completing Build operation 'Execute container callback action'
2025-03-10T17:43:18.290+0800 [DEBUG] [org.gradle.internal.operations.DefaultBuildOperationRunner] Completing Build operation 'Apply plugin org.gradle.api.plugins.JavaPlugin to root project 'MyApplicationBackend''
2025-03-10T17:43:18.290+0800 [DEBUG] [org.gradle.internal.operations.DefaultBuildOperationRunner] Build operation 'Execute container callback action' started
2025-03-10T17:43:18.290+0800 [DEBUG] [org.gradle.internal.operations.DefaultBuildOperationRunner] Build operation 'Execute container callback action' started
2025-03-10T17:43:18.290+0800 [DEBUG] [org.gradle.internal.operations.DefaultBuildOperationRunner] Completing Build operation 'Execute container callback action'
2025-03-10T17:43:18.290+0800 [DEBUG] [org.gradle.internal.operations.DefaultBuildOperationRunner] Build operation 'Execute container callback action' started
2025-03-10T17:43:18.290+0800 [DEBUG] [org.gradle.internal.operations.DefaultBuildOperationRunner] Completing Build operation 'Execute container callback action'
2025-03-10T17:43:18.290+0800 [DEBUG] [org.gradle.internal.operations.DefaultBuildOperationRunner] Build operation 'Execute container callback action' started
2025-03-10T17:43:18.290+0800 [DEBUG] [org.gradle.internal.operations.DefaultBuildOperationRunner] Completing Build operation 'Execute container callback action'
2025-03-10T17:43:18.290+0800 [DEBUG] [org.gradle.internal.operations.DefaultBuildOperationRunner] Build operation 'Execute container callback action' started
2025-03-10T17:43:18.290+0800 [DEBUG] [org.gradle.internal.operations.DefaultBuildOperationRunner] Completing Build operation 'Execute container callback action'
2025-03-10T17:43:18.291+0800 [DEBUG] [org.gradle.internal.operations.DefaultBuildOperationRunner] Build operation 'Execute container callback action' started
2025-03-10T17:43:18.291+0800 [DEBUG] [org.gradle.internal.operations.DefaultBuildOperationRunner] Completing Build operation 'Execute container callback action'
2025-03-10T17:43:18.291+0800 [DEBUG] [org.gradle.internal.operations.DefaultBuildOperationRunner] Build operation 'Execute container callback action' started
2025-03-10T17:43:18.291+0800 [DEBUG] [org.gradle.internal.operations.DefaultBuildOperationRunner] Completing Build operation 'Execute container callback action'
2025-03-10T17:43:18.291+0800 [DEBUG] [org.gradle.internal.operations.DefaultBuildOperationRunner] Build operation 'Execute container callback action' started
2025-03-10T17:43:18.291+0800 [DEBUG] [org.gradle.internal.operations.DefaultBuildOperationRunner] Completing Build operation 'Execute container callback action'
2025-03-10T17:43:18.291+0800 [DEBUG] [org.gradle.internal.operations.DefaultBuildOperationRunner] Build operation 'Execute container callback action' started
2025-03-10T17:43:18.291+0800 [DEBUG] [org.gradle.internal.operations.DefaultBuildOperationRunner] Completing Build operation 'Execute container callback action'
2025-03-10T17:43:18.291+0800 [DEBUG] [org.gradle.internal.operations.DefaultBuildOperationRunner] Completing Build operation 'Execute container callback action'
2025-03-10T17:43:18.291+0800 [DEBUG] [org.gradle.internal.operations.DefaultBuildOperationRunner] Build operation 'Execute container callback action' started
2025-03-10T17:43:18.291+0800 [DEBUG] [org.gradle.internal.operations.DefaultBuildOperationRunner] Build operation 'Execute container callback action' started
2025-03-10T17:43:18.291+0800 [DEBUG] [org.gradle.internal.operations.DefaultBuildOperationRunner] Completing Build operation 'Execute container callback action'
2025-03-10T17:43:18.291+0800 [DEBUG] [org.gradle.internal.operations.DefaultBuildOperationRunner] Build operation 'Execute container callback action' started
2025-03-10T17:43:18.291+0800 [DEBUG] [org.gradle.internal.operations.DefaultBuildOperationRunner] Completing Build operation 'Execute container callback action'
2025-03-10T17:43:18.291+0800 [DEBUG] [org.gradle.internal.operations.DefaultBuildOperationRunner] Build operation 'Execute container callback action' started
2025-03-10T17:43:18.291+0800 [DEBUG] [org.gradle.internal.operations.DefaultBuildOperationRunner] Completing Build operation 'Execute container callback action'
2025-03-10T17:43:18.291+0800 [DEBUG] [org.gradle.internal.operations.DefaultBuildOperationRunner] Build operation 'Execute container callback action' started
2025-03-10T17:43:18.292+0800 [DEBUG] [org.gradle.internal.operations.DefaultBuildOperationRunner] Completing Build operation 'Execute container callback action'
2025-03-10T17:43:18.292+0800 [DEBUG] [org.gradle.internal.operations.DefaultBuildOperationRunner] Build operation 'Execute container callback action' started
2025-03-10T17:43:18.292+0800 [DEBUG] [org.gradle.internal.operations.DefaultBuildOperationRunner] Completing Build operation 'Execute container callback action'
2025-03-10T17:43:18.292+0800 [DEBUG] [org.gradle.internal.operations.DefaultBuildOperationRunner] Build operation 'Execute container callback action' started
2025-03-10T17:43:18.292+0800 [DEBUG] [org.gradle.internal.operations.DefaultBuildOperationRunner] Completing Build operation 'Execute container callback action'
2025-03-10T17:43:18.292+0800 [DEBUG] [org.gradle.internal.operations.DefaultBuildOperationRunner] Build operation 'Execute container callback action' started
2025-03-10T17:43:18.292+0800 [DEBUG] [org.gradle.internal.operations.DefaultBuildOperationRunner] Completing Build operation 'Execute container callback action'
2025-03-10T17:43:18.292+0800 [DEBUG] [org.gradle.internal.operations.DefaultBuildOperationRunner] Build operation 'Execute container callback action' started
2025-03-10T17:43:18.292+0800 [DEBUG] [org.gradle.internal.operations.DefaultBuildOperationRunner] Completing Build operation 'Execute container callback action'
2025-03-10T17:43:18.292+0800 [DEBUG] [org.gradle.internal.operations.DefaultBuildOperationRunner] Build operation 'Execute container callback action' started
2025-03-10T17:43:18.292+0800 [DEBUG] [org.gradle.internal.operations.DefaultBuildOperationRunner] Completing Build operation 'Execute container callback action'
2025-03-10T17:43:18.292+0800 [DEBUG] [org.gradle.internal.operations.DefaultBuildOperationRunner] Completing Build operation 'Execute container callback action'
2025-03-10T17:43:18.292+0800 [DEBUG] [org.gradle.internal.operations.DefaultBuildOperationRunner] Build operation 'Execute container callback action' started
2025-03-10T17:43:18.292+0800 [DEBUG] [org.gradle.internal.operations.DefaultBuildOperationRunner] Completing Build operation 'Execute container callback action'
2025-03-10T17:43:18.292+0800 [DEBUG] [org.gradle.internal.operations.DefaultBuildOperationRunner] Build operation 'Execute container callback action' started
2025-03-10T17:43:18.292+0800 [DEBUG] [org.gradle.internal.operations.DefaultBuildOperationRunner] Completing Build operation 'Execute container callback action'
2025-03-10T17:43:18.292+0800 [DEBUG] [org.gradle.internal.operations.DefaultBuildOperationRunner] Build operation 'Execute container callback action' started
2025-03-10T17:43:18.293+0800 [DEBUG] [org.gradle.internal.operations.DefaultBuildOperationRunner] Build operation 'Register task :compileKotlin' started
2025-03-10T17:43:18.293+0800 [DEBUG] [org.gradle.internal.operations.DefaultBuildOperationRunner] Completing Build operation 'Register task :compileKotlin'
2025-03-10T17:43:18.293+0800 [DEBUG] [org.gradle.internal.operations.DefaultBuildOperationRunner] Build operation 'Execute container callback action' started
2025-03-10T17:43:18.293+0800 [DEBUG] [org.gradle.internal.operations.DefaultBuildOperationRunner] Completing Build operation 'Execute container callback action'
2025-03-10T17:43:18.293+0800 [DEBUG] [org.gradle.internal.operations.DefaultBuildOperationRunner] Build operation 'Execute container callback action' started
2025-03-10T17:43:18.293+0800 [DEBUG] [org.gradle.internal.operations.DefaultBuildOperationRunner] Completing Build operation 'Execute container callback action'
2025-03-10T17:43:18.293+0800 [DEBUG] [org.gradle.internal.operations.DefaultBuildOperationRunner] Build operation 'Execute container callback action' started
2025-03-10T17:43:18.293+0800 [DEBUG] [org.gradle.internal.operations.DefaultBuildOperationRunner] Completing Build operation 'Execute container callback action'
2025-03-10T17:43:18.294+0800 [DEBUG] [org.gradle.internal.operations.DefaultBuildOperationRunner] Build operation 'Register task :mainClasses' started
2025-03-10T17:43:18.294+0800 [DEBUG] [org.gradle.internal.operations.DefaultBuildOperationRunner] Completing Build operation 'Register task :mainClasses'
2025-03-10T17:43:18.294+0800 [DEBUG] [org.gradle.internal.operations.DefaultBuildOperationRunner] Completing Build operation 'Execute container callback action'
2025-03-10T17:43:18.294+0800 [DEBUG] [org.gradle.internal.operations.DefaultBuildOperationRunner] Build operation 'Execute container callback action' started
2025-03-10T17:43:18.294+0800 [DEBUG] [org.gradle.internal.operations.DefaultBuildOperationRunner] Build operation 'Register task :compileTestKotlin' started
2025-03-10T17:43:18.294+0800 [DEBUG] [org.gradle.internal.operations.DefaultBuildOperationRunner] Completing Build operation 'Register task :compileTestKotlin'
2025-03-10T17:43:18.294+0800 [DEBUG] [org.gradle.internal.operations.DefaultBuildOperationRunner] Build operation 'Execute container callback action' started
2025-03-10T17:43:18.294+0800 [DEBUG] [org.gradle.internal.operations.DefaultBuildOperationRunner] Completing Build operation 'Execute container callback action'
2025-03-10T17:43:18.294+0800 [DEBUG] [org.gradle.internal.operations.DefaultBuildOperationRunner] Build operation 'Execute container callback action' started
2025-03-10T17:43:18.294+0800 [DEBUG] [org.gradle.internal.operations.DefaultBuildOperationRunner] Completing Build operation 'Execute container callback action'
2025-03-10T17:43:18.294+0800 [DEBUG] [org.gradle.internal.operations.DefaultBuildOperationRunner] Build operation 'Execute container callback action' started
2025-03-10T17:43:18.294+0800 [DEBUG] [org.gradle.internal.operations.DefaultBuildOperationRunner] Completing Build operation 'Execute container callback action'
2025-03-10T17:43:18.294+0800 [DEBUG] [org.gradle.internal.operations.DefaultBuildOperationRunner] Completing Build operation 'Execute container callback action'
2025-03-10T17:43:18.295+0800 [DEBUG] [org.gradle.internal.operations.DefaultBuildOperationRunner] Build operation 'Register task :kotlinSourcesJar' started
2025-03-10T17:43:18.295+0800 [DEBUG] [org.gradle.internal.operations.DefaultBuildOperationRunner] Completing Build operation 'Register task :kotlinSourcesJar'
2025-03-10T17:43:18.295+0800 [DEBUG] [org.gradle.internal.operations.DefaultBuildOperationRunner] Build operation 'Execute container callback action' started
2025-03-10T17:43:18.295+0800 [DEBUG] [org.gradle.internal.operations.DefaultBuildOperationRunner] Build operation 'Execute container callback action' started
2025-03-10T17:43:18.295+0800 [DEBUG] [org.gradle.internal.operations.DefaultBuildOperationRunner] Completing Build operation 'Execute container callback action'
2025-03-10T17:43:18.295+0800 [DEBUG] [org.gradle.internal.operations.DefaultBuildOperationRunner] Completing Build operation 'Execute container callback action'
2025-03-10T17:43:18.295+0800 [DEBUG] [org.gradle.internal.operations.DefaultBuildOperationRunner] Build operation 'Register task :buildKotlinToolingMetadata' started
2025-03-10T17:43:18.295+0800 [DEBUG] [org.gradle.internal.operations.DefaultBuildOperationRunner] Completing Build operation 'Register task :buildKotlinToolingMetadata'
2025-03-10T17:43:18.296+0800 [DEBUG] [org.gradle.internal.operations.DefaultBuildOperationRunner] Build operation 'Register task :checkKotlinGradlePluginConfigurationErrors' started
2025-03-10T17:43:18.296+0800 [DEBUG] [org.gradle.internal.operations.DefaultBuildOperationRunner] Completing Build operation 'Register task :checkKotlinGradlePluginConfigurationErrors'
2025-03-10T17:43:18.296+0800 [DEBUG] [org.gradle.internal.operations.DefaultBuildOperationRunner] Build operation 'Execute container callback action' started
2025-03-10T17:43:18.296+0800 [DEBUG] [org.gradle.internal.operations.DefaultBuildOperationRunner] Completing Build operation 'Execute container callback action'
2025-03-10T17:43:18.296+0800 [DEBUG] [org.gradle.internal.operations.DefaultBuildOperationRunner] Build operation 'Execute container callback action' started
2025-03-10T17:43:18.296+0800 [DEBUG] [org.gradle.internal.operations.DefaultBuildOperationRunner] Completing Build operation 'Execute container callback action'
2025-03-10T17:43:18.296+0800 [DEBUG] [org.gradle.internal.operations.DefaultBuildOperationRunner] Build operation 'Execute container callback action' started
2025-03-10T17:43:18.296+0800 [DEBUG] [org.gradle.internal.operations.DefaultBuildOperationRunner] Completing Build operation 'Execute container callback action'
2025-03-10T17:43:18.296+0800 [DEBUG] [org.gradle.internal.operations.DefaultBuildOperationRunner] Build operation 'Execute container callback action' started
2025-03-10T17:43:18.296+0800 [DEBUG] [org.gradle.internal.operations.DefaultBuildOperationRunner] Completing Build operation 'Execute container callback action'
2025-03-10T17:43:18.296+0800 [DEBUG] [org.gradle.internal.operations.DefaultBuildOperationRunner] Build operation 'Execute container callback action' started
2025-03-10T17:43:18.296+0800 [DEBUG] [org.gradle.internal.operations.DefaultBuildOperationRunner] Completing Build operation 'Execute container callback action'
2025-03-10T17:43:18.296+0800 [DEBUG] [org.gradle.internal.operations.DefaultBuildOperationRunner] Build operation 'Execute container callback action' started
2025-03-10T17:43:18.296+0800 [DEBUG] [org.gradle.internal.operations.DefaultBuildOperationRunner] Completing Build operation 'Execute container callback action'
2025-03-10T17:43:18.297+0800 [DEBUG] [org.gradle.internal.operations.DefaultBuildOperationRunner] Build operation 'Execute container callback action' started
2025-03-10T17:43:18.297+0800 [DEBUG] [org.gradle.internal.operations.DefaultBuildOperationRunner] Completing Build operation 'Execute container callback action'
2025-03-10T17:43:18.297+0800 [DEBUG] [org.gradle.internal.operations.DefaultBuildOperationRunner] Build operation 'Execute container callback action' started
2025-03-10T17:43:18.297+0800 [DEBUG] [org.gradle.internal.operations.DefaultBuildOperationRunner] Completing Build operation 'Execute container callback action'
2025-03-10T17:43:18.297+0800 [DEBUG] [org.gradle.internal.operations.DefaultBuildOperationRunner] Build operation 'Execute container callback action' started
2025-03-10T17:43:18.297+0800 [DEBUG] [org.gradle.internal.operations.DefaultBuildOperationRunner] Completing Build operation 'Execute container callback action'
2025-03-10T17:43:18.297+0800 [DEBUG] [org.gradle.internal.operations.DefaultBuildOperationRunner] Build operation 'Execute container callback action' started
2025-03-10T17:43:18.297+0800 [DEBUG] [org.gradle.internal.operations.DefaultBuildOperationRunner] Completing Build operation 'Execute container callback action'
2025-03-10T17:43:18.297+0800 [DEBUG] [org.gradle.internal.operations.DefaultBuildOperationRunner] Build operation 'Execute container callback action' started
2025-03-10T17:43:18.297+0800 [DEBUG] [org.gradle.internal.operations.DefaultBuildOperationRunner] Completing Build operation 'Execute container callback action'
2025-03-10T17:43:18.297+0800 [DEBUG] [org.gradle.internal.operations.DefaultBuildOperationRunner] Build operation 'Execute container callback action' started
2025-03-10T17:43:18.297+0800 [DEBUG] [org.gradle.internal.operations.DefaultBuildOperationRunner] Completing Build operation 'Execute container callback action'
2025-03-10T17:43:18.297+0800 [DEBUG] [org.gradle.internal.operations.DefaultBuildOperationRunner] Build operation 'Execute container callback action' started
2025-03-10T17:43:18.297+0800 [DEBUG] [org.gradle.internal.operations.DefaultBuildOperationRunner] Completing Build operation 'Execute container callback action'
2025-03-10T17:43:18.297+0800 [DEBUG] [org.gradle.internal.operations.DefaultBuildOperationRunner] Build operation 'Execute container callback action' started
2025-03-10T17:43:18.297+0800 [DEBUG] [org.gradle.internal.operations.DefaultBuildOperationRunner] Completing Build operation 'Execute container callback action'
2025-03-10T17:43:18.297+0800 [DEBUG] [org.gradle.internal.operations.DefaultBuildOperationRunner] Build operation 'Execute container callback action' started
2025-03-10T17:43:18.297+0800 [DEBUG] [org.gradle.internal.operations.DefaultBuildOperationRunner] Completing Build operation 'Execute container callback action'
2025-03-10T17:43:18.298+0800 [DEBUG] [org.gradle.internal.operations.DefaultBuildOperationRunner] Build operation 'Execute container callback action' started
2025-03-10T17:43:18.298+0800 [DEBUG] [org.gradle.internal.operations.DefaultBuildOperationRunner] Completing Build operation 'Execute container callback action'
2025-03-10T17:43:18.298+0800 [DEBUG] [org.gradle.internal.operations.DefaultBuildOperationRunner] Build operation 'Execute container callback action' started
2025-03-10T17:43:18.298+0800 [DEBUG] [org.gradle.internal.operations.DefaultBuildOperationRunner] Completing Build operation 'Execute container callback action'
2025-03-10T17:43:18.298+0800 [DEBUG] [org.gradle.internal.operations.DefaultBuildOperationRunner] Build operation 'Execute container callback action' started
2025-03-10T17:43:18.298+0800 [DEBUG] [org.gradle.internal.operations.DefaultBuildOperationRunner] Completing Build operation 'Execute container callback action'
2025-03-10T17:43:18.298+0800 [DEBUG] [org.gradle.internal.operations.DefaultBuildOperationRunner] Build operation 'Execute container callback action' started
2025-03-10T17:43:18.298+0800 [DEBUG] [org.gradle.internal.operations.DefaultBuildOperationRunner] Completing Build operation 'Execute container callback action'
2025-03-10T17:43:18.298+0800 [DEBUG] [org.gradle.internal.operations.DefaultBuildOperationRunner] Build operation 'Execute container callback action' started
2025-03-10T17:43:18.298+0800 [DEBUG] [org.gradle.internal.operations.DefaultBuildOperationRunner] Completing Build operation 'Execute container callback action'
2025-03-10T17:43:18.298+0800 [DEBUG] [org.gradle.internal.operations.DefaultBuildOperationRunner] Build operation 'Execute container callback action' started
2025-03-10T17:43:18.298+0800 [DEBUG] [org.gradle.internal.operations.DefaultBuildOperationRunner] Completing Build operation 'Execute container callback action'
2025-03-10T17:43:18.298+0800 [DEBUG] [org.gradle.internal.operations.DefaultBuildOperationRunner] Build operation 'Execute container callback action' started
2025-03-10T17:43:18.298+0800 [DEBUG] [org.gradle.internal.operations.DefaultBuildOperationRunner] Completing Build operation 'Execute container callback action'
2025-03-10T17:43:18.298+0800 [DEBUG] [org.gradle.internal.operations.DefaultBuildOperationRunner] Build operation 'Execute container callback action' started
2025-03-10T17:43:18.298+0800 [DEBUG] [org.gradle.internal.operations.DefaultBuildOperationRunner] Completing Build operation 'Execute container callback action'
2025-03-10T17:43:18.298+0800 [DEBUG] [org.gradle.internal.operations.DefaultBuildOperationRunner] Build operation 'Execute container callback action' started
2025-03-10T17:43:18.298+0800 [DEBUG] [org.gradle.internal.operations.DefaultBuildOperationRunner] Completing Build operation 'Execute container callback action'
2025-03-10T17:43:18.298+0800 [DEBUG] [org.gradle.internal.operations.DefaultBuildOperationRunner] Build operation 'Execute container callback action' started
2025-03-10T17:43:18.298+0800 [DEBUG] [org.gradle.internal.operations.DefaultBuildOperationRunner] Completing Build operation 'Execute container callback action'
2025-03-10T17:43:18.298+0800 [DEBUG] [org.gradle.internal.operations.DefaultBuildOperationRunner] Build operation 'Execute container callback action' started
2025-03-10T17:43:18.298+0800 [DEBUG] [org.gradle.internal.operations.DefaultBuildOperationRunner] Completing Build operation 'Execute container callback action'
2025-03-10T17:43:18.298+0800 [DEBUG] [org.gradle.internal.operations.DefaultBuildOperationRunner] Build operation 'Execute container callback action' started
2025-03-10T17:43:18.298+0800 [DEBUG] [org.gradle.internal.operations.DefaultBuildOperationRunner] Completing Build operation 'Execute container callback action'
2025-03-10T17:43:18.298+0800 [DEBUG] [org.gradle.internal.operations.DefaultBuildOperationRunner] Build operation 'Execute container callback action' started
2025-03-10T17:43:18.298+0800 [DEBUG] [org.gradle.internal.operations.DefaultBuildOperationRunner] Completing Build operation 'Execute container callback action'
2025-03-10T17:43:18.298+0800 [DEBUG] [org.gradle.internal.operations.DefaultBuildOperationRunner] Build operation 'Execute container callback action' started
2025-03-10T17:43:18.298+0800 [DEBUG] [org.gradle.internal.operations.DefaultBuildOperationRunner] Completing Build operation 'Execute container callback action'
2025-03-10T17:43:18.298+0800 [DEBUG] [org.gradle.internal.operations.DefaultBuildOperationRunner] Build operation 'Execute container callback action' started
2025-03-10T17:43:18.298+0800 [DEBUG] [org.gradle.internal.operations.DefaultBuildOperationRunner] Completing Build operation 'Execute container callback action'
2025-03-10T17:43:18.298+0800 [DEBUG] [org.gradle.internal.operations.DefaultBuildOperationRunner] Build operation 'Execute container callback action' started
2025-03-10T17:43:18.298+0800 [DEBUG] [org.gradle.internal.operations.DefaultBuildOperationRunner] Completing Build operation 'Execute container callback action'
2025-03-10T17:43:18.298+0800 [DEBUG] [org.gradle.internal.operations.DefaultBuildOperationRunner] Build operation 'Execute container callback action' started
2025-03-10T17:43:18.298+0800 [DEBUG] [org.gradle.internal.operations.DefaultBuildOperationRunner] Completing Build operation 'Execute container callback action'
2025-03-10T17:43:18.298+0800 [DEBUG] [org.gradle.internal.operations.DefaultBuildOperationRunner] Build operation 'Execute container callback action' started
2025-03-10T17:43:18.298+0800 [DEBUG] [org.gradle.internal.operations.DefaultBuildOperationRunner] Completing Build operation 'Execute container callback action'
2025-03-10T17:43:18.298+0800 [DEBUG] [org.gradle.internal.operations.DefaultBuildOperationRunner] Build operation 'Execute container callback action' started
2025-03-10T17:43:18.298+0800 [DEBUG] [org.gradle.internal.operations.DefaultBuildOperationRunner] Completing Build operation 'Execute container callback action'
2025-03-10T17:43:18.298+0800 [DEBUG] [org.gradle.internal.operations.DefaultBuildOperationRunner] Build operation 'Execute container callback action' started
2025-03-10T17:43:18.298+0800 [DEBUG] [org.gradle.internal.operations.DefaultBuildOperationRunner] Completing Build operation 'Execute container callback action'
2025-03-10T17:43:18.298+0800 [DEBUG] [org.gradle.internal.operations.DefaultBuildOperationRunner] Build operation 'Execute container callback action' started
2025-03-10T17:43:18.298+0800 [DEBUG] [org.gradle.internal.operations.DefaultBuildOperationRunner] Completing Build operation 'Execute container callback action'
2025-03-10T17:43:18.298+0800 [DEBUG] [org.gradle.internal.operations.DefaultBuildOperationRunner] Build operation 'Execute container callback action' started
2025-03-10T17:43:18.298+0800 [DEBUG] [org.gradle.internal.operations.DefaultBuildOperationRunner] Completing Build operation 'Execute container callback action'
2025-03-10T17:43:18.298+0800 [DEBUG] [org.gradle.internal.operations.DefaultBuildOperationRunner] Build operation 'Execute container callback action' started
2025-03-10T17:43:18.298+0800 [DEBUG] [org.gradle.internal.operations.DefaultBuildOperationRunner] Completing Build operation 'Execute container callback action'
2025-03-10T17:43:18.298+0800 [DEBUG] [org.gradle.internal.operations.DefaultBuildOperationRunner] Build operation 'Execute container callback action' started
2025-03-10T17:43:18.298+0800 [DEBUG] [org.gradle.internal.operations.DefaultBuildOperationRunner] Completing Build operation 'Execute container callback action'
2025-03-10T17:43:18.299+0800 [DEBUG] [org.gradle.internal.operations.DefaultBuildOperationRunner] Build operation 'Execute container callback action' started
2025-03-10T17:43:18.299+0800 [DEBUG] [org.gradle.internal.operations.DefaultBuildOperationRunner] Completing Build operation 'Execute container callback action'
2025-03-10T17:43:18.299+0800 [DEBUG] [org.gradle.internal.operations.DefaultBuildOperationRunner] Build operation 'Execute container callback action' started
2025-03-10T17:43:18.299+0800 [DEBUG] [org.gradle.internal.operations.DefaultBuildOperationRunner] Completing Build operation 'Execute container callback action'
2025-03-10T17:43:18.299+0800 [DEBUG] [org.gradle.internal.operations.DefaultBuildOperationRunner] Build operation 'Execute container callback action' started
2025-03-10T17:43:18.299+0800 [DEBUG] [org.gradle.internal.operations.DefaultBuildOperationRunner] Completing Build operation 'Execute container callback action'
2025-03-10T17:43:18.299+0800 [DEBUG] [org.gradle.internal.operations.DefaultBuildOperationRunner] Build operation 'Execute container callback action' started
2025-03-10T17:43:18.299+0800 [DEBUG] [org.gradle.internal.operations.DefaultBuildOperationRunner] Completing Build operation 'Execute container callback action'
2025-03-10T17:43:18.299+0800 [DEBUG] [org.gradle.internal.operations.DefaultBuildOperationRunner] Build operation 'Execute container callback action' started
2025-03-10T17:43:18.299+0800 [DEBUG] [org.gradle.internal.operations.DefaultBuildOperationRunner] Completing Build operation 'Execute container callback action'
2025-03-10T17:43:18.299+0800 [DEBUG] [org.gradle.internal.operations.DefaultBuildOperationRunner] Build operation 'Execute container callback action' started
2025-03-10T17:43:18.299+0800 [DEBUG] [org.gradle.internal.operations.DefaultBuildOperationRunner] Completing Build operation 'Execute container callback action'
2025-03-10T17:43:18.299+0800 [DEBUG] [org.gradle.internal.operations.DefaultBuildOperationRunner] Build operation 'Execute container callback action' started
2025-03-10T17:43:18.299+0800 [DEBUG] [org.gradle.internal.operations.DefaultBuildOperationRunner] Completing Build operation 'Execute container callback action'
2025-03-10T17:43:18.299+0800 [DEBUG] [org.gradle.internal.operations.DefaultBuildOperationRunner] Build operation 'Execute container callback action' started
2025-03-10T17:43:18.299+0800 [DEBUG] [org.gradle.internal.operations.DefaultBuildOperationRunner] Completing Build operation 'Execute container callback action'
2025-03-10T17:43:18.299+0800 [DEBUG] [org.gradle.internal.operations.DefaultBuildOperationRunner] Build operation 'Execute container callback action' started
2025-03-10T17:43:18.299+0800 [DEBUG] [org.gradle.internal.operations.DefaultBuildOperationRunner] Completing Build operation 'Execute container callback action'
2025-03-10T17:43:18.299+0800 [DEBUG] [org.gradle.internal.operations.DefaultBuildOperationRunner] Build operation 'Execute container callback action' started
2025-03-10T17:43:18.299+0800 [DEBUG] [org.gradle.internal.operations.DefaultBuildOperationRunner] Completing Build operation 'Execute container callback action'
2025-03-10T17:43:18.299+0800 [DEBUG] [org.gradle.internal.operations.DefaultBuildOperationRunner] Build operation 'Execute container callback action' started
2025-03-10T17:43:18.299+0800 [DEBUG] [org.gradle.internal.operations.DefaultBuildOperationRunner] Completing Build operation 'Execute container callback action'
2025-03-10T17:43:18.299+0800 [DEBUG] [org.gradle.internal.operations.DefaultBuildOperationRunner] Build operation 'Execute container callback action' started
2025-03-10T17:43:18.299+0800 [DEBUG] [org.gradle.internal.operations.DefaultBuildOperationRunner] Completing Build operation 'Execute container callback action'
2025-03-10T17:43:18.299+0800 [DEBUG] [org.gradle.internal.operations.DefaultBuildOperationRunner] Build operation 'Execute container callback action' started
2025-03-10T17:43:18.299+0800 [DEBUG] [org.gradle.internal.operations.DefaultBuildOperationRunner] Completing Build operation 'Execute container callback action'
2025-03-10T17:43:18.299+0800 [DEBUG] [org.gradle.internal.operations.DefaultBuildOperationRunner] Build operation 'Execute container callback action' started
2025-03-10T17:43:18.299+0800 [DEBUG] [org.gradle.internal.operations.DefaultBuildOperationRunner] Completing Build operation 'Execute container callback action'
2025-03-10T17:43:18.299+0800 [DEBUG] [org.gradle.internal.operations.DefaultBuildOperationRunner] Build operation 'Execute container callback action' started
2025-03-10T17:43:18.299+0800 [DEBUG] [org.gradle.internal.operations.DefaultBuildOperationRunner] Completing Build operation 'Execute container callback action'
2025-03-10T17:43:18.299+0800 [DEBUG] [org.gradle.internal.operations.DefaultBuildOperationRunner] Build operation 'Execute container callback action' started
2025-03-10T17:43:18.299+0800 [DEBUG] [org.gradle.internal.operations.DefaultBuildOperationRunner] Completing Build operation 'Execute container callback action'
2025-03-10T17:43:18.299+0800 [DEBUG] [org.gradle.internal.operations.DefaultBuildOperationRunner] Build operation 'Execute container callback action' started
2025-03-10T17:43:18.299+0800 [DEBUG] [org.gradle.internal.operations.DefaultBuildOperationRunner] Completing Build operation 'Execute container callback action'
2025-03-10T17:43:18.299+0800 [DEBUG] [org.gradle.internal.operations.DefaultBuildOperationRunner] Build operation 'Execute container callback action' started
2025-03-10T17:43:18.299+0800 [DEBUG] [org.gradle.internal.operations.DefaultBuildOperationRunner] Completing Build operation 'Execute container callback action'
2025-03-10T17:43:18.299+0800 [DEBUG] [org.gradle.internal.operations.DefaultBuildOperationRunner] Build operation 'Execute container callback action' started
2025-03-10T17:43:18.299+0800 [DEBUG] [org.gradle.internal.operations.DefaultBuildOperationRunner] Completing Build operation 'Execute container callback action'
2025-03-10T17:43:18.299+0800 [DEBUG] [org.gradle.internal.operations.DefaultBuildOperationRunner] Build operation 'Execute container callback action' started
2025-03-10T17:43:18.299+0800 [DEBUG] [org.gradle.internal.operations.DefaultBuildOperationRunner] Completing Build operation 'Execute container callback action'
2025-03-10T17:43:18.299+0800 [DEBUG] [org.gradle.internal.operations.DefaultBuildOperationRunner] Build operation 'Execute container callback action' started
2025-03-10T17:43:18.299+0800 [DEBUG] [org.gradle.internal.operations.DefaultBuildOperationRunner] Completing Build operation 'Execute container callback action'
2025-03-10T17:43:18.299+0800 [DEBUG] [org.gradle.internal.operations.DefaultBuildOperationRunner] Build operation 'Execute container callback action' started
2025-03-10T17:43:18.299+0800 [DEBUG] [org.gradle.internal.operations.DefaultBuildOperationRunner] Completing Build operation 'Execute container callback action'
2025-03-10T17:43:18.299+0800 [DEBUG] [org.gradle.internal.operations.DefaultBuildOperationRunner] Build operation 'Execute container callback action' started
2025-03-10T17:43:18.299+0800 [DEBUG] [org.gradle.internal.operations.DefaultBuildOperationRunner] Completing Build operation 'Execute container callback action'
2025-03-10T17:43:18.299+0800 [DEBUG] [org.gradle.internal.operations.DefaultBuildOperationRunner] Build operation 'Execute container callback action' started
2025-03-10T17:43:18.299+0800 [DEBUG] [org.gradle.internal.operations.DefaultBuildOperationRunner] Completing Build operation 'Execute container callback action'
2025-03-10T17:43:18.299+0800 [DEBUG] [org.gradle.internal.operations.DefaultBuildOperationRunner] Build operation 'Execute container callback action' started
2025-03-10T17:43:18.299+0800 [DEBUG] [org.gradle.internal.operations.DefaultBuildOperationRunner] Completing Build operation 'Execute container callback action'
2025-03-10T17:43:18.299+0800 [DEBUG] [org.gradle.internal.operations.DefaultBuildOperationRunner] Build operation 'Execute container callback action' started
2025-03-10T17:43:18.299+0800 [DEBUG] [org.gradle.internal.operations.DefaultBuildOperationRunner] Completing Build operation 'Execute container callback action'
2025-03-10T17:43:18.299+0800 [DEBUG] [org.gradle.internal.operations.DefaultBuildOperationRunner] Build operation 'Execute container callback action' started
2025-03-10T17:43:18.300+0800 [DEBUG] [org.gradle.internal.operations.DefaultBuildOperationRunner] Completing Build operation 'Execute container callback action'
2025-03-10T17:43:18.300+0800 [DEBUG] [org.gradle.internal.operations.DefaultBuildOperationRunner] Build operation 'Execute container callback action' started
2025-03-10T17:43:18.300+0800 [DEBUG] [org.gradle.internal.operations.DefaultBuildOperationRunner] Completing Build operation 'Execute container callback action'
2025-03-10T17:43:18.300+0800 [DEBUG] [org.gradle.internal.operations.DefaultBuildOperationRunner] Build operation 'Execute container callback action' started
2025-03-10T17:43:18.300+0800 [DEBUG] [org.gradle.internal.operations.DefaultBuildOperationRunner] Completing Build operation 'Execute container callback action'
2025-03-10T17:43:18.300+0800 [DEBUG] [org.gradle.internal.operations.DefaultBuildOperationRunner] Build operation 'Execute container callback action' started
2025-03-10T17:43:18.300+0800 [DEBUG] [org.gradle.internal.operations.DefaultBuildOperationRunner] Completing Build operation 'Execute container callback action'
2025-03-10T17:43:18.300+0800 [DEBUG] [org.gradle.internal.operations.DefaultBuildOperationRunner] Build operation 'Execute container callback action' started
2025-03-10T17:43:18.300+0800 [DEBUG] [org.gradle.internal.operations.DefaultBuildOperationRunner] Completing Build operation 'Execute container callback action'
2025-03-10T17:43:18.300+0800 [DEBUG] [org.gradle.internal.operations.DefaultBuildOperationRunner] Build operation 'Execute container callback action' started
2025-03-10T17:43:18.300+0800 [DEBUG] [org.gradle.internal.operations.DefaultBuildOperationRunner] Completing Build operation 'Execute container callback action'
2025-03-10T17:43:18.300+0800 [DEBUG] [org.gradle.internal.operations.DefaultBuildOperationRunner] Build operation 'Execute container callback action' started
2025-03-10T17:43:18.300+0800 [DEBUG] [org.gradle.internal.operations.DefaultBuildOperationRunner] Completing Build operation 'Execute container callback action'
2025-03-10T17:43:18.300+0800 [DEBUG] [org.gradle.internal.operations.DefaultBuildOperationRunner] Build operation 'Execute container callback action' started
2025-03-10T17:43:18.300+0800 [DEBUG] [org.gradle.internal.operations.DefaultBuildOperationRunner] Completing Build operation 'Execute container callback action'
2025-03-10T17:43:18.300+0800 [DEBUG] [org.gradle.internal.operations.DefaultBuildOperationRunner] Build operation 'Execute container callback action' started
2025-03-10T17:43:18.300+0800 [DEBUG] [org.gradle.internal.operations.DefaultBuildOperationRunner] Completing Build operation 'Execute container callback action'
2025-03-10T17:43:18.300+0800 [DEBUG] [org.gradle.internal.operations.DefaultBuildOperationRunner] Build operation 'Execute container callback action' started
2025-03-10T17:43:18.300+0800 [DEBUG] [org.gradle.internal.operations.DefaultBuildOperationRunner] Completing Build operation 'Execute container callback action'
2025-03-10T17:43:18.300+0800 [DEBUG] [org.gradle.internal.operations.DefaultBuildOperationRunner] Build operation 'Execute container callback action' started
2025-03-10T17:43:18.300+0800 [DEBUG] [org.gradle.internal.operations.DefaultBuildOperationRunner] Completing Build operation 'Execute container callback action'
2025-03-10T17:43:18.300+0800 [DEBUG] [org.gradle.internal.operations.DefaultBuildOperationRunner] Build operation 'Execute container callback action' started
2025-03-10T17:43:18.300+0800 [DEBUG] [org.gradle.internal.operations.DefaultBuildOperationRunner] Completing Build operation 'Execute container callback action'
2025-03-10T17:43:18.300+0800 [DEBUG] [org.gradle.internal.operations.DefaultBuildOperationRunner] Build operation 'Execute container callback action' started
2025-03-10T17:43:18.300+0800 [DEBUG] [org.gradle.internal.operations.DefaultBuildOperationRunner] Completing Build operation 'Execute container callback action'
2025-03-10T17:43:18.300+0800 [DEBUG] [org.gradle.internal.operations.DefaultBuildOperationRunner] Build operation 'Execute container callback action' started
2025-03-10T17:43:18.300+0800 [DEBUG] [org.gradle.internal.operations.DefaultBuildOperationRunner] Completing Build operation 'Execute container callback action'
2025-03-10T17:43:18.300+0800 [DEBUG] [org.gradle.internal.operations.DefaultBuildOperationRunner] Build operation 'Execute container callback action' started
2025-03-10T17:43:18.300+0800 [DEBUG] [org.gradle.internal.operations.DefaultBuildOperationRunner] Completing Build operation 'Execute container callback action'
2025-03-10T17:43:18.300+0800 [DEBUG] [org.gradle.internal.operations.DefaultBuildOperationRunner] Build operation 'Execute container callback action' started
2025-03-10T17:43:18.300+0800 [DEBUG] [org.gradle.internal.operations.DefaultBuildOperationRunner] Completing Build operation 'Execute container callback action'
2025-03-10T17:43:18.300+0800 [DEBUG] [org.gradle.internal.operations.DefaultBuildOperationRunner] Build operation 'Execute container callback action' started
2025-03-10T17:43:18.300+0800 [DEBUG] [org.gradle.internal.operations.DefaultBuildOperationRunner] Completing Build operation 'Execute container callback action'
2025-03-10T17:43:18.300+0800 [DEBUG] [org.gradle.internal.operations.DefaultBuildOperationRunner] Build operation 'Execute container callback action' started
2025-03-10T17:43:18.300+0800 [DEBUG] [org.gradle.internal.operations.DefaultBuildOperationRunner] Completing Build operation 'Execute container callback action'
2025-03-10T17:43:18.300+0800 [DEBUG] [org.gradle.internal.operations.DefaultBuildOperationRunner] Build operation 'Execute container callback action' started
2025-03-10T17:43:18.300+0800 [DEBUG] [org.gradle.internal.operations.DefaultBuildOperationRunner] Completing Build operation 'Execute container callback action'
2025-03-10T17:43:18.300+0800 [DEBUG] [org.gradle.internal.operations.DefaultBuildOperationRunner] Build operation 'Apply plugin org.jetbrains.kotlin.gradle.scripting.internal.ScriptingGradleSubplugin to root project 'MyApplicationBackend'' started
2025-03-10T17:43:18.300+0800 [DEBUG] [org.gradle.internal.operations.DefaultBuildOperationRunner] Build operation 'Apply plugin org.jetbrains.kotlin.gradle.scripting.internal.ScriptingKotlinGradleSubplugin to root project 'MyApplicationBackend'' started
2025-03-10T17:43:18.300+0800 [DEBUG] [org.gradle.internal.operations.DefaultBuildOperationRunner] Completing Build operation 'Apply plugin org.jetbrains.kotlin.gradle.scripting.internal.ScriptingKotlinGradleSubplugin to root project 'MyApplicationBackend''
2025-03-10T17:43:18.301+0800 [DEBUG] [org.gradle.internal.operations.DefaultBuildOperationRunner] Completing Build operation 'Apply plugin org.jetbrains.kotlin.gradle.scripting.internal.ScriptingGradleSubplugin to root project 'MyApplicationBackend''
2025-03-10T17:43:18.301+0800 [DEBUG] [org.gradle.internal.operations.DefaultBuildOperationRunner] Completing Build operation 'Apply plugin org.jetbrains.kotlin.jvm to root project 'MyApplicationBackend''
2025-03-10T17:43:18.301+0800 [DEBUG] [org.gradle.internal.operations.DefaultBuildOperationRunner] Build operation 'Apply plugin org.jetbrains.kotlin.plugin.serialization to root project 'MyApplicationBackend'' started
2025-03-10T17:43:18.301+0800 [DEBUG] [org.gradle.internal.operations.DefaultBuildOperationRunner] Completing Build operation 'Apply plugin org.jetbrains.kotlin.plugin.serialization to root project 'MyApplicationBackend''
2025-03-10T17:43:18.301+0800 [DEBUG] [org.gradle.internal.operations.DefaultBuildOperationRunner] Build operation 'Apply plugin io.ktor.plugin to root project 'MyApplicationBackend'' started
2025-03-10T17:43:18.301+0800 [DEBUG] [org.gradle.internal.operations.DefaultBuildOperationRunner] Build operation 'Apply plugin org.gradle.api.plugins.ApplicationPlugin to root project 'MyApplicationBackend'' started
2025-03-10T17:43:18.301+0800 [DEBUG] [org.gradle.internal.operations.DefaultBuildOperationRunner] Build operation 'Apply plugin org.gradle.api.distribution.plugins.DistributionPlugin to root project 'MyApplicationBackend'' started
2025-03-10T17:43:18.301+0800 [DEBUG] [org.gradle.internal.operations.DefaultBuildOperationRunner] Build operation 'Execute container callback action' started
2025-03-10T17:43:18.301+0800 [DEBUG] [org.gradle.internal.operations.DefaultBuildOperationRunner] Build operation 'Register task :distZip' started
2025-03-10T17:43:18.301+0800 [DEBUG] [org.gradle.internal.operations.DefaultBuildOperationRunner] Completing Build operation 'Register task :distZip'
2025-03-10T17:43:18.301+0800 [DEBUG] [org.gradle.internal.operations.DefaultBuildOperationRunner] Build operation 'Register task :distTar' started
2025-03-10T17:43:18.301+0800 [DEBUG] [org.gradle.internal.operations.DefaultBuildOperationRunner] Completing Build operation 'Register task :distTar'
2025-03-10T17:43:18.301+0800 [DEBUG] [org.gradle.internal.operations.DefaultBuildOperationRunner] Build operation 'Register task :installDist' started
2025-03-10T17:43:18.301+0800 [DEBUG] [org.gradle.internal.operations.DefaultBuildOperationRunner] Completing Build operation 'Register task :installDist'
2025-03-10T17:43:18.301+0800 [DEBUG] [org.gradle.internal.operations.DefaultBuildOperationRunner] Build operation 'Register task :assembleDist' started
2025-03-10T17:43:18.301+0800 [DEBUG] [org.gradle.internal.operations.DefaultBuildOperationRunner] Completing Build operation 'Register task :assembleDist'
2025-03-10T17:43:18.301+0800 [DEBUG] [org.gradle.internal.operations.DefaultBuildOperationRunner] Completing Build operation 'Execute container callback action'
2025-03-10T17:43:18.301+0800 [DEBUG] [org.gradle.internal.operations.DefaultBuildOperationRunner] Completing Build operation 'Apply plugin org.gradle.api.distribution.plugins.DistributionPlugin to root project 'MyApplicationBackend''
2025-03-10T17:43:18.301+0800 [DEBUG] [org.gradle.internal.operations.DefaultBuildOperationRunner] Build operation 'Register task :run' started
2025-03-10T17:43:18.301+0800 [DEBUG] [org.gradle.internal.operations.DefaultBuildOperationRunner] Completing Build operation 'Register task :run'
2025-03-10T17:43:18.301+0800 [DEBUG] [org.gradle.internal.operations.DefaultBuildOperationRunner] Build operation 'Register task :startScripts' started
2025-03-10T17:43:18.301+0800 [DEBUG] [org.gradle.internal.operations.DefaultBuildOperationRunner] Completing Build operation 'Register task :startScripts'
2025-03-10T17:43:18.301+0800 [DEBUG] [org.gradle.internal.operations.DefaultBuildOperationRunner] Completing Build operation 'Apply plugin org.gradle.api.plugins.ApplicationPlugin to root project 'MyApplicationBackend''
2025-03-10T17:43:18.301+0800 [DEBUG] [org.gradle.internal.operations.DefaultBuildOperationRunner] Build operation 'Apply plugin com.github.jengelman.gradle.plugins.shadow.ShadowPlugin to root project 'MyApplicationBackend'' started
2025-03-10T17:43:18.302+0800 [DEBUG] [org.gradle.internal.operations.DefaultBuildOperationRunner] Build operation 'Apply plugin com.github.jengelman.gradle.plugins.shadow.ShadowBasePlugin to root project 'MyApplicationBackend'' started
2025-03-10T17:43:18.302+0800 [DEBUG] [org.gradle.internal.operations.DefaultBuildOperationRunner] Build operation 'Execute container callback action' started
2025-03-10T17:43:18.302+0800 [DEBUG] [org.gradle.internal.operations.DefaultBuildOperationRunner] Completing Build operation 'Execute container callback action'
2025-03-10T17:43:18.302+0800 [DEBUG] [org.gradle.internal.operations.DefaultBuildOperationRunner] Build operation 'Execute container callback action' started
2025-03-10T17:43:18.302+0800 [DEBUG] [org.gradle.internal.operations.DefaultBuildOperationRunner] Completing Build operation 'Execute container callback action'
2025-03-10T17:43:18.302+0800 [DEBUG] [org.gradle.internal.operations.DefaultBuildOperationRunner] Build operation 'Execute container callback action' started
2025-03-10T17:43:18.302+0800 [DEBUG] [org.gradle.internal.operations.DefaultBuildOperationRunner] Completing Build operation 'Execute container callback action'
2025-03-10T17:43:18.302+0800 [DEBUG] [org.gradle.internal.operations.DefaultBuildOperationRunner] Build operation 'Register task :knows' started
2025-03-10T17:43:18.302+0800 [DEBUG] [org.gradle.internal.operations.DefaultBuildOperationRunner] Completing Build operation 'Register task :knows'
2025-03-10T17:43:18.302+0800 [DEBUG] [org.gradle.internal.operations.DefaultBuildOperationRunner] Completing Build operation 'Apply plugin com.github.jengelman.gradle.plugins.shadow.ShadowBasePlugin to root project 'MyApplicationBackend''
2025-03-10T17:43:18.302+0800 [DEBUG] [org.gradle.internal.operations.DefaultBuildOperationRunner] Build operation 'Execute container callback action' started
2025-03-10T17:43:18.302+0800 [DEBUG] [org.gradle.internal.operations.DefaultBuildOperationRunner] Build operation 'Apply plugin com.github.jengelman.gradle.plugins.shadow.ShadowJavaPlugin to root project 'MyApplicationBackend'' started
2025-03-10T17:43:18.303+0800 [DEBUG] [org.gradle.internal.operations.DefaultBuildOperationRunner] Build operation 'Register task :shadowJar' started
2025-03-10T17:43:18.303+0800 [DEBUG] [org.gradle.internal.operations.DefaultBuildOperationRunner] Completing Build operation 'Register task :shadowJar'
2025-03-10T17:43:18.303+0800 [DEBUG] [org.gradle.internal.operations.DefaultBuildOperationRunner] Build operation 'Execute container callback action' started
2025-03-10T17:43:18.303+0800 [DEBUG] [org.gradle.internal.operations.DefaultBuildOperationRunner] Completing Build operation 'Execute container callback action'
2025-03-10T17:43:18.303+0800 [DEBUG] [org.gradle.internal.operations.DefaultBuildOperationRunner] Build operation 'Execute container callback action' started
2025-03-10T17:43:18.303+0800 [DEBUG] [org.gradle.internal.operations.DefaultBuildOperationRunner] Completing Build operation 'Execute container callback action'
2025-03-10T17:43:18.303+0800 [DEBUG] [org.gradle.internal.operations.DefaultBuildOperationRunner] Build operation 'Execute container callback action' started
2025-03-10T17:43:18.303+0800 [DEBUG] [org.gradle.internal.operations.DefaultBuildOperationRunner] Completing Build operation 'Execute container callback action'
2025-03-10T17:43:18.303+0800 [DEBUG] [org.gradle.internal.operations.DefaultBuildOperationRunner] Build operation 'Execute container callback action' started
2025-03-10T17:43:18.303+0800 [DEBUG] [org.gradle.internal.operations.DefaultBuildOperationRunner] Completing Build operation 'Execute container callback action'
2025-03-10T17:43:18.303+0800 [DEBUG] [org.gradle.internal.operations.DefaultBuildOperationRunner] Build operation 'Execute container callback action' started
2025-03-10T17:43:18.303+0800 [DEBUG] [org.gradle.internal.operations.DefaultBuildOperationRunner] Completing Build operation 'Execute container callback action'
2025-03-10T17:43:18.304+0800 [DEBUG] [org.gradle.internal.operations.DefaultBuildOperationRunner] Completing Build operation 'Apply plugin com.github.jengelman.gradle.plugins.shadow.ShadowJavaPlugin to root project 'MyApplicationBackend''
2025-03-10T17:43:18.304+0800 [DEBUG] [org.gradle.internal.operations.DefaultBuildOperationRunner] Completing Build operation 'Execute container callback action'
2025-03-10T17:43:18.304+0800 [DEBUG] [org.gradle.internal.operations.DefaultBuildOperationRunner] Build operation 'Execute container callback action' started
2025-03-10T17:43:18.304+0800 [DEBUG] [org.gradle.internal.operations.DefaultBuildOperationRunner] Build operation 'Apply plugin com.github.jengelman.gradle.plugins.shadow.ShadowApplicationPlugin to root project 'MyApplicationBackend'' started
2025-03-10T17:43:18.304+0800 [DEBUG] [org.gradle.internal.operations.DefaultBuildOperationRunner] Build operation 'Execute container callback action' started
2025-03-10T17:43:18.304+0800 [DEBUG] [org.gradle.internal.operations.DefaultBuildOperationRunner] Build operation 'Register task :shadowDistZip' started
2025-03-10T17:43:18.304+0800 [DEBUG] [org.gradle.internal.operations.DefaultBuildOperationRunner] Completing Build operation 'Register task :shadowDistZip'
2025-03-10T17:43:18.304+0800 [DEBUG] [org.gradle.internal.operations.DefaultBuildOperationRunner] Build operation 'Register task :shadowDistTar' started
2025-03-10T17:43:18.304+0800 [DEBUG] [org.gradle.internal.operations.DefaultBuildOperationRunner] Completing Build operation 'Register task :shadowDistTar'
2025-03-10T17:43:18.304+0800 [DEBUG] [org.gradle.internal.operations.DefaultBuildOperationRunner] Build operation 'Register task :installShadowDist' started
2025-03-10T17:43:18.304+0800 [DEBUG] [org.gradle.internal.operations.DefaultBuildOperationRunner] Completing Build operation 'Register task :installShadowDist'
2025-03-10T17:43:18.304+0800 [DEBUG] [org.gradle.internal.operations.DefaultBuildOperationRunner] Build operation 'Register task :assembleShadowDist' started
2025-03-10T17:43:18.304+0800 [DEBUG] [org.gradle.internal.operations.DefaultBuildOperationRunner] Completing Build operation 'Register task :assembleShadowDist'
2025-03-10T17:43:18.304+0800 [DEBUG] [org.gradle.internal.operations.DefaultBuildOperationRunner] Completing Build operation 'Execute container callback action'
2025-03-10T17:43:18.304+0800 [DEBUG] [org.gradle.internal.operations.DefaultBuildOperationRunner] Build operation 'Register task :runShadow' started
2025-03-10T17:43:18.304+0800 [DEBUG] [org.gradle.internal.operations.DefaultBuildOperationRunner] Completing Build operation 'Register task :runShadow'
2025-03-10T17:43:18.305+0800 [DEBUG] [org.gradle.internal.operations.DefaultBuildOperationRunner] Build operation 'Register task :startShadowScripts' started
2025-03-10T17:43:18.305+0800 [DEBUG] [org.gradle.internal.operations.DefaultBuildOperationRunner] Completing Build operation 'Register task :startShadowScripts'
2025-03-10T17:43:18.305+0800 [DEBUG] [org.gradle.internal.operations.DefaultBuildOperationRunner] Completing Build operation 'Apply plugin com.github.jengelman.gradle.plugins.shadow.ShadowApplicationPlugin to root project 'MyApplicationBackend''
2025-03-10T17:43:18.305+0800 [DEBUG] [org.gradle.internal.operations.DefaultBuildOperationRunner] Completing Build operation 'Execute container callback action'
2025-03-10T17:43:18.305+0800 [DEBUG] [org.gradle.internal.operations.DefaultBuildOperationRunner] Completing Build operation 'Apply plugin com.github.jengelman.gradle.plugins.shadow.ShadowPlugin to root project 'MyApplicationBackend''
2025-03-10T17:43:18.306+0800 [DEBUG] [org.gradle.internal.operations.DefaultBuildOperationRunner] Build operation 'Register task :buildFatJar' started
2025-03-10T17:43:18.306+0800 [DEBUG] [org.gradle.internal.operations.DefaultBuildOperationRunner] Completing Build operation 'Register task :buildFatJar'
2025-03-10T17:43:18.306+0800 [DEBUG] [org.gradle.internal.operations.DefaultBuildOperationRunner] Build operation 'Register task :runFatJar' started
2025-03-10T17:43:18.306+0800 [DEBUG] [org.gradle.internal.operations.DefaultBuildOperationRunner] Completing Build operation 'Register task :runFatJar'
2025-03-10T17:43:18.306+0800 [DEBUG] [org.gradle.internal.operations.DefaultBuildOperationRunner] Build operation 'Apply plugin com.google.cloud.tools.jib.gradle.JibPlugin to root project 'MyApplicationBackend'' started
2025-03-10T17:43:18.306+0800 [DEBUG] [org.gradle.internal.operations.DefaultBuildOperationRunner] Build operation 'Register task :jib' started
2025-03-10T17:43:18.306+0800 [DEBUG] [org.gradle.internal.operations.DefaultBuildOperationRunner] Completing Build operation 'Register task :jib'
2025-03-10T17:43:18.306+0800 [DEBUG] [org.gradle.internal.operations.DefaultBuildOperationRunner] Build operation 'Register task :jibDockerBuild' started
2025-03-10T17:43:18.306+0800 [DEBUG] [org.gradle.internal.operations.DefaultBuildOperationRunner] Completing Build operation 'Register task :jibDockerBuild'
2025-03-10T17:43:18.306+0800 [DEBUG] [org.gradle.internal.operations.DefaultBuildOperationRunner] Build operation 'Register task :jibBuildTar' started
2025-03-10T17:43:18.306+0800 [DEBUG] [org.gradle.internal.operations.DefaultBuildOperationRunner] Completing Build operation 'Register task :jibBuildTar'
2025-03-10T17:43:18.306+0800 [DEBUG] [org.gradle.internal.operations.DefaultBuildOperationRunner] Build operation 'Register task :_jibSkaffoldFilesV2' started
2025-03-10T17:43:18.306+0800 [DEBUG] [org.gradle.internal.operations.DefaultBuildOperationRunner] Completing Build operation 'Register task :_jibSkaffoldFilesV2'
2025-03-10T17:43:18.306+0800 [DEBUG] [org.gradle.internal.operations.DefaultBuildOperationRunner] Build operation 'Register task :_jibSkaffoldInit' started
2025-03-10T17:43:18.306+0800 [DEBUG] [org.gradle.internal.operations.DefaultBuildOperationRunner] Completing Build operation 'Register task :_jibSkaffoldInit'
2025-03-10T17:43:18.306+0800 [DEBUG] [org.gradle.internal.operations.DefaultBuildOperationRunner] Build operation 'Register task :_jibSkaffoldSyncMap' started
2025-03-10T17:43:18.306+0800 [DEBUG] [org.gradle.internal.operations.DefaultBuildOperationRunner] Completing Build operation 'Register task :_jibSkaffoldSyncMap'
2025-03-10T17:43:18.306+0800 [DEBUG] [org.gradle.internal.operations.DefaultBuildOperationRunner] Build operation 'Register task :_skaffoldFailIfJibOutOfDate' started
2025-03-10T17:43:18.306+0800 [DEBUG] [org.gradle.internal.operations.DefaultBuildOperationRunner] Completing Build operation 'Register task :_skaffoldFailIfJibOutOfDate'
2025-03-10T17:43:18.306+0800 [DEBUG] [org.gradle.internal.operations.DefaultBuildOperationRunner] Completing Build operation 'Apply plugin com.google.cloud.tools.jib.gradle.JibPlugin to root project 'MyApplicationBackend''
2025-03-10T17:43:18.306+0800 [DEBUG] [org.gradle.internal.operations.DefaultBuildOperationRunner] Build operation 'Register task :setupJibLocal' started
2025-03-10T17:43:18.306+0800 [DEBUG] [org.gradle.internal.operations.DefaultBuildOperationRunner] Completing Build operation 'Register task :setupJibLocal'
2025-03-10T17:43:18.306+0800 [DEBUG] [org.gradle.internal.operations.DefaultBuildOperationRunner] Build operation 'Register task :setupJibExternal' started
2025-03-10T17:43:18.306+0800 [DEBUG] [org.gradle.internal.operations.DefaultBuildOperationRunner] Completing Build operation 'Register task :setupJibExternal'
2025-03-10T17:43:18.306+0800 [DEBUG] [org.gradle.internal.operations.DefaultBuildOperationRunner] Build operation 'Register task :runDocker' started
2025-03-10T17:43:18.306+0800 [DEBUG] [org.gradle.internal.operations.DefaultBuildOperationRunner] Completing Build operation 'Register task :runDocker'
2025-03-10T17:43:18.306+0800 [DEBUG] [org.gradle.internal.operations.DefaultBuildOperationRunner] Build operation 'Register task :publishImageToLocalRegistry' started
2025-03-10T17:43:18.306+0800 [DEBUG] [org.gradle.internal.operations.DefaultBuildOperationRunner] Completing Build operation 'Register task :publishImageToLocalRegistry'
2025-03-10T17:43:18.306+0800 [DEBUG] [org.gradle.internal.operations.DefaultBuildOperationRunner] Build operation 'Register task :publishImage' started
2025-03-10T17:43:18.306+0800 [DEBUG] [org.gradle.internal.operations.DefaultBuildOperationRunner] Completing Build operation 'Register task :publishImage'
2025-03-10T17:43:18.306+0800 [DEBUG] [org.gradle.internal.operations.DefaultBuildOperationRunner] Build operation 'Register task :buildImage' started
2025-03-10T17:43:18.306+0800 [DEBUG] [org.gradle.internal.operations.DefaultBuildOperationRunner] Completing Build operation 'Register task :buildImage'
2025-03-10T17:43:18.306+0800 [DEBUG] [org.gradle.internal.operations.DefaultBuildOperationRunner] Completing Build operation 'Apply plugin io.ktor.plugin to root project 'MyApplicationBackend''
2025-03-10T17:43:18.307+0800 [DEBUG] [org.gradle.internal.operations.DefaultBuildOperationRunner] Build operation 'Apply plugin org.gradle.kotlin.dsl.provider.plugins.KotlinScriptBasePlugin to root project 'MyApplicationBackend'' started
2025-03-10T17:43:18.307+0800 [DEBUG] [org.gradle.internal.operations.DefaultBuildOperationRunner] Build operation 'Apply plugin org.gradle.kotlin.dsl.provider.plugins.KotlinScriptRootPlugin to root project 'MyApplicationBackend'' started
2025-03-10T17:43:18.307+0800 [DEBUG] [org.gradle.internal.operations.DefaultBuildOperationRunner] Completing Build operation 'Apply plugin org.gradle.kotlin.dsl.provider.plugins.KotlinScriptRootPlugin to root project 'MyApplicationBackend''
2025-03-10T17:43:18.307+0800 [DEBUG] [org.gradle.internal.operations.DefaultBuildOperationRunner] Build operation 'Register task :kotlinDslAccessorsReport' started
2025-03-10T17:43:18.307+0800 [DEBUG] [org.gradle.internal.operations.DefaultBuildOperationRunner] Completing Build operation 'Register task :kotlinDslAccessorsReport'
2025-03-10T17:43:18.307+0800 [DEBUG] [org.gradle.internal.operations.DefaultBuildOperationRunner] Completing Build operation 'Apply plugin org.gradle.kotlin.dsl.provider.plugins.KotlinScriptBasePlugin to root project 'MyApplicationBackend''
2025-03-10T17:43:18.308+0800 [DEBUG] [org.gradle.internal.operations.DefaultBuildOperationRunner] Build operation 'Identifying work' started
2025-03-10T17:43:18.308+0800 [DEBUG] [org.gradle.internal.operations.DefaultBuildOperationRunner] Completing Build operation 'Identifying work'
2025-03-10T17:43:18.309+0800 [DEBUG] [org.gradle.internal.operations.DefaultBuildOperationRunner] Completing Build operation 'Apply build file 'build.gradle.kts' to root project 'MyApplicationBackend''
2025-03-10T17:43:18.309+0800 [DEBUG] [org.gradle.internal.operations.DefaultBuildOperationRunner] Build operation 'Notify afterEvaluate listeners of :' started
2025-03-10T17:43:18.309+0800 [DEBUG] [org.gradle.internal.operations.DefaultBuildOperationRunner] Build operation 'Execute Project.afterEvaluate listener' started
2025-03-10T17:43:18.309+0800 [DEBUG] [org.gradle.internal.operations.DefaultBuildOperationRunner] Build operation 'Execute container callback action' started
2025-03-10T17:43:18.310+0800 [DEBUG] [org.gradle.internal.operations.DefaultBuildOperationRunner] Completing Build operation 'Execute container callback action'
2025-03-10T17:43:18.310+0800 [DEBUG] [org.gradle.internal.operations.DefaultBuildOperationRunner] Build operation 'Execute container callback action' started
2025-03-10T17:43:18.310+0800 [DEBUG] [org.gradle.internal.operations.DefaultBuildOperationRunner] Completing Build operation 'Execute container callback action'
2025-03-10T17:43:18.310+0800 [DEBUG] [org.gradle.internal.operations.DefaultBuildOperationRunner] Completing Build operation 'Execute Project.afterEvaluate listener'
2025-03-10T17:43:18.310+0800 [DEBUG] [org.gradle.internal.operations.DefaultBuildOperationRunner] Build operation 'Execute Project.afterEvaluate listener' started
2025-03-10T17:43:18.310+0800 [DEBUG] [org.gradle.internal.operations.DefaultBuildOperationRunner] Completing Build operation 'Execute Project.afterEvaluate listener'
2025-03-10T17:43:18.310+0800 [DEBUG] [org.gradle.internal.operations.DefaultBuildOperationRunner] Build operation 'Execute Project.afterEvaluate listener' started
2025-03-10T17:43:18.310+0800 [DEBUG] [org.gradle.internal.operations.DefaultBuildOperationRunner] Completing Build operation 'Execute Project.afterEvaluate listener'
2025-03-10T17:43:18.310+0800 [DEBUG] [org.gradle.internal.operations.DefaultBuildOperationRunner] Build operation 'Execute Project.afterEvaluate listener' started
2025-03-10T17:43:18.310+0800 [DEBUG] [org.gradle.internal.operations.DefaultBuildOperationRunner] Completing Build operation 'Execute Project.afterEvaluate listener'
2025-03-10T17:43:18.310+0800 [DEBUG] [org.gradle.internal.operations.DefaultBuildOperationRunner] Build operation 'Execute Project.afterEvaluate listener' started
2025-03-10T17:43:18.310+0800 [DEBUG] [org.gradle.internal.operations.DefaultBuildOperationRunner] Completing Build operation 'Execute Project.afterEvaluate listener'
2025-03-10T17:43:18.310+0800 [DEBUG] [org.gradle.internal.operations.DefaultBuildOperationRunner] Build operation 'Execute Project.afterEvaluate listener' started
2025-03-10T17:43:18.310+0800 [DEBUG] [org.gradle.internal.operations.DefaultBuildOperationRunner] Completing Build operation 'Execute Project.afterEvaluate listener'
2025-03-10T17:43:18.310+0800 [DEBUG] [org.gradle.internal.operations.DefaultBuildOperationRunner] Build operation 'Execute Project.afterEvaluate listener' started
2025-03-10T17:43:18.310+0800 [DEBUG] [org.gradle.internal.operations.DefaultBuildOperationRunner] Completing Build operation 'Execute Project.afterEvaluate listener'
2025-03-10T17:43:18.310+0800 [DEBUG] [org.gradle.internal.operations.DefaultBuildOperationRunner] Build operation 'Execute Project.afterEvaluate listener' started
2025-03-10T17:43:18.310+0800 [DEBUG] [org.gradle.internal.operations.DefaultBuildOperationRunner] Completing Build operation 'Execute Project.afterEvaluate listener'
2025-03-10T17:43:18.310+0800 [DEBUG] [org.gradle.internal.operations.DefaultBuildOperationRunner] Build operation 'Execute Project.afterEvaluate listener' started
2025-03-10T17:43:18.310+0800 [DEBUG] [org.gradle.internal.operations.DefaultBuildOperationRunner] Completing Build operation 'Execute Project.afterEvaluate listener'
2025-03-10T17:43:18.310+0800 [DEBUG] [org.gradle.internal.operations.DefaultBuildOperationRunner] Build operation 'Execute Project.afterEvaluate listener' started
2025-03-10T17:43:18.310+0800 [DEBUG] [org.gradle.internal.operations.DefaultBuildOperationRunner] Completing Build operation 'Execute Project.afterEvaluate listener'
2025-03-10T17:43:18.310+0800 [DEBUG] [org.gradle.internal.operations.DefaultBuildOperationRunner] Build operation 'Execute Project.afterEvaluate listener' started
2025-03-10T17:43:18.311+0800 [DEBUG] [org.gradle.internal.operations.DefaultBuildOperationRunner] Build operation 'Execute container callback action' started
2025-03-10T17:43:18.311+0800 [DEBUG] [org.gradle.internal.operations.DefaultBuildOperationRunner] Completing Build operation 'Execute container callback action'
2025-03-10T17:43:18.311+0800 [DEBUG] [org.gradle.internal.operations.DefaultBuildOperationRunner] Build operation 'Execute container callback action' started
2025-03-10T17:43:18.311+0800 [DEBUG] [org.gradle.internal.operations.DefaultBuildOperationRunner] Completing Build operation 'Execute container callback action'
2025-03-10T17:43:18.311+0800 [DEBUG] [org.gradle.internal.operations.DefaultBuildOperationRunner] Build operation 'Execute container callback action' started
2025-03-10T17:43:18.311+0800 [DEBUG] [org.gradle.internal.operations.DefaultBuildOperationRunner] Completing Build operation 'Execute container callback action'
2025-03-10T17:43:18.311+0800 [DEBUG] [org.gradle.internal.operations.DefaultBuildOperationRunner] Build operation 'Execute container callback action' started
2025-03-10T17:43:18.311+0800 [DEBUG] [org.gradle.internal.operations.DefaultBuildOperationRunner] Build operation 'Execute container callback action' started
2025-03-10T17:43:18.311+0800 [DEBUG] [org.gradle.internal.operations.DefaultBuildOperationRunner] Completing Build operation 'Execute container callback action'
2025-03-10T17:43:18.311+0800 [DEBUG] [org.gradle.internal.operations.DefaultBuildOperationRunner] Completing Build operation 'Execute container callback action'
2025-03-10T17:43:18.311+0800 [DEBUG] [org.gradle.internal.operations.DefaultBuildOperationRunner] Build operation 'Execute container callback action' started
2025-03-10T17:43:18.311+0800 [DEBUG] [org.gradle.internal.operations.DefaultBuildOperationRunner] Completing Build operation 'Execute container callback action'
2025-03-10T17:43:18.311+0800 [DEBUG] [org.gradle.internal.operations.DefaultBuildOperationRunner] Build operation 'Execute container callback action' started
2025-03-10T17:43:18.311+0800 [DEBUG] [org.gradle.internal.operations.DefaultBuildOperationRunner] Completing Build operation 'Execute container callback action'
2025-03-10T17:43:18.311+0800 [DEBUG] [org.gradle.internal.operations.DefaultBuildOperationRunner] Build operation 'Execute container callback action' started
2025-03-10T17:43:18.311+0800 [DEBUG] [org.gradle.internal.operations.DefaultBuildOperationRunner] Completing Build operation 'Execute container callback action'
2025-03-10T17:43:18.311+0800 [DEBUG] [org.gradle.internal.operations.DefaultBuildOperationRunner] Build operation 'Execute container callback action' started
2025-03-10T17:43:18.311+0800 [DEBUG] [org.gradle.internal.operations.DefaultBuildOperationRunner] Build operation 'Execute container callback action' started
2025-03-10T17:43:18.311+0800 [DEBUG] [org.gradle.internal.operations.DefaultBuildOperationRunner] Completing Build operation 'Execute container callback action'
2025-03-10T17:43:18.311+0800 [DEBUG] [org.gradle.internal.operations.DefaultBuildOperationRunner] Completing Build operation 'Execute container callback action'
2025-03-10T17:43:18.311+0800 [DEBUG] [org.gradle.internal.operations.DefaultBuildOperationRunner] Completing Build operation 'Execute Project.afterEvaluate listener'
2025-03-10T17:43:18.311+0800 [DEBUG] [org.gradle.internal.operations.DefaultBuildOperationRunner] Build operation 'Execute Project.afterEvaluate listener' started
2025-03-10T17:43:18.312+0800 [DEBUG] [org.gradle.internal.operations.DefaultBuildOperationRunner] Completing Build operation 'Execute Project.afterEvaluate listener'
2025-03-10T17:43:18.312+0800 [DEBUG] [org.gradle.internal.operations.DefaultBuildOperationRunner] Completing Build operation 'Notify afterEvaluate listeners of :'
2025-03-10T17:43:18.196+0800 [LIFECYCLE] [org.gradle.internal.logging.progress.ProgressLoggerFactory] 
2025-03-10T17:43:18.196+0800 [LIFECYCLE] [org.gradle.internal.logging.progress.ProgressLoggerFactory] > Configure project :
2025-03-10T17:43:18.196+0800 [DEBUG] [org.gradle.internal.resources.AbstractTrackedResourceLock] Daemon worker Thread 9: acquired lock on state of build :
2025-03-10T17:43:18.196+0800 [DEBUG] [org.gradle.internal.operations.DefaultBuildOperationRunner] Build operation 'Notify beforeEvaluate listeners of :' completed
2025-03-10T17:43:18.196+0800 [DEBUG] [org.gradle.model.internal.registry.DefaultModelRegistry] Project : - Transitioning model element '<root>' from state Registered to Created
2025-03-10T17:43:18.196+0800 [DEBUG] [org.gradle.model.internal.registry.DefaultModelRegistry] Project : - Transitioning model element '<root>' to state Discovered.
2025-03-10T17:43:18.196+0800 [DEBUG] [org.gradle.model.internal.registry.DefaultModelRegistry] Project : - Transitioning model element '<root>' to state Created.
2025-03-10T17:43:18.196+0800 [DEBUG] [org.gradle.internal.operations.DefaultBuildOperationRunner] Build operation 'Register task :help' completed
2025-03-10T17:43:18.196+0800 [DEBUG] [org.gradle.internal.operations.DefaultBuildOperationRunner] Build operation 'Register task :projects' completed
2025-03-10T17:43:18.197+0800 [DEBUG] [org.gradle.internal.operations.DefaultBuildOperationRunner] Build operation 'Register task :tasks' completed
2025-03-10T17:43:18.197+0800 [DEBUG] [org.gradle.internal.operations.DefaultBuildOperationRunner] Build operation 'Register task :properties' completed
2025-03-10T17:43:18.197+0800 [DEBUG] [org.gradle.internal.operations.DefaultBuildOperationRunner] Build operation 'Register task :dependencyInsight' completed
2025-03-10T17:43:18.197+0800 [DEBUG] [org.gradle.internal.operations.DefaultBuildOperationRunner] Build operation 'Register task :dependencies' completed
2025-03-10T17:43:18.197+0800 [DEBUG] [org.gradle.internal.operations.DefaultBuildOperationRunner] Build operation 'Register task :buildEnvironment' completed
2025-03-10T17:43:18.197+0800 [DEBUG] [org.gradle.internal.operations.DefaultBuildOperationRunner] Build operation 'Register task :components' completed
2025-03-10T17:43:18.197+0800 [DEBUG] [org.gradle.internal.operations.DefaultBuildOperationRunner] Build operation 'Register task :model' completed
2025-03-10T17:43:18.197+0800 [DEBUG] [org.gradle.internal.operations.DefaultBuildOperationRunner] Build operation 'Register task :dependentComponents' completed
2025-03-10T17:43:18.197+0800 [DEBUG] [org.gradle.internal.operations.DefaultBuildOperationRunner] Build operation 'Register task :outgoingVariants' completed
2025-03-10T17:43:18.197+0800 [DEBUG] [org.gradle.internal.operations.DefaultBuildOperationRunner] Build operation 'Register task :resolvableConfigurations' completed
2025-03-10T17:43:18.197+0800 [DEBUG] [org.gradle.internal.operations.DefaultBuildOperationRunner] Build operation 'Apply plugin org.gradle.help-tasks to root project 'MyApplicationBackend'' completed
2025-03-10T17:43:18.197+0800 [DEBUG] [org.gradle.internal.operations.DefaultBuildOperationRunner] Build operation 'Register task :javaToolchains' completed
2025-03-10T17:43:18.197+0800 [DEBUG] [org.gradle.internal.operations.DefaultBuildOperationRunner] Build operation 'Register task :prepareKotlinBuildScriptModel' completed
2025-03-10T17:43:18.197+0800 [DEBUG] [org.gradle.internal.operations.DefaultBuildOperationRunner] Build operation 'Register task :updateDaemonJvm' completed
2025-03-10T17:43:18.198+0800 [DEBUG] [org.gradle.internal.operations.DefaultBuildOperationRunner] Build operation 'Register task :init' completed
2025-03-10T17:43:18.198+0800 [DEBUG] [org.gradle.internal.operations.DefaultBuildOperationRunner] Build operation 'Apply plugin org.gradle.build-init to root project 'MyApplicationBackend'' completed
2025-03-10T17:43:18.198+0800 [DEBUG] [org.gradle.internal.operations.DefaultBuildOperationRunner] Build operation 'Register task :wrapper' completed
2025-03-10T17:43:18.198+0800 [DEBUG] [org.gradle.internal.operations.DefaultBuildOperationRunner] Build operation 'Apply plugin org.gradle.wrapper to root project 'MyApplicationBackend'' completed
2025-03-10T17:43:18.198+0800 [INFO] [org.gradle.configuration.project.BuildScriptProcessor] Evaluating root project 'MyApplicationBackend' using build file '/Users/sam/Desktop/MyApplicationBackend/MyApplicationBackend/build.gradle.kts'.
2025-03-10T17:43:18.198+0800 [DEBUG] [org.gradle.internal.locking.LockFileReaderWriter] Lockfiles root: /Users/sam/Desktop/MyApplicationBackend/MyApplicationBackend/gradle/dependency-locks
2025-03-10T17:43:18.199+0800 [DEBUG] [org.gradle.kotlin.dsl.provider.KotlinScriptPlugin] Applying Kotlin script to root project 'MyApplicationBackend'
2025-03-10T17:43:18.200+0800 [DEBUG] [org.gradle.api.internal.artifacts.ivyservice.modulecache.ResolvedArtifactCaches] Reusing in-memory cache for repo 'Gradle Central Plugin Repository' [2f8748e965ecb2135dad092e9ef808de].
2025-03-10T17:43:18.200+0800 [DEBUG] [org.gradle.api.internal.artifacts.ivyservice.resolveengine.graph.builder.DependencyGraphBuilder] Visiting configuration unspecified:unspecified-detachedConfiguration1:unspecified(detachedConfiguration1).
2025-03-10T17:43:18.200+0800 [DEBUG] [org.gradle.api.internal.artifacts.ivyservice.ivyresolve.RepositoryChainComponentMetaDataResolver] Attempting to resolve component for org.jetbrains.kotlin.jvm:org.jetbrains.kotlin.jvm.gradle.plugin:2.1.10 using repositories [Gradle Central Plugin Repository]
2025-03-10T17:43:18.200+0800 [DEBUG] [org.gradle.api.internal.artifacts.ivyservice.ivyresolve.CachingModuleComponentRepository] Using cached module metadata for module 'org.jetbrains.kotlin.jvm:org.jetbrains.kotlin.jvm.gradle.plugin:2.1.10' in 'Gradle Central Plugin Repository'
2025-03-10T17:43:18.200+0800 [DEBUG] [org.gradle.api.internal.artifacts.ivyservice.ivyresolve.RepositoryChainComponentMetaDataResolver] Using org.jetbrains.kotlin.jvm:org.jetbrains.kotlin.jvm.gradle.plugin:2.1.10 from Maven repository 'Gradle Central Plugin Repository'
2025-03-10T17:43:18.200+0800 [DEBUG] [org.gradle.internal.component.model.DefaultAttributeMatcher] Selected matches [1] from candidates [org.gradle.internal.component.model.DefaultExternalComponentGraphResolveState$DefaultConfigurationGraphResolveState@4a9dec98, org.gradle.internal.component.model.DefaultExternalComponentGraphResolveState$DefaultConfigurationGraphResolveState@271f201b, org.gradle.internal.component.model.DefaultExternalComponentGraphResolveState$DefaultConfigurationGraphResolveState@f9a7ff0, org.gradle.internal.component.model.DefaultExternalComponentGraphResolveState$DefaultConfigurationGraphResolveState@36be75b7, org.gradle.internal.component.model.DefaultExternalComponentGraphResolveState$DefaultConfigurationGraphResolveState@13e2b6d4, org.gradle.internal.component.model.DefaultExternalComponentGraphResolveState$DefaultConfigurationGraphResolveState@4d23534b, org.gradle.internal.component.model.DefaultExternalComponentGraphResolveState$DefaultConfigurationGraphResolveState@119ad0e0, org.gradle.internal.component.model.DefaultExternalComponentGraphResolveState$DefaultConfigurationGraphResolveState@54cc0ca9] for {}
2025-03-10T17:43:18.200+0800 [DEBUG] [org.gradle.api.internal.artifacts.ivyservice.resolveengine.graph.builder.DependencyGraphBuilder] Visiting configuration org.jetbrains.kotlin.jvm:org.jetbrains.kotlin.jvm.gradle.plugin:2.1.10(runtime).
2025-03-10T17:43:18.201+0800 [DEBUG] [org.gradle.api.internal.artifacts.ivyservice.resolveengine.graph.builder.NodeState] org.jetbrains.kotlin.jvm:org.jetbrains.kotlin.jvm.gradle.plugin:2.1.10(runtime) has no transitive incoming edges. ignoring outgoing edges.
2025-03-10T17:43:18.201+0800 [DEBUG] [org.gradle.api.internal.artifacts.ivyservice.resolveengine.oldresult.TransientConfigurationResultsBuilder] Flushing resolved configuration data in Binary store in /Users/sam/.gradle/.tmp/gradle3614027145268127340.bin. Wrote root 48.
2025-03-10T17:43:18.201+0800 [DEBUG] [org.gradle.internal.operations.DefaultBuildOperationRunner] Build operation 'Resolve dependencies of detachedConfiguration1' completed
2025-03-10T17:43:18.201+0800 [DEBUG] [org.gradle.internal.component.model.LoggingAttributeMatchingExplanationBuilder] Selected match org.jetbrains.kotlin.jvm:org.jetbrains.kotlin.jvm.gradle.plugin:2.1.10 configuration runtime from candidates [org.jetbrains.kotlin.jvm:org.jetbrains.kotlin.jvm.gradle.plugin:2.1.10 configuration runtime] for {}
2025-03-10T17:43:18.201+0800 [DEBUG] [org.gradle.api.internal.artifacts.ivyservice.ivyresolve.CachingModuleComponentRepository] Detected non-existence of artifact 'org.jetbrains.kotlin.jvm.gradle.plugin-2.1.10.jar (org.jetbrains.kotlin.jvm:org.jetbrains.kotlin.jvm.gradle.plugin:2.1.10)' in resolver cache
2025-03-10T17:43:18.201+0800 [DEBUG] [org.gradle.internal.operations.DefaultBuildOperationRunner] Build operation 'Resolve files of configuration 'detachedConfiguration1'' completed
2025-03-10T17:43:18.201+0800 [DEBUG] [org.gradle.api.internal.artifacts.ivyservice.modulecache.ResolvedArtifactCaches] Reusing in-memory cache for repo 'Gradle Central Plugin Repository' [2f8748e965ecb2135dad092e9ef808de].
2025-03-10T17:43:18.201+0800 [DEBUG] [org.gradle.api.internal.artifacts.ivyservice.resolveengine.graph.builder.DependencyGraphBuilder] Visiting configuration unspecified:unspecified-detachedConfiguration2:unspecified(detachedConfiguration2).
2025-03-10T17:43:18.201+0800 [DEBUG] [org.gradle.api.internal.artifacts.ivyservice.ivyresolve.RepositoryChainComponentMetaDataResolver] Attempting to resolve component for org.jetbrains.kotlin.plugin.serialization:org.jetbrains.kotlin.plugin.serialization.gradle.plugin:2.1.10 using repositories [Gradle Central Plugin Repository]
2025-03-10T17:43:18.201+0800 [DEBUG] [org.gradle.api.internal.artifacts.ivyservice.ivyresolve.CachingModuleComponentRepository] Using cached module metadata for module 'org.jetbrains.kotlin.plugin.serialization:org.jetbrains.kotlin.plugin.serialization.gradle.plugin:2.1.10' in 'Gradle Central Plugin Repository'
2025-03-10T17:43:18.201+0800 [DEBUG] [org.gradle.api.internal.artifacts.ivyservice.ivyresolve.RepositoryChainComponentMetaDataResolver] Using org.jetbrains.kotlin.plugin.serialization:org.jetbrains.kotlin.plugin.serialization.gradle.plugin:2.1.10 from Maven repository 'Gradle Central Plugin Repository'
2025-03-10T17:43:18.202+0800 [DEBUG] [org.gradle.api.internal.artifacts.ivyservice.resolveengine.graph.builder.DependencyGraphBuilder] Visiting configuration org.jetbrains.kotlin.plugin.serialization:org.jetbrains.kotlin.plugin.serialization.gradle.plugin:2.1.10(runtime).
2025-03-10T17:43:18.202+0800 [DEBUG] [org.gradle.api.internal.artifacts.ivyservice.resolveengine.graph.builder.NodeState] org.jetbrains.kotlin.plugin.serialization:org.jetbrains.kotlin.plugin.serialization.gradle.plugin:2.1.10(runtime) has no transitive incoming edges. ignoring outgoing edges.
2025-03-10T17:43:18.202+0800 [DEBUG] [org.gradle.api.internal.artifacts.ivyservice.resolveengine.oldresult.TransientConfigurationResultsBuilder] Flushing resolved configuration data in Binary store in /Users/sam/.gradle/.tmp/gradle3614027145268127340.bin. Wrote root 64.
2025-03-10T17:43:18.202+0800 [DEBUG] [org.gradle.internal.operations.DefaultBuildOperationRunner] Build operation 'Resolve dependencies of detachedConfiguration2' completed
2025-03-10T17:43:18.202+0800 [DEBUG] [org.gradle.internal.component.model.LoggingAttributeMatchingExplanationBuilder] Selected match org.jetbrains.kotlin.plugin.serialization:org.jetbrains.kotlin.plugin.serialization.gradle.plugin:2.1.10 configuration runtime from candidates [org.jetbrains.kotlin.plugin.serialization:org.jetbrains.kotlin.plugin.serialization.gradle.plugin:2.1.10 configuration runtime] for {}
2025-03-10T17:43:18.202+0800 [DEBUG] [org.gradle.api.internal.artifacts.ivyservice.ivyresolve.CachingModuleComponentRepository] Detected non-existence of artifact 'org.jetbrains.kotlin.plugin.serialization.gradle.plugin-2.1.10.jar (org.jetbrains.kotlin.plugin.serialization:org.jetbrains.kotlin.plugin.serialization.gradle.plugin:2.1.10)' in resolver cache
2025-03-10T17:43:18.202+0800 [DEBUG] [org.gradle.internal.operations.DefaultBuildOperationRunner] Build operation 'Resolve files of configuration 'detachedConfiguration2'' completed
2025-03-10T17:43:18.202+0800 [DEBUG] [org.gradle.api.internal.artifacts.ivyservice.modulecache.ResolvedArtifactCaches] Reusing in-memory cache for repo 'Gradle Central Plugin Repository' [2f8748e965ecb2135dad092e9ef808de].
2025-03-10T17:43:18.202+0800 [DEBUG] [org.gradle.api.internal.artifacts.ivyservice.resolveengine.graph.builder.DependencyGraphBuilder] Visiting configuration unspecified:unspecified-detachedConfiguration3:unspecified(detachedConfiguration3).
2025-03-10T17:43:18.203+0800 [DEBUG] [org.gradle.api.internal.artifacts.ivyservice.ivyresolve.RepositoryChainComponentMetaDataResolver] Attempting to resolve component for io.ktor.plugin:io.ktor.plugin.gradle.plugin:2.3.6 using repositories [Gradle Central Plugin Repository]
2025-03-10T17:43:18.203+0800 [DEBUG] [org.gradle.api.internal.artifacts.ivyservice.ivyresolve.CachingModuleComponentRepository] Using cached module metadata for module 'io.ktor.plugin:io.ktor.plugin.gradle.plugin:2.3.6' in 'Gradle Central Plugin Repository'
2025-03-10T17:43:18.203+0800 [DEBUG] [org.gradle.api.internal.artifacts.ivyservice.ivyresolve.RepositoryChainComponentMetaDataResolver] Using io.ktor.plugin:io.ktor.plugin.gradle.plugin:2.3.6 from Maven repository 'Gradle Central Plugin Repository'
2025-03-10T17:43:18.203+0800 [DEBUG] [org.gradle.api.internal.artifacts.ivyservice.resolveengine.graph.builder.DependencyGraphBuilder] Visiting configuration io.ktor.plugin:io.ktor.plugin.gradle.plugin:2.3.6(runtime).
2025-03-10T17:43:18.203+0800 [DEBUG] [org.gradle.api.internal.artifacts.ivyservice.resolveengine.graph.builder.NodeState] io.ktor.plugin:io.ktor.plugin.gradle.plugin:2.3.6(runtime) has no transitive incoming edges. ignoring outgoing edges.
2025-03-10T17:43:18.203+0800 [DEBUG] [org.gradle.api.internal.artifacts.ivyservice.resolveengine.oldresult.TransientConfigurationResultsBuilder] Flushing resolved configuration data in Binary store in /Users/sam/.gradle/.tmp/gradle3614027145268127340.bin. Wrote root 80.
2025-03-10T17:43:18.203+0800 [DEBUG] [org.gradle.internal.operations.DefaultBuildOperationRunner] Build operation 'Resolve dependencies of detachedConfiguration3' completed
2025-03-10T17:43:18.203+0800 [DEBUG] [org.gradle.internal.component.model.LoggingAttributeMatchingExplanationBuilder] Selected match io.ktor.plugin:io.ktor.plugin.gradle.plugin:2.3.6 configuration runtime from candidates [io.ktor.plugin:io.ktor.plugin.gradle.plugin:2.3.6 configuration runtime] for {}
2025-03-10T17:43:18.203+0800 [DEBUG] [org.gradle.api.internal.artifacts.ivyservice.ivyresolve.CachingModuleComponentRepository] Detected non-existence of artifact 'io.ktor.plugin.gradle.plugin-2.3.6.jar (io.ktor.plugin:io.ktor.plugin.gradle.plugin:2.3.6)' in resolver cache
2025-03-10T17:43:18.203+0800 [DEBUG] [org.gradle.internal.operations.DefaultBuildOperationRunner] Build operation 'Resolve files of configuration 'detachedConfiguration3'' completed
2025-03-10T17:43:18.203+0800 [DEBUG] [org.gradle.api.internal.artifacts.ivyservice.resolveengine.graph.builder.DependencyGraphBuilder] Visiting configuration :MyApplicationBackend:unspecified(classpath).
2025-03-10T17:43:18.204+0800 [DEBUG] [org.gradle.api.internal.artifacts.ivyservice.resolveengine.graph.builder.NodeState] dependency: org.jetbrains.kotlin.jvm:org.jetbrains.kotlin.jvm.gradle.plugin:2.1.10 to-conf: null is filtered.
2025-03-10T17:43:18.204+0800 [DEBUG] [org.gradle.api.internal.artifacts.ivyservice.resolveengine.graph.builder.NodeState] dependency: org.jetbrains.kotlin.plugin.serialization:org.jetbrains.kotlin.plugin.serialization.gradle.plugin:2.1.10 to-conf: null is filtered.
2025-03-10T17:43:18.204+0800 [DEBUG] [org.gradle.api.internal.artifacts.ivyservice.resolveengine.graph.builder.NodeState] dependency: io.ktor.plugin:io.ktor.plugin.gradle.plugin:2.3.6 to-conf: null is filtered.
2025-03-10T17:43:18.204+0800 [DEBUG] [org.gradle.api.internal.artifacts.ivyservice.resolveengine.graph.builder.NodeState] dependency: org.apache.logging.log4j:log4j-core:{require 2.17.1; reject [2.0, 2.17.1)} to-conf: null is filtered.
2025-03-10T17:43:18.204+0800 [DEBUG] [org.gradle.api.internal.artifacts.ivyservice.resolveengine.graph.builder.NodeState] dependency: org.jetbrains.kotlin:kotlin-stdlib:{strictly 1.9.24} to-conf: null is filtered.
2025-03-10T17:43:18.204+0800 [DEBUG] [org.gradle.api.internal.artifacts.ivyservice.resolveengine.graph.builder.NodeState] dependency: org.jetbrains.kotlin:kotlin-reflect:{strictly 1.9.24} to-conf: null is filtered.
2025-03-10T17:43:18.204+0800 [DEBUG] [org.gradle.api.internal.artifacts.ivyservice.resolveengine.graph.builder.NodeState] dependency: org.jetbrains:annotations:{strictly 13.0} to-conf: null is filtered.
2025-03-10T17:43:18.204+0800 [DEBUG] [org.gradle.api.internal.artifacts.ivyservice.modulecache.ResolvedArtifactCaches] Reusing in-memory cache for repo 'Gradle Central Plugin Repository' [2f8748e965ecb2135dad092e9ef808de].
2025-03-10T17:43:18.204+0800 [DEBUG] [org.gradle.api.internal.artifacts.ivyservice.resolveengine.graph.builder.DependencyGraphBuilder] Visiting configuration :MyApplicationBackend:unspecified(classpath).
2025-03-10T17:43:18.204+0800 [DEBUG] [org.gradle.api.internal.artifacts.ivyservice.ivyresolve.RepositoryChainComponentMetaDataResolver] Attempting to resolve component for org.jetbrains.kotlin.jvm:org.jetbrains.kotlin.jvm.gradle.plugin:2.1.10 using repositories [Gradle Central Plugin Repository]
2025-03-10T17:43:18.204+0800 [DEBUG] [org.gradle.api.internal.artifacts.ivyservice.ivyresolve.CachingModuleComponentRepository] Using cached module metadata for module 'org.jetbrains.kotlin.jvm:org.jetbrains.kotlin.jvm.gradle.plugin:2.1.10' in 'Gradle Central Plugin Repository'
2025-03-10T17:43:18.204+0800 [DEBUG] [org.gradle.api.internal.artifacts.ivyservice.ivyresolve.RepositoryChainComponentMetaDataResolver] Using org.jetbrains.kotlin.jvm:org.jetbrains.kotlin.jvm.gradle.plugin:2.1.10 from Maven repository 'Gradle Central Plugin Repository'
2025-03-10T17:43:18.204+0800 [DEBUG] [org.gradle.internal.component.model.LoggingAttributeMatchingExplanationBuilder] Candidate org.gradle.internal.component.model.DefaultExternalComponentGraphResolveState$DefaultConfigurationGraphResolveState@4a9dec98 attribute org.gradle.usage value {org.gradle.status=release, org.gradle.usage=java-api} doesn't requested value java-runtime
2025-03-10T17:43:18.204+0800 [DEBUG] [org.gradle.internal.component.model.LoggingAttributeMatchingExplanationBuilder] Candidate org.gradle.internal.component.model.DefaultExternalComponentGraphResolveState$DefaultConfigurationGraphResolveState@271f201b doesn't have attribute org.gradle.dependency.bundling
2025-03-10T17:43:18.204+0800 [DEBUG] [org.gradle.internal.component.model.LoggingAttributeMatchingExplanationBuilder] Candidate org.gradle.internal.component.model.DefaultExternalComponentGraphResolveState$DefaultConfigurationGraphResolveState@271f201b doesn't have attribute org.gradle.jvm.version
2025-03-10T17:43:18.204+0800 [DEBUG] [org.gradle.internal.component.model.LoggingAttributeMatchingExplanationBuilder] Candidate org.gradle.internal.component.model.DefaultExternalComponentGraphResolveState$DefaultConfigurationGraphResolveState@271f201b doesn't have attribute org.gradle.plugin.api-version
2025-03-10T17:43:18.204+0800 [DEBUG] [org.gradle.internal.component.model.LoggingAttributeMatchingExplanationBuilder] Candidate org.gradle.internal.component.model.DefaultExternalComponentGraphResolveState$DefaultConfigurationGraphResolveState@f9a7ff0 attribute org.gradle.category value {org.gradle.category=documentation, org.gradle.status=release} doesn't requested value library
2025-03-10T17:43:18.204+0800 [DEBUG] [org.gradle.internal.component.model.LoggingAttributeMatchingExplanationBuilder] Candidate org.gradle.internal.component.model.DefaultExternalComponentGraphResolveState$DefaultConfigurationGraphResolveState@36be75b7 attribute org.gradle.category value {org.gradle.category=documentation, org.gradle.status=release} doesn't requested value library
2025-03-10T17:43:18.204+0800 [DEBUG] [org.gradle.internal.component.model.LoggingAttributeMatchingExplanationBuilder] Candidate org.gradle.internal.component.model.DefaultExternalComponentGraphResolveState$DefaultConfigurationGraphResolveState@13e2b6d4 attribute org.gradle.usage value {org.gradle.status=release, org.gradle.usage=java-api} doesn't requested value java-runtime
2025-03-10T17:43:18.204+0800 [DEBUG] [org.gradle.internal.component.model.LoggingAttributeMatchingExplanationBuilder] Candidate org.gradle.internal.component.model.DefaultExternalComponentGraphResolveState$DefaultConfigurationGraphResolveState@4d23534b attribute org.gradle.category value {org.gradle.category=platform, org.gradle.status=release, org.gradle.usage=java-runtime} doesn't requested value library
2025-03-10T17:43:18.204+0800 [DEBUG] [org.gradle.internal.component.model.LoggingAttributeMatchingExplanationBuilder] Candidate org.gradle.internal.component.model.DefaultExternalComponentGraphResolveState$DefaultConfigurationGraphResolveState@119ad0e0 attribute org.gradle.usage value {org.gradle.status=release, org.gradle.usage=java-api} doesn't requested value java-runtime
2025-03-10T17:43:18.204+0800 [DEBUG] [org.gradle.internal.component.model.LoggingAttributeMatchingExplanationBuilder] Candidate org.gradle.internal.component.model.DefaultExternalComponentGraphResolveState$DefaultConfigurationGraphResolveState@54cc0ca9 attribute org.gradle.category value {org.gradle.category=enforced-platform, org.gradle.status=release, org.gradle.usage=java-runtime} doesn't requested value library
2025-03-10T17:43:18.204+0800 [DEBUG] [org.gradle.internal.component.model.DefaultAttributeMatcher] Selected matches [1] from candidates [org.gradle.internal.component.model.DefaultExternalComponentGraphResolveState$DefaultConfigurationGraphResolveState@4a9dec98, org.gradle.internal.component.model.DefaultExternalComponentGraphResolveState$DefaultConfigurationGraphResolveState@271f201b, org.gradle.internal.component.model.DefaultExternalComponentGraphResolveState$DefaultConfigurationGraphResolveState@f9a7ff0, org.gradle.internal.component.model.DefaultExternalComponentGraphResolveState$DefaultConfigurationGraphResolveState@36be75b7, org.gradle.internal.component.model.DefaultExternalComponentGraphResolveState$DefaultConfigurationGraphResolveState@13e2b6d4, org.gradle.internal.component.model.DefaultExternalComponentGraphResolveState$DefaultConfigurationGraphResolveState@4d23534b, org.gradle.internal.component.model.DefaultExternalComponentGraphResolveState$DefaultConfigurationGraphResolveState@119ad0e0, org.gradle.internal.component.model.DefaultExternalComponentGraphResolveState$DefaultConfigurationGraphResolveState@54cc0ca9] for {org.gradle.category=library, org.gradle.dependency.bundling=external, org.gradle.jvm.version=23, org.gradle.libraryelements=jar, org.gradle.plugin.api-version=8.10, org.gradle.usage=java-runtime}
2025-03-10T17:43:18.204+0800 [DEBUG] [org.gradle.api.internal.artifacts.ivyservice.ivyresolve.RepositoryChainComponentMetaDataResolver] Attempting to resolve component for org.jetbrains.kotlin.plugin.serialization:org.jetbrains.kotlin.plugin.serialization.gradle.plugin:2.1.10 using repositories [Gradle Central Plugin Repository]
2025-03-10T17:43:18.204+0800 [DEBUG] [org.gradle.api.internal.artifacts.ivyservice.ivyresolve.CachingModuleComponentRepository] Using cached module metadata for module 'org.jetbrains.kotlin.plugin.serialization:org.jetbrains.kotlin.plugin.serialization.gradle.plugin:2.1.10' in 'Gradle Central Plugin Repository'
2025-03-10T17:43:18.204+0800 [DEBUG] [org.gradle.api.internal.artifacts.ivyservice.ivyresolve.RepositoryChainComponentMetaDataResolver] Using org.jetbrains.kotlin.plugin.serialization:org.jetbrains.kotlin.plugin.serialization.gradle.plugin:2.1.10 from Maven repository 'Gradle Central Plugin Repository'
2025-03-10T17:43:18.204+0800 [DEBUG] [org.gradle.api.internal.artifacts.ivyservice.ivyresolve.RepositoryChainComponentMetaDataResolver] Attempting to resolve component for io.ktor.plugin:io.ktor.plugin.gradle.plugin:2.3.6 using repositories [Gradle Central Plugin Repository]
2025-03-10T17:43:18.204+0800 [DEBUG] [org.gradle.api.internal.artifacts.ivyservice.ivyresolve.CachingModuleComponentRepository] Using cached module metadata for module 'io.ktor.plugin:io.ktor.plugin.gradle.plugin:2.3.6' in 'Gradle Central Plugin Repository'
2025-03-10T17:43:18.204+0800 [DEBUG] [org.gradle.api.internal.artifacts.ivyservice.ivyresolve.RepositoryChainComponentMetaDataResolver] Using io.ktor.plugin:io.ktor.plugin.gradle.plugin:2.3.6 from Maven repository 'Gradle Central Plugin Repository'
2025-03-10T17:43:18.204+0800 [DEBUG] [org.gradle.api.internal.artifacts.ivyservice.resolveengine.graph.builder.DependencyGraphBuilder] Visiting configuration org.jetbrains.kotlin.jvm:org.jetbrains.kotlin.jvm.gradle.plugin:2.1.10(runtime).
2025-03-10T17:43:18.205+0800 [DEBUG] [org.gradle.api.internal.artifacts.ivyservice.ivyresolve.RepositoryChainComponentMetaDataResolver] Attempting to resolve component for org.jetbrains.kotlin:kotlin-gradle-plugin:2.1.10 using repositories [Gradle Central Plugin Repository]
2025-03-10T17:43:18.205+0800 [DEBUG] [org.gradle.api.internal.artifacts.ivyservice.ivyresolve.CachingModuleComponentRepository] Using cached module metadata for module 'org.jetbrains.kotlin:kotlin-gradle-plugin:2.1.10' in 'Gradle Central Plugin Repository'
2025-03-10T17:43:18.205+0800 [DEBUG] [org.gradle.api.internal.artifacts.ivyservice.ivyresolve.RepositoryChainComponentMetaDataResolver] Using org.jetbrains.kotlin:kotlin-gradle-plugin:2.1.10 from Maven repository 'Gradle Central Plugin Repository'
2025-03-10T17:43:18.205+0800 [DEBUG] [org.gradle.internal.component.model.LoggingAttributeMatchingExplanationBuilder] Candidate org.gradle.internal.component.model.DefaultExternalComponentGraphResolveState$DefaultConfigurationGraphResolveState@5340db85 attribute org.gradle.category value {org.gradle.category=documentation} doesn't requested value library
2025-03-10T17:43:18.205+0800 [DEBUG] [org.gradle.internal.component.model.LoggingAttributeMatchingExplanationBuilder] Candidate org.gradle.internal.component.model.DefaultExternalComponentGraphResolveState$DefaultConfigurationGraphResolveState@54ca9ba attribute org.gradle.category value {org.gradle.category=documentation} doesn't requested value library
2025-03-10T17:43:18.205+0800 [DEBUG] [org.gradle.internal.component.model.LoggingAttributeMatchingExplanationBuilder] Candidate org.gradle.internal.component.model.DefaultExternalComponentGraphResolveState$DefaultConfigurationGraphResolveState@63921485 doesn't have attribute org.gradle.plugin.api-version
2025-03-10T17:43:18.205+0800 [DEBUG] [org.gradle.internal.component.model.LoggingAttributeMatchingExplanationBuilder] Candidate org.gradle.internal.component.model.DefaultExternalComponentGraphResolveState$DefaultConfigurationGraphResolveState@157e566d attribute org.gradle.usage value {org.gradle.category=library, org.gradle.dependency.bundling=external, org.gradle.jvm.environment=standard-jvm, org.gradle.jvm.version=8, org.gradle.libraryelements=jar, org.gradle.usage=java-api} doesn't requested value java-runtime
2025-03-10T17:43:18.205+0800 [DEBUG] [org.gradle.internal.component.model.LoggingAttributeMatchingExplanationBuilder] Candidate org.gradle.internal.component.model.DefaultExternalComponentGraphResolveState$DefaultConfigurationGraphResolveState@40373bb4 attribute org.gradle.category value {org.gradle.category=documentation} doesn't requested value library
2025-03-10T17:43:18.205+0800 [DEBUG] [org.gradle.internal.component.model.LoggingAttributeMatchingExplanationBuilder] Candidate org.gradle.internal.component.model.DefaultExternalComponentGraphResolveState$DefaultConfigurationGraphResolveState@20565b71 attribute org.gradle.category value {org.gradle.category=documentation} doesn't requested value library
2025-03-10T17:43:18.205+0800 [DEBUG] [org.gradle.internal.component.model.LoggingAttributeMatchingExplanationBuilder] Candidate org.gradle.internal.component.model.DefaultExternalComponentGraphResolveState$DefaultConfigurationGraphResolveState@539345c2 attribute org.gradle.usage value {org.gradle.category=library, org.gradle.dependency.bundling=external, org.gradle.jvm.environment=standard-jvm, org.gradle.jvm.version=8, org.gradle.libraryelements=jar, org.gradle.plugin.api-version=8.0, org.gradle.usage=java-api} doesn't requested value java-runtime
2025-03-10T17:43:18.205+0800 [DEBUG] [org.gradle.internal.component.model.LoggingAttributeMatchingExplanationBuilder] Candidate org.gradle.internal.component.model.DefaultExternalComponentGraphResolveState$DefaultConfigurationGraphResolveState@34b9bce3 attribute org.gradle.category value {org.gradle.category=documentation} doesn't requested value library
2025-03-10T17:43:18.205+0800 [DEBUG] [org.gradle.internal.component.model.LoggingAttributeMatchingExplanationBuilder] Candidate org.gradle.internal.component.model.DefaultExternalComponentGraphResolveState$DefaultConfigurationGraphResolveState@4d2adb5b attribute org.gradle.category value {org.gradle.category=documentation} doesn't requested value library
2025-03-10T17:43:18.205+0800 [DEBUG] [org.gradle.internal.component.model.LoggingAttributeMatchingExplanationBuilder] Candidate org.gradle.internal.component.model.DefaultExternalComponentGraphResolveState$DefaultConfigurationGraphResolveState@5fb59c5c attribute org.gradle.usage value {org.gradle.category=library, org.gradle.dependency.bundling=external, org.gradle.jvm.environment=standard-jvm, org.gradle.jvm.version=8, org.gradle.libraryelements=jar, org.gradle.plugin.api-version=8.1, org.gradle.usage=java-api} doesn't requested value java-runtime
2025-03-10T17:43:18.205+0800 [DEBUG] [org.gradle.internal.component.model.LoggingAttributeMatchingExplanationBuilder] Candidate org.gradle.internal.component.model.DefaultExternalComponentGraphResolveState$DefaultConfigurationGraphResolveState@16c16f3d attribute org.gradle.category value {org.gradle.category=documentation} doesn't requested value library
2025-03-10T17:43:18.205+0800 [DEBUG] [org.gradle.internal.component.model.LoggingAttributeMatchingExplanationBuilder] Candidate org.gradle.internal.component.model.DefaultExternalComponentGraphResolveState$DefaultConfigurationGraphResolveState@6fe697a2 attribute org.gradle.category value {org.gradle.category=documentation} doesn't requested value library
2025-03-10T17:43:18.205+0800 [DEBUG] [org.gradle.internal.component.model.LoggingAttributeMatchingExplanationBuilder] Candidate org.gradle.internal.component.model.DefaultExternalComponentGraphResolveState$DefaultConfigurationGraphResolveState@748d6906 attribute org.gradle.usage value {org.gradle.category=library, org.gradle.dependency.bundling=external, org.gradle.jvm.environment=standard-jvm, org.gradle.jvm.version=8, org.gradle.libraryelements=jar, org.gradle.plugin.api-version=8.2, org.gradle.usage=java-api} doesn't requested value java-runtime
2025-03-10T17:43:18.205+0800 [DEBUG] [org.gradle.internal.component.model.LoggingAttributeMatchingExplanationBuilder] Candidate org.gradle.internal.component.model.DefaultExternalComponentGraphResolveState$DefaultConfigurationGraphResolveState@7a95cb7 attribute org.gradle.category value {org.gradle.category=documentation} doesn't requested value library
2025-03-10T17:43:18.205+0800 [DEBUG] [org.gradle.internal.component.model.LoggingAttributeMatchingExplanationBuilder] Candidate org.gradle.internal.component.model.DefaultExternalComponentGraphResolveState$DefaultConfigurationGraphResolveState@1a0c73f8 attribute org.gradle.category value {org.gradle.category=documentation} doesn't requested value library
2025-03-10T17:43:18.205+0800 [DEBUG] [org.gradle.internal.component.model.LoggingAttributeMatchingExplanationBuilder] Candidate org.gradle.internal.component.model.DefaultExternalComponentGraphResolveState$DefaultConfigurationGraphResolveState@410cbc9c attribute org.gradle.usage value {org.gradle.category=library, org.gradle.dependency.bundling=external, org.gradle.jvm.environment=standard-jvm, org.gradle.jvm.version=8, org.gradle.libraryelements=jar, org.gradle.plugin.api-version=8.5, org.gradle.usage=java-api} doesn't requested value java-runtime
2025-03-10T17:43:18.205+0800 [DEBUG] [org.gradle.internal.component.model.DefaultAttributeMatcher] Selected matches [19] from candidates [org.gradle.internal.component.model.DefaultExternalComponentGraphResolveState$DefaultConfigurationGraphResolveState@5340db85, org.gradle.internal.component.model.DefaultExternalComponentGraphResolveState$DefaultConfigurationGraphResolveState@54ca9ba, org.gradle.internal.component.model.DefaultExternalComponentGraphResolveState$DefaultConfigurationGraphResolveState@63921485, org.gradle.internal.component.model.DefaultExternalComponentGraphResolveState$DefaultConfigurationGraphResolveState@157e566d, org.gradle.internal.component.model.DefaultExternalComponentGraphResolveState$DefaultConfigurationGraphResolveState@40373bb4, org.gradle.internal.component.model.DefaultExternalComponentGraphResolveState$DefaultConfigurationGraphResolveState@20565b71, org.gradle.internal.component.model.DefaultExternalComponentGraphResolveState$DefaultConfigurationGraphResolveState@539345c2, org.gradle.internal.component.model.DefaultExternalComponentGraphResolveState$DefaultConfigurationGraphResolveState@5e5638e2, org.gradle.internal.component.model.DefaultExternalComponentGraphResolveState$DefaultConfigurationGraphResolveState@34b9bce3, org.gradle.internal.component.model.DefaultExternalComponentGraphResolveState$DefaultConfigurationGraphResolveState@4d2adb5b, org.gradle.internal.component.model.DefaultExternalComponentGraphResolveState$DefaultConfigurationGraphResolveState@5fb59c5c, org.gradle.internal.component.model.DefaultExternalComponentGraphResolveState$DefaultConfigurationGraphResolveState@13d79b7b, org.gradle.internal.component.model.DefaultExternalComponentGraphResolveState$DefaultConfigurationGraphResolveState@16c16f3d, org.gradle.internal.component.model.DefaultExternalComponentGraphResolveState$DefaultConfigurationGraphResolveState@6fe697a2, org.gradle.internal.component.model.DefaultExternalComponentGraphResolveState$DefaultConfigurationGraphResolveState@748d6906, org.gradle.internal.component.model.DefaultExternalComponentGraphResolveState$DefaultConfigurationGraphResolveState@6abda94a, org.gradle.internal.component.model.DefaultExternalComponentGraphResolveState$DefaultConfigurationGraphResolveState@7a95cb7, org.gradle.internal.component.model.DefaultExternalComponentGraphResolveState$DefaultConfigurationGraphResolveState@1a0c73f8, org.gradle.internal.component.model.DefaultExternalComponentGraphResolveState$DefaultConfigurationGraphResolveState@410cbc9c, org.gradle.internal.component.model.DefaultExternalComponentGraphResolveState$DefaultConfigurationGraphResolveState@4ef110dd] for {org.gradle.category=library, org.gradle.dependency.bundling=external, org.gradle.jvm.version=23, org.gradle.libraryelements=jar, org.gradle.plugin.api-version=8.10, org.gradle.usage=java-runtime}
2025-03-10T17:43:18.205+0800 [DEBUG] [org.gradle.api.internal.artifacts.ivyservice.resolveengine.graph.builder.DependencyGraphBuilder] Visiting configuration org.jetbrains.kotlin.plugin.serialization:org.jetbrains.kotlin.plugin.serialization.gradle.plugin:2.1.10(runtime).
2025-03-10T17:43:18.205+0800 [DEBUG] [org.gradle.api.internal.artifacts.ivyservice.ivyresolve.RepositoryChainComponentMetaDataResolver] Attempting to resolve component for org.jetbrains.kotlin:kotlin-serialization:2.1.10 using repositories [Gradle Central Plugin Repository]
2025-03-10T17:43:18.205+0800 [DEBUG] [org.gradle.api.internal.artifacts.ivyservice.ivyresolve.CachingModuleComponentRepository] Using cached module metadata for module 'org.jetbrains.kotlin:kotlin-serialization:2.1.10' in 'Gradle Central Plugin Repository'
2025-03-10T17:43:18.206+0800 [DEBUG] [org.gradle.api.internal.artifacts.ivyservice.ivyresolve.RepositoryChainComponentMetaDataResolver] Using org.jetbrains.kotlin:kotlin-serialization:2.1.10 from Maven repository 'Gradle Central Plugin Repository'
2025-03-10T17:43:18.206+0800 [DEBUG] [org.gradle.api.internal.artifacts.ivyservice.resolveengine.graph.builder.DependencyGraphBuilder] Visiting configuration io.ktor.plugin:io.ktor.plugin.gradle.plugin:2.3.6(runtime).
2025-03-10T17:43:18.206+0800 [DEBUG] [org.gradle.api.internal.artifacts.ivyservice.ivyresolve.RepositoryChainComponentMetaDataResolver] Attempting to resolve component for io.ktor.plugin:plugin:2.3.6 using repositories [Gradle Central Plugin Repository]
2025-03-10T17:43:18.206+0800 [DEBUG] [org.gradle.api.internal.artifacts.ivyservice.ivyresolve.CachingModuleComponentRepository] Using cached module metadata for module 'io.ktor.plugin:plugin:2.3.6' in 'Gradle Central Plugin Repository'
2025-03-10T17:43:18.206+0800 [DEBUG] [org.gradle.api.internal.artifacts.ivyservice.ivyresolve.RepositoryChainComponentMetaDataResolver] Using io.ktor.plugin:plugin:2.3.6 from Maven repository 'Gradle Central Plugin Repository'
2025-03-10T17:43:18.206+0800 [DEBUG] [org.gradle.internal.component.model.LoggingAttributeMatchingExplanationBuilder] Candidate org.gradle.internal.component.model.DefaultExternalComponentGraphResolveState$DefaultConfigurationGraphResolveState@2b137f9d attribute org.gradle.usage value {org.gradle.category=library, org.gradle.dependency.bundling=external, org.gradle.jvm.environment=standard-jvm, org.gradle.jvm.version=8, org.gradle.libraryelements=jar, org.gradle.usage=java-api} doesn't requested value java-runtime
2025-03-10T17:43:18.206+0800 [DEBUG] [org.gradle.internal.component.model.LoggingAttributeMatchingExplanationBuilder] Candidate org.gradle.internal.component.model.DefaultExternalComponentGraphResolveState$DefaultConfigurationGraphResolveState@66b15bd6 doesn't have attribute org.gradle.plugin.api-version
2025-03-10T17:43:18.206+0800 [DEBUG] [org.gradle.internal.component.model.LoggingAttributeMatchingExplanationBuilder] Candidate org.gradle.internal.component.model.DefaultExternalComponentGraphResolveState$DefaultConfigurationGraphResolveState@6a7f2fa5 attribute org.gradle.category value {org.gradle.category=documentation} doesn't requested value library
2025-03-10T17:43:18.206+0800 [DEBUG] [org.gradle.internal.component.model.LoggingAttributeMatchingExplanationBuilder] Candidate org.gradle.internal.component.model.DefaultExternalComponentGraphResolveState$DefaultConfigurationGraphResolveState@1b0fc7c1 attribute org.gradle.category value {org.gradle.category=documentation} doesn't requested value library
2025-03-10T17:43:18.206+0800 [DEBUG] [org.gradle.internal.component.model.DefaultAttributeMatcher] Selected matches [1] from candidates [org.gradle.internal.component.model.DefaultExternalComponentGraphResolveState$DefaultConfigurationGraphResolveState@2b137f9d, org.gradle.internal.component.model.DefaultExternalComponentGraphResolveState$DefaultConfigurationGraphResolveState@66b15bd6, org.gradle.internal.component.model.DefaultExternalComponentGraphResolveState$DefaultConfigurationGraphResolveState@6a7f2fa5, org.gradle.internal.component.model.DefaultExternalComponentGraphResolveState$DefaultConfigurationGraphResolveState@1b0fc7c1] for {org.gradle.category=library, org.gradle.dependency.bundling=external, org.gradle.jvm.version=23, org.gradle.libraryelements=jar, org.gradle.plugin.api-version=8.10, org.gradle.usage=java-runtime}
2025-03-10T17:43:18.206+0800 [DEBUG] [org.gradle.api.internal.artifacts.ivyservice.resolveengine.graph.builder.DependencyGraphBuilder] Visiting configuration org.jetbrains.kotlin:kotlin-gradle-plugin:2.1.10(gradle85RuntimeElements).
2025-03-10T17:43:18.206+0800 [DEBUG] [org.gradle.api.internal.artifacts.ivyservice.ivyresolve.RepositoryChainComponentMetaDataResolver] Attempting to resolve component for org.jetbrains.kotlin:kotlin-gradle-plugins-bom:2.1.10 using repositories [Gradle Central Plugin Repository]
2025-03-10T17:43:18.206+0800 [DEBUG] [org.gradle.api.internal.artifacts.ivyservice.ivyresolve.CachingModuleComponentRepository] Using cached module metadata for module 'org.jetbrains.kotlin:kotlin-gradle-plugins-bom:2.1.10' in 'Gradle Central Plugin Repository'
2025-03-10T17:43:18.206+0800 [DEBUG] [org.gradle.api.internal.artifacts.ivyservice.ivyresolve.RepositoryChainComponentMetaDataResolver] Using org.jetbrains.kotlin:kotlin-gradle-plugins-bom:2.1.10 from Maven repository 'Gradle Central Plugin Repository'
2025-03-10T17:43:18.206+0800 [DEBUG] [org.gradle.internal.component.model.LoggingAttributeMatchingExplanationBuilder] Candidate org.gradle.internal.component.model.DefaultExternalComponentGraphResolveState$DefaultConfigurationGraphResolveState@3ba72e01 attribute org.gradle.usage value {org.gradle.category=platform, org.gradle.usage=java-api} doesn't requested value java-runtime
2025-03-10T17:43:18.206+0800 [DEBUG] [org.gradle.internal.component.model.LoggingAttributeMatchingExplanationBuilder] Candidate org.gradle.internal.component.model.DefaultExternalComponentGraphResolveState$DefaultConfigurationGraphResolveState@3a8dbdb5 doesn't have attribute org.gradle.libraryelements
2025-03-10T17:43:18.206+0800 [DEBUG] [org.gradle.internal.component.model.LoggingAttributeMatchingExplanationBuilder] Candidate org.gradle.internal.component.model.DefaultExternalComponentGraphResolveState$DefaultConfigurationGraphResolveState@3a8dbdb5 doesn't have attribute org.gradle.dependency.bundling
2025-03-10T17:43:18.206+0800 [DEBUG] [org.gradle.internal.component.model.LoggingAttributeMatchingExplanationBuilder] Candidate org.gradle.internal.component.model.DefaultExternalComponentGraphResolveState$DefaultConfigurationGraphResolveState@3a8dbdb5 doesn't have attribute org.gradle.jvm.version
2025-03-10T17:43:18.206+0800 [DEBUG] [org.gradle.internal.component.model.LoggingAttributeMatchingExplanationBuilder] Candidate org.gradle.internal.component.model.DefaultExternalComponentGraphResolveState$DefaultConfigurationGraphResolveState@3a8dbdb5 doesn't have attribute org.gradle.plugin.api-version
2025-03-10T17:43:18.206+0800 [DEBUG] [org.gradle.internal.component.model.LoggingAttributeMatchingExplanationBuilder] Candidate org.gradle.internal.component.model.DefaultExternalComponentGraphResolveState$DefaultConfigurationGraphResolveState@a10ab04 attribute org.gradle.category value {org.gradle.category=enforced-platform} doesn't requested value platform
2025-03-10T17:43:18.206+0800 [DEBUG] [org.gradle.internal.component.model.LoggingAttributeMatchingExplanationBuilder] Candidate org.gradle.internal.component.model.DefaultExternalComponentGraphResolveState$DefaultConfigurationGraphResolveState@7fb392ef attribute org.gradle.category value {org.gradle.category=enforced-platform} doesn't requested value platform
2025-03-10T17:43:18.206+0800 [DEBUG] [org.gradle.internal.component.model.DefaultAttributeMatcher] Selected matches [1] from candidates [org.gradle.internal.component.model.DefaultExternalComponentGraphResolveState$DefaultConfigurationGraphResolveState@3ba72e01, org.gradle.internal.component.model.DefaultExternalComponentGraphResolveState$DefaultConfigurationGraphResolveState@3a8dbdb5, org.gradle.internal.component.model.DefaultExternalComponentGraphResolveState$DefaultConfigurationGraphResolveState@a10ab04, org.gradle.internal.component.model.DefaultExternalComponentGraphResolveState$DefaultConfigurationGraphResolveState@7fb392ef] for {org.gradle.category=platform, org.gradle.dependency.bundling=external, org.gradle.jvm.version=23, org.gradle.libraryelements=jar, org.gradle.plugin.api-version=8.10, org.gradle.usage=java-runtime}
2025-03-10T17:43:18.207+0800 [DEBUG] [org.gradle.api.internal.artifacts.ivyservice.ivyresolve.RepositoryChainComponentMetaDataResolver] Attempting to resolve component for org.jetbrains.kotlin:kotlin-gradle-plugin-idea:2.1.10 using repositories [Gradle Central Plugin Repository]
2025-03-10T17:43:18.207+0800 [DEBUG] [org.gradle.api.internal.artifacts.ivyservice.ivyresolve.CachingModuleComponentRepository] Using cached module metadata for module 'org.jetbrains.kotlin:kotlin-gradle-plugin-idea:2.1.10' in 'Gradle Central Plugin Repository'
2025-03-10T17:43:18.207+0800 [DEBUG] [org.gradle.api.internal.artifacts.ivyservice.ivyresolve.RepositoryChainComponentMetaDataResolver] Using org.jetbrains.kotlin:kotlin-gradle-plugin-idea:2.1.10 from Maven repository 'Gradle Central Plugin Repository'
2025-03-10T17:43:18.207+0800 [DEBUG] [org.gradle.internal.component.model.LoggingAttributeMatchingExplanationBuilder] Candidate org.gradle.internal.component.model.DefaultExternalComponentGraphResolveState$DefaultConfigurationGraphResolveState@248f836a attribute org.gradle.usage value {org.gradle.usage=java-api} doesn't requested value java-runtime
2025-03-10T17:43:18.207+0800 [DEBUG] [org.gradle.internal.component.model.LoggingAttributeMatchingExplanationBuilder] Candidate org.gradle.internal.component.model.DefaultExternalComponentGraphResolveState$DefaultConfigurationGraphResolveState@5b4a4e0 doesn't have attribute org.gradle.category
2025-03-10T17:43:18.207+0800 [DEBUG] [org.gradle.internal.component.model.LoggingAttributeMatchingExplanationBuilder] Candidate org.gradle.internal.component.model.DefaultExternalComponentGraphResolveState$DefaultConfigurationGraphResolveState@5b4a4e0 doesn't have attribute org.gradle.libraryelements
2025-03-10T17:43:18.207+0800 [DEBUG] [org.gradle.internal.component.model.LoggingAttributeMatchingExplanationBuilder] Candidate org.gradle.internal.component.model.DefaultExternalComponentGraphResolveState$DefaultConfigurationGraphResolveState@5b4a4e0 doesn't have attribute org.gradle.dependency.bundling
2025-03-10T17:43:18.207+0800 [DEBUG] [org.gradle.internal.component.model.LoggingAttributeMatchingExplanationBuilder] Candidate org.gradle.internal.component.model.DefaultExternalComponentGraphResolveState$DefaultConfigurationGraphResolveState@5b4a4e0 doesn't have attribute org.gradle.jvm.version
2025-03-10T17:43:18.207+0800 [DEBUG] [org.gradle.internal.component.model.LoggingAttributeMatchingExplanationBuilder] Candidate org.gradle.internal.component.model.DefaultExternalComponentGraphResolveState$DefaultConfigurationGraphResolveState@5b4a4e0 doesn't have attribute org.gradle.plugin.api-version
2025-03-10T17:43:18.207+0800 [DEBUG] [org.gradle.internal.component.model.LoggingAttributeMatchingExplanationBuilder] Candidate org.gradle.internal.component.model.DefaultExternalComponentGraphResolveState$DefaultConfigurationGraphResolveState@5a428b4 doesn't have attribute org.gradle.plugin.api-version
2025-03-10T17:43:18.207+0800 [DEBUG] [org.gradle.internal.component.model.LoggingAttributeMatchingExplanationBuilder] Candidate org.gradle.internal.component.model.DefaultExternalComponentGraphResolveState$DefaultConfigurationGraphResolveState@655387ea attribute org.gradle.category value {org.gradle.category=documentation} doesn't requested value library
2025-03-10T17:43:18.207+0800 [DEBUG] [org.gradle.internal.component.model.LoggingAttributeMatchingExplanationBuilder] Candidate org.gradle.internal.component.model.DefaultExternalComponentGraphResolveState$DefaultConfigurationGraphResolveState@3d9fdcf9 attribute org.gradle.category value {org.gradle.category=documentation} doesn't requested value library
2025-03-10T17:43:18.207+0800 [DEBUG] [org.gradle.internal.component.model.LoggingAttributeMatchingExplanationBuilder] Candidate org.gradle.internal.component.model.DefaultExternalComponentGraphResolveState$DefaultConfigurationGraphResolveState@5a428b4 selected because its attributes are a superset of all other candidate attributes
2025-03-10T17:43:18.207+0800 [DEBUG] [org.gradle.internal.component.model.DefaultAttributeMatcher] Selected matches [2] from candidates [org.gradle.internal.component.model.DefaultExternalComponentGraphResolveState$DefaultConfigurationGraphResolveState@248f836a, org.gradle.internal.component.model.DefaultExternalComponentGraphResolveState$DefaultConfigurationGraphResolveState@5b4a4e0, org.gradle.internal.component.model.DefaultExternalComponentGraphResolveState$DefaultConfigurationGraphResolveState@5a428b4, org.gradle.internal.component.model.DefaultExternalComponentGraphResolveState$DefaultConfigurationGraphResolveState@655387ea, org.gradle.internal.component.model.DefaultExternalComponentGraphResolveState$DefaultConfigurationGraphResolveState@3d9fdcf9] for {org.gradle.category=library, org.gradle.dependency.bundling=external, org.gradle.jvm.version=23, org.gradle.libraryelements=jar, org.gradle.plugin.api-version=8.10, org.gradle.usage=java-runtime}
2025-03-10T17:43:18.207+0800 [DEBUG] [org.gradle.api.internal.artifacts.ivyservice.ivyresolve.RepositoryChainComponentMetaDataResolver] Attempting to resolve component for org.jetbrains.kotlin:kotlin-gradle-plugin-idea-proto:2.1.10 using repositories [Gradle Central Plugin Repository]
2025-03-10T17:43:18.207+0800 [DEBUG] [org.gradle.api.internal.artifacts.ivyservice.ivyresolve.CachingModuleComponentRepository] Using cached module metadata for module 'org.jetbrains.kotlin:kotlin-gradle-plugin-idea-proto:2.1.10' in 'Gradle Central Plugin Repository'
2025-03-10T17:43:18.207+0800 [DEBUG] [org.gradle.api.internal.artifacts.ivyservice.ivyresolve.RepositoryChainComponentMetaDataResolver] Using org.jetbrains.kotlin:kotlin-gradle-plugin-idea-proto:2.1.10 from Maven repository 'Gradle Central Plugin Repository'
2025-03-10T17:43:18.207+0800 [DEBUG] [org.gradle.api.internal.artifacts.ivyservice.ivyresolve.RepositoryChainComponentMetaDataResolver] Attempting to resolve component for org.jetbrains.kotlin:kotlin-klib-commonizer-api:2.1.10 using repositories [Gradle Central Plugin Repository]
2025-03-10T17:43:18.207+0800 [DEBUG] [org.gradle.api.internal.artifacts.ivyservice.ivyresolve.CachingModuleComponentRepository] Using cached module metadata for module 'org.jetbrains.kotlin:kotlin-klib-commonizer-api:2.1.10' in 'Gradle Central Plugin Repository'
2025-03-10T17:43:18.207+0800 [DEBUG] [org.gradle.api.internal.artifacts.ivyservice.ivyresolve.RepositoryChainComponentMetaDataResolver] Using org.jetbrains.kotlin:kotlin-klib-commonizer-api:2.1.10 from Maven repository 'Gradle Central Plugin Repository'
2025-03-10T17:43:18.207+0800 [DEBUG] [org.gradle.api.internal.artifacts.ivyservice.ivyresolve.RepositoryChainComponentMetaDataResolver] Attempting to resolve component for org.jetbrains.kotlin:kotlin-build-statistics:2.1.10 using repositories [Gradle Central Plugin Repository]
2025-03-10T17:43:18.207+0800 [DEBUG] [org.gradle.api.internal.artifacts.ivyservice.ivyresolve.CachingModuleComponentRepository] Using cached module metadata for module 'org.jetbrains.kotlin:kotlin-build-statistics:2.1.10' in 'Gradle Central Plugin Repository'
2025-03-10T17:43:18.207+0800 [DEBUG] [org.gradle.api.internal.artifacts.ivyservice.ivyresolve.RepositoryChainComponentMetaDataResolver] Using org.jetbrains.kotlin:kotlin-build-statistics:2.1.10 from Maven repository 'Gradle Central Plugin Repository'
2025-03-10T17:43:18.207+0800 [DEBUG] [org.gradle.api.internal.artifacts.ivyservice.ivyresolve.RepositoryChainComponentMetaDataResolver] Attempting to resolve component for org.jetbrains.kotlin:kotlin-util-klib-metadata:2.1.10 using repositories [Gradle Central Plugin Repository]
2025-03-10T17:43:18.207+0800 [DEBUG] [org.gradle.api.internal.artifacts.ivyservice.ivyresolve.CachingModuleComponentRepository] Using cached module metadata for module 'org.jetbrains.kotlin:kotlin-util-klib-metadata:2.1.10' in 'Gradle Central Plugin Repository'
2025-03-10T17:43:18.207+0800 [DEBUG] [org.gradle.api.internal.artifacts.ivyservice.ivyresolve.RepositoryChainComponentMetaDataResolver] Using org.jetbrains.kotlin:kotlin-util-klib-metadata:2.1.10 from Maven repository 'Gradle Central Plugin Repository'
2025-03-10T17:43:18.207+0800 [DEBUG] [org.gradle.api.internal.artifacts.ivyservice.ivyresolve.RepositoryChainComponentMetaDataResolver] Attempting to resolve component for org.jetbrains.kotlin:kotlin-gradle-plugin-api:2.1.10 using repositories [Gradle Central Plugin Repository]
2025-03-10T17:43:18.207+0800 [DEBUG] [org.gradle.api.internal.artifacts.ivyservice.ivyresolve.CachingModuleComponentRepository] Using cached module metadata for module 'org.jetbrains.kotlin:kotlin-gradle-plugin-api:2.1.10' in 'Gradle Central Plugin Repository'
2025-03-10T17:43:18.207+0800 [DEBUG] [org.gradle.api.internal.artifacts.ivyservice.ivyresolve.RepositoryChainComponentMetaDataResolver] Using org.jetbrains.kotlin:kotlin-gradle-plugin-api:2.1.10 from Maven repository 'Gradle Central Plugin Repository'
2025-03-10T17:43:18.207+0800 [DEBUG] [org.gradle.internal.component.model.LoggingAttributeMatchingExplanationBuilder] Candidate org.gradle.internal.component.model.DefaultExternalComponentGraphResolveState$DefaultConfigurationGraphResolveState@45e4ca89 attribute org.gradle.category value {org.gradle.category=documentation} doesn't requested value library
2025-03-10T17:43:18.207+0800 [DEBUG] [org.gradle.internal.component.model.LoggingAttributeMatchingExplanationBuilder] Candidate org.gradle.internal.component.model.DefaultExternalComponentGraphResolveState$DefaultConfigurationGraphResolveState@26efcfb9 attribute org.gradle.category value {org.gradle.category=documentation} doesn't requested value library
2025-03-10T17:43:18.207+0800 [DEBUG] [org.gradle.internal.component.model.LoggingAttributeMatchingExplanationBuilder] Candidate org.gradle.internal.component.model.DefaultExternalComponentGraphResolveState$DefaultConfigurationGraphResolveState@50ca3f2a doesn't have attribute org.gradle.plugin.api-version
2025-03-10T17:43:18.207+0800 [DEBUG] [org.gradle.internal.component.model.LoggingAttributeMatchingExplanationBuilder] Candidate org.gradle.internal.component.model.DefaultExternalComponentGraphResolveState$DefaultConfigurationGraphResolveState@7766acd0 attribute org.gradle.usage value {org.gradle.category=library, org.gradle.dependency.bundling=external, org.gradle.jvm.environment=standard-jvm, org.gradle.jvm.version=8, org.gradle.libraryelements=jar, org.gradle.usage=java-api} doesn't requested value java-runtime
2025-03-10T17:43:18.207+0800 [DEBUG] [org.gradle.internal.component.model.DefaultAttributeMatcher] Selected matches [2] from candidates [org.gradle.internal.component.model.DefaultExternalComponentGraphResolveState$DefaultConfigurationGraphResolveState@45e4ca89, org.gradle.internal.component.model.DefaultExternalComponentGraphResolveState$DefaultConfigurationGraphResolveState@26efcfb9, org.gradle.internal.component.model.DefaultExternalComponentGraphResolveState$DefaultConfigurationGraphResolveState@50ca3f2a, org.gradle.internal.component.model.DefaultExternalComponentGraphResolveState$DefaultConfigurationGraphResolveState@7766acd0] for {org.gradle.category=library, org.gradle.dependency.bundling=external, org.gradle.jvm.version=23, org.gradle.libraryelements=jar, org.gradle.plugin.api-version=8.10, org.gradle.usage=java-runtime}
2025-03-10T17:43:18.207+0800 [DEBUG] [org.gradle.api.internal.artifacts.ivyservice.ivyresolve.RepositoryChainComponentMetaDataResolver] Attempting to resolve component for org.jetbrains.kotlin:kotlin-gradle-plugin-model:2.1.10 using repositories [Gradle Central Plugin Repository]
2025-03-10T17:43:18.207+0800 [DEBUG] [org.gradle.api.internal.artifacts.ivyservice.ivyresolve.CachingModuleComponentRepository] Using cached module metadata for module 'org.jetbrains.kotlin:kotlin-gradle-plugin-model:2.1.10' in 'Gradle Central Plugin Repository'
2025-03-10T17:43:18.207+0800 [DEBUG] [org.gradle.api.internal.artifacts.ivyservice.ivyresolve.RepositoryChainComponentMetaDataResolver] Using org.jetbrains.kotlin:kotlin-gradle-plugin-model:2.1.10 from Maven repository 'Gradle Central Plugin Repository'
2025-03-10T17:43:18.207+0800 [DEBUG] [org.gradle.api.internal.artifacts.ivyservice.ivyresolve.RepositoryChainComponentMetaDataResolver] Attempting to resolve component for org.jetbrains.kotlin:kotlin-compiler-runner:2.1.10 using repositories [Gradle Central Plugin Repository]
2025-03-10T17:43:18.207+0800 [DEBUG] [org.gradle.api.internal.artifacts.ivyservice.ivyresolve.CachingModuleComponentRepository] Using cached module metadata for module 'org.jetbrains.kotlin:kotlin-compiler-runner:2.1.10' in 'Gradle Central Plugin Repository'
2025-03-10T17:43:18.207+0800 [DEBUG] [org.gradle.api.internal.artifacts.ivyservice.ivyresolve.RepositoryChainComponentMetaDataResolver] Using org.jetbrains.kotlin:kotlin-compiler-runner:2.1.10 from Maven repository 'Gradle Central Plugin Repository'
2025-03-10T17:43:18.207+0800 [DEBUG] [org.gradle.api.internal.artifacts.ivyservice.resolveengine.graph.builder.DependencyGraphBuilder] Visiting configuration org.jetbrains.kotlin:kotlin-serialization:2.1.10(gradle85RuntimeElements).
2025-03-10T17:43:18.207+0800 [DEBUG] [org.gradle.internal.component.model.LoggingAttributeMatchingExplanationBuilder] Candidate org.gradle.internal.component.model.DefaultExternalComponentGraphResolveState$DefaultConfigurationGraphResolveState@39b30c06 attribute org.gradle.category value {org.gradle.category=documentation} doesn't requested value library
2025-03-10T17:43:18.207+0800 [DEBUG] [org.gradle.internal.component.model.LoggingAttributeMatchingExplanationBuilder] Candidate org.gradle.internal.component.model.DefaultExternalComponentGraphResolveState$DefaultConfigurationGraphResolveState@b72fe33 attribute org.gradle.category value {org.gradle.category=documentation} doesn't requested value library
2025-03-10T17:43:18.208+0800 [DEBUG] [org.gradle.internal.component.model.LoggingAttributeMatchingExplanationBuilder] Candidate org.gradle.internal.component.model.DefaultExternalComponentGraphResolveState$DefaultConfigurationGraphResolveState@54da46b attribute org.gradle.usage value {org.gradle.category=library, org.gradle.dependency.bundling=external, org.gradle.jvm.environment=standard-jvm, org.gradle.jvm.version=8, org.gradle.libraryelements=jar, org.gradle.plugin.api-version=8.5, org.gradle.usage=java-api} doesn't requested value java-runtime
2025-03-10T17:43:18.208+0800 [DEBUG] [org.gradle.internal.component.model.DefaultAttributeMatcher] Selected matches [3] from candidates [org.gradle.internal.component.model.DefaultExternalComponentGraphResolveState$DefaultConfigurationGraphResolveState@39b30c06, org.gradle.internal.component.model.DefaultExternalComponentGraphResolveState$DefaultConfigurationGraphResolveState@b72fe33, org.gradle.internal.component.model.DefaultExternalComponentGraphResolveState$DefaultConfigurationGraphResolveState@54da46b, org.gradle.internal.component.model.DefaultExternalComponentGraphResolveState$DefaultConfigurationGraphResolveState@2cd73e28] for {org.gradle.category=library, org.gradle.dependency.bundling=external, org.gradle.jvm.version=23, org.gradle.libraryelements=jar, org.gradle.plugin.api-version=8.10, org.gradle.usage=java-runtime}
2025-03-10T17:43:18.208+0800 [DEBUG] [org.gradle.api.internal.artifacts.ivyservice.resolveengine.graph.builder.DependencyGraphBuilder] Visiting configuration io.ktor.plugin:plugin:2.3.6(runtimeElements).
2025-03-10T17:43:18.208+0800 [DEBUG] [org.gradle.api.internal.artifacts.ivyservice.ivyresolve.RepositoryChainComponentMetaDataResolver] Attempting to resolve component for com.github.johnrengelman.shadow:com.github.johnrengelman.shadow.gradle.plugin:7.1.2 using repositories [Gradle Central Plugin Repository]
2025-03-10T17:43:18.208+0800 [DEBUG] [org.gradle.api.internal.artifacts.ivyservice.ivyresolve.CachingModuleComponentRepository] Using cached module metadata for module 'com.github.johnrengelman.shadow:com.github.johnrengelman.shadow.gradle.plugin:7.1.2' in 'Gradle Central Plugin Repository'
2025-03-10T17:43:18.208+0800 [DEBUG] [org.gradle.api.internal.artifacts.ivyservice.ivyresolve.RepositoryChainComponentMetaDataResolver] Using com.github.johnrengelman.shadow:com.github.johnrengelman.shadow.gradle.plugin:7.1.2 from Maven repository 'Gradle Central Plugin Repository'
2025-03-10T17:43:18.208+0800 [DEBUG] [org.gradle.api.internal.artifacts.ivyservice.ivyresolve.RepositoryChainComponentMetaDataResolver] Attempting to resolve component for com.google.cloud.tools:jib-gradle-plugin:3.4.0 using repositories [Gradle Central Plugin Repository]
2025-03-10T17:43:18.208+0800 [DEBUG] [org.gradle.api.internal.artifacts.ivyservice.ivyresolve.CachingModuleComponentRepository] Using cached module metadata for module 'com.google.cloud.tools:jib-gradle-plugin:3.4.0' in 'Gradle Central Plugin Repository'
2025-03-10T17:43:18.208+0800 [DEBUG] [org.gradle.api.internal.artifacts.ivyservice.ivyresolve.RepositoryChainComponentMetaDataResolver] Using com.google.cloud.tools:jib-gradle-plugin:3.4.0 from Maven repository 'Gradle Central Plugin Repository'
2025-03-10T17:43:18.208+0800 [DEBUG] [org.gradle.internal.component.model.LoggingAttributeMatchingExplanationBuilder] Candidate org.gradle.internal.component.model.DefaultExternalComponentGraphResolveState$DefaultConfigurationGraphResolveState@f720fe0 attribute org.gradle.usage value {org.gradle.category=library, org.gradle.dependency.bundling=external, org.gradle.jvm.version=8, org.gradle.libraryelements=jar, org.gradle.usage=java-api} doesn't requested value java-runtime
2025-03-10T17:43:18.208+0800 [DEBUG] [org.gradle.internal.component.model.LoggingAttributeMatchingExplanationBuilder] Candidate org.gradle.internal.component.model.DefaultExternalComponentGraphResolveState$DefaultConfigurationGraphResolveState@5f1bf21c doesn't have attribute org.gradle.plugin.api-version
2025-03-10T17:43:18.208+0800 [DEBUG] [org.gradle.internal.component.model.LoggingAttributeMatchingExplanationBuilder] Candidate org.gradle.internal.component.model.DefaultExternalComponentGraphResolveState$DefaultConfigurationGraphResolveState@37236252 attribute org.gradle.category value {org.gradle.category=documentation} doesn't requested value library
2025-03-10T17:43:18.208+0800 [DEBUG] [org.gradle.internal.component.model.LoggingAttributeMatchingExplanationBuilder] Candidate org.gradle.internal.component.model.DefaultExternalComponentGraphResolveState$DefaultConfigurationGraphResolveState@38570a88 attribute org.gradle.category value {org.gradle.category=documentation} doesn't requested value library
2025-03-10T17:43:18.208+0800 [DEBUG] [org.gradle.internal.component.model.DefaultAttributeMatcher] Selected matches [1] from candidates [org.gradle.internal.component.model.DefaultExternalComponentGraphResolveState$DefaultConfigurationGraphResolveState@f720fe0, org.gradle.internal.component.model.DefaultExternalComponentGraphResolveState$DefaultConfigurationGraphResolveState@5f1bf21c, org.gradle.internal.component.model.DefaultExternalComponentGraphResolveState$DefaultConfigurationGraphResolveState@37236252, org.gradle.internal.component.model.DefaultExternalComponentGraphResolveState$DefaultConfigurationGraphResolveState@38570a88] for {org.gradle.category=library, org.gradle.dependency.bundling=external, org.gradle.jvm.version=23, org.gradle.libraryelements=jar, org.gradle.plugin.api-version=8.10, org.gradle.usage=java-runtime}
2025-03-10T17:43:18.208+0800 [DEBUG] [org.gradle.api.internal.artifacts.ivyservice.ivyresolve.RepositoryChainComponentMetaDataResolver] Attempting to resolve component for org.graalvm.buildtools.native:org.graalvm.buildtools.native.gradle.plugin:0.9.23 using repositories [Gradle Central Plugin Repository]
2025-03-10T17:43:18.208+0800 [DEBUG] [org.gradle.api.internal.artifacts.ivyservice.ivyresolve.CachingModuleComponentRepository] Using cached module metadata for module 'org.graalvm.buildtools.native:org.graalvm.buildtools.native.gradle.plugin:0.9.23' in 'Gradle Central Plugin Repository'
2025-03-10T17:43:18.208+0800 [DEBUG] [org.gradle.api.internal.artifacts.ivyservice.ivyresolve.RepositoryChainComponentMetaDataResolver] Using org.graalvm.buildtools.native:org.graalvm.buildtools.native.gradle.plugin:0.9.23 from Maven repository 'Gradle Central Plugin Repository'
2025-03-10T17:43:18.208+0800 [DEBUG] [org.gradle.api.internal.artifacts.ivyservice.ivyresolve.RepositoryChainComponentMetaDataResolver] Attempting to resolve component for org.jetbrains.kotlin:kotlin-stdlib-jdk8:1.8.22 using repositories [Gradle Central Plugin Repository]
2025-03-10T17:43:18.208+0800 [DEBUG] [org.gradle.api.internal.artifacts.ivyservice.ivyresolve.CachingModuleComponentRepository] Using cached module metadata for module 'org.jetbrains.kotlin:kotlin-stdlib-jdk8:1.8.22' in 'Gradle Central Plugin Repository'
2025-03-10T17:43:18.208+0800 [DEBUG] [org.gradle.api.internal.artifacts.ivyservice.ivyresolve.RepositoryChainComponentMetaDataResolver] Using org.jetbrains.kotlin:kotlin-stdlib-jdk8:1.8.22 from Maven repository 'Gradle Central Plugin Repository'
2025-03-10T17:43:18.208+0800 [DEBUG] [org.gradle.api.internal.artifacts.ivyservice.resolveengine.graph.builder.DependencyGraphBuilder] Visiting configuration org.jetbrains.kotlin:kotlin-gradle-plugins-bom:2.1.10(runtimeElements).
2025-03-10T17:43:18.209+0800 [DEBUG] [org.gradle.api.internal.artifacts.ivyservice.resolveengine.excludes.factories.LoggingExcludeFactory] {"operation": { "name": "anyOf", "operands": [{"exclude module id" : "org.jetbrains.kotlin:kotlin-stdlib-common"}, {"exclude module id" : "org.jetbrains.kotlin:kotlin-script-runtime"}, {"exclude module id" : "org.jetbrains.kotlin:kotlin-reflect"}, {"exclude module id" : "org.jetbrains.kotlin:kotlin-stdlib-jdk7"}, {"exclude module id" : "org.jetbrains.kotlin:kotlin-stdlib"}, {"exclude module id" : "org.jetbrains.kotlin:kotlin-stdlib-jdk8"}], "result": { "module ids" : ["org.jetbrains.kotlin:kotlin-stdlib-common", "org.jetbrains.kotlin:kotlin-script-runtime", "org.jetbrains.kotlin:kotlin-reflect", "org.jetbrains.kotlin:kotlin-stdlib-jdk7", "org.jetbrains.kotlin:kotlin-stdlib", "org.jetbrains.kotlin:kotlin-stdlib-jdk8"]} } }
2025-03-10T17:43:18.209+0800 [DEBUG] [org.gradle.api.internal.artifacts.ivyservice.resolveengine.graph.builder.DependencyGraphBuilder] Visiting configuration org.jetbrains.kotlin:kotlin-gradle-plugin-idea:2.1.10(runtimeElements).
2025-03-10T17:43:18.209+0800 [DEBUG] [org.gradle.api.internal.artifacts.ivyservice.resolveengine.graph.builder.DependencyGraphBuilder] Visiting configuration org.jetbrains.kotlin:kotlin-gradle-plugins-bom:2.1.10(runtimeElements).
2025-03-10T17:43:18.209+0800 [DEBUG] [org.gradle.api.internal.artifacts.ivyservice.ivyresolve.RepositoryChainComponentMetaDataResolver] Attempting to resolve component for org.jetbrains.kotlin:kotlin-tooling-core:2.1.10 using repositories [Gradle Central Plugin Repository]
2025-03-10T17:43:18.209+0800 [DEBUG] [org.gradle.api.internal.artifacts.ivyservice.ivyresolve.CachingModuleComponentRepository] Using cached module metadata for module 'org.jetbrains.kotlin:kotlin-tooling-core:2.1.10' in 'Gradle Central Plugin Repository'
2025-03-10T17:43:18.209+0800 [DEBUG] [org.gradle.api.internal.artifacts.ivyservice.ivyresolve.RepositoryChainComponentMetaDataResolver] Using org.jetbrains.kotlin:kotlin-tooling-core:2.1.10 from Maven repository 'Gradle Central Plugin Repository'
2025-03-10T17:43:18.209+0800 [DEBUG] [org.gradle.api.internal.artifacts.ivyservice.ivyresolve.RepositoryChainComponentMetaDataResolver] Attempting to resolve component for org.jetbrains.kotlin:kotlin-gradle-plugin-annotations:2.1.10 using repositories [Gradle Central Plugin Repository]
2025-03-10T17:43:18.209+0800 [DEBUG] [org.gradle.api.internal.artifacts.ivyservice.ivyresolve.CachingModuleComponentRepository] Using cached module metadata for module 'org.jetbrains.kotlin:kotlin-gradle-plugin-annotations:2.1.10' in 'Gradle Central Plugin Repository'
2025-03-10T17:43:18.210+0800 [DEBUG] [org.gradle.api.internal.artifacts.ivyservice.ivyresolve.RepositoryChainComponentMetaDataResolver] Using org.jetbrains.kotlin:kotlin-gradle-plugin-annotations:2.1.10 from Maven repository 'Gradle Central Plugin Repository'
2025-03-10T17:43:18.210+0800 [DEBUG] [org.gradle.api.internal.artifacts.ivyservice.resolveengine.graph.builder.DependencyGraphBuilder] Visiting configuration org.jetbrains.kotlin:kotlin-gradle-plugin-idea-proto:2.1.10(runtime).
2025-03-10T17:43:18.210+0800 [DEBUG] [org.gradle.api.internal.artifacts.ivyservice.resolveengine.graph.builder.DependencyGraphBuilder] Visiting configuration org.jetbrains.kotlin:kotlin-klib-commonizer-api:2.1.10(runtime).
2025-03-10T17:43:18.210+0800 [DEBUG] [org.gradle.api.internal.artifacts.ivyservice.resolveengine.graph.builder.NodeState] org.jetbrains.kotlin:kotlin-stdlib is excluded from org.jetbrains.kotlin:kotlin-klib-commonizer-api:2.1.10(runtime) by { "module ids" : ["org.jetbrains.kotlin:kotlin-stdlib-common", "org.jetbrains.kotlin:kotlin-script-runtime", "org.jetbrains.kotlin:kotlin-reflect", "org.jetbrains.kotlin:kotlin-stdlib-jdk7", "org.jetbrains.kotlin:kotlin-stdlib", "org.jetbrains.kotlin:kotlin-stdlib-jdk8"]}.
2025-03-10T17:43:18.210+0800 [DEBUG] [org.gradle.api.internal.artifacts.ivyservice.resolveengine.graph.builder.DependencyGraphBuilder] Visiting configuration org.jetbrains.kotlin:kotlin-gradle-plugins-bom:2.1.10(runtimeElements).
2025-03-10T17:43:18.210+0800 [DEBUG] [org.gradle.api.internal.artifacts.ivyservice.ivyresolve.RepositoryChainComponentMetaDataResolver] Attempting to resolve component for org.jetbrains.kotlin:kotlin-native-utils:2.1.10 using repositories [Gradle Central Plugin Repository]
2025-03-10T17:43:18.210+0800 [DEBUG] [org.gradle.api.internal.artifacts.ivyservice.ivyresolve.CachingModuleComponentRepository] Using cached module metadata for module 'org.jetbrains.kotlin:kotlin-native-utils:2.1.10' in 'Gradle Central Plugin Repository'
2025-03-10T17:43:18.210+0800 [DEBUG] [org.gradle.api.internal.artifacts.ivyservice.ivyresolve.RepositoryChainComponentMetaDataResolver] Using org.jetbrains.kotlin:kotlin-native-utils:2.1.10 from Maven repository 'Gradle Central Plugin Repository'
2025-03-10T17:43:18.210+0800 [DEBUG] [org.gradle.api.internal.artifacts.ivyservice.resolveengine.graph.builder.DependencyGraphBuilder] Visiting configuration org.jetbrains.kotlin:kotlin-build-statistics:2.1.10(runtime).
2025-03-10T17:43:18.210+0800 [DEBUG] [org.gradle.api.internal.artifacts.ivyservice.ivyresolve.RepositoryChainComponentMetaDataResolver] Attempting to resolve component for org.jetbrains.kotlin:kotlin-build-tools-api:2.1.10 using repositories [Gradle Central Plugin Repository]
2025-03-10T17:43:18.210+0800 [DEBUG] [org.gradle.api.internal.artifacts.ivyservice.ivyresolve.CachingModuleComponentRepository] Using cached module metadata for module 'org.jetbrains.kotlin:kotlin-build-tools-api:2.1.10' in 'Gradle Central Plugin Repository'
2025-03-10T17:43:18.210+0800 [DEBUG] [org.gradle.api.internal.artifacts.ivyservice.ivyresolve.RepositoryChainComponentMetaDataResolver] Using org.jetbrains.kotlin:kotlin-build-tools-api:2.1.10 from Maven repository 'Gradle Central Plugin Repository'
2025-03-10T17:43:18.210+0800 [DEBUG] [org.gradle.api.internal.artifacts.ivyservice.ivyresolve.RepositoryChainComponentMetaDataResolver] Attempting to resolve component for com.google.code.gson:gson:2.8.9 using repositories [Gradle Central Plugin Repository]
2025-03-10T17:43:18.210+0800 [DEBUG] [org.gradle.api.internal.artifacts.ivyservice.ivyresolve.CachingModuleComponentRepository] Using cached module metadata for module 'com.google.code.gson:gson:2.8.9' in 'Gradle Central Plugin Repository'
2025-03-10T17:43:18.210+0800 [DEBUG] [org.gradle.api.internal.artifacts.ivyservice.ivyresolve.RepositoryChainComponentMetaDataResolver] Using com.google.code.gson:gson:2.8.9 from Maven repository 'Gradle Central Plugin Repository'
2025-03-10T17:43:18.210+0800 [DEBUG] [org.gradle.api.internal.artifacts.ivyservice.resolveengine.graph.builder.DependencyGraphBuilder] Visiting configuration org.jetbrains.kotlin:kotlin-util-klib-metadata:2.1.10(runtime).
2025-03-10T17:43:18.210+0800 [DEBUG] [org.gradle.api.internal.artifacts.ivyservice.resolveengine.graph.builder.NodeState] org.jetbrains.kotlin:kotlin-stdlib is excluded from org.jetbrains.kotlin:kotlin-util-klib-metadata:2.1.10(runtime) by { "module ids" : ["org.jetbrains.kotlin:kotlin-stdlib-common", "org.jetbrains.kotlin:kotlin-script-runtime", "org.jetbrains.kotlin:kotlin-reflect", "org.jetbrains.kotlin:kotlin-stdlib-jdk7", "org.jetbrains.kotlin:kotlin-stdlib", "org.jetbrains.kotlin:kotlin-stdlib-jdk8"]}.
2025-03-10T17:43:18.210+0800 [DEBUG] [org.gradle.api.internal.artifacts.ivyservice.ivyresolve.RepositoryChainComponentMetaDataResolver] Attempting to resolve component for org.jetbrains.kotlin:kotlin-util-io:2.1.10 using repositories [Gradle Central Plugin Repository]
2025-03-10T17:43:18.210+0800 [DEBUG] [org.gradle.api.internal.artifacts.ivyservice.ivyresolve.CachingModuleComponentRepository] Using cached module metadata for module 'org.jetbrains.kotlin:kotlin-util-io:2.1.10' in 'Gradle Central Plugin Repository'
2025-03-10T17:43:18.210+0800 [DEBUG] [org.gradle.api.internal.artifacts.ivyservice.ivyresolve.RepositoryChainComponentMetaDataResolver] Using org.jetbrains.kotlin:kotlin-util-io:2.1.10 from Maven repository 'Gradle Central Plugin Repository'
2025-03-10T17:43:18.210+0800 [DEBUG] [org.gradle.api.internal.artifacts.ivyservice.ivyresolve.RepositoryChainComponentMetaDataResolver] Attempting to resolve component for org.jetbrains.kotlin:kotlin-util-klib:2.1.10 using repositories [Gradle Central Plugin Repository]
2025-03-10T17:43:18.210+0800 [DEBUG] [org.gradle.api.internal.artifacts.ivyservice.ivyresolve.CachingModuleComponentRepository] Using cached module metadata for module 'org.jetbrains.kotlin:kotlin-util-klib:2.1.10' in 'Gradle Central Plugin Repository'
2025-03-10T17:43:18.210+0800 [DEBUG] [org.gradle.api.internal.artifacts.ivyservice.ivyresolve.RepositoryChainComponentMetaDataResolver] Using org.jetbrains.kotlin:kotlin-util-klib:2.1.10 from Maven repository 'Gradle Central Plugin Repository'
2025-03-10T17:43:18.210+0800 [DEBUG] [org.gradle.api.internal.artifacts.ivyservice.resolveengine.graph.builder.DependencyGraphBuilder] Visiting configuration org.jetbrains.kotlin:kotlin-gradle-plugin-api:2.1.10(runtimeElementsWithFixedAttribute).
2025-03-10T17:43:18.210+0800 [DEBUG] [org.gradle.api.internal.artifacts.ivyservice.resolveengine.graph.builder.DependencyGraphBuilder] Visiting configuration org.jetbrains.kotlin:kotlin-gradle-plugin-model:2.1.10(runtimeElementsWithFixedAttribute).
2025-03-10T17:43:18.210+0800 [DEBUG] [org.gradle.api.internal.artifacts.ivyservice.resolveengine.graph.builder.DependencyGraphBuilder] Visiting configuration org.jetbrains.kotlin:kotlin-compiler-runner:2.1.10(runtime).
2025-03-10T17:43:18.210+0800 [DEBUG] [org.gradle.api.internal.artifacts.ivyservice.resolveengine.excludes.factories.LoggingExcludeFactory] {"operation": { "name": "anyOf", "operands": [{"exclude module id" : "org.jetbrains.kotlin:kotlin-stdlib-common"}, {"exclude module id" : "org.jetbrains.kotlin:kotlin-compiler-embeddable"}, {"exclude module id" : "org.jetbrains.kotlin:kotlin-script-runtime"}, {"exclude module id" : "org.jetbrains.kotlin:kotlin-reflect"}, {"exclude module id" : "org.jetbrains.kotlin:kotlin-stdlib-jdk7"}, {"exclude module id" : "org.jetbrains.kotlin:kotlin-build-common"}, {"exclude module id" : "org.jetbrains.kotlin:kotlin-stdlib"}, {"exclude module id" : "org.jetbrains.kotlin:kotlin-stdlib-jdk8"}], "result": { "module ids" : ["org.jetbrains.kotlin:kotlin-stdlib-common", "org.jetbrains.kotlin:kotlin-compiler-embeddable", "org.jetbrains.kotlin:kotlin-script-runtime", "org.jetbrains.kotlin:kotlin-reflect", "org.jetbrains.kotlin:kotlin-stdlib-jdk7", "org.jetbrains.kotlin:kotlin-build-common", "org.jetbrains.kotlin:kotlin-stdlib", "org.jetbrains.kotlin:kotlin-stdlib-jdk8"]} } }
2025-03-10T17:43:18.210+0800 [DEBUG] [org.gradle.api.internal.artifacts.ivyservice.resolveengine.graph.builder.NodeState] org.jetbrains.kotlin:kotlin-build-common is excluded from org.jetbrains.kotlin:kotlin-compiler-runner:2.1.10(runtime) by { "module ids" : ["org.jetbrains.kotlin:kotlin-stdlib-common", "org.jetbrains.kotlin:kotlin-compiler-embeddable", "org.jetbrains.kotlin:kotlin-script-runtime", "org.jetbrains.kotlin:kotlin-reflect", "org.jetbrains.kotlin:kotlin-stdlib-jdk7", "org.jetbrains.kotlin:kotlin-build-common", "org.jetbrains.kotlin:kotlin-stdlib", "org.jetbrains.kotlin:kotlin-stdlib-jdk8"]}.
2025-03-10T17:43:18.211+0800 [DEBUG] [org.gradle.api.internal.artifacts.ivyservice.resolveengine.graph.builder.NodeState] org.jetbrains.kotlin:kotlin-compiler-embeddable is excluded from org.jetbrains.kotlin:kotlin-compiler-runner:2.1.10(runtime) by { "module ids" : ["org.jetbrains.kotlin:kotlin-stdlib-common", "org.jetbrains.kotlin:kotlin-compiler-embeddable", "org.jetbrains.kotlin:kotlin-script-runtime", "org.jetbrains.kotlin:kotlin-reflect", "org.jetbrains.kotlin:kotlin-stdlib-jdk7", "org.jetbrains.kotlin:kotlin-build-common", "org.jetbrains.kotlin:kotlin-stdlib", "org.jetbrains.kotlin:kotlin-stdlib-jdk8"]}.
2025-03-10T17:43:18.211+0800 [DEBUG] [org.gradle.api.internal.artifacts.ivyservice.ivyresolve.RepositoryChainComponentMetaDataResolver] Attempting to resolve component for org.jetbrains.kotlin:kotlin-daemon-client:2.1.10 using repositories [Gradle Central Plugin Repository]
2025-03-10T17:43:18.211+0800 [DEBUG] [org.gradle.api.internal.artifacts.ivyservice.ivyresolve.CachingModuleComponentRepository] Using cached module metadata for module 'org.jetbrains.kotlin:kotlin-daemon-client:2.1.10' in 'Gradle Central Plugin Repository'
2025-03-10T17:43:18.211+0800 [DEBUG] [org.gradle.api.internal.artifacts.ivyservice.ivyresolve.RepositoryChainComponentMetaDataResolver] Using org.jetbrains.kotlin:kotlin-daemon-client:2.1.10 from Maven repository 'Gradle Central Plugin Repository'
2025-03-10T17:43:18.211+0800 [DEBUG] [org.gradle.api.internal.artifacts.ivyservice.ivyresolve.RepositoryChainComponentMetaDataResolver] Attempting to resolve component for org.jetbrains.kotlinx:kotlinx-coroutines-core-jvm:1.6.4 using repositories [Gradle Central Plugin Repository]
2025-03-10T17:43:18.211+0800 [DEBUG] [org.gradle.api.internal.artifacts.ivyservice.ivyresolve.CachingModuleComponentRepository] Using cached module metadata for module 'org.jetbrains.kotlinx:kotlinx-coroutines-core-jvm:1.6.4' in 'Gradle Central Plugin Repository'
2025-03-10T17:43:18.211+0800 [DEBUG] [org.gradle.api.internal.artifacts.ivyservice.ivyresolve.RepositoryChainComponentMetaDataResolver] Using org.jetbrains.kotlinx:kotlinx-coroutines-core-jvm:1.6.4 from Maven repository 'Gradle Central Plugin Repository'
2025-03-10T17:43:18.211+0800 [DEBUG] [org.gradle.internal.component.model.LoggingAttributeMatchingExplanationBuilder] Candidate org.gradle.internal.component.model.DefaultExternalComponentGraphResolveState$DefaultConfigurationGraphResolveState@34d864e attribute org.gradle.usage value {org.gradle.category=library, org.gradle.libraryelements=jar, org.gradle.usage=java-api} doesn't requested value java-runtime
2025-03-10T17:43:18.211+0800 [DEBUG] [org.gradle.internal.component.model.LoggingAttributeMatchingExplanationBuilder] Candidate org.gradle.internal.component.model.DefaultExternalComponentGraphResolveState$DefaultConfigurationGraphResolveState@61a8bcb2 doesn't have attribute org.gradle.dependency.bundling
2025-03-10T17:43:18.211+0800 [DEBUG] [org.gradle.internal.component.model.LoggingAttributeMatchingExplanationBuilder] Candidate org.gradle.internal.component.model.DefaultExternalComponentGraphResolveState$DefaultConfigurationGraphResolveState@61a8bcb2 doesn't have attribute org.gradle.jvm.version
2025-03-10T17:43:18.211+0800 [DEBUG] [org.gradle.internal.component.model.LoggingAttributeMatchingExplanationBuilder] Candidate org.gradle.internal.component.model.DefaultExternalComponentGraphResolveState$DefaultConfigurationGraphResolveState@61a8bcb2 doesn't have attribute org.gradle.plugin.api-version
2025-03-10T17:43:18.211+0800 [DEBUG] [org.gradle.internal.component.model.DefaultAttributeMatcher] Selected matches [1] from candidates [org.gradle.internal.component.model.DefaultExternalComponentGraphResolveState$DefaultConfigurationGraphResolveState@34d864e, org.gradle.internal.component.model.DefaultExternalComponentGraphResolveState$DefaultConfigurationGraphResolveState@61a8bcb2] for {org.gradle.category=library, org.gradle.dependency.bundling=external, org.gradle.jvm.version=23, org.gradle.libraryelements=jar, org.gradle.plugin.api-version=8.10, org.gradle.usage=java-runtime}
2025-03-10T17:43:18.211+0800 [DEBUG] [org.gradle.api.internal.artifacts.ivyservice.resolveengine.graph.builder.DependencyGraphBuilder] Visiting configuration org.jetbrains.kotlin:kotlin-gradle-plugin-api:2.1.10(gradle85RuntimeElements).
2025-03-10T17:43:18.211+0800 [DEBUG] [org.gradle.api.internal.artifacts.ivyservice.resolveengine.graph.builder.DependencyGraphBuilder] Visiting configuration com.github.johnrengelman.shadow:com.github.johnrengelman.shadow.gradle.plugin:7.1.2(runtime).
2025-03-10T17:43:18.211+0800 [DEBUG] [org.gradle.api.internal.artifacts.ivyservice.ivyresolve.RepositoryChainComponentMetaDataResolver] Attempting to resolve component for gradle.plugin.com.github.johnrengelman:shadow:7.1.2 using repositories [Gradle Central Plugin Repository]
2025-03-10T17:43:18.211+0800 [DEBUG] [org.gradle.api.internal.artifacts.ivyservice.ivyresolve.CachingModuleComponentRepository] Using cached module metadata for module 'gradle.plugin.com.github.johnrengelman:shadow:7.1.2' in 'Gradle Central Plugin Repository'
2025-03-10T17:43:18.211+0800 [DEBUG] [org.gradle.api.internal.artifacts.ivyservice.ivyresolve.RepositoryChainComponentMetaDataResolver] Using gradle.plugin.com.github.johnrengelman:shadow:7.1.2 from Maven repository 'Gradle Central Plugin Repository'
2025-03-10T17:43:18.211+0800 [DEBUG] [org.gradle.api.internal.artifacts.ivyservice.resolveengine.graph.builder.DependencyGraphBuilder] Visiting configuration com.google.cloud.tools:jib-gradle-plugin:3.4.0(runtimeElements).
2025-03-10T17:43:18.211+0800 [DEBUG] [org.gradle.api.internal.artifacts.ivyservice.ivyresolve.RepositoryChainComponentMetaDataResolver] Attempting to resolve component for com.fasterxml.jackson:jackson-bom:2.15.2 using repositories [Gradle Central Plugin Repository]
2025-03-10T17:43:18.211+0800 [DEBUG] [org.gradle.api.internal.artifacts.ivyservice.ivyresolve.CachingModuleComponentRepository] Using cached module metadata for module 'com.fasterxml.jackson:jackson-bom:2.15.2' in 'Gradle Central Plugin Repository'
2025-03-10T17:43:18.211+0800 [DEBUG] [org.gradle.api.internal.artifacts.ivyservice.ivyresolve.RepositoryChainComponentMetaDataResolver] Using com.fasterxml.jackson:jackson-bom:2.15.2 from Maven repository 'Gradle Central Plugin Repository'
2025-03-10T17:43:18.211+0800 [DEBUG] [org.gradle.internal.component.model.LoggingAttributeMatchingExplanationBuilder] Candidate org.gradle.internal.component.model.DefaultExternalComponentGraphResolveState$DefaultConfigurationGraphResolveState@4321ecd1 attribute org.gradle.category value {org.gradle.category=library, org.gradle.libraryelements=jar, org.gradle.status=release, org.gradle.usage=java-api} doesn't requested value platform
2025-03-10T17:43:18.211+0800 [DEBUG] [org.gradle.internal.component.model.LoggingAttributeMatchingExplanationBuilder] Candidate org.gradle.internal.component.model.DefaultExternalComponentGraphResolveState$DefaultConfigurationGraphResolveState@2c5b50c0 attribute org.gradle.category value {org.gradle.category=library, org.gradle.libraryelements=jar, org.gradle.status=release, org.gradle.usage=java-runtime} doesn't requested value platform
2025-03-10T17:43:18.211+0800 [DEBUG] [org.gradle.internal.component.model.LoggingAttributeMatchingExplanationBuilder] Candidate org.gradle.internal.component.model.DefaultExternalComponentGraphResolveState$DefaultConfigurationGraphResolveState@12e3e69c attribute org.gradle.category value {org.gradle.category=documentation, org.gradle.status=release} doesn't requested value platform
2025-03-10T17:43:18.211+0800 [DEBUG] [org.gradle.internal.component.model.LoggingAttributeMatchingExplanationBuilder] Candidate org.gradle.internal.component.model.DefaultExternalComponentGraphResolveState$DefaultConfigurationGraphResolveState@15fe19d1 attribute org.gradle.category value {org.gradle.category=documentation, org.gradle.status=release} doesn't requested value platform
2025-03-10T17:43:18.211+0800 [DEBUG] [org.gradle.internal.component.model.LoggingAttributeMatchingExplanationBuilder] Candidate org.gradle.internal.component.model.DefaultExternalComponentGraphResolveState$DefaultConfigurationGraphResolveState@597528db attribute org.gradle.usage value {org.gradle.status=release, org.gradle.usage=java-api} doesn't requested value java-runtime
2025-03-10T17:43:18.211+0800 [DEBUG] [org.gradle.internal.component.model.LoggingAttributeMatchingExplanationBuilder] Candidate org.gradle.internal.component.model.DefaultExternalComponentGraphResolveState$DefaultConfigurationGraphResolveState@2fdeae65 doesn't have attribute org.gradle.libraryelements
2025-03-10T17:43:18.212+0800 [DEBUG] [org.gradle.internal.component.model.LoggingAttributeMatchingExplanationBuilder] Candidate org.gradle.internal.component.model.DefaultExternalComponentGraphResolveState$DefaultConfigurationGraphResolveState@2fdeae65 doesn't have attribute org.gradle.dependency.bundling
2025-03-10T17:43:18.212+0800 [DEBUG] [org.gradle.internal.component.model.LoggingAttributeMatchingExplanationBuilder] Candidate org.gradle.internal.component.model.DefaultExternalComponentGraphResolveState$DefaultConfigurationGraphResolveState@2fdeae65 doesn't have attribute org.gradle.jvm.version
2025-03-10T17:43:18.212+0800 [DEBUG] [org.gradle.internal.component.model.LoggingAttributeMatchingExplanationBuilder] Candidate org.gradle.internal.component.model.DefaultExternalComponentGraphResolveState$DefaultConfigurationGraphResolveState@2fdeae65 doesn't have attribute org.gradle.plugin.api-version
2025-03-10T17:43:18.212+0800 [DEBUG] [org.gradle.internal.component.model.LoggingAttributeMatchingExplanationBuilder] Candidate org.gradle.internal.component.model.DefaultExternalComponentGraphResolveState$DefaultConfigurationGraphResolveState@22047a04 attribute org.gradle.category value {org.gradle.category=enforced-platform, org.gradle.status=release, org.gradle.usage=java-api} doesn't requested value platform
2025-03-10T17:43:18.212+0800 [DEBUG] [org.gradle.internal.component.model.LoggingAttributeMatchingExplanationBuilder] Candidate org.gradle.internal.component.model.DefaultExternalComponentGraphResolveState$DefaultConfigurationGraphResolveState@4751df04 attribute org.gradle.category value {org.gradle.category=enforced-platform, org.gradle.status=release, org.gradle.usage=java-runtime} doesn't requested value platform
2025-03-10T17:43:18.212+0800 [DEBUG] [org.gradle.internal.component.model.DefaultAttributeMatcher] Selected matches [5] from candidates [org.gradle.internal.component.model.DefaultExternalComponentGraphResolveState$DefaultConfigurationGraphResolveState@4321ecd1, org.gradle.internal.component.model.DefaultExternalComponentGraphResolveState$DefaultConfigurationGraphResolveState@2c5b50c0, org.gradle.internal.component.model.DefaultExternalComponentGraphResolveState$DefaultConfigurationGraphResolveState@12e3e69c, org.gradle.internal.component.model.DefaultExternalComponentGraphResolveState$DefaultConfigurationGraphResolveState@15fe19d1, org.gradle.internal.component.model.DefaultExternalComponentGraphResolveState$DefaultConfigurationGraphResolveState@597528db, org.gradle.internal.component.model.DefaultExternalComponentGraphResolveState$DefaultConfigurationGraphResolveState@2fdeae65, org.gradle.internal.component.model.DefaultExternalComponentGraphResolveState$DefaultConfigurationGraphResolveState@22047a04, org.gradle.internal.component.model.DefaultExternalComponentGraphResolveState$DefaultConfigurationGraphResolveState@4751df04] for {org.gradle.category=platform, org.gradle.dependency.bundling=external, org.gradle.jvm.version=23, org.gradle.libraryelements=jar, org.gradle.plugin.api-version=8.10, org.gradle.usage=java-runtime}
2025-03-10T17:43:18.212+0800 [DEBUG] [org.gradle.api.internal.artifacts.ivyservice.ivyresolve.RepositoryChainComponentMetaDataResolver] Attempting to resolve component for com.google.http-client:google-http-client:1.42.2 using repositories [Gradle Central Plugin Repository]
2025-03-10T17:43:18.212+0800 [DEBUG] [org.gradle.api.internal.artifacts.ivyservice.ivyresolve.CachingModuleComponentRepository] Using cached module metadata for module 'com.google.http-client:google-http-client:1.42.2' in 'Gradle Central Plugin Repository'
2025-03-10T17:43:18.212+0800 [DEBUG] [org.gradle.api.internal.artifacts.ivyservice.ivyresolve.RepositoryChainComponentMetaDataResolver] Using com.google.http-client:google-http-client:1.42.2 from Maven repository 'Gradle Central Plugin Repository'
2025-03-10T17:43:18.212+0800 [DEBUG] [org.gradle.api.internal.artifacts.ivyservice.ivyresolve.RepositoryChainComponentMetaDataResolver] Attempting to resolve component for com.google.http-client:google-http-client-apache-v2:1.42.2 using repositories [Gradle Central Plugin Repository]
2025-03-10T17:43:18.212+0800 [DEBUG] [org.gradle.api.internal.artifacts.ivyservice.ivyresolve.CachingModuleComponentRepository] Using cached module metadata for module 'com.google.http-client:google-http-client-apache-v2:1.42.2' in 'Gradle Central Plugin Repository'
2025-03-10T17:43:18.212+0800 [DEBUG] [org.gradle.api.internal.artifacts.ivyservice.ivyresolve.RepositoryChainComponentMetaDataResolver] Using com.google.http-client:google-http-client-apache-v2:1.42.2 from Maven repository 'Gradle Central Plugin Repository'
2025-03-10T17:43:18.212+0800 [DEBUG] [org.gradle.api.internal.artifacts.ivyservice.ivyresolve.RepositoryChainComponentMetaDataResolver] Attempting to resolve component for com.google.auth:google-auth-library-oauth2-http:1.10.0 using repositories [Gradle Central Plugin Repository]
2025-03-10T17:43:18.212+0800 [DEBUG] [org.gradle.api.internal.artifacts.ivyservice.ivyresolve.CachingModuleComponentRepository] Using cached module metadata for module 'com.google.auth:google-auth-library-oauth2-http:1.10.0' in 'Gradle Central Plugin Repository'
2025-03-10T17:43:18.212+0800 [DEBUG] [org.gradle.api.internal.artifacts.ivyservice.ivyresolve.RepositoryChainComponentMetaDataResolver] Using com.google.auth:google-auth-library-oauth2-http:1.10.0 from Maven repository 'Gradle Central Plugin Repository'
2025-03-10T17:43:18.212+0800 [DEBUG] [org.gradle.api.internal.artifacts.ivyservice.ivyresolve.RepositoryChainComponentMetaDataResolver] Attempting to resolve component for org.apache.commons:commons-compress:1.21 using repositories [Gradle Central Plugin Repository]
2025-03-10T17:43:18.212+0800 [DEBUG] [org.gradle.api.internal.artifacts.ivyservice.ivyresolve.CachingModuleComponentRepository] Using cached module metadata for module 'org.apache.commons:commons-compress:1.21' in 'Gradle Central Plugin Repository'
2025-03-10T17:43:18.212+0800 [DEBUG] [org.gradle.api.internal.artifacts.ivyservice.ivyresolve.RepositoryChainComponentMetaDataResolver] Using org.apache.commons:commons-compress:1.21 from Maven repository 'Gradle Central Plugin Repository'
2025-03-10T17:43:18.212+0800 [DEBUG] [org.gradle.api.internal.artifacts.ivyservice.ivyresolve.RepositoryChainComponentMetaDataResolver] Attempting to resolve component for com.google.guava:guava:32.1.2-jre using repositories [Gradle Central Plugin Repository]
2025-03-10T17:43:18.212+0800 [DEBUG] [org.gradle.api.internal.artifacts.ivyservice.ivyresolve.CachingModuleComponentRepository] Using cached module metadata for module 'com.google.guava:guava:32.1.2-jre' in 'Gradle Central Plugin Repository'
2025-03-10T17:43:18.212+0800 [DEBUG] [org.gradle.api.internal.artifacts.ivyservice.ivyresolve.RepositoryChainComponentMetaDataResolver] Using com.google.guava:guava:32.1.2-jre from Maven repository 'Gradle Central Plugin Repository'
2025-03-10T17:43:18.212+0800 [DEBUG] [org.gradle.internal.component.model.LoggingAttributeMatchingExplanationBuilder] Candidate org.gradle.internal.component.model.DefaultExternalComponentGraphResolveState$DefaultConfigurationGraphResolveState@780ea374 attribute org.gradle.usage value {org.gradle.category=library, org.gradle.dependency.bundling=external, org.gradle.jvm.environment=standard-jvm, org.gradle.jvm.version=8, org.gradle.libraryelements=jar, org.gradle.usage=java-api} doesn't requested value java-runtime
2025-03-10T17:43:18.212+0800 [DEBUG] [org.gradle.internal.component.model.LoggingAttributeMatchingExplanationBuilder] Candidate org.gradle.internal.component.model.DefaultExternalComponentGraphResolveState$DefaultConfigurationGraphResolveState@5b3ab041 doesn't have attribute org.gradle.plugin.api-version
2025-03-10T17:43:18.212+0800 [DEBUG] [org.gradle.internal.component.model.LoggingAttributeMatchingExplanationBuilder] Candidate org.gradle.internal.component.model.DefaultExternalComponentGraphResolveState$DefaultConfigurationGraphResolveState@767b85c2 attribute org.gradle.usage value {org.gradle.category=library, org.gradle.dependency.bundling=external, org.gradle.jvm.environment=android, org.gradle.jvm.version=8, org.gradle.libraryelements=jar, org.gradle.usage=java-api} doesn't requested value java-runtime
2025-03-10T17:43:18.213+0800 [DEBUG] [org.gradle.internal.component.model.LoggingAttributeMatchingExplanationBuilder] Candidate org.gradle.internal.component.model.DefaultExternalComponentGraphResolveState$DefaultConfigurationGraphResolveState@4cf234fb doesn't have attribute org.gradle.plugin.api-version
2025-03-10T17:43:18.213+0800 [DEBUG] [org.gradle.internal.component.model.DefaultAttributeMatcher] Selected matches [1] from candidates [org.gradle.internal.component.model.DefaultExternalComponentGraphResolveState$DefaultConfigurationGraphResolveState@780ea374, org.gradle.internal.component.model.DefaultExternalComponentGraphResolveState$DefaultConfigurationGraphResolveState@5b3ab041, org.gradle.internal.component.model.DefaultExternalComponentGraphResolveState$DefaultConfigurationGraphResolveState@767b85c2, org.gradle.internal.component.model.DefaultExternalComponentGraphResolveState$DefaultConfigurationGraphResolveState@4cf234fb] for {org.gradle.category=library, org.gradle.dependency.bundling=external, org.gradle.jvm.version=23, org.gradle.libraryelements=jar, org.gradle.plugin.api-version=8.10, org.gradle.usage=java-runtime}
2025-03-10T17:43:18.213+0800 [DEBUG] [org.gradle.api.internal.artifacts.ivyservice.ivyresolve.RepositoryChainComponentMetaDataResolver] Attempting to resolve component for com.fasterxml.jackson.core:jackson-databind: using repositories [Gradle Central Plugin Repository]
2025-03-10T17:43:18.213+0800 [DEBUG] [org.gradle.api.internal.artifacts.ivyservice.ivyresolve.CachingModuleComponentRepository] Detected non-existence of module 'com.fasterxml.jackson.core:jackson-databind:' in resolver cache 'Gradle Central Plugin Repository'
2025-03-10T17:43:18.213+0800 [DEBUG] [org.gradle.api.internal.artifacts.repositories.resolver.ExternalResourceResolver] No meta-data file or artifact found for module 'com.fasterxml.jackson.core:jackson-databind:' in repository 'Gradle Central Plugin Repository'.
2025-03-10T17:43:18.213+0800 [DEBUG] [org.gradle.api.internal.artifacts.ivyservice.modulecache.PersistentModuleMetadataCache] Recording absence of module descriptor in cache: com.fasterxml.jackson.core:jackson-databind: [changing = false]
2025-03-10T17:43:18.213+0800 [DEBUG] [org.gradle.api.internal.artifacts.ivyservice.ivyresolve.RepositoryChainComponentMetaDataResolver] Attempting to resolve component for com.fasterxml.jackson.datatype:jackson-datatype-jsr310: using repositories [Gradle Central Plugin Repository]
2025-03-10T17:43:18.213+0800 [DEBUG] [org.gradle.api.internal.artifacts.ivyservice.ivyresolve.CachingModuleComponentRepository] Detected non-existence of module 'com.fasterxml.jackson.datatype:jackson-datatype-jsr310:' in resolver cache 'Gradle Central Plugin Repository'
2025-03-10T17:43:18.213+0800 [DEBUG] [org.gradle.api.internal.artifacts.repositories.resolver.ExternalResourceResolver] No meta-data file or artifact found for module 'com.fasterxml.jackson.datatype:jackson-datatype-jsr310:' in repository 'Gradle Central Plugin Repository'.
2025-03-10T17:43:18.213+0800 [DEBUG] [org.gradle.api.internal.artifacts.ivyservice.modulecache.PersistentModuleMetadataCache] Recording absence of module descriptor in cache: com.fasterxml.jackson.datatype:jackson-datatype-jsr310: [changing = false]
2025-03-10T17:43:18.213+0800 [DEBUG] [org.gradle.api.internal.artifacts.ivyservice.ivyresolve.RepositoryChainComponentMetaDataResolver] Attempting to resolve component for org.ow2.asm:asm:9.5 using repositories [Gradle Central Plugin Repository]
2025-03-10T17:43:18.213+0800 [DEBUG] [org.gradle.api.internal.artifacts.ivyservice.ivyresolve.CachingModuleComponentRepository] Using cached module metadata for module 'org.ow2.asm:asm:9.5' in 'Gradle Central Plugin Repository'
2025-03-10T17:43:18.213+0800 [DEBUG] [org.gradle.api.internal.artifacts.ivyservice.ivyresolve.RepositoryChainComponentMetaDataResolver] Using org.ow2.asm:asm:9.5 from Maven repository 'Gradle Central Plugin Repository'
2025-03-10T17:43:18.213+0800 [DEBUG] [org.gradle.api.internal.artifacts.ivyservice.ivyresolve.RepositoryChainComponentMetaDataResolver] Attempting to resolve component for com.google.cloud.tools:jib-build-plan:0.4.0 using repositories [Gradle Central Plugin Repository]
2025-03-10T17:43:18.213+0800 [DEBUG] [org.gradle.api.internal.artifacts.ivyservice.ivyresolve.CachingModuleComponentRepository] Using cached module metadata for module 'com.google.cloud.tools:jib-build-plan:0.4.0' in 'Gradle Central Plugin Repository'
2025-03-10T17:43:18.213+0800 [DEBUG] [org.gradle.api.internal.artifacts.ivyservice.ivyresolve.RepositoryChainComponentMetaDataResolver] Using com.google.cloud.tools:jib-build-plan:0.4.0 from Maven repository 'Gradle Central Plugin Repository'
2025-03-10T17:43:18.213+0800 [DEBUG] [org.gradle.api.internal.artifacts.ivyservice.ivyresolve.RepositoryChainComponentMetaDataResolver] Attempting to resolve component for com.google.cloud.tools:jib-plugins-extension-common:0.2.0 using repositories [Gradle Central Plugin Repository]
2025-03-10T17:43:18.213+0800 [DEBUG] [org.gradle.api.internal.artifacts.ivyservice.ivyresolve.CachingModuleComponentRepository] Using cached module metadata for module 'com.google.cloud.tools:jib-plugins-extension-common:0.2.0' in 'Gradle Central Plugin Repository'
2025-03-10T17:43:18.213+0800 [DEBUG] [org.gradle.api.internal.artifacts.ivyservice.ivyresolve.RepositoryChainComponentMetaDataResolver] Using com.google.cloud.tools:jib-plugins-extension-common:0.2.0 from Maven repository 'Gradle Central Plugin Repository'
2025-03-10T17:43:18.213+0800 [DEBUG] [org.gradle.api.internal.artifacts.ivyservice.ivyresolve.RepositoryChainComponentMetaDataResolver] Attempting to resolve component for com.google.cloud.tools:jib-gradle-plugin-extension-api:0.4.0 using repositories [Gradle Central Plugin Repository]
2025-03-10T17:43:18.213+0800 [DEBUG] [org.gradle.api.internal.artifacts.ivyservice.ivyresolve.CachingModuleComponentRepository] Using cached module metadata for module 'com.google.cloud.tools:jib-gradle-plugin-extension-api:0.4.0' in 'Gradle Central Plugin Repository'
2025-03-10T17:43:18.213+0800 [DEBUG] [org.gradle.api.internal.artifacts.ivyservice.ivyresolve.RepositoryChainComponentMetaDataResolver] Using com.google.cloud.tools:jib-gradle-plugin-extension-api:0.4.0 from Maven repository 'Gradle Central Plugin Repository'
2025-03-10T17:43:18.213+0800 [DEBUG] [org.gradle.api.internal.artifacts.ivyservice.resolveengine.graph.builder.DependencyGraphBuilder] Visiting configuration org.graalvm.buildtools.native:org.graalvm.buildtools.native.gradle.plugin:0.9.23(runtime).
2025-03-10T17:43:18.213+0800 [DEBUG] [org.gradle.api.internal.artifacts.ivyservice.ivyresolve.RepositoryChainComponentMetaDataResolver] Attempting to resolve component for org.graalvm.buildtools:native-gradle-plugin:0.9.23 using repositories [Gradle Central Plugin Repository]
2025-03-10T17:43:18.213+0800 [DEBUG] [org.gradle.api.internal.artifacts.ivyservice.ivyresolve.CachingModuleComponentRepository] Using cached module metadata for module 'org.graalvm.buildtools:native-gradle-plugin:0.9.23' in 'Gradle Central Plugin Repository'
2025-03-10T17:43:18.213+0800 [DEBUG] [org.gradle.api.internal.artifacts.ivyservice.ivyresolve.RepositoryChainComponentMetaDataResolver] Using org.graalvm.buildtools:native-gradle-plugin:0.9.23 from Maven repository 'Gradle Central Plugin Repository'
2025-03-10T17:43:18.213+0800 [DEBUG] [org.gradle.api.internal.artifacts.ivyservice.resolveengine.graph.builder.DependencyGraphBuilder] Visiting configuration org.jetbrains.kotlin:kotlin-stdlib-jdk8:1.8.22(runtime).
2025-03-10T17:43:18.213+0800 [DEBUG] [org.gradle.api.internal.artifacts.ivyservice.ivyresolve.RepositoryChainComponentMetaDataResolver] Attempting to resolve component for org.jetbrains.kotlin:kotlin-stdlib-jdk7:1.8.22 using repositories [Gradle Central Plugin Repository]
2025-03-10T17:43:18.213+0800 [DEBUG] [org.gradle.api.internal.artifacts.ivyservice.ivyresolve.CachingModuleComponentRepository] Using cached module metadata for module 'org.jetbrains.kotlin:kotlin-stdlib-jdk7:1.8.22' in 'Gradle Central Plugin Repository'
2025-03-10T17:43:18.213+0800 [DEBUG] [org.gradle.api.internal.artifacts.ivyservice.ivyresolve.RepositoryChainComponentMetaDataResolver] Using org.jetbrains.kotlin:kotlin-stdlib-jdk7:1.8.22 from Maven repository 'Gradle Central Plugin Repository'
2025-03-10T17:43:18.213+0800 [DEBUG] [org.gradle.api.internal.artifacts.ivyservice.resolveengine.graph.builder.DependencyGraphBuilder] Visiting configuration :MyApplicationBackend:unspecified(classpath).
2025-03-10T17:43:18.214+0800 [DEBUG] [org.gradle.api.internal.artifacts.ivyservice.ivyresolve.RepositoryChainComponentMetaDataResolver] Attempting to resolve component for org.jetbrains.kotlin:kotlin-stdlib:1.9.24 using repositories [Gradle Central Plugin Repository]
2025-03-10T17:43:18.214+0800 [DEBUG] [org.gradle.api.internal.artifacts.ivyservice.ivyresolve.CachingModuleComponentRepository] Using cached module metadata for module 'org.jetbrains.kotlin:kotlin-stdlib:1.9.24' in 'Gradle Central Plugin Repository'
2025-03-10T17:43:18.214+0800 [DEBUG] [org.gradle.api.internal.artifacts.ivyservice.ivyresolve.RepositoryChainComponentMetaDataResolver] Using org.jetbrains.kotlin:kotlin-stdlib:1.9.24 from Maven repository 'Gradle Central Plugin Repository'
2025-03-10T17:43:18.214+0800 [DEBUG] [org.gradle.internal.component.model.LoggingAttributeMatchingExplanationBuilder] Candidate org.gradle.internal.component.model.DefaultExternalComponentGraphResolveState$DefaultConfigurationGraphResolveState@2f68211b attribute org.gradle.usage value {org.gradle.category=library, org.gradle.jvm.environment=standard-jvm, org.gradle.libraryelements=jar, org.gradle.usage=java-api} doesn't requested value java-runtime
2025-03-10T17:43:18.214+0800 [DEBUG] [org.gradle.internal.component.model.LoggingAttributeMatchingExplanationBuilder] Candidate org.gradle.internal.component.model.DefaultExternalComponentGraphResolveState$DefaultConfigurationGraphResolveState@76f619ed doesn't have attribute org.gradle.dependency.bundling
2025-03-10T17:43:18.214+0800 [DEBUG] [org.gradle.internal.component.model.LoggingAttributeMatchingExplanationBuilder] Candidate org.gradle.internal.component.model.DefaultExternalComponentGraphResolveState$DefaultConfigurationGraphResolveState@76f619ed doesn't have attribute org.gradle.jvm.version
2025-03-10T17:43:18.214+0800 [DEBUG] [org.gradle.internal.component.model.LoggingAttributeMatchingExplanationBuilder] Candidate org.gradle.internal.component.model.DefaultExternalComponentGraphResolveState$DefaultConfigurationGraphResolveState@76f619ed doesn't have attribute org.gradle.plugin.api-version
2025-03-10T17:43:18.214+0800 [DEBUG] [org.gradle.internal.component.model.LoggingAttributeMatchingExplanationBuilder] Candidate org.gradle.internal.component.model.DefaultExternalComponentGraphResolveState$DefaultConfigurationGraphResolveState@62c8ffac attribute org.gradle.category value {org.gradle.category=documentation} doesn't requested value library
2025-03-10T17:43:18.214+0800 [DEBUG] [org.gradle.internal.component.model.LoggingAttributeMatchingExplanationBuilder] Candidate org.gradle.internal.component.model.DefaultExternalComponentGraphResolveState$DefaultConfigurationGraphResolveState@654e4546 attribute org.gradle.usage value {org.gradle.category=library, org.gradle.jvm.environment=non-jvm, org.gradle.usage=kotlin-metadata} doesn't requested value java-runtime
2025-03-10T17:43:18.214+0800 [DEBUG] [org.gradle.internal.component.model.LoggingAttributeMatchingExplanationBuilder] Candidate org.gradle.internal.component.model.DefaultExternalComponentGraphResolveState$DefaultConfigurationGraphResolveState@bc0c00d attribute org.gradle.usage value {org.gradle.category=library, org.gradle.jvm.environment=non-jvm, org.gradle.usage=kotlin-api} doesn't requested value java-runtime
2025-03-10T17:43:18.214+0800 [DEBUG] [org.gradle.internal.component.model.LoggingAttributeMatchingExplanationBuilder] Candidate org.gradle.internal.component.model.DefaultExternalComponentGraphResolveState$DefaultConfigurationGraphResolveState@4d3f89e9 attribute org.gradle.usage value {org.gradle.category=documentation, org.gradle.dependency.bundling=external, org.gradle.docstype=sources, org.gradle.jvm.environment=non-jvm, org.gradle.usage=kotlin-runtime} doesn't requested value java-runtime
2025-03-10T17:43:18.214+0800 [DEBUG] [org.gradle.internal.component.model.LoggingAttributeMatchingExplanationBuilder] Candidate org.gradle.internal.component.model.DefaultExternalComponentGraphResolveState$DefaultConfigurationGraphResolveState@682f3a7d attribute org.gradle.usage value {org.gradle.category=library, org.gradle.jvm.environment=non-jvm, org.gradle.usage=kotlin-api} doesn't requested value java-runtime
2025-03-10T17:43:18.214+0800 [DEBUG] [org.gradle.internal.component.model.LoggingAttributeMatchingExplanationBuilder] Candidate org.gradle.internal.component.model.DefaultExternalComponentGraphResolveState$DefaultConfigurationGraphResolveState@7fdc364b attribute org.gradle.usage value {org.gradle.category=library, org.gradle.jvm.environment=non-jvm, org.gradle.usage=kotlin-api} doesn't requested value java-runtime
2025-03-10T17:43:18.214+0800 [DEBUG] [org.gradle.internal.component.model.LoggingAttributeMatchingExplanationBuilder] Candidate org.gradle.internal.component.model.DefaultExternalComponentGraphResolveState$DefaultConfigurationGraphResolveState@72115115 attribute org.gradle.usage value {org.gradle.category=library, org.gradle.jvm.environment=non-jvm, org.gradle.usage=kotlin-runtime} doesn't requested value java-runtime
2025-03-10T17:43:18.214+0800 [DEBUG] [org.gradle.internal.component.model.LoggingAttributeMatchingExplanationBuilder] Candidate org.gradle.internal.component.model.DefaultExternalComponentGraphResolveState$DefaultConfigurationGraphResolveState@4350ee7f attribute org.gradle.usage value {org.gradle.category=library, org.gradle.jvm.environment=non-jvm, org.gradle.usage=kotlin-api} doesn't requested value java-runtime
2025-03-10T17:43:18.214+0800 [DEBUG] [org.gradle.internal.component.model.LoggingAttributeMatchingExplanationBuilder] Candidate org.gradle.internal.component.model.DefaultExternalComponentGraphResolveState$DefaultConfigurationGraphResolveState@523dc8ba attribute org.gradle.usage value {org.gradle.category=library, org.gradle.jvm.environment=non-jvm, org.gradle.usage=kotlin-runtime} doesn't requested value java-runtime
2025-03-10T17:43:18.214+0800 [DEBUG] [org.gradle.internal.component.model.LoggingAttributeMatchingExplanationBuilder] Candidate org.gradle.internal.component.model.DefaultExternalComponentGraphResolveState$DefaultConfigurationGraphResolveState@4ccdd2d8 attribute org.gradle.usage value {org.gradle.category=documentation, org.gradle.dependency.bundling=external, org.gradle.docstype=sources, org.gradle.jvm.environment=non-jvm, org.gradle.usage=kotlin-runtime} doesn't requested value java-runtime
2025-03-10T17:43:18.214+0800 [DEBUG] [org.gradle.internal.component.model.LoggingAttributeMatchingExplanationBuilder] Candidate org.gradle.internal.component.model.DefaultExternalComponentGraphResolveState$DefaultConfigurationGraphResolveState@34acbbad attribute org.gradle.usage value {org.gradle.category=library, org.gradle.jvm.environment=non-jvm, org.gradle.usage=kotlin-api} doesn't requested value java-runtime
2025-03-10T17:43:18.214+0800 [DEBUG] [org.gradle.internal.component.model.LoggingAttributeMatchingExplanationBuilder] Candidate org.gradle.internal.component.model.DefaultExternalComponentGraphResolveState$DefaultConfigurationGraphResolveState@704b9851 attribute org.gradle.usage value {org.gradle.category=library, org.gradle.jvm.environment=non-jvm, org.gradle.usage=kotlin-runtime} doesn't requested value java-runtime
2025-03-10T17:43:18.214+0800 [DEBUG] [org.gradle.internal.component.model.LoggingAttributeMatchingExplanationBuilder] Candidate org.gradle.internal.component.model.DefaultExternalComponentGraphResolveState$DefaultConfigurationGraphResolveState@4c0ff6fa attribute org.gradle.usage value {org.gradle.category=documentation, org.gradle.docstype=sources, org.gradle.jvm.environment=non-jvm, org.gradle.usage=kotlin-runtime} doesn't requested value java-runtime
2025-03-10T17:43:18.214+0800 [DEBUG] [org.gradle.internal.component.model.LoggingAttributeMatchingExplanationBuilder] Candidate org.gradle.internal.component.model.DefaultExternalComponentGraphResolveState$DefaultConfigurationGraphResolveState@6e76b6b1 attribute org.gradle.usage value {org.gradle.category=library, org.gradle.jvm.environment=non-jvm, org.gradle.usage=kotlin-api} doesn't requested value java-runtime
2025-03-10T17:43:18.214+0800 [DEBUG] [org.gradle.internal.component.model.LoggingAttributeMatchingExplanationBuilder] Candidate org.gradle.internal.component.model.DefaultExternalComponentGraphResolveState$DefaultConfigurationGraphResolveState@3fd61901 attribute org.gradle.usage value {org.gradle.category=library, org.gradle.jvm.environment=non-jvm, org.gradle.usage=kotlin-runtime} doesn't requested value java-runtime
2025-03-10T17:43:18.214+0800 [DEBUG] [org.gradle.internal.component.model.LoggingAttributeMatchingExplanationBuilder] Candidate org.gradle.internal.component.model.DefaultExternalComponentGraphResolveState$DefaultConfigurationGraphResolveState@137397ba attribute org.gradle.usage value {org.gradle.category=documentation, org.gradle.docstype=sources, org.gradle.jvm.environment=non-jvm, org.gradle.usage=kotlin-runtime} doesn't requested value java-runtime
2025-03-10T17:43:18.214+0800 [DEBUG] [org.gradle.internal.component.model.DefaultAttributeMatcher] Selected matches [1] from candidates [org.gradle.internal.component.model.DefaultExternalComponentGraphResolveState$DefaultConfigurationGraphResolveState@2f68211b, org.gradle.internal.component.model.DefaultExternalComponentGraphResolveState$DefaultConfigurationGraphResolveState@76f619ed, org.gradle.internal.component.model.DefaultExternalComponentGraphResolveState$DefaultConfigurationGraphResolveState@62c8ffac, org.gradle.internal.component.model.DefaultExternalComponentGraphResolveState$DefaultConfigurationGraphResolveState@654e4546, org.gradle.internal.component.model.DefaultExternalComponentGraphResolveState$DefaultConfigurationGraphResolveState@bc0c00d, org.gradle.internal.component.model.DefaultExternalComponentGraphResolveState$DefaultConfigurationGraphResolveState@4d3f89e9, org.gradle.internal.component.model.DefaultExternalComponentGraphResolveState$DefaultConfigurationGraphResolveState@682f3a7d, org.gradle.internal.component.model.DefaultExternalComponentGraphResolveState$DefaultConfigurationGraphResolveState@7fdc364b, org.gradle.internal.component.model.DefaultExternalComponentGraphResolveState$DefaultConfigurationGraphResolveState@72115115, org.gradle.internal.component.model.DefaultExternalComponentGraphResolveState$DefaultConfigurationGraphResolveState@4350ee7f, org.gradle.internal.component.model.DefaultExternalComponentGraphResolveState$DefaultConfigurationGraphResolveState@523dc8ba, org.gradle.internal.component.model.DefaultExternalComponentGraphResolveState$DefaultConfigurationGraphResolveState@4ccdd2d8, org.gradle.internal.component.model.DefaultExternalComponentGraphResolveState$DefaultConfigurationGraphResolveState@34acbbad, org.gradle.internal.component.model.DefaultExternalComponentGraphResolveState$DefaultConfigurationGraphResolveState@704b9851, org.gradle.internal.component.model.DefaultExternalComponentGraphResolveState$DefaultConfigurationGraphResolveState@4c0ff6fa, org.gradle.internal.component.model.DefaultExternalComponentGraphResolveState$DefaultConfigurationGraphResolveState@6e76b6b1, org.gradle.internal.component.model.DefaultExternalComponentGraphResolveState$DefaultConfigurationGraphResolveState@3fd61901, org.gradle.internal.component.model.DefaultExternalComponentGraphResolveState$DefaultConfigurationGraphResolveState@137397ba] for {org.gradle.category=library, org.gradle.dependency.bundling=external, org.gradle.jvm.version=23, org.gradle.libraryelements=jar, org.gradle.plugin.api-version=8.10, org.gradle.usage=java-runtime}
2025-03-10T17:43:18.214+0800 [DEBUG] [org.gradle.api.internal.artifacts.ivyservice.resolveengine.graph.builder.DependencyGraphBuilder] Visiting configuration org.jetbrains.kotlin:kotlin-gradle-plugin:2.1.10(gradle85RuntimeElements).
2025-03-10T17:43:18.214+0800 [DEBUG] [org.gradle.api.internal.artifacts.ivyservice.resolveengine.graph.builder.NodeState] Changed edges for org.jetbrains.kotlin:kotlin-gradle-plugin:2.1.10(gradle85RuntimeElements) selects same versions as previous traversal. ignoring
2025-03-10T17:43:18.214+0800 [DEBUG] [org.gradle.api.internal.artifacts.ivyservice.resolveengine.graph.builder.DependencyGraphBuilder] Visiting configuration org.jetbrains.kotlin:kotlin-serialization:2.1.10(gradle85RuntimeElements).
2025-03-10T17:43:18.214+0800 [DEBUG] [org.gradle.api.internal.artifacts.ivyservice.resolveengine.graph.builder.NodeState] Changed edges for org.jetbrains.kotlin:kotlin-serialization:2.1.10(gradle85RuntimeElements) selects same versions as previous traversal. ignoring
2025-03-10T17:43:18.214+0800 [DEBUG] [org.gradle.api.internal.artifacts.ivyservice.resolveengine.graph.builder.DependencyGraphBuilder] Visiting configuration org.jetbrains.kotlin:kotlin-tooling-core:2.1.10(runtime).
2025-03-10T17:43:18.214+0800 [DEBUG] [org.gradle.api.internal.artifacts.ivyservice.resolveengine.graph.builder.DependencyGraphBuilder] Visiting configuration org.jetbrains.kotlin:kotlin-gradle-plugin-annotations:2.1.10(runtime).
2025-03-10T17:43:18.214+0800 [DEBUG] [org.gradle.api.internal.artifacts.ivyservice.resolveengine.graph.builder.DependencyGraphBuilder] Visiting configuration org.jetbrains.kotlin:kotlin-gradle-plugin-idea:2.1.10(runtimeElements).
2025-03-10T17:43:18.214+0800 [DEBUG] [org.gradle.api.internal.artifacts.ivyservice.resolveengine.graph.builder.NodeState] Changed edges for org.jetbrains.kotlin:kotlin-gradle-plugin-idea:2.1.10(runtimeElements) selects same versions as previous traversal. ignoring
2025-03-10T17:43:18.214+0800 [DEBUG] [org.gradle.api.internal.artifacts.ivyservice.resolveengine.graph.builder.DependencyGraphBuilder] Visiting configuration org.jetbrains.kotlin:kotlin-native-utils:2.1.10(runtime).
2025-03-10T17:43:18.214+0800 [DEBUG] [org.gradle.api.internal.artifacts.ivyservice.resolveengine.excludes.factories.LoggingExcludeFactory] {"operation": { "name": "anyOf", "operands": [{"exclude module id" : "org.jetbrains.kotlin:kotlin-stdlib-common"}, {"exclude module id" : "org.jetbrains.kotlin:kotlin-script-runtime"}, {"exclude module id" : "org.jetbrains.kotlin:kotlin-reflect"}, {"exclude module id" : "org.jetbrains.kotlin:kotlin-util-klib"}, {"exclude module id" : "org.jetbrains.kotlin:kotlin-stdlib-jdk7"}, {"exclude module id" : "org.jetbrains.kotlin:kotlin-stdlib"}, {"exclude module id" : "org.jetbrains.kotlin:kotlin-stdlib-jdk8"}], "result": { "module ids" : ["org.jetbrains.kotlin:kotlin-stdlib-common", "org.jetbrains.kotlin:kotlin-script-runtime", "org.jetbrains.kotlin:kotlin-reflect", "org.jetbrains.kotlin:kotlin-util-klib", "org.jetbrains.kotlin:kotlin-stdlib-jdk7", "org.jetbrains.kotlin:kotlin-stdlib", "org.jetbrains.kotlin:kotlin-stdlib-jdk8"]} } }
2025-03-10T17:43:18.215+0800 [DEBUG] [org.gradle.api.internal.artifacts.ivyservice.resolveengine.excludes.factories.LoggingExcludeFactory] {"operation": { "name": "anyOf", "operands": [{ "module ids" : ["org.jetbrains.kotlin:kotlin-stdlib-common", "org.jetbrains.kotlin:kotlin-script-runtime", "org.jetbrains.kotlin:kotlin-reflect", "org.jetbrains.kotlin:kotlin-stdlib-jdk7", "org.jetbrains.kotlin:kotlin-stdlib", "org.jetbrains.kotlin:kotlin-stdlib-jdk8"]}, { "module ids" : ["org.jetbrains.kotlin:kotlin-stdlib-common", "org.jetbrains.kotlin:kotlin-script-runtime", "org.jetbrains.kotlin:kotlin-reflect", "org.jetbrains.kotlin:kotlin-util-klib", "org.jetbrains.kotlin:kotlin-stdlib-jdk7", "org.jetbrains.kotlin:kotlin-stdlib", "org.jetbrains.kotlin:kotlin-stdlib-jdk8"]}], "result": { "module ids" : ["org.jetbrains.kotlin:kotlin-stdlib-common", "org.jetbrains.kotlin:kotlin-script-runtime", "org.jetbrains.kotlin:kotlin-reflect", "org.jetbrains.kotlin:kotlin-util-klib", "org.jetbrains.kotlin:kotlin-stdlib-jdk7", "org.jetbrains.kotlin:kotlin-stdlib", "org.jetbrains.kotlin:kotlin-stdlib-jdk8"]} } }
2025-03-10T17:43:18.215+0800 [DEBUG] [org.gradle.api.internal.artifacts.ivyservice.resolveengine.excludes.factories.LoggingExcludeFactory] {"operation": { "name": "allOf", "operands": [{ "module ids" : ["org.jetbrains.kotlin:kotlin-stdlib-common", "org.jetbrains.kotlin:kotlin-script-runtime", "org.jetbrains.kotlin:kotlin-reflect", "org.jetbrains.kotlin:kotlin-stdlib-jdk7", "org.jetbrains.kotlin:kotlin-stdlib", "org.jetbrains.kotlin:kotlin-stdlib-jdk8"]}, { "module ids" : ["org.jetbrains.kotlin:kotlin-stdlib-common", "org.jetbrains.kotlin:kotlin-script-runtime", "org.jetbrains.kotlin:kotlin-reflect", "org.jetbrains.kotlin:kotlin-util-klib", "org.jetbrains.kotlin:kotlin-stdlib-jdk7", "org.jetbrains.kotlin:kotlin-stdlib", "org.jetbrains.kotlin:kotlin-stdlib-jdk8"]}], "result": { "module ids" : ["org.jetbrains.kotlin:kotlin-stdlib-common", "org.jetbrains.kotlin:kotlin-script-runtime", "org.jetbrains.kotlin:kotlin-reflect", "org.jetbrains.kotlin:kotlin-stdlib-jdk7", "org.jetbrains.kotlin:kotlin-stdlib", "org.jetbrains.kotlin:kotlin-stdlib-jdk8"]} } }
2025-03-10T17:43:18.215+0800 [DEBUG] [org.gradle.api.internal.artifacts.ivyservice.resolveengine.graph.builder.DependencyGraphBuilder] Visiting configuration org.jetbrains.kotlin:kotlin-build-tools-api:2.1.10(runtime).
2025-03-10T17:43:18.215+0800 [DEBUG] [org.gradle.api.internal.artifacts.ivyservice.resolveengine.graph.builder.DependencyGraphBuilder] Visiting configuration com.google.code.gson:gson:2.8.9(runtime).
2025-03-10T17:43:18.215+0800 [DEBUG] [org.gradle.api.internal.artifacts.ivyservice.resolveengine.graph.builder.DependencyGraphBuilder] Visiting configuration org.jetbrains.kotlin:kotlin-util-io:2.1.10(runtime).
2025-03-10T17:43:18.215+0800 [DEBUG] [org.gradle.api.internal.artifacts.ivyservice.resolveengine.graph.builder.NodeState] org.jetbrains.kotlin:kotlin-stdlib is excluded from org.jetbrains.kotlin:kotlin-util-io:2.1.10(runtime) by { "module ids" : ["org.jetbrains.kotlin:kotlin-stdlib-common", "org.jetbrains.kotlin:kotlin-script-runtime", "org.jetbrains.kotlin:kotlin-reflect", "org.jetbrains.kotlin:kotlin-stdlib-jdk7", "org.jetbrains.kotlin:kotlin-stdlib", "org.jetbrains.kotlin:kotlin-stdlib-jdk8"]}.
2025-03-10T17:43:18.215+0800 [DEBUG] [org.gradle.api.internal.artifacts.ivyservice.resolveengine.graph.builder.DependencyGraphBuilder] Visiting configuration org.jetbrains.kotlin:kotlin-util-klib:2.1.10(runtime).
2025-03-10T17:43:18.215+0800 [DEBUG] [org.gradle.api.internal.artifacts.ivyservice.resolveengine.graph.builder.NodeState] org.jetbrains.kotlin:kotlin-stdlib is excluded from org.jetbrains.kotlin:kotlin-util-klib:2.1.10(runtime) by { "module ids" : ["org.jetbrains.kotlin:kotlin-stdlib-common", "org.jetbrains.kotlin:kotlin-script-runtime", "org.jetbrains.kotlin:kotlin-reflect", "org.jetbrains.kotlin:kotlin-stdlib-jdk7", "org.jetbrains.kotlin:kotlin-stdlib", "org.jetbrains.kotlin:kotlin-stdlib-jdk8"]}.
2025-03-10T17:43:18.215+0800 [DEBUG] [org.gradle.api.internal.artifacts.ivyservice.resolveengine.graph.builder.DependencyGraphBuilder] Visiting configuration org.jetbrains.kotlin:kotlin-gradle-plugins-bom:2.1.10(runtimeElements).
2025-03-10T17:43:18.215+0800 [DEBUG] [org.gradle.api.internal.artifacts.ivyservice.resolveengine.graph.builder.NodeState] Changed edges for org.jetbrains.kotlin:kotlin-gradle-plugins-bom:2.1.10(runtimeElements) selects same versions as previous traversal. ignoring
2025-03-10T17:43:18.215+0800 [DEBUG] [org.gradle.api.internal.artifacts.ivyservice.resolveengine.graph.builder.DependencyGraphBuilder] Visiting configuration org.jetbrains.kotlin:kotlin-gradle-plugin-api:2.1.10(runtimeElementsWithFixedAttribute).
2025-03-10T17:43:18.215+0800 [DEBUG] [org.gradle.api.internal.artifacts.ivyservice.resolveengine.graph.builder.NodeState] Changed edges for org.jetbrains.kotlin:kotlin-gradle-plugin-api:2.1.10(runtimeElementsWithFixedAttribute) selects same versions as previous traversal. ignoring
2025-03-10T17:43:18.215+0800 [DEBUG] [org.gradle.api.internal.artifacts.ivyservice.resolveengine.graph.builder.DependencyGraphBuilder] Visiting configuration org.jetbrains.kotlin:kotlin-daemon-client:2.1.10(runtime).
2025-03-10T17:43:18.215+0800 [DEBUG] [org.gradle.api.internal.artifacts.ivyservice.resolveengine.graph.builder.NodeState] org.jetbrains.kotlin:kotlin-stdlib is excluded from org.jetbrains.kotlin:kotlin-daemon-client:2.1.10(runtime) by { "module ids" : ["org.jetbrains.kotlin:kotlin-stdlib-common", "org.jetbrains.kotlin:kotlin-compiler-embeddable", "org.jetbrains.kotlin:kotlin-script-runtime", "org.jetbrains.kotlin:kotlin-reflect", "org.jetbrains.kotlin:kotlin-stdlib-jdk7", "org.jetbrains.kotlin:kotlin-build-common", "org.jetbrains.kotlin:kotlin-stdlib", "org.jetbrains.kotlin:kotlin-stdlib-jdk8"]}.
2025-03-10T17:43:18.215+0800 [DEBUG] [org.gradle.api.internal.artifacts.ivyservice.resolveengine.graph.builder.DependencyGraphBuilder] Visiting configuration org.jetbrains.kotlinx:kotlinx-coroutines-core-jvm:1.6.4(jvmRuntimeElements-published).
2025-03-10T17:43:18.215+0800 [DEBUG] [org.gradle.api.internal.artifacts.ivyservice.resolveengine.graph.builder.NodeState] org.jetbrains.kotlinx:kotlinx-coroutines-bom is excluded from org.jetbrains.kotlinx:kotlinx-coroutines-core-jvm:1.6.4(jvmRuntimeElements-published) by "excludes everything".
2025-03-10T17:43:18.215+0800 [DEBUG] [org.gradle.api.internal.artifacts.ivyservice.resolveengine.graph.builder.NodeState] org.jetbrains.kotlin:kotlin-stdlib-jdk8 is excluded from org.jetbrains.kotlinx:kotlinx-coroutines-core-jvm:1.6.4(jvmRuntimeElements-published) by "excludes everything".
2025-03-10T17:43:18.215+0800 [DEBUG] [org.gradle.api.internal.artifacts.ivyservice.resolveengine.graph.builder.NodeState] org.jetbrains.kotlin:kotlin-stdlib-common is excluded from org.jetbrains.kotlinx:kotlinx-coroutines-core-jvm:1.6.4(jvmRuntimeElements-published) by "excludes everything".
2025-03-10T17:43:18.215+0800 [DEBUG] [org.gradle.api.internal.artifacts.ivyservice.resolveengine.graph.builder.DependencyGraphBuilder] Visiting configuration gradle.plugin.com.github.johnrengelman:shadow:7.1.2(runtime).
2025-03-10T17:43:18.215+0800 [DEBUG] [org.gradle.api.internal.artifacts.ivyservice.ivyresolve.RepositoryChainComponentMetaDataResolver] Attempting to resolve component for org.jdom:jdom2:2.0.6 using repositories [Gradle Central Plugin Repository]
2025-03-10T17:43:18.215+0800 [DEBUG] [org.gradle.api.internal.artifacts.ivyservice.ivyresolve.CachingModuleComponentRepository] Using cached module metadata for module 'org.jdom:jdom2:2.0.6' in 'Gradle Central Plugin Repository'
2025-03-10T17:43:18.215+0800 [DEBUG] [org.gradle.api.internal.artifacts.ivyservice.ivyresolve.RepositoryChainComponentMetaDataResolver] Using org.jdom:jdom2:2.0.6 from Maven repository 'Gradle Central Plugin Repository'
2025-03-10T17:43:18.215+0800 [DEBUG] [org.gradle.api.internal.artifacts.ivyservice.ivyresolve.RepositoryChainComponentMetaDataResolver] Attempting to resolve component for org.ow2.asm:asm-commons:9.2 using repositories [Gradle Central Plugin Repository]
2025-03-10T17:43:18.216+0800 [DEBUG] [org.gradle.api.internal.artifacts.ivyservice.ivyresolve.CachingModuleComponentRepository] Using cached module metadata for module 'org.ow2.asm:asm-commons:9.2' in 'Gradle Central Plugin Repository'
2025-03-10T17:43:18.216+0800 [DEBUG] [org.gradle.api.internal.artifacts.ivyservice.ivyresolve.RepositoryChainComponentMetaDataResolver] Using org.ow2.asm:asm-commons:9.2 from Maven repository 'Gradle Central Plugin Repository'
2025-03-10T17:43:18.216+0800 [DEBUG] [org.gradle.api.internal.artifacts.ivyservice.ivyresolve.RepositoryChainComponentMetaDataResolver] Attempting to resolve component for commons-io:commons-io:2.11.0 using repositories [Gradle Central Plugin Repository]
2025-03-10T17:43:18.216+0800 [DEBUG] [org.gradle.api.internal.artifacts.ivyservice.ivyresolve.CachingModuleComponentRepository] Using cached module metadata for module 'commons-io:commons-io:2.11.0' in 'Gradle Central Plugin Repository'
2025-03-10T17:43:18.216+0800 [DEBUG] [org.gradle.api.internal.artifacts.ivyservice.ivyresolve.RepositoryChainComponentMetaDataResolver] Using commons-io:commons-io:2.11.0 from Maven repository 'Gradle Central Plugin Repository'
2025-03-10T17:43:18.216+0800 [DEBUG] [org.gradle.api.internal.artifacts.ivyservice.ivyresolve.RepositoryChainComponentMetaDataResolver] Attempting to resolve component for org.apache.ant:ant:1.10.11 using repositories [Gradle Central Plugin Repository]
2025-03-10T17:43:18.216+0800 [DEBUG] [org.gradle.api.internal.artifacts.ivyservice.ivyresolve.CachingModuleComponentRepository] Using cached module metadata for module 'org.apache.ant:ant:1.10.11' in 'Gradle Central Plugin Repository'
2025-03-10T17:43:18.216+0800 [DEBUG] [org.gradle.api.internal.artifacts.ivyservice.ivyresolve.RepositoryChainComponentMetaDataResolver] Using org.apache.ant:ant:1.10.11 from Maven repository 'Gradle Central Plugin Repository'
2025-03-10T17:43:18.216+0800 [DEBUG] [org.gradle.api.internal.artifacts.ivyservice.ivyresolve.RepositoryChainComponentMetaDataResolver] Attempting to resolve component for org.codehaus.plexus:plexus-utils:3.4.1 using repositories [Gradle Central Plugin Repository]
2025-03-10T17:43:18.216+0800 [DEBUG] [org.gradle.api.internal.artifacts.ivyservice.ivyresolve.CachingModuleComponentRepository] Using cached module metadata for module 'org.codehaus.plexus:plexus-utils:3.4.1' in 'Gradle Central Plugin Repository'
2025-03-10T17:43:18.216+0800 [DEBUG] [org.gradle.api.internal.artifacts.ivyservice.ivyresolve.RepositoryChainComponentMetaDataResolver] Using org.codehaus.plexus:plexus-utils:3.4.1 from Maven repository 'Gradle Central Plugin Repository'
2025-03-10T17:43:18.216+0800 [DEBUG] [org.gradle.api.internal.artifacts.ivyservice.ivyresolve.RepositoryChainComponentMetaDataResolver] Attempting to resolve component for org.vafer:jdependency:2.7.0 using repositories [Gradle Central Plugin Repository]
2025-03-10T17:43:18.216+0800 [DEBUG] [org.gradle.api.internal.artifacts.ivyservice.ivyresolve.CachingModuleComponentRepository] Using cached module metadata for module 'org.vafer:jdependency:2.7.0' in 'Gradle Central Plugin Repository'
2025-03-10T17:43:18.216+0800 [DEBUG] [org.gradle.api.internal.artifacts.ivyservice.ivyresolve.RepositoryChainComponentMetaDataResolver] Using org.vafer:jdependency:2.7.0 from Maven repository 'Gradle Central Plugin Repository'
2025-03-10T17:43:18.216+0800 [DEBUG] [org.gradle.api.internal.artifacts.ivyservice.resolveengine.graph.builder.DependencyGraphBuilder] Visiting configuration :MyApplicationBackend:unspecified(classpath).
2025-03-10T17:43:18.216+0800 [DEBUG] [org.gradle.api.internal.artifacts.ivyservice.ivyresolve.RepositoryChainComponentMetaDataResolver] Attempting to resolve component for org.apache.logging.log4j:log4j-core:2.17.1 using repositories [Gradle Central Plugin Repository]
2025-03-10T17:43:18.216+0800 [DEBUG] [org.gradle.api.internal.artifacts.ivyservice.ivyresolve.CachingModuleComponentRepository] Using cached module metadata for module 'org.apache.logging.log4j:log4j-core:2.17.1' in 'Gradle Central Plugin Repository'
2025-03-10T17:43:18.216+0800 [DEBUG] [org.gradle.api.internal.artifacts.ivyservice.ivyresolve.RepositoryChainComponentMetaDataResolver] Using org.apache.logging.log4j:log4j-core:2.17.1 from Maven repository 'Gradle Central Plugin Repository'
2025-03-10T17:43:18.216+0800 [DEBUG] [org.gradle.api.internal.artifacts.ivyservice.resolveengine.graph.builder.DependencyGraphBuilder] Visiting configuration com.fasterxml.jackson:jackson-bom:2.15.2(platform-runtime).
2025-03-10T17:43:18.216+0800 [DEBUG] [org.gradle.api.internal.artifacts.ivyservice.ivyresolve.RepositoryChainComponentMetaDataResolver] Attempting to resolve component for com.fasterxml.jackson.core:jackson-databind:2.15.2 using repositories [Gradle Central Plugin Repository]
2025-03-10T17:43:18.216+0800 [DEBUG] [org.gradle.api.internal.artifacts.ivyservice.ivyresolve.CachingModuleComponentRepository] Using cached module metadata for module 'com.fasterxml.jackson.core:jackson-databind:2.15.2' in 'Gradle Central Plugin Repository'
2025-03-10T17:43:18.216+0800 [DEBUG] [org.gradle.api.internal.artifacts.ivyservice.ivyresolve.RepositoryChainComponentMetaDataResolver] Using com.fasterxml.jackson.core:jackson-databind:2.15.2 from Maven repository 'Gradle Central Plugin Repository'
2025-03-10T17:43:18.216+0800 [DEBUG] [org.gradle.internal.component.model.LoggingAttributeMatchingExplanationBuilder] Candidate org.gradle.internal.component.model.DefaultExternalComponentGraphResolveState$DefaultConfigurationGraphResolveState@51bc845b attribute org.gradle.usage value {org.gradle.category=library, org.gradle.dependency.bundling=external, org.gradle.libraryelements=jar, org.gradle.usage=java-api} doesn't requested value java-runtime
2025-03-10T17:43:18.216+0800 [DEBUG] [org.gradle.internal.component.model.LoggingAttributeMatchingExplanationBuilder] Candidate org.gradle.internal.component.model.DefaultExternalComponentGraphResolveState$DefaultConfigurationGraphResolveState@7a5d1952 doesn't have attribute org.gradle.jvm.version
2025-03-10T17:43:18.216+0800 [DEBUG] [org.gradle.internal.component.model.LoggingAttributeMatchingExplanationBuilder] Candidate org.gradle.internal.component.model.DefaultExternalComponentGraphResolveState$DefaultConfigurationGraphResolveState@7a5d1952 doesn't have attribute org.gradle.plugin.api-version
2025-03-10T17:43:18.216+0800 [DEBUG] [org.gradle.internal.component.model.DefaultAttributeMatcher] Selected matches [1] from candidates [org.gradle.internal.component.model.DefaultExternalComponentGraphResolveState$DefaultConfigurationGraphResolveState@51bc845b, org.gradle.internal.component.model.DefaultExternalComponentGraphResolveState$DefaultConfigurationGraphResolveState@7a5d1952] for {org.gradle.category=library, org.gradle.dependency.bundling=external, org.gradle.jvm.version=23, org.gradle.libraryelements=jar, org.gradle.plugin.api-version=8.10, org.gradle.usage=java-runtime}
2025-03-10T17:43:18.216+0800 [DEBUG] [org.gradle.api.internal.artifacts.ivyservice.ivyresolve.RepositoryChainComponentMetaDataResolver] Attempting to resolve component for com.fasterxml.jackson.datatype:jackson-datatype-jsr310:2.15.2 using repositories [Gradle Central Plugin Repository]
2025-03-10T17:43:18.216+0800 [DEBUG] [org.gradle.api.internal.artifacts.ivyservice.ivyresolve.CachingModuleComponentRepository] Using cached module metadata for module 'com.fasterxml.jackson.datatype:jackson-datatype-jsr310:2.15.2' in 'Gradle Central Plugin Repository'
2025-03-10T17:43:18.216+0800 [DEBUG] [org.gradle.api.internal.artifacts.ivyservice.ivyresolve.RepositoryChainComponentMetaDataResolver] Using com.fasterxml.jackson.datatype:jackson-datatype-jsr310:2.15.2 from Maven repository 'Gradle Central Plugin Repository'
2025-03-10T17:43:18.216+0800 [DEBUG] [org.gradle.api.internal.artifacts.ivyservice.resolveengine.graph.builder.DependencyGraphBuilder] Visiting configuration com.google.http-client:google-http-client:1.42.2(runtime).
2025-03-10T17:43:18.217+0800 [DEBUG] [org.gradle.api.internal.artifacts.ivyservice.ivyresolve.RepositoryChainComponentMetaDataResolver] Attempting to resolve component for org.apache.httpcomponents:httpclient:4.5.13 using repositories [Gradle Central Plugin Repository]
2025-03-10T17:43:18.217+0800 [DEBUG] [org.gradle.api.internal.artifacts.ivyservice.ivyresolve.CachingModuleComponentRepository] Using cached module metadata for module 'org.apache.httpcomponents:httpclient:4.5.13' in 'Gradle Central Plugin Repository'
2025-03-10T17:43:18.217+0800 [DEBUG] [org.gradle.api.internal.artifacts.ivyservice.ivyresolve.RepositoryChainComponentMetaDataResolver] Using org.apache.httpcomponents:httpclient:4.5.13 from Maven repository 'Gradle Central Plugin Repository'
2025-03-10T17:43:18.217+0800 [DEBUG] [org.gradle.api.internal.artifacts.ivyservice.ivyresolve.RepositoryChainComponentMetaDataResolver] Attempting to resolve component for org.apache.httpcomponents:httpcore:4.4.15 using repositories [Gradle Central Plugin Repository]
2025-03-10T17:43:18.217+0800 [DEBUG] [org.gradle.api.internal.artifacts.ivyservice.ivyresolve.CachingModuleComponentRepository] Using cached module metadata for module 'org.apache.httpcomponents:httpcore:4.4.15' in 'Gradle Central Plugin Repository'
2025-03-10T17:43:18.217+0800 [DEBUG] [org.gradle.api.internal.artifacts.ivyservice.ivyresolve.RepositoryChainComponentMetaDataResolver] Using org.apache.httpcomponents:httpcore:4.4.15 from Maven repository 'Gradle Central Plugin Repository'
2025-03-10T17:43:18.217+0800 [DEBUG] [org.gradle.api.internal.artifacts.ivyservice.ivyresolve.RepositoryChainComponentMetaDataResolver] Attempting to resolve component for com.google.code.findbugs:jsr305:3.0.2 using repositories [Gradle Central Plugin Repository]
2025-03-10T17:43:18.217+0800 [DEBUG] [org.gradle.api.internal.artifacts.ivyservice.ivyresolve.CachingModuleComponentRepository] Using cached module metadata for module 'com.google.code.findbugs:jsr305:3.0.2' in 'Gradle Central Plugin Repository'
2025-03-10T17:43:18.217+0800 [DEBUG] [org.gradle.api.internal.artifacts.ivyservice.ivyresolve.RepositoryChainComponentMetaDataResolver] Using com.google.code.findbugs:jsr305:3.0.2 from Maven repository 'Gradle Central Plugin Repository'
2025-03-10T17:43:18.217+0800 [DEBUG] [org.gradle.api.internal.artifacts.ivyservice.ivyresolve.RepositoryChainComponentMetaDataResolver] Attempting to resolve component for com.google.j2objc:j2objc-annotations:1.3 using repositories [Gradle Central Plugin Repository]
2025-03-10T17:43:18.217+0800 [DEBUG] [org.gradle.api.internal.artifacts.ivyservice.ivyresolve.CachingModuleComponentRepository] Using cached module metadata for module 'com.google.j2objc:j2objc-annotations:1.3' in 'Gradle Central Plugin Repository'
2025-03-10T17:43:18.217+0800 [DEBUG] [org.gradle.api.internal.artifacts.ivyservice.ivyresolve.RepositoryChainComponentMetaDataResolver] Using com.google.j2objc:j2objc-annotations:1.3 from Maven repository 'Gradle Central Plugin Repository'
2025-03-10T17:43:18.217+0800 [DEBUG] [org.gradle.api.internal.artifacts.ivyservice.ivyresolve.RepositoryChainComponentMetaDataResolver] Attempting to resolve component for io.opencensus:opencensus-api:0.31.1 using repositories [Gradle Central Plugin Repository]
2025-03-10T17:43:18.217+0800 [DEBUG] [org.gradle.api.internal.artifacts.ivyservice.ivyresolve.CachingModuleComponentRepository] Using cached module metadata for module 'io.opencensus:opencensus-api:0.31.1' in 'Gradle Central Plugin Repository'
2025-03-10T17:43:18.217+0800 [DEBUG] [org.gradle.api.internal.artifacts.ivyservice.ivyresolve.RepositoryChainComponentMetaDataResolver] Using io.opencensus:opencensus-api:0.31.1 from Maven repository 'Gradle Central Plugin Repository'
2025-03-10T17:43:18.217+0800 [DEBUG] [org.gradle.api.internal.artifacts.ivyservice.ivyresolve.RepositoryChainComponentMetaDataResolver] Attempting to resolve component for io.opencensus:opencensus-contrib-http-util:0.31.1 using repositories [Gradle Central Plugin Repository]
2025-03-10T17:43:18.217+0800 [DEBUG] [org.gradle.api.internal.artifacts.ivyservice.ivyresolve.CachingModuleComponentRepository] Using cached module metadata for module 'io.opencensus:opencensus-contrib-http-util:0.31.1' in 'Gradle Central Plugin Repository'
2025-03-10T17:43:18.217+0800 [DEBUG] [org.gradle.api.internal.artifacts.ivyservice.ivyresolve.RepositoryChainComponentMetaDataResolver] Using io.opencensus:opencensus-contrib-http-util:0.31.1 from Maven repository 'Gradle Central Plugin Repository'
2025-03-10T17:43:18.217+0800 [DEBUG] [org.gradle.api.internal.artifacts.ivyservice.resolveengine.graph.builder.DependencyGraphBuilder] Visiting configuration com.google.http-client:google-http-client-apache-v2:1.42.2(runtime).
2025-03-10T17:43:18.217+0800 [DEBUG] [org.gradle.api.internal.artifacts.ivyservice.resolveengine.graph.builder.DependencyGraphBuilder] Visiting configuration com.google.auth:google-auth-library-oauth2-http:1.10.0(runtime).
2025-03-10T17:43:18.217+0800 [DEBUG] [org.gradle.api.internal.artifacts.ivyservice.ivyresolve.RepositoryChainComponentMetaDataResolver] Attempting to resolve component for com.google.auto.value:auto-value-annotations:1.9 using repositories [Gradle Central Plugin Repository]
2025-03-10T17:43:18.217+0800 [DEBUG] [org.gradle.api.internal.artifacts.ivyservice.ivyresolve.CachingModuleComponentRepository] Using cached module metadata for module 'com.google.auto.value:auto-value-annotations:1.9' in 'Gradle Central Plugin Repository'
2025-03-10T17:43:18.217+0800 [DEBUG] [org.gradle.api.internal.artifacts.ivyservice.ivyresolve.RepositoryChainComponentMetaDataResolver] Using com.google.auto.value:auto-value-annotations:1.9 from Maven repository 'Gradle Central Plugin Repository'
2025-03-10T17:43:18.217+0800 [DEBUG] [org.gradle.api.internal.artifacts.ivyservice.ivyresolve.RepositoryChainComponentMetaDataResolver] Attempting to resolve component for com.google.auth:google-auth-library-credentials:1.10.0 using repositories [Gradle Central Plugin Repository]
2025-03-10T17:43:18.217+0800 [DEBUG] [org.gradle.api.internal.artifacts.ivyservice.ivyresolve.CachingModuleComponentRepository] Using cached module metadata for module 'com.google.auth:google-auth-library-credentials:1.10.0' in 'Gradle Central Plugin Repository'
2025-03-10T17:43:18.217+0800 [DEBUG] [org.gradle.api.internal.artifacts.ivyservice.ivyresolve.RepositoryChainComponentMetaDataResolver] Using com.google.auth:google-auth-library-credentials:1.10.0 from Maven repository 'Gradle Central Plugin Repository'
2025-03-10T17:43:18.217+0800 [DEBUG] [org.gradle.api.internal.artifacts.ivyservice.ivyresolve.RepositoryChainComponentMetaDataResolver] Attempting to resolve component for com.google.http-client:google-http-client-gson:1.42.2 using repositories [Gradle Central Plugin Repository]
2025-03-10T17:43:18.217+0800 [DEBUG] [org.gradle.api.internal.artifacts.ivyservice.ivyresolve.CachingModuleComponentRepository] Using cached module metadata for module 'com.google.http-client:google-http-client-gson:1.42.2' in 'Gradle Central Plugin Repository'
2025-03-10T17:43:18.217+0800 [DEBUG] [org.gradle.api.internal.artifacts.ivyservice.ivyresolve.RepositoryChainComponentMetaDataResolver] Using com.google.http-client:google-http-client-gson:1.42.2 from Maven repository 'Gradle Central Plugin Repository'
2025-03-10T17:43:18.217+0800 [DEBUG] [org.gradle.api.internal.artifacts.ivyservice.resolveengine.graph.builder.DependencyGraphBuilder] Visiting configuration org.apache.commons:commons-compress:1.21(runtime).
2025-03-10T17:43:18.218+0800 [DEBUG] [org.gradle.api.internal.artifacts.ivyservice.resolveengine.graph.builder.DependencyGraphBuilder] Visiting configuration com.google.guava:guava:32.1.2-jre(jreRuntimeElements).
2025-03-10T17:43:18.218+0800 [DEBUG] [org.gradle.api.internal.artifacts.ivyservice.ivyresolve.RepositoryChainComponentMetaDataResolver] Attempting to resolve component for com.google.guava:guava-parent:32.1.2-jre using repositories [Gradle Central Plugin Repository]
2025-03-10T17:43:18.218+0800 [DEBUG] [org.gradle.api.internal.artifacts.ivyservice.ivyresolve.CachingModuleComponentRepository] Using cached module metadata for module 'com.google.guava:guava-parent:32.1.2-jre' in 'Gradle Central Plugin Repository'
2025-03-10T17:43:18.218+0800 [DEBUG] [org.gradle.api.internal.artifacts.ivyservice.ivyresolve.RepositoryChainComponentMetaDataResolver] Using com.google.guava:guava-parent:32.1.2-jre from Maven repository 'Gradle Central Plugin Repository'
2025-03-10T17:43:18.218+0800 [DEBUG] [org.gradle.api.internal.artifacts.ivyservice.ivyresolve.RepositoryChainComponentMetaDataResolver] Attempting to resolve component for com.google.guava:failureaccess:1.0.1 using repositories [Gradle Central Plugin Repository]
2025-03-10T17:43:18.218+0800 [DEBUG] [org.gradle.api.internal.artifacts.ivyservice.ivyresolve.CachingModuleComponentRepository] Using cached module metadata for module 'com.google.guava:failureaccess:1.0.1' in 'Gradle Central Plugin Repository'
2025-03-10T17:43:18.218+0800 [DEBUG] [org.gradle.api.internal.artifacts.ivyservice.ivyresolve.RepositoryChainComponentMetaDataResolver] Using com.google.guava:failureaccess:1.0.1 from Maven repository 'Gradle Central Plugin Repository'
2025-03-10T17:43:18.218+0800 [DEBUG] [org.gradle.api.internal.artifacts.ivyservice.ivyresolve.RepositoryChainComponentMetaDataResolver] Attempting to resolve component for com.google.guava:listenablefuture:9999.0-empty-to-avoid-conflict-with-guava using repositories [Gradle Central Plugin Repository]
2025-03-10T17:43:18.218+0800 [DEBUG] [org.gradle.api.internal.artifacts.ivyservice.ivyresolve.CachingModuleComponentRepository] Using cached module metadata for module 'com.google.guava:listenablefuture:9999.0-empty-to-avoid-conflict-with-guava' in 'Gradle Central Plugin Repository'
2025-03-10T17:43:18.218+0800 [DEBUG] [org.gradle.api.internal.artifacts.ivyservice.ivyresolve.RepositoryChainComponentMetaDataResolver] Using com.google.guava:listenablefuture:9999.0-empty-to-avoid-conflict-with-guava from Maven repository 'Gradle Central Plugin Repository'
2025-03-10T17:43:18.218+0800 [DEBUG] [org.gradle.api.internal.artifacts.ivyservice.ivyresolve.RepositoryChainComponentMetaDataResolver] Attempting to resolve component for org.checkerframework:checker-qual: using repositories [Gradle Central Plugin Repository]
2025-03-10T17:43:18.218+0800 [DEBUG] [org.gradle.api.internal.artifacts.ivyservice.ivyresolve.CachingModuleComponentRepository] Detected non-existence of module 'org.checkerframework:checker-qual:' in resolver cache 'Gradle Central Plugin Repository'
2025-03-10T17:43:18.218+0800 [DEBUG] [org.gradle.api.internal.artifacts.repositories.resolver.ExternalResourceResolver] No meta-data file or artifact found for module 'org.checkerframework:checker-qual:' in repository 'Gradle Central Plugin Repository'.
2025-03-10T17:43:18.218+0800 [DEBUG] [org.gradle.api.internal.artifacts.ivyservice.modulecache.PersistentModuleMetadataCache] Recording absence of module descriptor in cache: org.checkerframework:checker-qual: [changing = false]
2025-03-10T17:43:18.218+0800 [DEBUG] [org.gradle.api.internal.artifacts.ivyservice.ivyresolve.RepositoryChainComponentMetaDataResolver] Attempting to resolve component for com.google.errorprone:error_prone_annotations: using repositories [Gradle Central Plugin Repository]
2025-03-10T17:43:18.218+0800 [DEBUG] [org.gradle.api.internal.artifacts.ivyservice.ivyresolve.CachingModuleComponentRepository] Detected non-existence of module 'com.google.errorprone:error_prone_annotations:' in resolver cache 'Gradle Central Plugin Repository'
2025-03-10T17:43:18.218+0800 [DEBUG] [org.gradle.api.internal.artifacts.repositories.resolver.ExternalResourceResolver] No meta-data file or artifact found for module 'com.google.errorprone:error_prone_annotations:' in repository 'Gradle Central Plugin Repository'.
2025-03-10T17:43:18.218+0800 [DEBUG] [org.gradle.api.internal.artifacts.ivyservice.modulecache.PersistentModuleMetadataCache] Recording absence of module descriptor in cache: com.google.errorprone:error_prone_annotations: [changing = false]
2025-03-10T17:43:18.218+0800 [DEBUG] [org.gradle.api.internal.artifacts.ivyservice.resolveengine.graph.builder.DependencyGraphBuilder] Visiting configuration org.ow2.asm:asm:9.5(runtime).
2025-03-10T17:43:18.218+0800 [DEBUG] [org.gradle.api.internal.artifacts.ivyservice.resolveengine.graph.builder.DependencyGraphBuilder] Visiting configuration com.google.cloud.tools:jib-build-plan:0.4.0(runtime).
2025-03-10T17:43:18.218+0800 [DEBUG] [org.gradle.api.internal.artifacts.ivyservice.resolveengine.graph.builder.DependencyGraphBuilder] Visiting configuration com.google.cloud.tools:jib-plugins-extension-common:0.2.0(runtime).
2025-03-10T17:43:18.218+0800 [DEBUG] [org.gradle.api.internal.artifacts.ivyservice.resolveengine.graph.builder.DependencyGraphBuilder] Visiting configuration com.google.cloud.tools:jib-gradle-plugin-extension-api:0.4.0(runtime).
2025-03-10T17:43:18.218+0800 [DEBUG] [org.gradle.api.internal.artifacts.ivyservice.resolveengine.graph.builder.DependencyGraphBuilder] Visiting configuration org.graalvm.buildtools:native-gradle-plugin:0.9.23(runtimeElements).
2025-03-10T17:43:18.218+0800 [DEBUG] [org.gradle.api.internal.artifacts.ivyservice.ivyresolve.RepositoryChainComponentMetaDataResolver] Attempting to resolve component for org.graalvm.buildtools:utils:0.9.23 using repositories [Gradle Central Plugin Repository]
2025-03-10T17:43:18.218+0800 [DEBUG] [org.gradle.api.internal.artifacts.ivyservice.ivyresolve.CachingModuleComponentRepository] Using cached module metadata for module 'org.graalvm.buildtools:utils:0.9.23' in 'Gradle Central Plugin Repository'
2025-03-10T17:43:18.218+0800 [DEBUG] [org.gradle.api.internal.artifacts.ivyservice.ivyresolve.RepositoryChainComponentMetaDataResolver] Using org.graalvm.buildtools:utils:0.9.23 from Maven repository 'Gradle Central Plugin Repository'
2025-03-10T17:43:18.218+0800 [DEBUG] [org.gradle.api.internal.artifacts.ivyservice.ivyresolve.RepositoryChainComponentMetaDataResolver] Attempting to resolve component for org.graalvm.buildtools:graalvm-reachability-metadata:0.9.23 using repositories [Gradle Central Plugin Repository]
2025-03-10T17:43:18.218+0800 [DEBUG] [org.gradle.api.internal.artifacts.ivyservice.ivyresolve.CachingModuleComponentRepository] Using cached module metadata for module 'org.graalvm.buildtools:graalvm-reachability-metadata:0.9.23' in 'Gradle Central Plugin Repository'
2025-03-10T17:43:18.218+0800 [DEBUG] [org.gradle.api.internal.artifacts.ivyservice.ivyresolve.RepositoryChainComponentMetaDataResolver] Using org.graalvm.buildtools:graalvm-reachability-metadata:0.9.23 from Maven repository 'Gradle Central Plugin Repository'
2025-03-10T17:43:18.218+0800 [DEBUG] [org.gradle.api.internal.artifacts.ivyservice.resolveengine.graph.builder.DependencyGraphBuilder] Visiting configuration org.jetbrains.kotlin:kotlin-stdlib-jdk7:1.8.22(runtime).
2025-03-10T17:43:18.218+0800 [DEBUG] [org.gradle.api.internal.artifacts.ivyservice.resolveengine.graph.builder.DependencyGraphBuilder] Visiting configuration org.jetbrains.kotlin:kotlin-stdlib:1.9.24(jvmRuntimeElements).
2025-03-10T17:43:18.218+0800 [DEBUG] [org.gradle.api.internal.artifacts.ivyservice.resolveengine.graph.builder.DependencyGraphBuilder] Visiting configuration :MyApplicationBackend:unspecified(classpath).
2025-03-10T17:43:18.219+0800 [DEBUG] [org.gradle.api.internal.artifacts.ivyservice.ivyresolve.RepositoryChainComponentMetaDataResolver] Attempting to resolve component for org.jetbrains:annotations:13.0 using repositories [Gradle Central Plugin Repository]
2025-03-10T17:43:18.219+0800 [DEBUG] [org.gradle.api.internal.artifacts.ivyservice.ivyresolve.CachingModuleComponentRepository] Using cached module metadata for module 'org.jetbrains:annotations:13.0' in 'Gradle Central Plugin Repository'
2025-03-10T17:43:18.219+0800 [DEBUG] [org.gradle.api.internal.artifacts.ivyservice.ivyresolve.RepositoryChainComponentMetaDataResolver] Using org.jetbrains:annotations:13.0 from Maven repository 'Gradle Central Plugin Repository'
2025-03-10T17:43:18.219+0800 [DEBUG] [org.gradle.api.internal.artifacts.ivyservice.resolveengine.graph.builder.DependencyGraphBuilder] Visiting configuration org.jetbrains.kotlin:kotlin-util-io:2.1.10(runtime).
2025-03-10T17:43:18.219+0800 [DEBUG] [org.gradle.api.internal.artifacts.ivyservice.resolveengine.graph.builder.NodeState] Changed edges for org.jetbrains.kotlin:kotlin-util-io:2.1.10(runtime) selects same versions as previous traversal. ignoring
2025-03-10T17:43:18.219+0800 [DEBUG] [org.gradle.api.internal.artifacts.ivyservice.resolveengine.graph.builder.DependencyGraphBuilder] Visiting configuration org.jdom:jdom2:2.0.6(runtime).
2025-03-10T17:43:18.219+0800 [DEBUG] [org.gradle.api.internal.artifacts.ivyservice.resolveengine.graph.builder.DependencyGraphBuilder] Visiting configuration org.ow2.asm:asm-commons:9.2(runtime).
2025-03-10T17:43:18.219+0800 [DEBUG] [org.gradle.api.internal.artifacts.ivyservice.ivyresolve.RepositoryChainComponentMetaDataResolver] Attempting to resolve component for org.ow2.asm:asm-tree:9.2 using repositories [Gradle Central Plugin Repository]
2025-03-10T17:43:18.219+0800 [DEBUG] [org.gradle.api.internal.artifacts.ivyservice.ivyresolve.CachingModuleComponentRepository] Using cached module metadata for module 'org.ow2.asm:asm-tree:9.2' in 'Gradle Central Plugin Repository'
2025-03-10T17:43:18.219+0800 [DEBUG] [org.gradle.api.internal.artifacts.ivyservice.ivyresolve.RepositoryChainComponentMetaDataResolver] Using org.ow2.asm:asm-tree:9.2 from Maven repository 'Gradle Central Plugin Repository'
2025-03-10T17:43:18.219+0800 [DEBUG] [org.gradle.api.internal.artifacts.ivyservice.ivyresolve.RepositoryChainComponentMetaDataResolver] Attempting to resolve component for org.ow2.asm:asm-analysis:9.2 using repositories [Gradle Central Plugin Repository]
2025-03-10T17:43:18.219+0800 [DEBUG] [org.gradle.api.internal.artifacts.ivyservice.ivyresolve.CachingModuleComponentRepository] Using cached module metadata for module 'org.ow2.asm:asm-analysis:9.2' in 'Gradle Central Plugin Repository'
2025-03-10T17:43:18.219+0800 [DEBUG] [org.gradle.api.internal.artifacts.ivyservice.ivyresolve.RepositoryChainComponentMetaDataResolver] Using org.ow2.asm:asm-analysis:9.2 from Maven repository 'Gradle Central Plugin Repository'
2025-03-10T17:43:18.219+0800 [DEBUG] [org.gradle.api.internal.artifacts.ivyservice.resolveengine.graph.builder.DependencyGraphBuilder] Visiting configuration commons-io:commons-io:2.11.0(runtime).
2025-03-10T17:43:18.219+0800 [DEBUG] [org.gradle.api.internal.artifacts.ivyservice.resolveengine.graph.builder.DependencyGraphBuilder] Visiting configuration org.apache.ant:ant:1.10.11(runtime).
2025-03-10T17:43:18.219+0800 [DEBUG] [org.gradle.api.internal.artifacts.ivyservice.ivyresolve.RepositoryChainComponentMetaDataResolver] Attempting to resolve component for org.apache.ant:ant-launcher:1.10.11 using repositories [Gradle Central Plugin Repository]
2025-03-10T17:43:18.219+0800 [DEBUG] [org.gradle.api.internal.artifacts.ivyservice.ivyresolve.CachingModuleComponentRepository] Using cached module metadata for module 'org.apache.ant:ant-launcher:1.10.11' in 'Gradle Central Plugin Repository'
2025-03-10T17:43:18.219+0800 [DEBUG] [org.gradle.api.internal.artifacts.ivyservice.ivyresolve.RepositoryChainComponentMetaDataResolver] Using org.apache.ant:ant-launcher:1.10.11 from Maven repository 'Gradle Central Plugin Repository'
2025-03-10T17:43:18.219+0800 [DEBUG] [org.gradle.api.internal.artifacts.ivyservice.resolveengine.graph.builder.DependencyGraphBuilder] Visiting configuration org.codehaus.plexus:plexus-utils:3.4.1(runtime).
2025-03-10T17:43:18.219+0800 [DEBUG] [org.gradle.api.internal.artifacts.ivyservice.resolveengine.graph.builder.DependencyGraphBuilder] Visiting configuration org.vafer:jdependency:2.7.0(runtime).
2025-03-10T17:43:18.219+0800 [DEBUG] [org.gradle.api.internal.artifacts.ivyservice.resolveengine.graph.builder.DependencyGraphBuilder] Visiting configuration org.apache.logging.log4j:log4j-core:2.17.1(runtime).
2025-03-10T17:43:18.219+0800 [DEBUG] [org.gradle.api.internal.artifacts.ivyservice.ivyresolve.RepositoryChainComponentMetaDataResolver] Attempting to resolve component for org.apache.logging.log4j:log4j-api:2.17.1 using repositories [Gradle Central Plugin Repository]
2025-03-10T17:43:18.219+0800 [DEBUG] [org.gradle.api.internal.artifacts.ivyservice.ivyresolve.CachingModuleComponentRepository] Using cached module metadata for module 'org.apache.logging.log4j:log4j-api:2.17.1' in 'Gradle Central Plugin Repository'
2025-03-10T17:43:18.219+0800 [DEBUG] [org.gradle.api.internal.artifacts.ivyservice.ivyresolve.RepositoryChainComponentMetaDataResolver] Using org.apache.logging.log4j:log4j-api:2.17.1 from Maven repository 'Gradle Central Plugin Repository'
2025-03-10T17:43:18.219+0800 [DEBUG] [org.gradle.api.internal.artifacts.ivyservice.resolveengine.graph.builder.DependencyGraphBuilder] Visiting configuration com.fasterxml.jackson.core:jackson-databind:2.15.2(runtimeElements).
2025-03-10T17:43:18.219+0800 [DEBUG] [org.gradle.api.internal.artifacts.ivyservice.resolveengine.graph.builder.DependencyGraphBuilder] Visiting configuration com.fasterxml.jackson:jackson-bom:2.15.2(platform-runtime).
2025-03-10T17:43:18.219+0800 [DEBUG] [org.gradle.api.internal.artifacts.ivyservice.ivyresolve.RepositoryChainComponentMetaDataResolver] Attempting to resolve component for com.fasterxml.jackson.core:jackson-annotations:2.15.2 using repositories [Gradle Central Plugin Repository]
2025-03-10T17:43:18.219+0800 [DEBUG] [org.gradle.api.internal.artifacts.ivyservice.ivyresolve.CachingModuleComponentRepository] Using cached module metadata for module 'com.fasterxml.jackson.core:jackson-annotations:2.15.2' in 'Gradle Central Plugin Repository'
2025-03-10T17:43:18.219+0800 [DEBUG] [org.gradle.api.internal.artifacts.ivyservice.ivyresolve.RepositoryChainComponentMetaDataResolver] Using com.fasterxml.jackson.core:jackson-annotations:2.15.2 from Maven repository 'Gradle Central Plugin Repository'
2025-03-10T17:43:18.219+0800 [DEBUG] [org.gradle.api.internal.artifacts.ivyservice.ivyresolve.RepositoryChainComponentMetaDataResolver] Attempting to resolve component for com.fasterxml.jackson.core:jackson-core:2.15.2 using repositories [Gradle Central Plugin Repository]
2025-03-10T17:43:18.219+0800 [DEBUG] [org.gradle.api.internal.artifacts.ivyservice.ivyresolve.CachingModuleComponentRepository] Using cached module metadata for module 'com.fasterxml.jackson.core:jackson-core:2.15.2' in 'Gradle Central Plugin Repository'
2025-03-10T17:43:18.219+0800 [DEBUG] [org.gradle.api.internal.artifacts.ivyservice.ivyresolve.RepositoryChainComponentMetaDataResolver] Using com.fasterxml.jackson.core:jackson-core:2.15.2 from Maven repository 'Gradle Central Plugin Repository'
2025-03-10T17:43:18.219+0800 [DEBUG] [org.gradle.api.internal.artifacts.ivyservice.resolveengine.graph.builder.DependencyGraphBuilder] Visiting configuration com.fasterxml.jackson.datatype:jackson-datatype-jsr310:2.15.2(runtimeElements).
2025-03-10T17:43:18.219+0800 [DEBUG] [org.gradle.api.internal.artifacts.ivyservice.resolveengine.graph.builder.DependencyGraphBuilder] Visiting configuration org.apache.httpcomponents:httpclient:4.5.13(runtime).
2025-03-10T17:43:18.220+0800 [DEBUG] [org.gradle.api.internal.artifacts.ivyservice.ivyresolve.RepositoryChainComponentMetaDataResolver] Attempting to resolve component for commons-logging:commons-logging:1.2 using repositories [Gradle Central Plugin Repository]
2025-03-10T17:43:18.220+0800 [DEBUG] [org.gradle.api.internal.artifacts.ivyservice.ivyresolve.CachingModuleComponentRepository] Using cached module metadata for module 'commons-logging:commons-logging:1.2' in 'Gradle Central Plugin Repository'
2025-03-10T17:43:18.220+0800 [DEBUG] [org.gradle.api.internal.artifacts.ivyservice.ivyresolve.RepositoryChainComponentMetaDataResolver] Using commons-logging:commons-logging:1.2 from Maven repository 'Gradle Central Plugin Repository'
2025-03-10T17:43:18.220+0800 [DEBUG] [org.gradle.api.internal.artifacts.ivyservice.ivyresolve.RepositoryChainComponentMetaDataResolver] Attempting to resolve component for commons-codec:commons-codec:1.11 using repositories [Gradle Central Plugin Repository]
2025-03-10T17:43:18.220+0800 [DEBUG] [org.gradle.api.internal.artifacts.ivyservice.ivyresolve.CachingModuleComponentRepository] Using cached module metadata for module 'commons-codec:commons-codec:1.11' in 'Gradle Central Plugin Repository'
2025-03-10T17:43:18.220+0800 [DEBUG] [org.gradle.api.internal.artifacts.ivyservice.ivyresolve.RepositoryChainComponentMetaDataResolver] Using commons-codec:commons-codec:1.11 from Maven repository 'Gradle Central Plugin Repository'
2025-03-10T17:43:18.220+0800 [DEBUG] [org.gradle.api.internal.artifacts.ivyservice.resolveengine.graph.builder.DependencyGraphBuilder] Visiting configuration org.apache.httpcomponents:httpcore:4.4.15(runtime).
2025-03-10T17:43:18.220+0800 [DEBUG] [org.gradle.api.internal.artifacts.ivyservice.resolveengine.graph.builder.DependencyGraphBuilder] Visiting configuration com.google.code.findbugs:jsr305:3.0.2(runtime).
2025-03-10T17:43:18.220+0800 [DEBUG] [org.gradle.api.internal.artifacts.ivyservice.resolveengine.graph.builder.DependencyGraphBuilder] Visiting configuration com.google.j2objc:j2objc-annotations:1.3(runtime).
2025-03-10T17:43:18.220+0800 [DEBUG] [org.gradle.api.internal.artifacts.ivyservice.resolveengine.graph.builder.DependencyGraphBuilder] Visiting configuration io.opencensus:opencensus-api:0.31.1(runtime).
2025-03-10T17:43:18.220+0800 [DEBUG] [org.gradle.api.internal.artifacts.ivyservice.ivyresolve.RepositoryChainComponentMetaDataResolver] Attempting to resolve component for io.grpc:grpc-context:1.27.2 using repositories [Gradle Central Plugin Repository]
2025-03-10T17:43:18.220+0800 [DEBUG] [org.gradle.api.internal.artifacts.ivyservice.ivyresolve.CachingModuleComponentRepository] Using cached module metadata for module 'io.grpc:grpc-context:1.27.2' in 'Gradle Central Plugin Repository'
2025-03-10T17:43:18.220+0800 [DEBUG] [org.gradle.api.internal.artifacts.ivyservice.ivyresolve.RepositoryChainComponentMetaDataResolver] Using io.grpc:grpc-context:1.27.2 from Maven repository 'Gradle Central Plugin Repository'
2025-03-10T17:43:18.220+0800 [DEBUG] [org.gradle.api.internal.artifacts.ivyservice.resolveengine.graph.builder.DependencyGraphBuilder] Visiting configuration io.opencensus:opencensus-contrib-http-util:0.31.1(runtime).
2025-03-10T17:43:18.220+0800 [DEBUG] [org.gradle.api.internal.artifacts.ivyservice.resolveengine.graph.builder.DependencyGraphBuilder] Visiting configuration com.google.http-client:google-http-client:1.42.2(runtime).
2025-03-10T17:43:18.220+0800 [DEBUG] [org.gradle.api.internal.artifacts.ivyservice.resolveengine.graph.builder.NodeState] Changed edges for com.google.http-client:google-http-client:1.42.2(runtime) selects same versions as previous traversal. ignoring
2025-03-10T17:43:18.220+0800 [DEBUG] [org.gradle.api.internal.artifacts.ivyservice.resolveengine.graph.builder.DependencyGraphBuilder] Visiting configuration com.google.auto.value:auto-value-annotations:1.9(runtime).
2025-03-10T17:43:18.220+0800 [DEBUG] [org.gradle.api.internal.artifacts.ivyservice.resolveengine.graph.builder.DependencyGraphBuilder] Visiting configuration com.google.auth:google-auth-library-credentials:1.10.0(runtime).
2025-03-10T17:43:18.220+0800 [DEBUG] [org.gradle.api.internal.artifacts.ivyservice.resolveengine.graph.builder.DependencyGraphBuilder] Visiting configuration com.google.http-client:google-http-client-gson:1.42.2(runtime).
2025-03-10T17:43:18.220+0800 [DEBUG] [org.gradle.api.internal.artifacts.ivyservice.ivyresolve.RepositoryChainComponentMetaDataResolver] Attempting to resolve component for com.google.code.gson:gson:2.9.0 using repositories [Gradle Central Plugin Repository]
2025-03-10T17:43:18.220+0800 [DEBUG] [org.gradle.api.internal.artifacts.ivyservice.ivyresolve.CachingModuleComponentRepository] Using cached module metadata for module 'com.google.code.gson:gson:2.9.0' in 'Gradle Central Plugin Repository'
2025-03-10T17:43:18.220+0800 [DEBUG] [org.gradle.api.internal.artifacts.ivyservice.ivyresolve.RepositoryChainComponentMetaDataResolver] Using com.google.code.gson:gson:2.9.0 from Maven repository 'Gradle Central Plugin Repository'
2025-03-10T17:43:18.220+0800 [DEBUG] [org.gradle.api.internal.artifacts.ivyservice.resolveengine.graph.builder.DependencyGraphBuilder] Visiting configuration com.google.code.gson:gson:2.8.9(runtime).
2025-03-10T17:43:18.220+0800 [DEBUG] [org.gradle.api.internal.artifacts.ivyservice.resolveengine.graph.builder.NodeState] version for com.google.code.gson:gson:2.8.9(runtime) is not selected. ignoring.
2025-03-10T17:43:18.220+0800 [DEBUG] [org.gradle.api.internal.artifacts.ivyservice.resolveengine.graph.builder.DependencyGraphBuilder] Visiting configuration com.google.guava:guava-parent:32.1.2-jre(platform-runtime).
2025-03-10T17:43:18.220+0800 [DEBUG] [org.gradle.api.internal.artifacts.ivyservice.ivyresolve.RepositoryChainComponentMetaDataResolver] Attempting to resolve component for org.checkerframework:checker-qual:3.33.0 using repositories [Gradle Central Plugin Repository]
2025-03-10T17:43:18.220+0800 [DEBUG] [org.gradle.api.internal.artifacts.ivyservice.ivyresolve.CachingModuleComponentRepository] Using cached module metadata for module 'org.checkerframework:checker-qual:3.33.0' in 'Gradle Central Plugin Repository'
2025-03-10T17:43:18.220+0800 [DEBUG] [org.gradle.api.internal.artifacts.ivyservice.ivyresolve.RepositoryChainComponentMetaDataResolver] Using org.checkerframework:checker-qual:3.33.0 from Maven repository 'Gradle Central Plugin Repository'
2025-03-10T17:43:18.220+0800 [DEBUG] [org.gradle.api.internal.artifacts.ivyservice.ivyresolve.RepositoryChainComponentMetaDataResolver] Attempting to resolve component for com.google.errorprone:error_prone_annotations:2.18.0 using repositories [Gradle Central Plugin Repository]
2025-03-10T17:43:18.220+0800 [DEBUG] [org.gradle.api.internal.artifacts.ivyservice.ivyresolve.CachingModuleComponentRepository] Using cached module metadata for module 'com.google.errorprone:error_prone_annotations:2.18.0' in 'Gradle Central Plugin Repository'
2025-03-10T17:43:18.220+0800 [DEBUG] [org.gradle.api.internal.artifacts.ivyservice.ivyresolve.RepositoryChainComponentMetaDataResolver] Using com.google.errorprone:error_prone_annotations:2.18.0 from Maven repository 'Gradle Central Plugin Repository'
2025-03-10T17:43:18.220+0800 [DEBUG] [org.gradle.api.internal.artifacts.ivyservice.ivyresolve.RepositoryChainComponentMetaDataResolver] Attempting to resolve component for com.google.j2objc:j2objc-annotations:2.8 using repositories [Gradle Central Plugin Repository]
2025-03-10T17:43:18.220+0800 [DEBUG] [org.gradle.api.internal.artifacts.ivyservice.ivyresolve.CachingModuleComponentRepository] Using cached module metadata for module 'com.google.j2objc:j2objc-annotations:2.8' in 'Gradle Central Plugin Repository'
2025-03-10T17:43:18.220+0800 [DEBUG] [org.gradle.api.internal.artifacts.ivyservice.ivyresolve.RepositoryChainComponentMetaDataResolver] Using com.google.j2objc:j2objc-annotations:2.8 from Maven repository 'Gradle Central Plugin Repository'
2025-03-10T17:43:18.220+0800 [DEBUG] [org.gradle.api.internal.artifacts.ivyservice.resolveengine.graph.builder.DependencyGraphBuilder] Visiting configuration com.google.j2objc:j2objc-annotations:1.3(runtime).
2025-03-10T17:43:18.220+0800 [DEBUG] [org.gradle.api.internal.artifacts.ivyservice.resolveengine.graph.builder.NodeState] version for com.google.j2objc:j2objc-annotations:1.3(runtime) is not selected. ignoring.
2025-03-10T17:43:18.221+0800 [DEBUG] [org.gradle.api.internal.artifacts.ivyservice.resolveengine.graph.builder.DependencyGraphBuilder] Visiting configuration com.google.guava:failureaccess:1.0.1(runtime).
2025-03-10T17:43:18.221+0800 [DEBUG] [org.gradle.api.internal.artifacts.ivyservice.resolveengine.graph.builder.DependencyGraphBuilder] Visiting configuration com.google.guava:listenablefuture:9999.0-empty-to-avoid-conflict-with-guava(runtime).
2025-03-10T17:43:18.221+0800 [DEBUG] [org.gradle.api.internal.artifacts.ivyservice.resolveengine.graph.builder.DependencyGraphBuilder] Visiting configuration com.google.cloud.tools:jib-build-plan:0.4.0(runtime).
2025-03-10T17:43:18.221+0800 [DEBUG] [org.gradle.api.internal.artifacts.ivyservice.resolveengine.graph.builder.NodeState] Changed edges for com.google.cloud.tools:jib-build-plan:0.4.0(runtime) selects same versions as previous traversal. ignoring
2025-03-10T17:43:18.221+0800 [DEBUG] [org.gradle.api.internal.artifacts.ivyservice.resolveengine.graph.builder.DependencyGraphBuilder] Visiting configuration com.google.cloud.tools:jib-plugins-extension-common:0.2.0(runtime).
2025-03-10T17:43:18.221+0800 [DEBUG] [org.gradle.api.internal.artifacts.ivyservice.resolveengine.graph.builder.NodeState] Changed edges for com.google.cloud.tools:jib-plugins-extension-common:0.2.0(runtime) selects same versions as previous traversal. ignoring
2025-03-10T17:43:18.221+0800 [DEBUG] [org.gradle.api.internal.artifacts.ivyservice.resolveengine.graph.builder.DependencyGraphBuilder] Visiting configuration org.graalvm.buildtools:utils:0.9.23(runtimeElements).
2025-03-10T17:43:18.221+0800 [DEBUG] [org.gradle.api.internal.artifacts.ivyservice.resolveengine.graph.builder.DependencyGraphBuilder] Visiting configuration org.graalvm.buildtools:graalvm-reachability-metadata:0.9.23(runtimeElements).
2025-03-10T17:43:18.221+0800 [DEBUG] [org.gradle.api.internal.artifacts.ivyservice.resolveengine.graph.builder.DependencyGraphBuilder] Visiting configuration org.jetbrains.kotlin:kotlin-stdlib-jdk7:1.8.22(runtime).
2025-03-10T17:43:18.221+0800 [DEBUG] [org.gradle.api.internal.artifacts.ivyservice.resolveengine.graph.builder.NodeState] Changed edges for org.jetbrains.kotlin:kotlin-stdlib-jdk7:1.8.22(runtime) selects same versions as previous traversal. ignoring
2025-03-10T17:43:18.221+0800 [DEBUG] [org.gradle.api.internal.artifacts.ivyservice.resolveengine.graph.builder.DependencyGraphBuilder] Visiting configuration org.jetbrains.kotlin:kotlin-stdlib-jdk8:1.8.22(runtime).
2025-03-10T17:43:18.221+0800 [DEBUG] [org.gradle.api.internal.artifacts.ivyservice.resolveengine.graph.builder.NodeState] Changed edges for org.jetbrains.kotlin:kotlin-stdlib-jdk8:1.8.22(runtime) selects same versions as previous traversal. ignoring
2025-03-10T17:43:18.221+0800 [DEBUG] [org.gradle.api.internal.artifacts.ivyservice.resolveengine.graph.builder.DependencyGraphBuilder] Visiting configuration org.jetbrains:annotations:13.0(runtime).
2025-03-10T17:43:18.221+0800 [DEBUG] [org.gradle.api.internal.artifacts.ivyservice.resolveengine.graph.builder.DependencyGraphBuilder] Visiting configuration org.ow2.asm:asm:9.5(runtime).
2025-03-10T17:43:18.221+0800 [DEBUG] [org.gradle.api.internal.artifacts.ivyservice.resolveengine.graph.builder.NodeState] Changed edges for org.ow2.asm:asm:9.5(runtime) selects same versions as previous traversal. ignoring
2025-03-10T17:43:18.221+0800 [DEBUG] [org.gradle.api.internal.artifacts.ivyservice.resolveengine.graph.builder.DependencyGraphBuilder] Visiting configuration org.ow2.asm:asm-tree:9.2(runtime).
2025-03-10T17:43:18.221+0800 [DEBUG] [org.gradle.api.internal.artifacts.ivyservice.resolveengine.graph.builder.DependencyGraphBuilder] Visiting configuration org.ow2.asm:asm-analysis:9.2(runtime).
2025-03-10T17:43:18.221+0800 [DEBUG] [org.gradle.api.internal.artifacts.ivyservice.resolveengine.graph.builder.DependencyGraphBuilder] Visiting configuration org.apache.ant:ant-launcher:1.10.11(runtime).
2025-03-10T17:43:18.221+0800 [DEBUG] [org.gradle.api.internal.artifacts.ivyservice.resolveengine.graph.builder.DependencyGraphBuilder] Visiting configuration org.apache.logging.log4j:log4j-api:2.17.1(runtime).
2025-03-10T17:43:18.221+0800 [DEBUG] [org.gradle.api.internal.artifacts.ivyservice.resolveengine.graph.builder.DependencyGraphBuilder] Visiting configuration com.fasterxml.jackson.core:jackson-annotations:2.15.2(runtimeElements).
2025-03-10T17:43:18.221+0800 [DEBUG] [org.gradle.api.internal.artifacts.ivyservice.resolveengine.graph.builder.DependencyGraphBuilder] Visiting configuration com.fasterxml.jackson.core:jackson-core:2.15.2(runtimeElements).
2025-03-10T17:43:18.221+0800 [DEBUG] [org.gradle.api.internal.artifacts.ivyservice.resolveengine.graph.builder.DependencyGraphBuilder] Visiting configuration com.fasterxml.jackson:jackson-bom:2.15.2(platform-runtime).
2025-03-10T17:43:18.221+0800 [DEBUG] [org.gradle.api.internal.artifacts.ivyservice.resolveengine.graph.builder.NodeState] Changed edges for com.fasterxml.jackson:jackson-bom:2.15.2(platform-runtime) selects same versions as previous traversal. ignoring
2025-03-10T17:43:18.221+0800 [DEBUG] [org.gradle.api.internal.artifacts.ivyservice.resolveengine.graph.builder.DependencyGraphBuilder] Visiting configuration com.fasterxml.jackson.core:jackson-databind:2.15.2(runtimeElements).
2025-03-10T17:43:18.221+0800 [DEBUG] [org.gradle.api.internal.artifacts.ivyservice.resolveengine.graph.builder.NodeState] Changed edges for com.fasterxml.jackson.core:jackson-databind:2.15.2(runtimeElements) selects same versions as previous traversal. ignoring
2025-03-10T17:43:18.221+0800 [DEBUG] [org.gradle.api.internal.artifacts.ivyservice.resolveengine.graph.builder.DependencyGraphBuilder] Visiting configuration commons-logging:commons-logging:1.2(runtime).
2025-03-10T17:43:18.221+0800 [DEBUG] [org.gradle.api.internal.artifacts.ivyservice.resolveengine.graph.builder.DependencyGraphBuilder] Visiting configuration commons-codec:commons-codec:1.11(runtime).
2025-03-10T17:43:18.221+0800 [DEBUG] [org.gradle.api.internal.artifacts.ivyservice.resolveengine.graph.builder.DependencyGraphBuilder] Visiting configuration io.grpc:grpc-context:1.27.2(runtime).
2025-03-10T17:43:18.221+0800 [DEBUG] [org.gradle.api.internal.artifacts.ivyservice.resolveengine.graph.builder.DependencyGraphBuilder] Visiting configuration io.opencensus:opencensus-api:0.31.1(runtime).
2025-03-10T17:43:18.221+0800 [DEBUG] [org.gradle.api.internal.artifacts.ivyservice.resolveengine.graph.builder.NodeState] Changed edges for io.opencensus:opencensus-api:0.31.1(runtime) selects same versions as previous traversal. ignoring
2025-03-10T17:43:18.221+0800 [DEBUG] [org.gradle.api.internal.artifacts.ivyservice.resolveengine.graph.builder.DependencyGraphBuilder] Visiting configuration com.google.guava:guava:32.1.2-jre(jreRuntimeElements).
2025-03-10T17:43:18.221+0800 [DEBUG] [org.gradle.api.internal.artifacts.ivyservice.resolveengine.graph.builder.NodeState] Changed edges for com.google.guava:guava:32.1.2-jre(jreRuntimeElements) selects same versions as previous traversal. ignoring
2025-03-10T17:43:18.221+0800 [DEBUG] [org.gradle.api.internal.artifacts.ivyservice.resolveengine.graph.builder.DependencyGraphBuilder] Visiting configuration com.google.code.gson:gson:2.9.0(runtime).
2025-03-10T17:43:18.221+0800 [DEBUG] [org.gradle.api.internal.artifacts.ivyservice.resolveengine.graph.builder.DependencyGraphBuilder] Visiting configuration com.google.http-client:google-http-client:1.42.2(runtime).
2025-03-10T17:43:18.221+0800 [DEBUG] [org.gradle.api.internal.artifacts.ivyservice.resolveengine.graph.builder.NodeState] Changed edges for com.google.http-client:google-http-client:1.42.2(runtime) selects same versions as previous traversal. ignoring
2025-03-10T17:43:18.221+0800 [DEBUG] [org.gradle.api.internal.artifacts.ivyservice.resolveengine.graph.builder.DependencyGraphBuilder] Visiting configuration org.checkerframework:checker-qual:3.33.0(runtimeElements).
2025-03-10T17:43:18.221+0800 [DEBUG] [org.gradle.api.internal.artifacts.ivyservice.resolveengine.graph.builder.DependencyGraphBuilder] Visiting configuration com.google.errorprone:error_prone_annotations:2.18.0(runtime).
2025-03-10T17:43:18.221+0800 [DEBUG] [org.gradle.api.internal.artifacts.ivyservice.resolveengine.graph.builder.DependencyGraphBuilder] Visiting configuration com.google.j2objc:j2objc-annotations:2.8(runtime).
2025-03-10T17:43:18.221+0800 [DEBUG] [org.gradle.api.internal.artifacts.ivyservice.resolveengine.graph.builder.DependencyGraphBuilder] Visiting configuration com.google.code.findbugs:jsr305:3.0.2(runtime).
2025-03-10T17:43:18.221+0800 [DEBUG] [org.gradle.api.internal.artifacts.ivyservice.resolveengine.graph.builder.NodeState] Changed edges for com.google.code.findbugs:jsr305:3.0.2(runtime) selects same versions as previous traversal. ignoring
2025-03-10T17:43:18.221+0800 [DEBUG] [org.gradle.api.internal.artifacts.ivyservice.resolveengine.graph.builder.DependencyGraphBuilder] Visiting configuration org.ow2.asm:asm:9.5(runtime).
2025-03-10T17:43:18.221+0800 [DEBUG] [org.gradle.api.internal.artifacts.ivyservice.resolveengine.graph.builder.NodeState] Changed edges for org.ow2.asm:asm:9.5(runtime) selects same versions as previous traversal. ignoring
2025-03-10T17:43:18.221+0800 [DEBUG] [org.gradle.api.internal.artifacts.ivyservice.resolveengine.graph.builder.DependencyGraphBuilder] Visiting configuration org.ow2.asm:asm-tree:9.2(runtime).
2025-03-10T17:43:18.221+0800 [DEBUG] [org.gradle.api.internal.artifacts.ivyservice.resolveengine.graph.builder.NodeState] Changed edges for org.ow2.asm:asm-tree:9.2(runtime) selects same versions as previous traversal. ignoring
2025-03-10T17:43:18.222+0800 [DEBUG] [org.gradle.api.internal.artifacts.ivyservice.resolveengine.oldresult.TransientConfigurationResultsBuilder] Flushing resolved configuration data in Binary store in /Users/sam/.gradle/.tmp/gradle3614027145268127340.bin. Wrote root 98.
2025-03-10T17:43:18.222+0800 [DEBUG] [org.gradle.internal.operations.DefaultBuildOperationRunner] Build operation 'Resolve dependencies of :classpath' completed
2025-03-10T17:43:18.222+0800 [DEBUG] [org.gradle.internal.component.model.LoggingAttributeMatchingExplanationBuilder] Selected match org.jetbrains.kotlin.jvm:org.jetbrains.kotlin.jvm.gradle.plugin:2.1.10 configuration runtime from candidates [org.jetbrains.kotlin.jvm:org.jetbrains.kotlin.jvm.gradle.plugin:2.1.10 configuration runtime] for {org.gradle.category=library, org.gradle.dependency.bundling=external, org.gradle.jvm.version=23, org.gradle.libraryelements=jar, org.gradle.plugin.api-version=8.10, org.gradle.usage=java-runtime}
2025-03-10T17:43:18.222+0800 [DEBUG] [org.gradle.internal.component.model.LoggingAttributeMatchingExplanationBuilder] Selected match org.jetbrains.kotlin.plugin.serialization:org.jetbrains.kotlin.plugin.serialization.gradle.plugin:2.1.10 configuration runtime from candidates [org.jetbrains.kotlin.plugin.serialization:org.jetbrains.kotlin.plugin.serialization.gradle.plugin:2.1.10 configuration runtime] for {org.gradle.category=library, org.gradle.dependency.bundling=external, org.gradle.jvm.version=23, org.gradle.libraryelements=jar, org.gradle.plugin.api-version=8.10, org.gradle.usage=java-runtime}
2025-03-10T17:43:18.222+0800 [DEBUG] [org.gradle.internal.component.model.LoggingAttributeMatchingExplanationBuilder] Selected match io.ktor.plugin:io.ktor.plugin.gradle.plugin:2.3.6 configuration runtime from candidates [io.ktor.plugin:io.ktor.plugin.gradle.plugin:2.3.6 configuration runtime] for {org.gradle.category=library, org.gradle.dependency.bundling=external, org.gradle.jvm.version=23, org.gradle.libraryelements=jar, org.gradle.plugin.api-version=8.10, org.gradle.usage=java-runtime}
2025-03-10T17:43:18.222+0800 [DEBUG] [org.gradle.internal.component.model.LoggingAttributeMatchingExplanationBuilder] Selected match io.ktor.plugin:plugin:2.3.6 variant runtimeElements from candidates [io.ktor.plugin:plugin:2.3.6 variant runtimeElements] for {org.gradle.category=library, org.gradle.dependency.bundling=external, org.gradle.jvm.version=23, org.gradle.libraryelements=jar, org.gradle.plugin.api-version=8.10, org.gradle.usage=java-runtime}
2025-03-10T17:43:18.222+0800 [DEBUG] [org.gradle.internal.component.model.LoggingAttributeMatchingExplanationBuilder] Selected match com.github.johnrengelman.shadow:com.github.johnrengelman.shadow.gradle.plugin:7.1.2 configuration runtime from candidates [com.github.johnrengelman.shadow:com.github.johnrengelman.shadow.gradle.plugin:7.1.2 configuration runtime] for {org.gradle.category=library, org.gradle.dependency.bundling=external, org.gradle.jvm.version=23, org.gradle.libraryelements=jar, org.gradle.plugin.api-version=8.10, org.gradle.usage=java-runtime}
2025-03-10T17:43:18.222+0800 [DEBUG] [org.gradle.api.internal.artifacts.ivyservice.ivyresolve.CachingModuleComponentRepository] Detected non-existence of artifact 'com.github.johnrengelman.shadow.gradle.plugin-7.1.2.jar (com.github.johnrengelman.shadow:com.github.johnrengelman.shadow.gradle.plugin:7.1.2)' in resolver cache
2025-03-10T17:43:18.222+0800 [DEBUG] [org.gradle.internal.component.model.LoggingAttributeMatchingExplanationBuilder] Selected match gradle.plugin.com.github.johnrengelman:shadow:7.1.2 configuration runtime from candidates [gradle.plugin.com.github.johnrengelman:shadow:7.1.2 configuration runtime] for {org.gradle.category=library, org.gradle.dependency.bundling=external, org.gradle.jvm.version=23, org.gradle.libraryelements=jar, org.gradle.plugin.api-version=8.10, org.gradle.usage=java-runtime}
2025-03-10T17:43:18.222+0800 [DEBUG] [org.gradle.internal.component.model.LoggingAttributeMatchingExplanationBuilder] Selected match org.apache.logging.log4j:log4j-core:2.17.1 configuration runtime from candidates [org.apache.logging.log4j:log4j-core:2.17.1 configuration runtime] for {org.gradle.category=library, org.gradle.dependency.bundling=external, org.gradle.jvm.version=23, org.gradle.libraryelements=jar, org.gradle.plugin.api-version=8.10, org.gradle.usage=java-runtime}
2025-03-10T17:43:18.222+0800 [DEBUG] [org.gradle.internal.component.model.LoggingAttributeMatchingExplanationBuilder] Selected match org.jetbrains.kotlin:kotlin-stdlib-jdk8:1.8.22 configuration runtime from candidates [org.jetbrains.kotlin:kotlin-stdlib-jdk8:1.8.22 configuration runtime] for {org.gradle.category=library, org.gradle.dependency.bundling=external, org.gradle.jvm.version=23, org.gradle.libraryelements=jar, org.gradle.plugin.api-version=8.10, org.gradle.usage=java-runtime}
2025-03-10T17:43:18.222+0800 [DEBUG] [org.gradle.internal.component.model.LoggingAttributeMatchingExplanationBuilder] Selected match org.jetbrains.kotlin:kotlin-stdlib-jdk7:1.8.22 configuration runtime from candidates [org.jetbrains.kotlin:kotlin-stdlib-jdk7:1.8.22 configuration runtime] for {org.gradle.category=library, org.gradle.dependency.bundling=external, org.gradle.jvm.version=23, org.gradle.libraryelements=jar, org.gradle.plugin.api-version=8.10, org.gradle.usage=java-runtime}
2025-03-10T17:43:18.222+0800 [DEBUG] [org.gradle.internal.component.model.LoggingAttributeMatchingExplanationBuilder] Selected match org.jetbrains.kotlin:kotlin-stdlib:1.9.24 variant jvmRuntimeElements from candidates [org.jetbrains.kotlin:kotlin-stdlib:1.9.24 variant jvmRuntimeElements] for {org.gradle.category=library, org.gradle.dependency.bundling=external, org.gradle.jvm.version=23, org.gradle.libraryelements=jar, org.gradle.plugin.api-version=8.10, org.gradle.usage=java-runtime}
2025-03-10T17:43:18.222+0800 [DEBUG] [org.gradle.internal.component.model.LoggingAttributeMatchingExplanationBuilder] Selected match org.jetbrains:annotations:13.0 configuration runtime from candidates [org.jetbrains:annotations:13.0 configuration runtime] for {org.gradle.category=library, org.gradle.dependency.bundling=external, org.gradle.jvm.version=23, org.gradle.libraryelements=jar, org.gradle.plugin.api-version=8.10, org.gradle.usage=java-runtime}
2025-03-10T17:43:18.222+0800 [DEBUG] [org.gradle.internal.component.model.LoggingAttributeMatchingExplanationBuilder] Selected match org.jetbrains.kotlin:kotlin-serialization:2.1.10 variant gradle85RuntimeElements from candidates [org.jetbrains.kotlin:kotlin-serialization:2.1.10 variant gradle85RuntimeElements] for {org.gradle.category=library, org.gradle.dependency.bundling=external, org.gradle.jvm.version=23, org.gradle.libraryelements=jar, org.gradle.plugin.api-version=8.10, org.gradle.usage=java-runtime}
2025-03-10T17:43:18.222+0800 [DEBUG] [org.gradle.internal.component.model.LoggingAttributeMatchingExplanationBuilder] Selected match org.jetbrains.kotlin:kotlin-gradle-plugin-model:2.1.10 variant runtimeElementsWithFixedAttribute from candidates [org.jetbrains.kotlin:kotlin-gradle-plugin-model:2.1.10 variant runtimeElementsWithFixedAttribute] for {org.gradle.category=library, org.gradle.dependency.bundling=external, org.gradle.jvm.version=23, org.gradle.libraryelements=jar, org.gradle.plugin.api-version=8.10, org.gradle.usage=java-runtime}
2025-03-10T17:43:18.222+0800 [DEBUG] [org.gradle.internal.component.model.LoggingAttributeMatchingExplanationBuilder] Selected match org.jetbrains.kotlin:kotlin-gradle-plugin-api:2.1.10 variant runtimeElementsWithFixedAttribute from candidates [org.jetbrains.kotlin:kotlin-gradle-plugin-api:2.1.10 variant runtimeElementsWithFixedAttribute] for {org.gradle.category=library, org.gradle.dependency.bundling=external, org.gradle.jvm.version=23, org.gradle.libraryelements=jar, org.gradle.plugin.api-version=8.10, org.gradle.usage=java-runtime}
2025-03-10T17:43:18.222+0800 [DEBUG] [org.gradle.internal.component.model.LoggingAttributeMatchingExplanationBuilder] Selected match org.jetbrains.kotlin:kotlin-gradle-plugin-api:2.1.10 variant gradle85RuntimeElements from candidates [org.jetbrains.kotlin:kotlin-gradle-plugin-api:2.1.10 variant gradle85RuntimeElements] for {org.gradle.category=library, org.gradle.dependency.bundling=external, org.gradle.jvm.version=23, org.gradle.libraryelements=jar, org.gradle.plugin.api-version=8.10, org.gradle.usage=java-runtime}
2025-03-10T17:43:18.222+0800 [DEBUG] [org.gradle.internal.component.model.LoggingAttributeMatchingExplanationBuilder] Selected match org.jetbrains.kotlin:kotlin-gradle-plugins-bom:2.1.10 variant runtimeElements from candidates [org.jetbrains.kotlin:kotlin-gradle-plugins-bom:2.1.10 variant runtimeElements] for {org.gradle.category=platform, org.gradle.dependency.bundling=external, org.gradle.jvm.version=23, org.gradle.libraryelements=jar, org.gradle.plugin.api-version=8.10, org.gradle.usage=java-runtime}
2025-03-10T17:43:18.223+0800 [DEBUG] [org.gradle.internal.component.model.LoggingAttributeMatchingExplanationBuilder] Selected match org.jetbrains.kotlin:kotlin-gradle-plugins-bom:2.1.10 variant runtimeElements from candidates [org.jetbrains.kotlin:kotlin-gradle-plugins-bom:2.1.10 variant runtimeElements] for {org.gradle.category=platform, org.gradle.dependency.bundling=external, org.gradle.jvm.version=23, org.gradle.libraryelements=jar, org.gradle.plugin.api-version=8.10, org.gradle.usage=java-runtime}
2025-03-10T17:43:18.223+0800 [DEBUG] [org.gradle.internal.component.model.LoggingAttributeMatchingExplanationBuilder] Selected match org.jetbrains.kotlin:kotlin-gradle-plugins-bom:2.1.10 variant runtimeElements from candidates [org.jetbrains.kotlin:kotlin-gradle-plugins-bom:2.1.10 variant runtimeElements] for {org.gradle.category=platform, org.gradle.dependency.bundling=external, org.gradle.jvm.version=23, org.gradle.libraryelements=jar, org.gradle.plugin.api-version=8.10, org.gradle.usage=java-runtime}
2025-03-10T17:43:18.223+0800 [DEBUG] [org.gradle.internal.component.model.LoggingAttributeMatchingExplanationBuilder] Selected match org.jetbrains.kotlin:kotlin-gradle-plugins-bom:2.1.10 variant runtimeElements from candidates [org.jetbrains.kotlin:kotlin-gradle-plugins-bom:2.1.10 variant runtimeElements] for {org.gradle.category=platform, org.gradle.dependency.bundling=external, org.gradle.jvm.version=23, org.gradle.libraryelements=jar, org.gradle.plugin.api-version=8.10, org.gradle.usage=java-runtime}
2025-03-10T17:43:18.223+0800 [DEBUG] [org.gradle.internal.component.model.LoggingAttributeMatchingExplanationBuilder] Selected match org.jetbrains.kotlin:kotlin-gradle-plugins-bom:2.1.10 variant runtimeElements from candidates [org.jetbrains.kotlin:kotlin-gradle-plugins-bom:2.1.10 variant runtimeElements] for {org.gradle.category=platform, org.gradle.dependency.bundling=external, org.gradle.jvm.version=23, org.gradle.libraryelements=jar, org.gradle.plugin.api-version=8.10, org.gradle.usage=java-runtime}
2025-03-10T17:43:18.223+0800 [DEBUG] [org.gradle.internal.component.model.LoggingAttributeMatchingExplanationBuilder] Selected match org.jetbrains.kotlin:kotlin-gradle-plugin:2.1.10 variant gradle85RuntimeElements from candidates [org.jetbrains.kotlin:kotlin-gradle-plugin:2.1.10 variant gradle85RuntimeElements] for {org.gradle.category=library, org.gradle.dependency.bundling=external, org.gradle.jvm.version=23, org.gradle.libraryelements=jar, org.gradle.plugin.api-version=8.10, org.gradle.usage=java-runtime}
2025-03-10T17:43:18.223+0800 [DEBUG] [org.gradle.internal.component.model.LoggingAttributeMatchingExplanationBuilder] Selected match org.jetbrains.kotlin:kotlin-gradle-plugin-idea-proto:2.1.10 configuration runtime from candidates [org.jetbrains.kotlin:kotlin-gradle-plugin-idea-proto:2.1.10 configuration runtime] for {org.gradle.category=library, org.gradle.dependency.bundling=external, org.gradle.jvm.version=23, org.gradle.libraryelements=jar, org.gradle.plugin.api-version=8.10, org.gradle.usage=java-runtime}
2025-03-10T17:43:18.223+0800 [DEBUG] [org.gradle.internal.component.model.LoggingAttributeMatchingExplanationBuilder] Selected match org.jetbrains.kotlin:kotlin-gradle-plugin-idea:2.1.10 variant runtimeElements from candidates [org.jetbrains.kotlin:kotlin-gradle-plugin-idea:2.1.10 variant runtimeElements] for {org.gradle.category=library, org.gradle.dependency.bundling=external, org.gradle.jvm.version=23, org.gradle.libraryelements=jar, org.gradle.plugin.api-version=8.10, org.gradle.usage=java-runtime}
2025-03-10T17:43:18.223+0800 [DEBUG] [org.gradle.internal.component.model.LoggingAttributeMatchingExplanationBuilder] Selected match org.jetbrains.kotlin:kotlin-klib-commonizer-api:2.1.10 configuration runtime from candidates [org.jetbrains.kotlin:kotlin-klib-commonizer-api:2.1.10 configuration runtime] for {org.gradle.category=library, org.gradle.dependency.bundling=external, org.gradle.jvm.version=23, org.gradle.libraryelements=jar, org.gradle.plugin.api-version=8.10, org.gradle.usage=java-runtime}
2025-03-10T17:43:18.223+0800 [DEBUG] [org.gradle.internal.component.model.LoggingAttributeMatchingExplanationBuilder] Selected match org.jetbrains.kotlin:kotlin-build-statistics:2.1.10 configuration runtime from candidates [org.jetbrains.kotlin:kotlin-build-statistics:2.1.10 configuration runtime] for {org.gradle.category=library, org.gradle.dependency.bundling=external, org.gradle.jvm.version=23, org.gradle.libraryelements=jar, org.gradle.plugin.api-version=8.10, org.gradle.usage=java-runtime}
2025-03-10T17:43:18.223+0800 [DEBUG] [org.gradle.internal.component.model.LoggingAttributeMatchingExplanationBuilder] Selected match org.jetbrains.kotlin:kotlin-util-klib-metadata:2.1.10 configuration runtime from candidates [org.jetbrains.kotlin:kotlin-util-klib-metadata:2.1.10 configuration runtime] for {org.gradle.category=library, org.gradle.dependency.bundling=external, org.gradle.jvm.version=23, org.gradle.libraryelements=jar, org.gradle.plugin.api-version=8.10, org.gradle.usage=java-runtime}
2025-03-10T17:43:18.223+0800 [DEBUG] [org.gradle.internal.component.model.LoggingAttributeMatchingExplanationBuilder] Selected match org.jetbrains.kotlin:kotlin-compiler-runner:2.1.10 configuration runtime from candidates [org.jetbrains.kotlin:kotlin-compiler-runner:2.1.10 configuration runtime] for {org.gradle.category=library, org.gradle.dependency.bundling=external, org.gradle.jvm.version=23, org.gradle.libraryelements=jar, org.gradle.plugin.api-version=8.10, org.gradle.usage=java-runtime}
2025-03-10T17:43:18.223+0800 [DEBUG] [org.gradle.internal.component.model.LoggingAttributeMatchingExplanationBuilder] Selected match com.google.cloud.tools:jib-gradle-plugin:3.4.0 variant runtimeElements from candidates [com.google.cloud.tools:jib-gradle-plugin:3.4.0 variant runtimeElements] for {org.gradle.category=library, org.gradle.dependency.bundling=external, org.gradle.jvm.version=23, org.gradle.libraryelements=jar, org.gradle.plugin.api-version=8.10, org.gradle.usage=java-runtime}
2025-03-10T17:43:18.223+0800 [DEBUG] [org.gradle.internal.component.model.LoggingAttributeMatchingExplanationBuilder] Selected match org.graalvm.buildtools.native:org.graalvm.buildtools.native.gradle.plugin:0.9.23 configuration runtime from candidates [org.graalvm.buildtools.native:org.graalvm.buildtools.native.gradle.plugin:0.9.23 configuration runtime] for {org.gradle.category=library, org.gradle.dependency.bundling=external, org.gradle.jvm.version=23, org.gradle.libraryelements=jar, org.gradle.plugin.api-version=8.10, org.gradle.usage=java-runtime}
2025-03-10T17:43:18.223+0800 [DEBUG] [org.gradle.api.internal.artifacts.ivyservice.ivyresolve.CachingModuleComponentRepository] Detected non-existence of artifact 'org.graalvm.buildtools.native.gradle.plugin-0.9.23.jar (org.graalvm.buildtools.native:org.graalvm.buildtools.native.gradle.plugin:0.9.23)' in resolver cache
2025-03-10T17:43:18.223+0800 [DEBUG] [org.gradle.internal.component.model.LoggingAttributeMatchingExplanationBuilder] Selected match org.jetbrains.kotlin:kotlin-gradle-plugin-annotations:2.1.10 configuration runtime from candidates [org.jetbrains.kotlin:kotlin-gradle-plugin-annotations:2.1.10 configuration runtime] for {org.gradle.category=library, org.gradle.dependency.bundling=external, org.gradle.jvm.version=23, org.gradle.libraryelements=jar, org.gradle.plugin.api-version=8.10, org.gradle.usage=java-runtime}
2025-03-10T17:43:18.223+0800 [DEBUG] [org.gradle.internal.component.model.LoggingAttributeMatchingExplanationBuilder] Selected match org.jetbrains.kotlin:kotlin-native-utils:2.1.10 configuration runtime from candidates [org.jetbrains.kotlin:kotlin-native-utils:2.1.10 configuration runtime] for {org.gradle.category=library, org.gradle.dependency.bundling=external, org.gradle.jvm.version=23, org.gradle.libraryelements=jar, org.gradle.plugin.api-version=8.10, org.gradle.usage=java-runtime}
2025-03-10T17:43:18.223+0800 [DEBUG] [org.gradle.internal.component.model.LoggingAttributeMatchingExplanationBuilder] Selected match org.jetbrains.kotlin:kotlin-tooling-core:2.1.10 configuration runtime from candidates [org.jetbrains.kotlin:kotlin-tooling-core:2.1.10 configuration runtime] for {org.gradle.category=library, org.gradle.dependency.bundling=external, org.gradle.jvm.version=23, org.gradle.libraryelements=jar, org.gradle.plugin.api-version=8.10, org.gradle.usage=java-runtime}
2025-03-10T17:43:18.223+0800 [DEBUG] [org.gradle.internal.component.model.LoggingAttributeMatchingExplanationBuilder] Selected match org.jetbrains.kotlin:kotlin-build-tools-api:2.1.10 configuration runtime from candidates [org.jetbrains.kotlin:kotlin-build-tools-api:2.1.10 configuration runtime] for {org.gradle.category=library, org.gradle.dependency.bundling=external, org.gradle.jvm.version=23, org.gradle.libraryelements=jar, org.gradle.plugin.api-version=8.10, org.gradle.usage=java-runtime}
2025-03-10T17:43:18.223+0800 [DEBUG] [org.gradle.internal.component.model.LoggingAttributeMatchingExplanationBuilder] Selected match com.google.auth:google-auth-library-oauth2-http:1.10.0 configuration runtime from candidates [com.google.auth:google-auth-library-oauth2-http:1.10.0 configuration runtime] for {org.gradle.category=library, org.gradle.dependency.bundling=external, org.gradle.jvm.version=23, org.gradle.libraryelements=jar, org.gradle.plugin.api-version=8.10, org.gradle.usage=java-runtime}
2025-03-10T17:43:18.223+0800 [DEBUG] [org.gradle.internal.component.model.LoggingAttributeMatchingExplanationBuilder] Selected match com.google.http-client:google-http-client-gson:1.42.2 configuration runtime from candidates [com.google.http-client:google-http-client-gson:1.42.2 configuration runtime] for {org.gradle.category=library, org.gradle.dependency.bundling=external, org.gradle.jvm.version=23, org.gradle.libraryelements=jar, org.gradle.plugin.api-version=8.10, org.gradle.usage=java-runtime}
2025-03-10T17:43:18.223+0800 [DEBUG] [org.gradle.internal.component.model.LoggingAttributeMatchingExplanationBuilder] Selected match com.google.code.gson:gson:2.9.0 configuration runtime from candidates [com.google.code.gson:gson:2.9.0 configuration runtime] for {org.gradle.category=library, org.gradle.dependency.bundling=external, org.gradle.jvm.version=23, org.gradle.libraryelements=jar, org.gradle.plugin.api-version=8.10, org.gradle.usage=java-runtime}
2025-03-10T17:43:18.223+0800 [DEBUG] [org.gradle.internal.component.model.LoggingAttributeMatchingExplanationBuilder] Selected match org.jetbrains.kotlin:kotlin-util-klib:2.1.10 configuration runtime from candidates [org.jetbrains.kotlin:kotlin-util-klib:2.1.10 configuration runtime] for {org.gradle.category=library, org.gradle.dependency.bundling=external, org.gradle.jvm.version=23, org.gradle.libraryelements=jar, org.gradle.plugin.api-version=8.10, org.gradle.usage=java-runtime}
2025-03-10T17:43:18.223+0800 [DEBUG] [org.gradle.internal.component.model.LoggingAttributeMatchingExplanationBuilder] Selected match org.jetbrains.kotlin:kotlin-util-io:2.1.10 configuration runtime from candidates [org.jetbrains.kotlin:kotlin-util-io:2.1.10 configuration runtime] for {org.gradle.category=library, org.gradle.dependency.bundling=external, org.gradle.jvm.version=23, org.gradle.libraryelements=jar, org.gradle.plugin.api-version=8.10, org.gradle.usage=java-runtime}
2025-03-10T17:43:18.223+0800 [DEBUG] [org.gradle.internal.component.model.LoggingAttributeMatchingExplanationBuilder] Selected match org.jetbrains.kotlin:kotlin-daemon-client:2.1.10 configuration runtime from candidates [org.jetbrains.kotlin:kotlin-daemon-client:2.1.10 configuration runtime] for {org.gradle.category=library, org.gradle.dependency.bundling=external, org.gradle.jvm.version=23, org.gradle.libraryelements=jar, org.gradle.plugin.api-version=8.10, org.gradle.usage=java-runtime}
2025-03-10T17:43:18.223+0800 [DEBUG] [org.gradle.internal.component.model.LoggingAttributeMatchingExplanationBuilder] Selected match org.jetbrains.kotlinx:kotlinx-coroutines-core-jvm:1.6.4 variant jvmRuntimeElements-published from candidates [org.jetbrains.kotlinx:kotlinx-coroutines-core-jvm:1.6.4 variant jvmRuntimeElements-published] for {org.gradle.category=library, org.gradle.dependency.bundling=external, org.gradle.jvm.version=23, org.gradle.libraryelements=jar, org.gradle.plugin.api-version=8.10, org.gradle.usage=java-runtime}
2025-03-10T17:43:18.223+0800 [DEBUG] [org.gradle.internal.component.model.LoggingAttributeMatchingExplanationBuilder] Selected match com.google.http-client:google-http-client-apache-v2:1.42.2 configuration runtime from candidates [com.google.http-client:google-http-client-apache-v2:1.42.2 configuration runtime] for {org.gradle.category=library, org.gradle.dependency.bundling=external, org.gradle.jvm.version=23, org.gradle.libraryelements=jar, org.gradle.plugin.api-version=8.10, org.gradle.usage=java-runtime}
2025-03-10T17:43:18.223+0800 [DEBUG] [org.gradle.internal.component.model.LoggingAttributeMatchingExplanationBuilder] Selected match com.google.http-client:google-http-client:1.42.2 configuration runtime from candidates [com.google.http-client:google-http-client:1.42.2 configuration runtime] for {org.gradle.category=library, org.gradle.dependency.bundling=external, org.gradle.jvm.version=23, org.gradle.libraryelements=jar, org.gradle.plugin.api-version=8.10, org.gradle.usage=java-runtime}
2025-03-10T17:43:18.223+0800 [DEBUG] [org.gradle.internal.component.model.LoggingAttributeMatchingExplanationBuilder] Selected match org.apache.commons:commons-compress:1.21 configuration runtime from candidates [org.apache.commons:commons-compress:1.21 configuration runtime] for {org.gradle.category=library, org.gradle.dependency.bundling=external, org.gradle.jvm.version=23, org.gradle.libraryelements=jar, org.gradle.plugin.api-version=8.10, org.gradle.usage=java-runtime}
2025-03-10T17:43:18.223+0800 [DEBUG] [org.gradle.internal.component.model.LoggingAttributeMatchingExplanationBuilder] Selected match io.opencensus:opencensus-contrib-http-util:0.31.1 configuration runtime from candidates [io.opencensus:opencensus-contrib-http-util:0.31.1 configuration runtime] for {org.gradle.category=library, org.gradle.dependency.bundling=external, org.gradle.jvm.version=23, org.gradle.libraryelements=jar, org.gradle.plugin.api-version=8.10, org.gradle.usage=java-runtime}
2025-03-10T17:43:18.223+0800 [DEBUG] [org.gradle.internal.component.model.LoggingAttributeMatchingExplanationBuilder] Selected match com.google.guava:guava:32.1.2-jre variant jreRuntimeElements from candidates [com.google.guava:guava:32.1.2-jre variant jreRuntimeElements] for {org.gradle.category=library, org.gradle.dependency.bundling=external, org.gradle.jvm.version=23, org.gradle.libraryelements=jar, org.gradle.plugin.api-version=8.10, org.gradle.usage=java-runtime}
2025-03-10T17:43:18.223+0800 [DEBUG] [org.gradle.internal.component.model.LoggingAttributeMatchingExplanationBuilder] Selected match com.fasterxml.jackson.datatype:jackson-datatype-jsr310:2.15.2 variant runtimeElements from candidates [com.fasterxml.jackson.datatype:jackson-datatype-jsr310:2.15.2 variant runtimeElements] for {org.gradle.category=library, org.gradle.dependency.bundling=external, org.gradle.jvm.version=23, org.gradle.libraryelements=jar, org.gradle.plugin.api-version=8.10, org.gradle.usage=java-runtime}
2025-03-10T17:43:18.223+0800 [DEBUG] [org.gradle.internal.component.model.LoggingAttributeMatchingExplanationBuilder] Selected match org.graalvm.buildtools:native-gradle-plugin:0.9.23 variant runtimeElements from candidates [org.graalvm.buildtools:native-gradle-plugin:0.9.23 variant runtimeElements] for {org.gradle.category=library, org.gradle.dependency.bundling=external, org.gradle.jvm.version=23, org.gradle.libraryelements=jar, org.gradle.plugin.api-version=8.10, org.gradle.usage=java-runtime}
2025-03-10T17:43:18.223+0800 [DEBUG] [org.gradle.internal.component.model.LoggingAttributeMatchingExplanationBuilder] Selected match org.graalvm.buildtools:utils:0.9.23 variant runtimeElements from candidates [org.graalvm.buildtools:utils:0.9.23 variant runtimeElements] for {org.gradle.category=library, org.gradle.dependency.bundling=external, org.gradle.jvm.version=23, org.gradle.libraryelements=jar, org.gradle.plugin.api-version=8.10, org.gradle.usage=java-runtime}
2025-03-10T17:43:18.223+0800 [DEBUG] [org.gradle.internal.component.model.LoggingAttributeMatchingExplanationBuilder] Selected match org.graalvm.buildtools:graalvm-reachability-metadata:0.9.23 variant runtimeElements from candidates [org.graalvm.buildtools:graalvm-reachability-metadata:0.9.23 variant runtimeElements] for {org.gradle.category=library, org.gradle.dependency.bundling=external, org.gradle.jvm.version=23, org.gradle.libraryelements=jar, org.gradle.plugin.api-version=8.10, org.gradle.usage=java-runtime}
2025-03-10T17:43:18.223+0800 [DEBUG] [org.gradle.internal.component.model.LoggingAttributeMatchingExplanationBuilder] Selected match com.fasterxml.jackson.core:jackson-databind:2.15.2 variant runtimeElements from candidates [com.fasterxml.jackson.core:jackson-databind:2.15.2 variant runtimeElements] for {org.gradle.category=library, org.gradle.dependency.bundling=external, org.gradle.jvm.version=23, org.gradle.libraryelements=jar, org.gradle.plugin.api-version=8.10, org.gradle.usage=java-runtime}
2025-03-10T17:43:18.223+0800 [DEBUG] [org.gradle.internal.component.model.LoggingAttributeMatchingExplanationBuilder] Selected match com.fasterxml.jackson.core:jackson-annotations:2.15.2 variant runtimeElements from candidates [com.fasterxml.jackson.core:jackson-annotations:2.15.2 variant runtimeElements] for {org.gradle.category=library, org.gradle.dependency.bundling=external, org.gradle.jvm.version=23, org.gradle.libraryelements=jar, org.gradle.plugin.api-version=8.10, org.gradle.usage=java-runtime}
2025-03-10T17:43:18.223+0800 [DEBUG] [org.gradle.internal.component.model.LoggingAttributeMatchingExplanationBuilder] Selected match com.fasterxml.jackson.core:jackson-core:2.15.2 variant runtimeElements from candidates [com.fasterxml.jackson.core:jackson-core:2.15.2 variant runtimeElements] for {org.gradle.category=library, org.gradle.dependency.bundling=external, org.gradle.jvm.version=23, org.gradle.libraryelements=jar, org.gradle.plugin.api-version=8.10, org.gradle.usage=java-runtime}
2025-03-10T17:43:18.223+0800 [DEBUG] [org.gradle.internal.component.model.LoggingAttributeMatchingExplanationBuilder] Selected match com.fasterxml.jackson:jackson-bom:2.15.2 configuration platform-runtime from candidates [com.fasterxml.jackson:jackson-bom:2.15.2 configuration platform-runtime] for {org.gradle.category=platform, org.gradle.dependency.bundling=external, org.gradle.jvm.version=23, org.gradle.libraryelements=jar, org.gradle.plugin.api-version=8.10, org.gradle.usage=java-runtime}
2025-03-10T17:43:18.224+0800 [DEBUG] [org.gradle.internal.component.model.LoggingAttributeMatchingExplanationBuilder] Selected match com.fasterxml.jackson:jackson-bom:2.15.2 configuration platform-runtime from candidates [com.fasterxml.jackson:jackson-bom:2.15.2 configuration platform-runtime] for {org.gradle.category=platform, org.gradle.dependency.bundling=external, org.gradle.jvm.version=23, org.gradle.libraryelements=jar, org.gradle.plugin.api-version=8.10, org.gradle.usage=java-runtime}
2025-03-10T17:43:18.224+0800 [DEBUG] [org.gradle.internal.component.model.LoggingAttributeMatchingExplanationBuilder] Selected match com.fasterxml.jackson:jackson-bom:2.15.2 configuration platform-runtime from candidates [com.fasterxml.jackson:jackson-bom:2.15.2 configuration platform-runtime] for {org.gradle.category=platform, org.gradle.dependency.bundling=external, org.gradle.jvm.version=23, org.gradle.libraryelements=jar, org.gradle.plugin.api-version=8.10, org.gradle.usage=java-runtime}
2025-03-10T17:43:18.224+0800 [DEBUG] [org.gradle.internal.component.model.LoggingAttributeMatchingExplanationBuilder] Selected match com.fasterxml.jackson:jackson-bom:2.15.2 configuration platform-runtime from candidates [com.fasterxml.jackson:jackson-bom:2.15.2 configuration platform-runtime] for {org.gradle.category=platform, org.gradle.dependency.bundling=external, org.gradle.jvm.version=23, org.gradle.libraryelements=jar, org.gradle.plugin.api-version=8.10, org.gradle.usage=java-runtime}
2025-03-10T17:43:18.224+0800 [DEBUG] [org.gradle.internal.component.model.LoggingAttributeMatchingExplanationBuilder] Selected match com.fasterxml.jackson:jackson-bom:2.15.2 configuration platform-runtime from candidates [com.fasterxml.jackson:jackson-bom:2.15.2 configuration platform-runtime] for {org.gradle.category=platform, org.gradle.dependency.bundling=external, org.gradle.jvm.version=23, org.gradle.libraryelements=jar, org.gradle.plugin.api-version=8.10, org.gradle.usage=java-runtime}
2025-03-10T17:43:18.224+0800 [DEBUG] [org.gradle.internal.component.model.LoggingAttributeMatchingExplanationBuilder] Selected match org.ow2.asm:asm-commons:9.2 configuration runtime from candidates [org.ow2.asm:asm-commons:9.2 configuration runtime] for {org.gradle.category=library, org.gradle.dependency.bundling=external, org.gradle.jvm.version=23, org.gradle.libraryelements=jar, org.gradle.plugin.api-version=8.10, org.gradle.usage=java-runtime}
2025-03-10T17:43:18.224+0800 [DEBUG] [org.gradle.internal.component.model.LoggingAttributeMatchingExplanationBuilder] Selected match org.ow2.asm:asm-analysis:9.2 configuration runtime from candidates [org.ow2.asm:asm-analysis:9.2 configuration runtime] for {org.gradle.category=library, org.gradle.dependency.bundling=external, org.gradle.jvm.version=23, org.gradle.libraryelements=jar, org.gradle.plugin.api-version=8.10, org.gradle.usage=java-runtime}
2025-03-10T17:43:18.224+0800 [DEBUG] [org.gradle.internal.component.model.LoggingAttributeMatchingExplanationBuilder] Selected match org.ow2.asm:asm-tree:9.2 configuration runtime from candidates [org.ow2.asm:asm-tree:9.2 configuration runtime] for {org.gradle.category=library, org.gradle.dependency.bundling=external, org.gradle.jvm.version=23, org.gradle.libraryelements=jar, org.gradle.plugin.api-version=8.10, org.gradle.usage=java-runtime}
2025-03-10T17:43:18.224+0800 [DEBUG] [org.gradle.internal.component.model.LoggingAttributeMatchingExplanationBuilder] Selected match org.ow2.asm:asm:9.5 configuration runtime from candidates [org.ow2.asm:asm:9.5 configuration runtime] for {org.gradle.category=library, org.gradle.dependency.bundling=external, org.gradle.jvm.version=23, org.gradle.libraryelements=jar, org.gradle.plugin.api-version=8.10, org.gradle.usage=java-runtime}
2025-03-10T17:43:18.224+0800 [DEBUG] [org.gradle.internal.component.model.LoggingAttributeMatchingExplanationBuilder] Selected match com.google.cloud.tools:jib-gradle-plugin-extension-api:0.4.0 configuration runtime from candidates [com.google.cloud.tools:jib-gradle-plugin-extension-api:0.4.0 configuration runtime] for {org.gradle.category=library, org.gradle.dependency.bundling=external, org.gradle.jvm.version=23, org.gradle.libraryelements=jar, org.gradle.plugin.api-version=8.10, org.gradle.usage=java-runtime}
2025-03-10T17:43:18.224+0800 [DEBUG] [org.gradle.internal.component.model.LoggingAttributeMatchingExplanationBuilder] Selected match com.google.cloud.tools:jib-build-plan:0.4.0 configuration runtime from candidates [com.google.cloud.tools:jib-build-plan:0.4.0 configuration runtime] for {org.gradle.category=library, org.gradle.dependency.bundling=external, org.gradle.jvm.version=23, org.gradle.libraryelements=jar, org.gradle.plugin.api-version=8.10, org.gradle.usage=java-runtime}
2025-03-10T17:43:18.224+0800 [DEBUG] [org.gradle.internal.component.model.LoggingAttributeMatchingExplanationBuilder] Selected match com.google.cloud.tools:jib-plugins-extension-common:0.2.0 configuration runtime from candidates [com.google.cloud.tools:jib-plugins-extension-common:0.2.0 configuration runtime] for {org.gradle.category=library, org.gradle.dependency.bundling=external, org.gradle.jvm.version=23, org.gradle.libraryelements=jar, org.gradle.plugin.api-version=8.10, org.gradle.usage=java-runtime}
2025-03-10T17:43:18.224+0800 [DEBUG] [org.gradle.internal.component.model.LoggingAttributeMatchingExplanationBuilder] Selected match org.jdom:jdom2:2.0.6 configuration runtime from candidates [org.jdom:jdom2:2.0.6 configuration runtime] for {org.gradle.category=library, org.gradle.dependency.bundling=external, org.gradle.jvm.version=23, org.gradle.libraryelements=jar, org.gradle.plugin.api-version=8.10, org.gradle.usage=java-runtime}
2025-03-10T17:43:18.224+0800 [DEBUG] [org.gradle.internal.component.model.LoggingAttributeMatchingExplanationBuilder] Selected match commons-io:commons-io:2.11.0 configuration runtime from candidates [commons-io:commons-io:2.11.0 configuration runtime] for {org.gradle.category=library, org.gradle.dependency.bundling=external, org.gradle.jvm.version=23, org.gradle.libraryelements=jar, org.gradle.plugin.api-version=8.10, org.gradle.usage=java-runtime}
2025-03-10T17:43:18.224+0800 [DEBUG] [org.gradle.internal.component.model.LoggingAttributeMatchingExplanationBuilder] Selected match org.apache.ant:ant:1.10.11 configuration runtime from candidates [org.apache.ant:ant:1.10.11 configuration runtime] for {org.gradle.category=library, org.gradle.dependency.bundling=external, org.gradle.jvm.version=23, org.gradle.libraryelements=jar, org.gradle.plugin.api-version=8.10, org.gradle.usage=java-runtime}
2025-03-10T17:43:18.224+0800 [DEBUG] [org.gradle.internal.component.model.LoggingAttributeMatchingExplanationBuilder] Selected match org.codehaus.plexus:plexus-utils:3.4.1 configuration runtime from candidates [org.codehaus.plexus:plexus-utils:3.4.1 configuration runtime] for {org.gradle.category=library, org.gradle.dependency.bundling=external, org.gradle.jvm.version=23, org.gradle.libraryelements=jar, org.gradle.plugin.api-version=8.10, org.gradle.usage=java-runtime}
2025-03-10T17:43:18.224+0800 [DEBUG] [org.gradle.internal.component.model.LoggingAttributeMatchingExplanationBuilder] Selected match org.vafer:jdependency:2.7.0 configuration runtime from candidates [org.vafer:jdependency:2.7.0 configuration runtime] for {org.gradle.category=library, org.gradle.dependency.bundling=external, org.gradle.jvm.version=23, org.gradle.libraryelements=jar, org.gradle.plugin.api-version=8.10, org.gradle.usage=java-runtime}
2025-03-10T17:43:18.224+0800 [DEBUG] [org.gradle.internal.component.model.LoggingAttributeMatchingExplanationBuilder] Selected match org.apache.httpcomponents:httpclient:4.5.13 configuration runtime from candidates [org.apache.httpcomponents:httpclient:4.5.13 configuration runtime] for {org.gradle.category=library, org.gradle.dependency.bundling=external, org.gradle.jvm.version=23, org.gradle.libraryelements=jar, org.gradle.plugin.api-version=8.10, org.gradle.usage=java-runtime}
2025-03-10T17:43:18.224+0800 [DEBUG] [org.gradle.internal.component.model.LoggingAttributeMatchingExplanationBuilder] Selected match org.apache.httpcomponents:httpcore:4.4.15 configuration runtime from candidates [org.apache.httpcomponents:httpcore:4.4.15 configuration runtime] for {org.gradle.category=library, org.gradle.dependency.bundling=external, org.gradle.jvm.version=23, org.gradle.libraryelements=jar, org.gradle.plugin.api-version=8.10, org.gradle.usage=java-runtime}
2025-03-10T17:43:18.224+0800 [DEBUG] [org.gradle.internal.component.model.LoggingAttributeMatchingExplanationBuilder] Selected match com.google.guava:guava-parent:32.1.2-jre configuration platform-runtime from candidates [com.google.guava:guava-parent:32.1.2-jre configuration platform-runtime] for {org.gradle.category=platform, org.gradle.dependency.bundling=external, org.gradle.jvm.version=23, org.gradle.libraryelements=jar, org.gradle.plugin.api-version=8.10, org.gradle.usage=java-runtime}
2025-03-10T17:43:18.224+0800 [DEBUG] [org.gradle.internal.component.model.LoggingAttributeMatchingExplanationBuilder] Selected match com.google.code.findbugs:jsr305:3.0.2 configuration runtime from candidates [com.google.code.findbugs:jsr305:3.0.2 configuration runtime] for {org.gradle.category=library, org.gradle.dependency.bundling=external, org.gradle.jvm.version=23, org.gradle.libraryelements=jar, org.gradle.plugin.api-version=8.10, org.gradle.usage=java-runtime}
2025-03-10T17:43:18.224+0800 [DEBUG] [org.gradle.internal.component.model.LoggingAttributeMatchingExplanationBuilder] Selected match com.google.j2objc:j2objc-annotations:2.8 configuration runtime from candidates [com.google.j2objc:j2objc-annotations:2.8 configuration runtime] for {org.gradle.category=library, org.gradle.dependency.bundling=external, org.gradle.jvm.version=23, org.gradle.libraryelements=jar, org.gradle.plugin.api-version=8.10, org.gradle.usage=java-runtime}
2025-03-10T17:43:18.224+0800 [DEBUG] [org.gradle.internal.component.model.LoggingAttributeMatchingExplanationBuilder] Selected match io.opencensus:opencensus-api:0.31.1 configuration runtime from candidates [io.opencensus:opencensus-api:0.31.1 configuration runtime] for {org.gradle.category=library, org.gradle.dependency.bundling=external, org.gradle.jvm.version=23, org.gradle.libraryelements=jar, org.gradle.plugin.api-version=8.10, org.gradle.usage=java-runtime}
2025-03-10T17:43:18.224+0800 [DEBUG] [org.gradle.internal.component.model.LoggingAttributeMatchingExplanationBuilder] Selected match com.google.auto.value:auto-value-annotations:1.9 configuration runtime from candidates [com.google.auto.value:auto-value-annotations:1.9 configuration runtime] for {org.gradle.category=library, org.gradle.dependency.bundling=external, org.gradle.jvm.version=23, org.gradle.libraryelements=jar, org.gradle.plugin.api-version=8.10, org.gradle.usage=java-runtime}
2025-03-10T17:43:18.224+0800 [DEBUG] [org.gradle.internal.component.model.LoggingAttributeMatchingExplanationBuilder] Selected match com.google.auth:google-auth-library-credentials:1.10.0 configuration runtime from candidates [com.google.auth:google-auth-library-credentials:1.10.0 configuration runtime] for {org.gradle.category=library, org.gradle.dependency.bundling=external, org.gradle.jvm.version=23, org.gradle.libraryelements=jar, org.gradle.plugin.api-version=8.10, org.gradle.usage=java-runtime}
2025-03-10T17:43:18.224+0800 [DEBUG] [org.gradle.internal.component.model.LoggingAttributeMatchingExplanationBuilder] Selected match com.google.guava:failureaccess:1.0.1 configuration runtime from candidates [com.google.guava:failureaccess:1.0.1 configuration runtime] for {org.gradle.category=library, org.gradle.dependency.bundling=external, org.gradle.jvm.version=23, org.gradle.libraryelements=jar, org.gradle.plugin.api-version=8.10, org.gradle.usage=java-runtime}
2025-03-10T17:43:18.224+0800 [DEBUG] [org.gradle.internal.component.model.LoggingAttributeMatchingExplanationBuilder] Selected match com.google.guava:listenablefuture:9999.0-empty-to-avoid-conflict-with-guava configuration runtime from candidates [com.google.guava:listenablefuture:9999.0-empty-to-avoid-conflict-with-guava configuration runtime] for {org.gradle.category=library, org.gradle.dependency.bundling=external, org.gradle.jvm.version=23, org.gradle.libraryelements=jar, org.gradle.plugin.api-version=8.10, org.gradle.usage=java-runtime}
2025-03-10T17:43:18.224+0800 [DEBUG] [org.gradle.internal.component.model.LoggingAttributeMatchingExplanationBuilder] Selected match org.checkerframework:checker-qual:3.33.0 variant runtimeElements from candidates [org.checkerframework:checker-qual:3.33.0 variant runtimeElements] for {org.gradle.category=library, org.gradle.dependency.bundling=external, org.gradle.jvm.version=23, org.gradle.libraryelements=jar, org.gradle.plugin.api-version=8.10, org.gradle.usage=java-runtime}
2025-03-10T17:43:18.224+0800 [DEBUG] [org.gradle.internal.component.model.LoggingAttributeMatchingExplanationBuilder] Selected match com.google.errorprone:error_prone_annotations:2.18.0 configuration runtime from candidates [com.google.errorprone:error_prone_annotations:2.18.0 configuration runtime] for {org.gradle.category=library, org.gradle.dependency.bundling=external, org.gradle.jvm.version=23, org.gradle.libraryelements=jar, org.gradle.plugin.api-version=8.10, org.gradle.usage=java-runtime}
2025-03-10T17:43:18.224+0800 [DEBUG] [org.gradle.internal.component.model.LoggingAttributeMatchingExplanationBuilder] Selected match org.apache.ant:ant-launcher:1.10.11 configuration runtime from candidates [org.apache.ant:ant-launcher:1.10.11 configuration runtime] for {org.gradle.category=library, org.gradle.dependency.bundling=external, org.gradle.jvm.version=23, org.gradle.libraryelements=jar, org.gradle.plugin.api-version=8.10, org.gradle.usage=java-runtime}
2025-03-10T17:43:18.224+0800 [DEBUG] [org.gradle.internal.component.model.LoggingAttributeMatchingExplanationBuilder] Selected match org.apache.logging.log4j:log4j-api:2.17.1 configuration runtime from candidates [org.apache.logging.log4j:log4j-api:2.17.1 configuration runtime] for {org.gradle.category=library, org.gradle.dependency.bundling=external, org.gradle.jvm.version=23, org.gradle.libraryelements=jar, org.gradle.plugin.api-version=8.10, org.gradle.usage=java-runtime}
2025-03-10T17:43:18.224+0800 [DEBUG] [org.gradle.internal.component.model.LoggingAttributeMatchingExplanationBuilder] Selected match commons-logging:commons-logging:1.2 configuration runtime from candidates [commons-logging:commons-logging:1.2 configuration runtime] for {org.gradle.category=library, org.gradle.dependency.bundling=external, org.gradle.jvm.version=23, org.gradle.libraryelements=jar, org.gradle.plugin.api-version=8.10, org.gradle.usage=java-runtime}
2025-03-10T17:43:18.224+0800 [DEBUG] [org.gradle.internal.component.model.LoggingAttributeMatchingExplanationBuilder] Selected match commons-codec:commons-codec:1.11 configuration runtime from candidates [commons-codec:commons-codec:1.11 configuration runtime] for {org.gradle.category=library, org.gradle.dependency.bundling=external, org.gradle.jvm.version=23, org.gradle.libraryelements=jar, org.gradle.plugin.api-version=8.10, org.gradle.usage=java-runtime}
2025-03-10T17:43:18.224+0800 [DEBUG] [org.gradle.internal.component.model.LoggingAttributeMatchingExplanationBuilder] Selected match io.grpc:grpc-context:1.27.2 configuration runtime from candidates [io.grpc:grpc-context:1.27.2 configuration runtime] for {org.gradle.category=library, org.gradle.dependency.bundling=external, org.gradle.jvm.version=23, org.gradle.libraryelements=jar, org.gradle.plugin.api-version=8.10, org.gradle.usage=java-runtime}
2025-03-10T17:43:18.225+0800 [DEBUG] [org.gradle.api.internal.artifacts.ivyservice.ivyresolve.CachingModuleComponentRepository] Found artifact 'org.gradle.internal.component.external.model.UrlBackedArtifactMetadata@2afcde71' in resolver cache: /Users/sam/.gradle/caches/modules-2/files-2.1/io.ktor.plugin/plugin/2.3.6/2db58db4449318c66cd3c7b72bfd0fedf0c9e09a/plugin-2.3.6.jar
2025-03-10T17:43:18.225+0800 [DEBUG] [org.gradle.api.internal.artifacts.ivyservice.ivyresolve.CachingModuleComponentRepository] Found artifact 'org.gradle.internal.component.external.model.UrlBackedArtifactMetadata@62e03341' in resolver cache: /Users/sam/.gradle/caches/modules-2/files-2.1/org.jetbrains.kotlin/kotlin-gradle-plugin-api/2.1.10/33105bacb6ae178da466e422dc4e71d0e07aa934/kotlin-gradle-plugin-api-2.1.10-gradle85.jar
2025-03-10T17:43:18.225+0800 [DEBUG] [org.gradle.api.internal.artifacts.ivyservice.ivyresolve.CachingModuleComponentRepository] Found artifact 'org.gradle.internal.component.external.model.UrlBackedArtifactMetadata@49fe35bd' in resolver cache: /Users/sam/.gradle/caches/modules-2/files-2.1/org.jetbrains.kotlin/kotlin-gradle-plugin/2.1.10/67841631796cde8a62b67350afe9e40a44ae8dec/kotlin-gradle-plugin-2.1.10-gradle85.jar
2025-03-10T17:43:18.225+0800 [DEBUG] [org.gradle.api.internal.artifacts.ivyservice.ivyresolve.CachingModuleComponentRepository] Found artifact 'org.gradle.internal.component.external.model.UrlBackedArtifactMetadata@2b696817' in resolver cache: /Users/sam/.gradle/caches/modules-2/files-2.1/org.jetbrains.kotlin/kotlin-gradle-plugin-api/2.1.10/33105bacb6ae178da466e422dc4e71d0e07aa934/kotlin-gradle-plugin-api-2.1.10.jar
2025-03-10T17:43:18.225+0800 [DEBUG] [org.gradle.api.internal.artifacts.ivyservice.ivyresolve.CachingModuleComponentRepository] Found artifact 'kotlin-gradle-plugin-idea-proto-2.1.10.jar (org.jetbrains.kotlin:kotlin-gradle-plugin-idea-proto:2.1.10)' in resolver cache: /Users/sam/.gradle/caches/modules-2/files-2.1/org.jetbrains.kotlin/kotlin-gradle-plugin-idea-proto/2.1.10/336738cda2aff3e609d65003989133f2afb9b0a9/kotlin-gradle-plugin-idea-proto-2.1.10.jar
2025-03-10T17:43:18.226+0800 [DEBUG] [org.gradle.api.internal.artifacts.ivyservice.ivyresolve.CachingModuleComponentRepository] Found artifact 'org.gradle.internal.component.external.model.UrlBackedArtifactMetadata@7e78f4ac' in resolver cache: /Users/sam/.gradle/caches/modules-2/files-2.1/org.jetbrains.kotlin/kotlin-gradle-plugin-model/2.1.10/8d3be31114b937c350640140321fe133e08554fd/kotlin-gradle-plugin-model-2.1.10.jar
2025-03-10T17:43:18.226+0800 [DEBUG] [org.gradle.api.internal.artifacts.ivyservice.ivyresolve.CachingModuleComponentRepository] Found artifact 'kotlin-build-statistics-2.1.10.jar (org.jetbrains.kotlin:kotlin-build-statistics:2.1.10)' in resolver cache: /Users/sam/.gradle/caches/modules-2/files-2.1/org.jetbrains.kotlin/kotlin-build-statistics/2.1.10/76cf6afc9b85a2243f93b5adf3277ba70b6dad56/kotlin-build-statistics-2.1.10.jar
2025-03-10T17:43:18.226+0800 [DEBUG] [org.gradle.api.internal.artifacts.ivyservice.ivyresolve.CachingModuleComponentRepository] Found artifact 'annotations-13.0.jar (org.jetbrains:annotations:13.0)' in resolver cache: /Users/sam/.gradle/caches/modules-2/files-2.1/org.jetbrains/annotations/13.0/919f0dfe192fb4e063e7dacadee7f8bb9a2672a9/annotations-13.0.jar
2025-03-10T17:43:18.226+0800 [DEBUG] [org.gradle.api.internal.artifacts.ivyservice.ivyresolve.CachingModuleComponentRepository] Found artifact 'org.gradle.internal.component.external.model.UrlBackedArtifactMetadata@2f56e9a2' in resolver cache: /Users/sam/.gradle/caches/modules-2/files-2.1/org.jetbrains.kotlin/kotlin-gradle-plugin-idea/2.1.10/68dc62267176b4484dcc63973f5887eca4d5ff86/kotlin-gradle-plugin-idea-2.1.10.jar
2025-03-10T17:43:18.226+0800 [DEBUG] [org.gradle.internal.operations.DefaultBuildOperationRunner] Build operation 'Resolve kotlin-gradle-plugin-2.1.10-gradle85.jar (org.jetbrains.kotlin:kotlin-gradle-plugin:2.1.10)' completed
2025-03-10T17:43:18.226+0800 [DEBUG] [org.gradle.api.internal.artifacts.ivyservice.ivyresolve.CachingModuleComponentRepository] Found artifact 'kotlin-compiler-runner-2.1.10.jar (org.jetbrains.kotlin:kotlin-compiler-runner:2.1.10)' in resolver cache: /Users/sam/.gradle/caches/modules-2/files-2.1/org.jetbrains.kotlin/kotlin-compiler-runner/2.1.10/1c1f3ab4265d15190326501bf49f078a3d06023f/kotlin-compiler-runner-2.1.10.jar
2025-03-10T17:43:18.226+0800 [DEBUG] [org.gradle.api.internal.artifacts.ivyservice.ivyresolve.CachingModuleComponentRepository] Found artifact 'org.gradle.internal.component.external.model.UrlBackedArtifactMetadata@3bae70cd' in resolver cache: /Users/sam/.gradle/caches/modules-2/files-2.1/org.jetbrains.kotlin/kotlin-serialization/2.1.10/57fafb0877218fbcdc977bc0e73c8485237c875/kotlin-serialization-2.1.10-gradle85.jar
2025-03-10T17:43:18.226+0800 [DEBUG] [org.gradle.api.internal.artifacts.ivyservice.ivyresolve.CachingModuleComponentRepository] Found artifact 'kotlin-util-klib-metadata-2.1.10.jar (org.jetbrains.kotlin:kotlin-util-klib-metadata:2.1.10)' in resolver cache: /Users/sam/.gradle/caches/modules-2/files-2.1/org.jetbrains.kotlin/kotlin-util-klib-metadata/2.1.10/3cbf1aad1a5bf3718f9cf86d39cbbdad6dc51414/kotlin-util-klib-metadata-2.1.10.jar
2025-03-10T17:43:18.226+0800 [DEBUG] [org.gradle.api.internal.artifacts.ivyservice.ivyresolve.CachingModuleComponentRepository] Found artifact 'kotlin-klib-commonizer-api-2.1.10.jar (org.jetbrains.kotlin:kotlin-klib-commonizer-api:2.1.10)' in resolver cache: /Users/sam/.gradle/caches/modules-2/files-2.1/org.jetbrains.kotlin/kotlin-klib-commonizer-api/2.1.10/1c728e8960e76e54e1dc287f3df32896358443c1/kotlin-klib-commonizer-api-2.1.10.jar
2025-03-10T17:43:18.227+0800 [DEBUG] [org.gradle.api.internal.artifacts.ivyservice.ivyresolve.CachingModuleComponentRepository] Found artifact 'google-auth-library-oauth2-http-1.10.0.jar (com.google.auth:google-auth-library-oauth2-http:1.10.0)' in resolver cache: /Users/sam/.gradle/caches/modules-2/files-2.1/com.google.auth/google-auth-library-oauth2-http/1.10.0/4eb85f801b8424f9ba440a8520023e390135658c/google-auth-library-oauth2-http-1.10.0.jar
2025-03-10T17:43:18.227+0800 [DEBUG] [org.gradle.api.internal.artifacts.ivyservice.ivyresolve.CachingModuleComponentRepository] Found artifact 'kotlin-build-tools-api-2.1.10.jar (org.jetbrains.kotlin:kotlin-build-tools-api:2.1.10)' in resolver cache: /Users/sam/.gradle/caches/modules-2/files-2.1/org.jetbrains.kotlin/kotlin-build-tools-api/2.1.10/3a7443c08605fcf6a4f9fafa62ec62adf4014805/kotlin-build-tools-api-2.1.10.jar
2025-03-10T17:43:18.227+0800 [DEBUG] [org.gradle.api.internal.artifacts.ivyservice.ivyresolve.CachingModuleComponentRepository] Found artifact 'kotlin-tooling-core-2.1.10.jar (org.jetbrains.kotlin:kotlin-tooling-core:2.1.10)' in resolver cache: /Users/sam/.gradle/caches/modules-2/files-2.1/org.jetbrains.kotlin/kotlin-tooling-core/2.1.10/9055094879c715b1c39945150156f2e876ae7438/kotlin-tooling-core-2.1.10.jar
2025-03-10T17:43:18.227+0800 [DEBUG] [org.gradle.api.internal.artifacts.ivyservice.ivyresolve.CachingModuleComponentRepository] Found artifact 'org.gradle.internal.component.external.model.UrlBackedArtifactMetadata@735bdd7a' in resolver cache: /Users/sam/.gradle/caches/modules-2/files-2.1/org.jetbrains.kotlin/kotlin-stdlib/1.9.24/9928532f12c66ad816a625b3f9984f8368ca6d2b/kotlin-stdlib-1.9.24.jar
2025-03-10T17:43:18.226+0800 [DEBUG] [org.gradle.api.internal.artifacts.ivyservice.ivyresolve.CachingModuleComponentRepository] Found artifact 'kotlin-native-utils-2.1.10.jar (org.jetbrains.kotlin:kotlin-native-utils:2.1.10)' in resolver cache: /Users/sam/.gradle/caches/modules-2/files-2.1/org.jetbrains.kotlin/kotlin-native-utils/2.1.10/dca6751ffc90039d0cbce6a8eb0208443560f64/kotlin-native-utils-2.1.10.jar
2025-03-10T17:43:18.226+0800 [DEBUG] [org.gradle.api.internal.artifacts.ivyservice.ivyresolve.CachingModuleComponentRepository] Found artifact 'kotlin-gradle-plugin-annotations-2.1.10.jar (org.jetbrains.kotlin:kotlin-gradle-plugin-annotations:2.1.10)' in resolver cache: /Users/sam/.gradle/caches/modules-2/files-2.1/org.jetbrains.kotlin/kotlin-gradle-plugin-annotations/2.1.10/e6695889c7fec701674e653ec844cc6f16f4d2eb/kotlin-gradle-plugin-annotations-2.1.10.jar
2025-03-10T17:43:18.227+0800 [DEBUG] [org.gradle.internal.operations.DefaultBuildOperationRunner] Build operation 'Resolve kotlin-gradle-plugin-annotations-2.1.10.jar (org.jetbrains.kotlin:kotlin-gradle-plugin-annotations:2.1.10)' completed
2025-03-10T17:43:18.226+0800 [DEBUG] [org.gradle.api.internal.artifacts.ivyservice.ivyresolve.CachingModuleComponentRepository] Found artifact 'org.gradle.internal.component.external.model.UrlBackedArtifactMetadata@6a54622c' in resolver cache: /Users/sam/.gradle/caches/modules-2/files-2.1/com.google.cloud.tools/jib-gradle-plugin/3.4.0/447b38dd29143c9636cc7c4ff64d443429da236a/jib-gradle-plugin-3.4.0.jar
2025-03-10T17:43:18.227+0800 [DEBUG] [org.gradle.api.internal.artifacts.ivyservice.ivyresolve.CachingModuleComponentRepository] Found artifact 'google-http-client-apache-v2-1.42.2.jar (com.google.http-client:google-http-client-apache-v2:1.42.2)' in resolver cache: /Users/sam/.gradle/caches/modules-2/files-2.1/com.google.http-client/google-http-client-apache-v2/1.42.2/d89fc070f427f8200b7401cda1ed4ce3004ec58d/google-http-client-apache-v2-1.42.2.jar
2025-03-10T17:43:18.227+0800 [DEBUG] [org.gradle.internal.operations.DefaultBuildOperationRunner] Build operation 'Resolve google-http-client-apache-v2-1.42.2.jar (com.google.http-client:google-http-client-apache-v2:1.42.2)' completed
2025-03-10T17:43:18.227+0800 [DEBUG] [org.gradle.api.internal.artifacts.ivyservice.ivyresolve.CachingModuleComponentRepository] Found artifact 'org.gradle.internal.component.external.model.UrlBackedArtifactMetadata@48c239b3' in resolver cache: /Users/sam/.gradle/caches/modules-2/files-2.1/org.jetbrains.kotlinx/kotlinx-coroutines-core-jvm/1.6.4/2c997cd1c0ef33f3e751d3831929aeff1390cb30/kotlinx-coroutines-core-jvm-1.6.4.jar
2025-03-10T17:43:18.227+0800 [DEBUG] [org.gradle.api.internal.artifacts.ivyservice.ivyresolve.CachingModuleComponentRepository] Found artifact 'kotlin-daemon-client-2.1.10.jar (org.jetbrains.kotlin:kotlin-daemon-client:2.1.10)' in resolver cache: /Users/sam/.gradle/caches/modules-2/files-2.1/org.jetbrains.kotlin/kotlin-daemon-client/2.1.10/f6261f723952df0327291dae333ec23b58180f56/kotlin-daemon-client-2.1.10.jar
2025-03-10T17:43:18.227+0800 [DEBUG] [org.gradle.api.internal.artifacts.ivyservice.ivyresolve.CachingModuleComponentRepository] Found artifact 'kotlin-util-io-2.1.10.jar (org.jetbrains.kotlin:kotlin-util-io:2.1.10)' in resolver cache: /Users/sam/.gradle/caches/modules-2/files-2.1/org.jetbrains.kotlin/kotlin-util-io/2.1.10/f6050b620688c8a0ae2ec9197b2174a9e8753276/kotlin-util-io-2.1.10.jar
2025-03-10T17:43:18.227+0800 [DEBUG] [org.gradle.api.internal.artifacts.ivyservice.ivyresolve.CachingModuleComponentRepository] Found artifact 'kotlin-util-klib-2.1.10.jar (org.jetbrains.kotlin:kotlin-util-klib:2.1.10)' in resolver cache: /Users/sam/.gradle/caches/modules-2/files-2.1/org.jetbrains.kotlin/kotlin-util-klib/2.1.10/552632250d032305a669e4f03155d0d1c211b9fe/kotlin-util-klib-2.1.10.jar
2025-03-10T17:43:18.227+0800 [DEBUG] [org.gradle.api.internal.artifacts.ivyservice.ivyresolve.CachingModuleComponentRepository] Found artifact 'gson-2.9.0.jar (com.google.code.gson:gson:2.9.0)' in resolver cache: /Users/sam/.gradle/caches/modules-2/files-2.1/com.google.code.gson/gson/2.9.0/8a1167e089096758b49f9b34066ef98b2f4b37aa/gson-2.9.0.jar
2025-03-10T17:43:18.227+0800 [DEBUG] [org.gradle.api.internal.artifacts.ivyservice.ivyresolve.CachingModuleComponentRepository] Found artifact 'google-http-client-gson-1.42.2.jar (com.google.http-client:google-http-client-gson:1.42.2)' in resolver cache: /Users/sam/.gradle/caches/modules-2/files-2.1/com.google.http-client/google-http-client-gson/1.42.2/863fbfbdb35c203c43cefd9e3cc1e3a7c8e9f51e/google-http-client-gson-1.42.2.jar
2025-03-10T17:43:18.228+0800 [DEBUG] [org.gradle.api.internal.artifacts.ivyservice.ivyresolve.CachingModuleComponentRepository] Found artifact 'org.gradle.internal.component.external.model.UrlBackedArtifactMetadata@7a476fbb' in resolver cache: /Users/sam/.gradle/caches/modules-2/files-2.1/org.graalvm.buildtools/utils/0.9.23/81d870960d4df69a10a91e0b3092e78fa2cfb2f2/utils-0.9.23.jar
2025-03-10T17:43:18.228+0800 [DEBUG] [org.gradle.api.internal.artifacts.ivyservice.ivyresolve.CachingModuleComponentRepository] Found artifact 'org.gradle.internal.component.external.model.UrlBackedArtifactMetadata@2ec35ff6' in resolver cache: /Users/sam/.gradle/caches/modules-2/files-2.1/org.graalvm.buildtools/native-gradle-plugin/0.9.23/1a9f700d55c5335d7c31f86754e07af97bc9b41/native-gradle-plugin-0.9.23.jar
2025-03-10T17:43:18.228+0800 [DEBUG] [org.gradle.api.internal.artifacts.ivyservice.ivyresolve.CachingModuleComponentRepository] Found artifact 'org.gradle.internal.component.external.model.UrlBackedArtifactMetadata@3f91e360' in resolver cache: /Users/sam/.gradle/caches/modules-2/files-2.1/com.fasterxml.jackson.datatype/jackson-datatype-jsr310/2.15.2/30d16ec2aef6d8094c5e2dce1d95034ca8b6cb42/jackson-datatype-jsr310-2.15.2.jar
2025-03-10T17:43:18.228+0800 [DEBUG] [org.gradle.api.internal.artifacts.ivyservice.ivyresolve.CachingModuleComponentRepository] Found artifact 'org.gradle.internal.component.external.model.UrlBackedArtifactMetadata@776457c9' in resolver cache: /Users/sam/.gradle/caches/modules-2/files-2.1/com.google.guava/guava/32.1.2-jre/5e64ec7e056456bef3a4bc4c6fdaef71e8ab6318/guava-32.1.2-jre.jar
2025-03-10T17:43:18.228+0800 [DEBUG] [org.gradle.api.internal.artifacts.ivyservice.ivyresolve.CachingModuleComponentRepository] Found artifact 'kotlin-stdlib-jdk7-1.8.22.jar (org.jetbrains.kotlin:kotlin-stdlib-jdk7:1.8.22)' in resolver cache: /Users/sam/.gradle/caches/modules-2/files-2.1/org.jetbrains.kotlin/kotlin-stdlib-jdk7/1.8.22/4dabb8248310d833bb6a8b516024a91fd3d275c/kotlin-stdlib-jdk7-1.8.22.jar
2025-03-10T17:43:18.229+0800 [DEBUG] [org.gradle.api.internal.artifacts.ivyservice.ivyresolve.CachingModuleComponentRepository] Found artifact 'shadow-7.1.2.jar (gradle.plugin.com.github.johnrengelman:shadow:7.1.2)' in resolver cache: /Users/sam/.gradle/caches/modules-2/files-2.1/gradle.plugin.com.github.johnrengelman/shadow/7.1.2/5ac2940270cdbcb2252d35a8b6be42c5efe7930f/shadow-7.1.2.jar
2025-03-10T17:43:18.228+0800 [DEBUG] [org.gradle.api.internal.artifacts.ivyservice.ivyresolve.CachingModuleComponentRepository] Found artifact 'opencensus-contrib-http-util-0.31.1.jar (io.opencensus:opencensus-contrib-http-util:0.31.1)' in resolver cache: /Users/sam/.gradle/caches/modules-2/files-2.1/io.opencensus/opencensus-contrib-http-util/0.31.1/3c13fc5715231fadb16a9b74a44d9d59c460cfa8/opencensus-contrib-http-util-0.31.1.jar
2025-03-10T17:43:18.228+0800 [DEBUG] [org.gradle.api.internal.artifacts.ivyservice.ivyresolve.CachingModuleComponentRepository] Found artifact 'commons-compress-1.21.jar (org.apache.commons:commons-compress:1.21)' in resolver cache: /Users/sam/.gradle/caches/modules-2/files-2.1/org.apache.commons/commons-compress/1.21/4ec95b60d4e86b5c95a0e919cb172a0af98011ef/commons-compress-1.21.jar
2025-03-10T17:43:18.229+0800 [DEBUG] [org.gradle.api.internal.artifacts.ivyservice.ivyresolve.CachingModuleComponentRepository] Found artifact 'asm-9.5.jar (org.ow2.asm:asm:9.5)' in resolver cache: /Users/sam/.gradle/caches/modules-2/files-2.1/org.ow2.asm/asm/9.5/dc6ea1875f4d64fbc85e1691c95b96a3d8569c90/asm-9.5.jar
2025-03-10T17:43:18.228+0800 [DEBUG] [org.gradle.api.internal.artifacts.ivyservice.ivyresolve.CachingModuleComponentRepository] Found artifact 'google-http-client-1.42.2.jar (com.google.http-client:google-http-client:1.42.2)' in resolver cache: /Users/sam/.gradle/caches/modules-2/files-2.1/com.google.http-client/google-http-client/1.42.2/6d6ab266972f0afc6987fe3b88ce321179515fa3/google-http-client-1.42.2.jar
2025-03-10T17:43:18.229+0800 [DEBUG] [org.gradle.api.internal.artifacts.ivyservice.ivyresolve.CachingModuleComponentRepository] Found artifact 'jib-gradle-plugin-extension-api-0.4.0.jar (com.google.cloud.tools:jib-gradle-plugin-extension-api:0.4.0)' in resolver cache: /Users/sam/.gradle/caches/modules-2/files-2.1/com.google.cloud.tools/jib-gradle-plugin-extension-api/0.4.0/e20368cf494d5b560b38b4bbe7634fef183491eb/jib-gradle-plugin-extension-api-0.4.0.jar
2025-03-10T17:43:18.229+0800 [DEBUG] [org.gradle.api.internal.artifacts.ivyservice.ivyresolve.CachingModuleComponentRepository] Found artifact 'jib-plugins-extension-common-0.2.0.jar (com.google.cloud.tools:jib-plugins-extension-common:0.2.0)' in resolver cache: /Users/sam/.gradle/caches/modules-2/files-2.1/com.google.cloud.tools/jib-plugins-extension-common/0.2.0/dd6b0e6412a5c9b59f9964a2389d8e0577e65d3f/jib-plugins-extension-common-0.2.0.jar
2025-03-10T17:43:18.229+0800 [DEBUG] [org.gradle.api.internal.artifacts.ivyservice.ivyresolve.CachingModuleComponentRepository] Found artifact 'kotlin-stdlib-jdk8-1.8.22.jar (org.jetbrains.kotlin:kotlin-stdlib-jdk8:1.8.22)' in resolver cache: /Users/sam/.gradle/caches/modules-2/files-2.1/org.jetbrains.kotlin/kotlin-stdlib-jdk8/1.8.22/b25c86d47d6b962b9cf0f8c3f320c8a10eea3dd1/kotlin-stdlib-jdk8-1.8.22.jar
2025-03-10T17:43:18.229+0800 [DEBUG] [org.gradle.api.internal.artifacts.ivyservice.ivyresolve.CachingModuleComponentRepository] Found artifact 'asm-tree-9.2.jar (org.ow2.asm:asm-tree:9.2)' in resolver cache: /Users/sam/.gradle/caches/modules-2/files-2.1/org.ow2.asm/asm-tree/9.2/d96c99a30f5e1a19b0e609dbb19a44d8518ac01e/asm-tree-9.2.jar
2025-03-10T17:43:18.229+0800 [DEBUG] [org.gradle.api.internal.artifacts.ivyservice.ivyresolve.CachingModuleComponentRepository] Found artifact 'asm-analysis-9.2.jar (org.ow2.asm:asm-analysis:9.2)' in resolver cache: /Users/sam/.gradle/caches/modules-2/files-2.1/org.ow2.asm/asm-analysis/9.2/7487dd756daf96cab9986e44b9d7bcb796a61c10/asm-analysis-9.2.jar
2025-03-10T17:43:18.229+0800 [DEBUG] [org.gradle.api.internal.artifacts.ivyservice.ivyresolve.CachingModuleComponentRepository] Found artifact 'asm-commons-9.2.jar (org.ow2.asm:asm-commons:9.2)' in resolver cache: /Users/sam/.gradle/caches/modules-2/files-2.1/org.ow2.asm/asm-commons/9.2/f4d7f0fc9054386f2893b602454d48e07d4fbead/asm-commons-9.2.jar
2025-03-10T17:43:18.228+0800 [DEBUG] [org.gradle.api.internal.artifacts.ivyservice.ivyresolve.CachingModuleComponentRepository] Found artifact 'org.gradle.internal.component.external.model.UrlBackedArtifactMetadata@7a937af6' in resolver cache: /Users/sam/.gradle/caches/modules-2/files-2.1/com.fasterxml.jackson.core/jackson-core/2.15.2/a6fe1836469a69b3ff66037c324d75fc66ef137c/jackson-core-2.15.2.jar
2025-03-10T17:43:18.228+0800 [DEBUG] [org.gradle.api.internal.artifacts.ivyservice.ivyresolve.CachingModuleComponentRepository] Found artifact 'org.gradle.internal.component.external.model.UrlBackedArtifactMetadata@6bc1d44a' in resolver cache: /Users/sam/.gradle/caches/modules-2/files-2.1/com.fasterxml.jackson.core/jackson-annotations/2.15.2/4724a65ac8e8d156a24898d50fd5dbd3642870b8/jackson-annotations-2.15.2.jar
2025-03-10T17:43:18.228+0800 [DEBUG] [org.gradle.api.internal.artifacts.ivyservice.ivyresolve.CachingModuleComponentRepository] Found artifact 'org.gradle.internal.component.external.model.UrlBackedArtifactMetadata@3f45fe97' in resolver cache: /Users/sam/.gradle/caches/modules-2/files-2.1/com.fasterxml.jackson.core/jackson-databind/2.15.2/9353b021f10c307c00328f52090de2bdb4b6ff9c/jackson-databind-2.15.2.jar
2025-03-10T17:43:18.228+0800 [DEBUG] [org.gradle.api.internal.artifacts.ivyservice.ivyresolve.CachingModuleComponentRepository] Found artifact 'org.gradle.internal.component.external.model.UrlBackedArtifactMetadata@66dfabc5' in resolver cache: /Users/sam/.gradle/caches/modules-2/files-2.1/org.graalvm.buildtools/graalvm-reachability-metadata/0.9.23/b9928d3de2388d0c9c61f2b69eea01134fbe550b/graalvm-reachability-metadata-0.9.23.jar
2025-03-10T17:43:18.230+0800 [DEBUG] [org.gradle.api.internal.artifacts.ivyservice.ivyresolve.CachingModuleComponentRepository] Found artifact 'httpcore-4.4.15.jar (org.apache.httpcomponents:httpcore:4.4.15)' in resolver cache: /Users/sam/.gradle/caches/modules-2/files-2.1/org.apache.httpcomponents/httpcore/4.4.15/7f2e0c573eaa7a74bac2e89b359e1f73d92a0a1d/httpcore-4.4.15.jar
2025-03-10T17:43:18.230+0800 [DEBUG] [org.gradle.api.internal.artifacts.ivyservice.ivyresolve.CachingModuleComponentRepository] Found artifact 'httpclient-4.5.13.jar (org.apache.httpcomponents:httpclient:4.5.13)' in resolver cache: /Users/sam/.gradle/caches/modules-2/files-2.1/org.apache.httpcomponents/httpclient/4.5.13/e5f6cae5ca7ecaac1ec2827a9e2d65ae2869cada/httpclient-4.5.13.jar
2025-03-10T17:43:18.230+0800 [DEBUG] [org.gradle.api.internal.artifacts.ivyservice.ivyresolve.CachingModuleComponentRepository] Found artifact 'jdependency-2.7.0.jar (org.vafer:jdependency:2.7.0)' in resolver cache: /Users/sam/.gradle/caches/modules-2/files-2.1/org.vafer/jdependency/2.7.0/402ee1ea1c872bf10e6ca8d47bf698697e75f98e/jdependency-2.7.0.jar
2025-03-10T17:43:18.230+0800 [DEBUG] [org.gradle.api.internal.artifacts.ivyservice.ivyresolve.CachingModuleComponentRepository] Found artifact 'plexus-utils-3.4.1.jar (org.codehaus.plexus:plexus-utils:3.4.1)' in resolver cache: /Users/sam/.gradle/caches/modules-2/files-2.1/org.codehaus.plexus/plexus-utils/3.4.1/4de9992988c534efd668bfcca0480ebe13e0c0eb/plexus-utils-3.4.1.jar
2025-03-10T17:43:18.230+0800 [DEBUG] [org.gradle.api.internal.artifacts.ivyservice.ivyresolve.CachingModuleComponentRepository] Found artifact 'ant-1.10.11.jar (org.apache.ant:ant:1.10.11)' in resolver cache: /Users/sam/.gradle/caches/modules-2/files-2.1/org.apache.ant/ant/1.10.11/b875cd48a0bc955ae9c5c477ad991e1f26fb24d2/ant-1.10.11.jar
2025-03-10T17:43:18.230+0800 [DEBUG] [org.gradle.api.internal.artifacts.ivyservice.ivyresolve.CachingModuleComponentRepository] Found artifact 'log4j-core-2.17.1.jar (org.apache.logging.log4j:log4j-core:2.17.1)' in resolver cache: /Users/sam/.gradle/caches/modules-2/files-2.1/org.apache.logging.log4j/log4j-core/2.17.1/779f60f3844dadc3ef597976fcb1e5127b1f343d/log4j-core-2.17.1.jar
2025-03-10T17:43:18.230+0800 [DEBUG] [org.gradle.api.internal.artifacts.ivyservice.ivyresolve.CachingModuleComponentRepository] Found artifact 'commons-io-2.11.0.jar (commons-io:commons-io:2.11.0)' in resolver cache: /Users/sam/.gradle/caches/modules-2/files-2.1/commons-io/commons-io/2.11.0/a2503f302b11ebde7ebc3df41daebe0e4eea3689/commons-io-2.11.0.jar
2025-03-10T17:43:18.230+0800 [DEBUG] [org.gradle.api.internal.artifacts.ivyservice.ivyresolve.CachingModuleComponentRepository] Found artifact 'jdom2-2.0.6.jar (org.jdom:jdom2:2.0.6)' in resolver cache: /Users/sam/.gradle/caches/modules-2/files-2.1/org.jdom/jdom2/2.0.6/6f14738ec2e9dd0011e343717fa624a10f8aab64/jdom2-2.0.6.jar
2025-03-10T17:43:18.229+0800 [DEBUG] [org.gradle.internal.operations.DefaultBuildOperationRunner] Build operation 'Resolve commons-compress-1.21.jar (org.apache.commons:commons-compress:1.21)' completed
2025-03-10T17:43:18.231+0800 [DEBUG] [org.gradle.api.internal.artifacts.ivyservice.ivyresolve.CachingModuleComponentRepository] Found artifact 'error_prone_annotations-2.18.0.jar (com.google.errorprone:error_prone_annotations:2.18.0)' in resolver cache: /Users/sam/.gradle/caches/modules-2/files-2.1/com.google.errorprone/error_prone_annotations/2.18.0/89b684257096f548fa39a7df9fdaa409d4d4df91/error_prone_annotations-2.18.0.jar
2025-03-10T17:43:18.229+0800 [DEBUG] [org.gradle.api.internal.artifacts.ivyservice.ivyresolve.CachingModuleComponentRepository] Found artifact 'jib-build-plan-0.4.0.jar (com.google.cloud.tools:jib-build-plan:0.4.0)' in resolver cache: /Users/sam/.gradle/caches/modules-2/files-2.1/com.google.cloud.tools/jib-build-plan/0.4.0/b16394e7eda9aeff338841c6dc47ed5a8a9d8120/jib-build-plan-0.4.0.jar
2025-03-10T17:43:18.231+0800 [DEBUG] [org.gradle.api.internal.artifacts.ivyservice.ivyresolve.CachingModuleComponentRepository] Found artifact 'log4j-api-2.17.1.jar (org.apache.logging.log4j:log4j-api:2.17.1)' in resolver cache: /Users/sam/.gradle/caches/modules-2/files-2.1/org.apache.logging.log4j/log4j-api/2.17.1/d771af8e336e372fb5399c99edabe0919aeaf5b2/log4j-api-2.17.1.jar
2025-03-10T17:43:18.231+0800 [DEBUG] [org.gradle.api.internal.artifacts.ivyservice.ivyresolve.CachingModuleComponentRepository] Found artifact 'listenablefuture-9999.0-empty-to-avoid-conflict-with-guava.jar (com.google.guava:listenablefuture:9999.0-empty-to-avoid-conflict-with-guava)' in resolver cache: /Users/sam/.gradle/caches/modules-2/files-2.1/com.google.guava/listenablefuture/9999.0-empty-to-avoid-conflict-with-guava/b421526c5f297295adef1c886e5246c39d4ac629/listenablefuture-9999.0-empty-to-avoid-conflict-with-guava.jar
2025-03-10T17:43:18.231+0800 [DEBUG] [org.gradle.api.internal.artifacts.ivyservice.ivyresolve.CachingModuleComponentRepository] Found artifact 'grpc-context-1.27.2.jar (io.grpc:grpc-context:1.27.2)' in resolver cache: /Users/sam/.gradle/caches/modules-2/files-2.1/io.grpc/grpc-context/1.27.2/1789190601b7a5361e4fa52b6bc95ec2cd71e854/grpc-context-1.27.2.jar
2025-03-10T17:43:18.231+0800 [DEBUG] [org.gradle.api.internal.artifacts.ivyservice.ivyresolve.CachingModuleComponentRepository] Found artifact 'failureaccess-1.0.1.jar (com.google.guava:failureaccess:1.0.1)' in resolver cache: /Users/sam/.gradle/caches/modules-2/files-2.1/com.google.guava/failureaccess/1.0.1/1dcf1de382a0bf95a3d8b0849546c88bac1292c9/failureaccess-1.0.1.jar
2025-03-10T17:43:18.231+0800 [DEBUG] [org.gradle.api.internal.artifacts.ivyservice.ivyresolve.CachingModuleComponentRepository] Found artifact 'google-auth-library-credentials-1.10.0.jar (com.google.auth:google-auth-library-credentials:1.10.0)' in resolver cache: /Users/sam/.gradle/caches/modules-2/files-2.1/com.google.auth/google-auth-library-credentials/1.10.0/ca4b2f754fa3abfcb57a3f8e56b153a2277d00b2/google-auth-library-credentials-1.10.0.jar
2025-03-10T17:43:18.231+0800 [DEBUG] [org.gradle.api.internal.artifacts.ivyservice.ivyresolve.CachingModuleComponentRepository] Found artifact 'auto-value-annotations-1.9.jar (com.google.auto.value:auto-value-annotations:1.9)' in resolver cache: /Users/sam/.gradle/caches/modules-2/files-2.1/com.google.auto.value/auto-value-annotations/1.9/25a0fcef915f663679fcdb447541c5d86a9be4ba/auto-value-annotations-1.9.jar
2025-03-10T17:43:18.230+0800 [DEBUG] [org.gradle.api.internal.artifacts.ivyservice.ivyresolve.CachingModuleComponentRepository] Found artifact 'opencensus-api-0.31.1.jar (io.opencensus:opencensus-api:0.31.1)' in resolver cache: /Users/sam/.gradle/caches/modules-2/files-2.1/io.opencensus/opencensus-api/0.31.1/66a60c7201c2b8b20ce495f0295b32bb0ccbbc57/opencensus-api-0.31.1.jar
2025-03-10T17:43:18.230+0800 [DEBUG] [org.gradle.api.internal.artifacts.ivyservice.ivyresolve.CachingModuleComponentRepository] Found artifact 'j2objc-annotations-2.8.jar (com.google.j2objc:j2objc-annotations:2.8)' in resolver cache: /Users/sam/.gradle/caches/modules-2/files-2.1/com.google.j2objc/j2objc-annotations/2.8/c85270e307e7b822f1086b93689124b89768e273/j2objc-annotations-2.8.jar
2025-03-10T17:43:18.230+0800 [DEBUG] [org.gradle.api.internal.artifacts.ivyservice.ivyresolve.CachingModuleComponentRepository] Found artifact 'jsr305-3.0.2.jar (com.google.code.findbugs:jsr305:3.0.2)' in resolver cache: /Users/sam/.gradle/caches/modules-2/files-2.1/com.google.code.findbugs/jsr305/3.0.2/25ea2e8b0c338a877313bd4672d3fe056ea78f0d/jsr305-3.0.2.jar
2025-03-10T17:43:18.231+0800 [DEBUG] [org.gradle.api.internal.artifacts.ivyservice.ivyresolve.CachingModuleComponentRepository] Found artifact 'org.gradle.internal.component.external.model.UrlBackedArtifactMetadata@16a21ed6' in resolver cache: /Users/sam/.gradle/caches/modules-2/files-2.1/org.checkerframework/checker-qual/3.33.0/de2b60b62da487644fc11f734e73c8b0b431238f/checker-qual-3.33.0.jar
2025-03-10T17:43:18.231+0800 [DEBUG] [org.gradle.api.internal.artifacts.ivyservice.ivyresolve.CachingModuleComponentRepository] Found artifact 'ant-launcher-1.10.11.jar (org.apache.ant:ant-launcher:1.10.11)' in resolver cache: /Users/sam/.gradle/caches/modules-2/files-2.1/org.apache.ant/ant-launcher/1.10.11/ea0a0475fb6dfcdcf48b30410fd9d4f5c80df07e/ant-launcher-1.10.11.jar
2025-03-10T17:43:18.232+0800 [DEBUG] [org.gradle.internal.operations.DefaultBuildOperationRunner] Build operation 'Resolve ant-launcher-1.10.11.jar (org.apache.ant:ant-launcher:1.10.11)' completed
2025-03-10T17:43:18.231+0800 [DEBUG] [org.gradle.api.internal.artifacts.ivyservice.ivyresolve.CachingModuleComponentRepository] Found artifact 'commons-codec-1.11.jar (commons-codec:commons-codec:1.11)' in resolver cache: /Users/sam/.gradle/caches/modules-2/files-2.1/commons-codec/commons-codec/1.11/3acb4705652e16236558f0f4f2192cc33c3bd189/commons-codec-1.11.jar
2025-03-10T17:43:18.231+0800 [DEBUG] [org.gradle.api.internal.artifacts.ivyservice.ivyresolve.CachingModuleComponentRepository] Found artifact 'commons-logging-1.2.jar (commons-logging:commons-logging:1.2)' in resolver cache: /Users/sam/.gradle/caches/modules-2/files-2.1/commons-logging/commons-logging/1.2/4bfc12adfe4842bf07b657f0369c4cb522955686/commons-logging-1.2.jar
2025-03-10T17:43:18.232+0800 [DEBUG] [org.gradle.internal.resources.AbstractTrackedResourceLock] Daemon worker Thread 9: released lock on state of build :
2025-03-10T17:43:18.232+0800 [DEBUG] [org.gradle.internal.resources.AbstractTrackedResourceLock] Daemon worker Thread 9: released lock on worker lease
2025-03-10T17:43:18.232+0800 [DEBUG] [org.gradle.internal.resources.AbstractTrackedResourceLock] Daemon worker Thread 9: acquired lock on state of build :
2025-03-10T17:43:18.232+0800 [DEBUG] [org.gradle.internal.resources.AbstractTrackedResourceLock] Daemon worker Thread 9: acquired lock on worker lease
2025-03-10T17:43:18.232+0800 [DEBUG] [org.gradle.internal.operations.DefaultBuildOperationRunner] Build operation 'Resolve files of configuration ':classpath'' completed
2025-03-10T17:43:18.232+0800 [DEBUG] [org.gradle.internal.component.model.LoggingAttributeMatchingExplanationBuilder] Candidate org.jetbrains.kotlin.jvm:org.jetbrains.kotlin.jvm.gradle.plugin:2.1.10 configuration runtime doesn't match attributes {org.gradle.category=library, org.gradle.dependency.bundling=external, org.gradle.internal.instrumented=instrumented-and-upgraded, org.gradle.jvm.version=23, org.gradle.libraryelements=jar, org.gradle.plugin.api-version=8.10, org.gradle.usage=java-runtime}
2025-03-10T17:43:18.232+0800 [DEBUG] [org.gradle.internal.component.model.LoggingAttributeMatchingExplanationBuilder] Candidate org.jetbrains.kotlin.plugin.serialization:org.jetbrains.kotlin.plugin.serialization.gradle.plugin:2.1.10 configuration runtime doesn't match attributes {org.gradle.category=library, org.gradle.dependency.bundling=external, org.gradle.internal.instrumented=instrumented-and-upgraded, org.gradle.jvm.version=23, org.gradle.libraryelements=jar, org.gradle.plugin.api-version=8.10, org.gradle.usage=java-runtime}
2025-03-10T17:43:18.232+0800 [DEBUG] [org.gradle.internal.component.model.LoggingAttributeMatchingExplanationBuilder] Candidate io.ktor.plugin:io.ktor.plugin.gradle.plugin:2.3.6 configuration runtime doesn't match attributes {org.gradle.category=library, org.gradle.dependency.bundling=external, org.gradle.internal.instrumented=instrumented-and-upgraded, org.gradle.jvm.version=23, org.gradle.libraryelements=jar, org.gradle.plugin.api-version=8.10, org.gradle.usage=java-runtime}
2025-03-10T17:43:18.232+0800 [DEBUG] [org.gradle.internal.component.model.LoggingAttributeMatchingExplanationBuilder] Candidate io.ktor.plugin:plugin:2.3.6 variant runtimeElements doesn't match attributes {org.gradle.category=library, org.gradle.dependency.bundling=external, org.gradle.internal.instrumented=instrumented-and-upgraded, org.gradle.jvm.version=23, org.gradle.libraryelements=jar, org.gradle.plugin.api-version=8.10, org.gradle.usage=java-runtime}
2025-03-10T17:43:18.233+0800 [DEBUG] [org.gradle.internal.component.model.LoggingAttributeMatchingExplanationBuilder] Candidate com.github.johnrengelman.shadow:com.github.johnrengelman.shadow.gradle.plugin:7.1.2 configuration runtime doesn't match attributes {org.gradle.category=library, org.gradle.dependency.bundling=external, org.gradle.internal.instrumented=instrumented-and-upgraded, org.gradle.jvm.version=23, org.gradle.libraryelements=jar, org.gradle.plugin.api-version=8.10, org.gradle.usage=java-runtime}
2025-03-10T17:43:18.233+0800 [DEBUG] [org.gradle.internal.component.model.LoggingAttributeMatchingExplanationBuilder] Candidate gradle.plugin.com.github.johnrengelman:shadow:7.1.2 configuration runtime doesn't match attributes {org.gradle.category=library, org.gradle.dependency.bundling=external, org.gradle.internal.instrumented=instrumented-and-upgraded, org.gradle.jvm.version=23, org.gradle.libraryelements=jar, org.gradle.plugin.api-version=8.10, org.gradle.usage=java-runtime}
2025-03-10T17:43:18.233+0800 [DEBUG] [org.gradle.internal.component.model.LoggingAttributeMatchingExplanationBuilder] Candidate org.apache.logging.log4j:log4j-core:2.17.1 configuration runtime doesn't match attributes {org.gradle.category=library, org.gradle.dependency.bundling=external, org.gradle.internal.instrumented=instrumented-and-upgraded, org.gradle.jvm.version=23, org.gradle.libraryelements=jar, org.gradle.plugin.api-version=8.10, org.gradle.usage=java-runtime}
2025-03-10T17:43:18.233+0800 [DEBUG] [org.gradle.internal.component.model.LoggingAttributeMatchingExplanationBuilder] Candidate org.jetbrains.kotlin:kotlin-stdlib-jdk8:1.8.22 configuration runtime doesn't match attributes {org.gradle.category=library, org.gradle.dependency.bundling=external, org.gradle.internal.instrumented=instrumented-and-upgraded, org.gradle.jvm.version=23, org.gradle.libraryelements=jar, org.gradle.plugin.api-version=8.10, org.gradle.usage=java-runtime}
2025-03-10T17:43:18.233+0800 [DEBUG] [org.gradle.internal.component.model.LoggingAttributeMatchingExplanationBuilder] Candidate org.jetbrains.kotlin:kotlin-stdlib-jdk7:1.8.22 configuration runtime doesn't match attributes {org.gradle.category=library, org.gradle.dependency.bundling=external, org.gradle.internal.instrumented=instrumented-and-upgraded, org.gradle.jvm.version=23, org.gradle.libraryelements=jar, org.gradle.plugin.api-version=8.10, org.gradle.usage=java-runtime}
2025-03-10T17:43:18.233+0800 [DEBUG] [org.gradle.internal.component.model.LoggingAttributeMatchingExplanationBuilder] Candidate org.jetbrains.kotlin:kotlin-stdlib:1.9.24 variant jvmRuntimeElements doesn't match attributes {org.gradle.category=library, org.gradle.dependency.bundling=external, org.gradle.internal.instrumented=instrumented-and-upgraded, org.gradle.jvm.version=23, org.gradle.libraryelements=jar, org.gradle.plugin.api-version=8.10, org.gradle.usage=java-runtime}
2025-03-10T17:43:18.233+0800 [DEBUG] [org.gradle.internal.component.model.LoggingAttributeMatchingExplanationBuilder] Candidate org.jetbrains:annotations:13.0 configuration runtime doesn't match attributes {org.gradle.category=library, org.gradle.dependency.bundling=external, org.gradle.internal.instrumented=instrumented-and-upgraded, org.gradle.jvm.version=23, org.gradle.libraryelements=jar, org.gradle.plugin.api-version=8.10, org.gradle.usage=java-runtime}
2025-03-10T17:43:18.233+0800 [DEBUG] [org.gradle.internal.component.model.LoggingAttributeMatchingExplanationBuilder] Candidate org.jetbrains.kotlin:kotlin-serialization:2.1.10 variant gradle85RuntimeElements doesn't match attributes {org.gradle.category=library, org.gradle.dependency.bundling=external, org.gradle.internal.instrumented=instrumented-and-upgraded, org.gradle.jvm.version=23, org.gradle.libraryelements=jar, org.gradle.plugin.api-version=8.10, org.gradle.usage=java-runtime}
2025-03-10T17:43:18.233+0800 [DEBUG] [org.gradle.internal.component.model.LoggingAttributeMatchingExplanationBuilder] Candidate org.jetbrains.kotlin:kotlin-gradle-plugin-model:2.1.10 variant runtimeElementsWithFixedAttribute doesn't match attributes {org.gradle.category=library, org.gradle.dependency.bundling=external, org.gradle.internal.instrumented=instrumented-and-upgraded, org.gradle.jvm.version=23, org.gradle.libraryelements=jar, org.gradle.plugin.api-version=8.10, org.gradle.usage=java-runtime}
2025-03-10T17:43:18.233+0800 [DEBUG] [org.gradle.internal.component.model.LoggingAttributeMatchingExplanationBuilder] Candidate org.jetbrains.kotlin:kotlin-gradle-plugin-api:2.1.10 variant runtimeElementsWithFixedAttribute doesn't match attributes {org.gradle.category=library, org.gradle.dependency.bundling=external, org.gradle.internal.instrumented=instrumented-and-upgraded, org.gradle.jvm.version=23, org.gradle.libraryelements=jar, org.gradle.plugin.api-version=8.10, org.gradle.usage=java-runtime}
2025-03-10T17:43:18.233+0800 [DEBUG] [org.gradle.internal.component.model.LoggingAttributeMatchingExplanationBuilder] Candidate org.jetbrains.kotlin:kotlin-gradle-plugin-api:2.1.10 variant gradle85RuntimeElements doesn't match attributes {org.gradle.category=library, org.gradle.dependency.bundling=external, org.gradle.internal.instrumented=instrumented-and-upgraded, org.gradle.jvm.version=23, org.gradle.libraryelements=jar, org.gradle.plugin.api-version=8.10, org.gradle.usage=java-runtime}
2025-03-10T17:43:18.233+0800 [DEBUG] [org.gradle.internal.component.model.LoggingAttributeMatchingExplanationBuilder] Candidate org.jetbrains.kotlin:kotlin-gradle-plugins-bom:2.1.10 variant runtimeElements doesn't match attributes {org.gradle.category=platform, org.gradle.dependency.bundling=external, org.gradle.internal.instrumented=instrumented-and-upgraded, org.gradle.jvm.version=23, org.gradle.libraryelements=jar, org.gradle.plugin.api-version=8.10, org.gradle.usage=java-runtime}
2025-03-10T17:43:18.233+0800 [DEBUG] [org.gradle.internal.component.model.LoggingAttributeMatchingExplanationBuilder] Candidate org.jetbrains.kotlin:kotlin-gradle-plugins-bom:2.1.10 variant runtimeElements doesn't match attributes {org.gradle.category=platform, org.gradle.dependency.bundling=external, org.gradle.internal.instrumented=instrumented-and-upgraded, org.gradle.jvm.version=23, org.gradle.libraryelements=jar, org.gradle.plugin.api-version=8.10, org.gradle.usage=java-runtime}
2025-03-10T17:43:18.233+0800 [DEBUG] [org.gradle.internal.component.model.LoggingAttributeMatchingExplanationBuilder] Candidate org.jetbrains.kotlin:kotlin-gradle-plugins-bom:2.1.10 variant runtimeElements doesn't match attributes {org.gradle.category=platform, org.gradle.dependency.bundling=external, org.gradle.internal.instrumented=instrumented-and-upgraded, org.gradle.jvm.version=23, org.gradle.libraryelements=jar, org.gradle.plugin.api-version=8.10, org.gradle.usage=java-runtime}
2025-03-10T17:43:18.233+0800 [DEBUG] [org.gradle.internal.component.model.LoggingAttributeMatchingExplanationBuilder] Candidate org.jetbrains.kotlin:kotlin-gradle-plugins-bom:2.1.10 variant runtimeElements doesn't match attributes {org.gradle.category=platform, org.gradle.dependency.bundling=external, org.gradle.internal.instrumented=instrumented-and-upgraded, org.gradle.jvm.version=23, org.gradle.libraryelements=jar, org.gradle.plugin.api-version=8.10, org.gradle.usage=java-runtime}
2025-03-10T17:43:18.233+0800 [DEBUG] [org.gradle.internal.component.model.LoggingAttributeMatchingExplanationBuilder] Candidate org.jetbrains.kotlin:kotlin-gradle-plugins-bom:2.1.10 variant runtimeElements doesn't match attributes {org.gradle.category=platform, org.gradle.dependency.bundling=external, org.gradle.internal.instrumented=instrumented-and-upgraded, org.gradle.jvm.version=23, org.gradle.libraryelements=jar, org.gradle.plugin.api-version=8.10, org.gradle.usage=java-runtime}
2025-03-10T17:43:18.233+0800 [DEBUG] [org.gradle.internal.component.model.LoggingAttributeMatchingExplanationBuilder] Candidate org.jetbrains.kotlin:kotlin-gradle-plugin:2.1.10 variant gradle85RuntimeElements doesn't match attributes {org.gradle.category=library, org.gradle.dependency.bundling=external, org.gradle.internal.instrumented=instrumented-and-upgraded, org.gradle.jvm.version=23, org.gradle.libraryelements=jar, org.gradle.plugin.api-version=8.10, org.gradle.usage=java-runtime}
2025-03-10T17:43:18.233+0800 [DEBUG] [org.gradle.internal.component.model.LoggingAttributeMatchingExplanationBuilder] Candidate org.jetbrains.kotlin:kotlin-gradle-plugin-idea-proto:2.1.10 configuration runtime doesn't match attributes {org.gradle.category=library, org.gradle.dependency.bundling=external, org.gradle.internal.instrumented=instrumented-and-upgraded, org.gradle.jvm.version=23, org.gradle.libraryelements=jar, org.gradle.plugin.api-version=8.10, org.gradle.usage=java-runtime}
2025-03-10T17:43:18.233+0800 [DEBUG] [org.gradle.internal.component.model.LoggingAttributeMatchingExplanationBuilder] Candidate org.jetbrains.kotlin:kotlin-gradle-plugin-idea:2.1.10 variant runtimeElements doesn't match attributes {org.gradle.category=library, org.gradle.dependency.bundling=external, org.gradle.internal.instrumented=instrumented-and-upgraded, org.gradle.jvm.version=23, org.gradle.libraryelements=jar, org.gradle.plugin.api-version=8.10, org.gradle.usage=java-runtime}
2025-03-10T17:43:18.233+0800 [DEBUG] [org.gradle.internal.component.model.LoggingAttributeMatchingExplanationBuilder] Candidate org.jetbrains.kotlin:kotlin-klib-commonizer-api:2.1.10 configuration runtime doesn't match attributes {org.gradle.category=library, org.gradle.dependency.bundling=external, org.gradle.internal.instrumented=instrumented-and-upgraded, org.gradle.jvm.version=23, org.gradle.libraryelements=jar, org.gradle.plugin.api-version=8.10, org.gradle.usage=java-runtime}
2025-03-10T17:43:18.233+0800 [DEBUG] [org.gradle.internal.component.model.LoggingAttributeMatchingExplanationBuilder] Candidate org.jetbrains.kotlin:kotlin-build-statistics:2.1.10 configuration runtime doesn't match attributes {org.gradle.category=library, org.gradle.dependency.bundling=external, org.gradle.internal.instrumented=instrumented-and-upgraded, org.gradle.jvm.version=23, org.gradle.libraryelements=jar, org.gradle.plugin.api-version=8.10, org.gradle.usage=java-runtime}
2025-03-10T17:43:18.233+0800 [DEBUG] [org.gradle.internal.component.model.LoggingAttributeMatchingExplanationBuilder] Candidate org.jetbrains.kotlin:kotlin-util-klib-metadata:2.1.10 configuration runtime doesn't match attributes {org.gradle.category=library, org.gradle.dependency.bundling=external, org.gradle.internal.instrumented=instrumented-and-upgraded, org.gradle.jvm.version=23, org.gradle.libraryelements=jar, org.gradle.plugin.api-version=8.10, org.gradle.usage=java-runtime}
2025-03-10T17:43:18.233+0800 [DEBUG] [org.gradle.internal.component.model.LoggingAttributeMatchingExplanationBuilder] Candidate org.jetbrains.kotlin:kotlin-compiler-runner:2.1.10 configuration runtime doesn't match attributes {org.gradle.category=library, org.gradle.dependency.bundling=external, org.gradle.internal.instrumented=instrumented-and-upgraded, org.gradle.jvm.version=23, org.gradle.libraryelements=jar, org.gradle.plugin.api-version=8.10, org.gradle.usage=java-runtime}
2025-03-10T17:43:18.233+0800 [DEBUG] [org.gradle.internal.component.model.LoggingAttributeMatchingExplanationBuilder] Candidate com.google.cloud.tools:jib-gradle-plugin:3.4.0 variant runtimeElements doesn't match attributes {org.gradle.category=library, org.gradle.dependency.bundling=external, org.gradle.internal.instrumented=instrumented-and-upgraded, org.gradle.jvm.version=23, org.gradle.libraryelements=jar, org.gradle.plugin.api-version=8.10, org.gradle.usage=java-runtime}
2025-03-10T17:43:18.233+0800 [DEBUG] [org.gradle.internal.component.model.LoggingAttributeMatchingExplanationBuilder] Candidate org.graalvm.buildtools.native:org.graalvm.buildtools.native.gradle.plugin:0.9.23 configuration runtime doesn't match attributes {org.gradle.category=library, org.gradle.dependency.bundling=external, org.gradle.internal.instrumented=instrumented-and-upgraded, org.gradle.jvm.version=23, org.gradle.libraryelements=jar, org.gradle.plugin.api-version=8.10, org.gradle.usage=java-runtime}
2025-03-10T17:43:18.233+0800 [DEBUG] [org.gradle.internal.component.model.LoggingAttributeMatchingExplanationBuilder] Candidate org.jetbrains.kotlin:kotlin-gradle-plugin-annotations:2.1.10 configuration runtime doesn't match attributes {org.gradle.category=library, org.gradle.dependency.bundling=external, org.gradle.internal.instrumented=instrumented-and-upgraded, org.gradle.jvm.version=23, org.gradle.libraryelements=jar, org.gradle.plugin.api-version=8.10, org.gradle.usage=java-runtime}
2025-03-10T17:43:18.233+0800 [DEBUG] [org.gradle.internal.component.model.LoggingAttributeMatchingExplanationBuilder] Candidate org.jetbrains.kotlin:kotlin-native-utils:2.1.10 configuration runtime doesn't match attributes {org.gradle.category=library, org.gradle.dependency.bundling=external, org.gradle.internal.instrumented=instrumented-and-upgraded, org.gradle.jvm.version=23, org.gradle.libraryelements=jar, org.gradle.plugin.api-version=8.10, org.gradle.usage=java-runtime}
2025-03-10T17:43:18.233+0800 [DEBUG] [org.gradle.internal.component.model.LoggingAttributeMatchingExplanationBuilder] Candidate org.jetbrains.kotlin:kotlin-tooling-core:2.1.10 configuration runtime doesn't match attributes {org.gradle.category=library, org.gradle.dependency.bundling=external, org.gradle.internal.instrumented=instrumented-and-upgraded, org.gradle.jvm.version=23, org.gradle.libraryelements=jar, org.gradle.plugin.api-version=8.10, org.gradle.usage=java-runtime}
2025-03-10T17:43:18.233+0800 [DEBUG] [org.gradle.internal.component.model.LoggingAttributeMatchingExplanationBuilder] Candidate org.jetbrains.kotlin:kotlin-build-tools-api:2.1.10 configuration runtime doesn't match attributes {org.gradle.category=library, org.gradle.dependency.bundling=external, org.gradle.internal.instrumented=instrumented-and-upgraded, org.gradle.jvm.version=23, org.gradle.libraryelements=jar, org.gradle.plugin.api-version=8.10, org.gradle.usage=java-runtime}
2025-03-10T17:43:18.233+0800 [DEBUG] [org.gradle.internal.component.model.LoggingAttributeMatchingExplanationBuilder] Candidate com.google.auth:google-auth-library-oauth2-http:1.10.0 configuration runtime doesn't match attributes {org.gradle.category=library, org.gradle.dependency.bundling=external, org.gradle.internal.instrumented=instrumented-and-upgraded, org.gradle.jvm.version=23, org.gradle.libraryelements=jar, org.gradle.plugin.api-version=8.10, org.gradle.usage=java-runtime}
2025-03-10T17:43:18.233+0800 [DEBUG] [org.gradle.internal.component.model.LoggingAttributeMatchingExplanationBuilder] Candidate com.google.http-client:google-http-client-gson:1.42.2 configuration runtime doesn't match attributes {org.gradle.category=library, org.gradle.dependency.bundling=external, org.gradle.internal.instrumented=instrumented-and-upgraded, org.gradle.jvm.version=23, org.gradle.libraryelements=jar, org.gradle.plugin.api-version=8.10, org.gradle.usage=java-runtime}
2025-03-10T17:43:18.233+0800 [DEBUG] [org.gradle.internal.component.model.LoggingAttributeMatchingExplanationBuilder] Candidate com.google.code.gson:gson:2.9.0 configuration runtime doesn't match attributes {org.gradle.category=library, org.gradle.dependency.bundling=external, org.gradle.internal.instrumented=instrumented-and-upgraded, org.gradle.jvm.version=23, org.gradle.libraryelements=jar, org.gradle.plugin.api-version=8.10, org.gradle.usage=java-runtime}
2025-03-10T17:43:18.233+0800 [DEBUG] [org.gradle.internal.component.model.LoggingAttributeMatchingExplanationBuilder] Candidate org.jetbrains.kotlin:kotlin-util-klib:2.1.10 configuration runtime doesn't match attributes {org.gradle.category=library, org.gradle.dependency.bundling=external, org.gradle.internal.instrumented=instrumented-and-upgraded, org.gradle.jvm.version=23, org.gradle.libraryelements=jar, org.gradle.plugin.api-version=8.10, org.gradle.usage=java-runtime}
2025-03-10T17:43:18.233+0800 [DEBUG] [org.gradle.internal.component.model.LoggingAttributeMatchingExplanationBuilder] Candidate org.jetbrains.kotlin:kotlin-util-io:2.1.10 configuration runtime doesn't match attributes {org.gradle.category=library, org.gradle.dependency.bundling=external, org.gradle.internal.instrumented=instrumented-and-upgraded, org.gradle.jvm.version=23, org.gradle.libraryelements=jar, org.gradle.plugin.api-version=8.10, org.gradle.usage=java-runtime}
2025-03-10T17:43:18.233+0800 [DEBUG] [org.gradle.internal.component.model.LoggingAttributeMatchingExplanationBuilder] Candidate org.jetbrains.kotlin:kotlin-daemon-client:2.1.10 configuration runtime doesn't match attributes {org.gradle.category=library, org.gradle.dependency.bundling=external, org.gradle.internal.instrumented=instrumented-and-upgraded, org.gradle.jvm.version=23, org.gradle.libraryelements=jar, org.gradle.plugin.api-version=8.10, org.gradle.usage=java-runtime}
2025-03-10T17:43:18.234+0800 [DEBUG] [org.gradle.internal.component.model.LoggingAttributeMatchingExplanationBuilder] Candidate org.jetbrains.kotlinx:kotlinx-coroutines-core-jvm:1.6.4 variant jvmRuntimeElements-published doesn't match attributes {org.gradle.category=library, org.gradle.dependency.bundling=external, org.gradle.internal.instrumented=instrumented-and-upgraded, org.gradle.jvm.version=23, org.gradle.libraryelements=jar, org.gradle.plugin.api-version=8.10, org.gradle.usage=java-runtime}
2025-03-10T17:43:18.234+0800 [DEBUG] [org.gradle.internal.component.model.LoggingAttributeMatchingExplanationBuilder] Candidate com.google.http-client:google-http-client-apache-v2:1.42.2 configuration runtime doesn't match attributes {org.gradle.category=library, org.gradle.dependency.bundling=external, org.gradle.internal.instrumented=instrumented-and-upgraded, org.gradle.jvm.version=23, org.gradle.libraryelements=jar, org.gradle.plugin.api-version=8.10, org.gradle.usage=java-runtime}
2025-03-10T17:43:18.234+0800 [DEBUG] [org.gradle.internal.component.model.LoggingAttributeMatchingExplanationBuilder] Candidate com.google.http-client:google-http-client:1.42.2 configuration runtime doesn't match attributes {org.gradle.category=library, org.gradle.dependency.bundling=external, org.gradle.internal.instrumented=instrumented-and-upgraded, org.gradle.jvm.version=23, org.gradle.libraryelements=jar, org.gradle.plugin.api-version=8.10, org.gradle.usage=java-runtime}
2025-03-10T17:43:18.234+0800 [DEBUG] [org.gradle.internal.component.model.LoggingAttributeMatchingExplanationBuilder] Candidate org.apache.commons:commons-compress:1.21 configuration runtime doesn't match attributes {org.gradle.category=library, org.gradle.dependency.bundling=external, org.gradle.internal.instrumented=instrumented-and-upgraded, org.gradle.jvm.version=23, org.gradle.libraryelements=jar, org.gradle.plugin.api-version=8.10, org.gradle.usage=java-runtime}
2025-03-10T17:43:18.234+0800 [DEBUG] [org.gradle.internal.component.model.LoggingAttributeMatchingExplanationBuilder] Candidate io.opencensus:opencensus-contrib-http-util:0.31.1 configuration runtime doesn't match attributes {org.gradle.category=library, org.gradle.dependency.bundling=external, org.gradle.internal.instrumented=instrumented-and-upgraded, org.gradle.jvm.version=23, org.gradle.libraryelements=jar, org.gradle.plugin.api-version=8.10, org.gradle.usage=java-runtime}
2025-03-10T17:43:18.234+0800 [DEBUG] [org.gradle.internal.component.model.LoggingAttributeMatchingExplanationBuilder] Candidate com.google.guava:guava:32.1.2-jre variant jreRuntimeElements doesn't match attributes {org.gradle.category=library, org.gradle.dependency.bundling=external, org.gradle.internal.instrumented=instrumented-and-upgraded, org.gradle.jvm.version=23, org.gradle.libraryelements=jar, org.gradle.plugin.api-version=8.10, org.gradle.usage=java-runtime}
2025-03-10T17:43:18.234+0800 [DEBUG] [org.gradle.internal.component.model.LoggingAttributeMatchingExplanationBuilder] Candidate com.fasterxml.jackson.datatype:jackson-datatype-jsr310:2.15.2 variant runtimeElements doesn't match attributes {org.gradle.category=library, org.gradle.dependency.bundling=external, org.gradle.internal.instrumented=instrumented-and-upgraded, org.gradle.jvm.version=23, org.gradle.libraryelements=jar, org.gradle.plugin.api-version=8.10, org.gradle.usage=java-runtime}
2025-03-10T17:43:18.234+0800 [DEBUG] [org.gradle.internal.component.model.LoggingAttributeMatchingExplanationBuilder] Candidate org.graalvm.buildtools:native-gradle-plugin:0.9.23 variant runtimeElements doesn't match attributes {org.gradle.category=library, org.gradle.dependency.bundling=external, org.gradle.internal.instrumented=instrumented-and-upgraded, org.gradle.jvm.version=23, org.gradle.libraryelements=jar, org.gradle.plugin.api-version=8.10, org.gradle.usage=java-runtime}
2025-03-10T17:43:18.234+0800 [DEBUG] [org.gradle.internal.component.model.LoggingAttributeMatchingExplanationBuilder] Candidate org.graalvm.buildtools:utils:0.9.23 variant runtimeElements doesn't match attributes {org.gradle.category=library, org.gradle.dependency.bundling=external, org.gradle.internal.instrumented=instrumented-and-upgraded, org.gradle.jvm.version=23, org.gradle.libraryelements=jar, org.gradle.plugin.api-version=8.10, org.gradle.usage=java-runtime}
2025-03-10T17:43:18.234+0800 [DEBUG] [org.gradle.internal.component.model.LoggingAttributeMatchingExplanationBuilder] Candidate org.graalvm.buildtools:graalvm-reachability-metadata:0.9.23 variant runtimeElements doesn't match attributes {org.gradle.category=library, org.gradle.dependency.bundling=external, org.gradle.internal.instrumented=instrumented-and-upgraded, org.gradle.jvm.version=23, org.gradle.libraryelements=jar, org.gradle.plugin.api-version=8.10, org.gradle.usage=java-runtime}
2025-03-10T17:43:18.234+0800 [DEBUG] [org.gradle.internal.component.model.LoggingAttributeMatchingExplanationBuilder] Candidate com.fasterxml.jackson.core:jackson-databind:2.15.2 variant runtimeElements doesn't match attributes {org.gradle.category=library, org.gradle.dependency.bundling=external, org.gradle.internal.instrumented=instrumented-and-upgraded, org.gradle.jvm.version=23, org.gradle.libraryelements=jar, org.gradle.plugin.api-version=8.10, org.gradle.usage=java-runtime}
2025-03-10T17:43:18.234+0800 [DEBUG] [org.gradle.internal.component.model.LoggingAttributeMatchingExplanationBuilder] Candidate com.fasterxml.jackson.core:jackson-annotations:2.15.2 variant runtimeElements doesn't match attributes {org.gradle.category=library, org.gradle.dependency.bundling=external, org.gradle.internal.instrumented=instrumented-and-upgraded, org.gradle.jvm.version=23, org.gradle.libraryelements=jar, org.gradle.plugin.api-version=8.10, org.gradle.usage=java-runtime}
2025-03-10T17:43:18.234+0800 [DEBUG] [org.gradle.internal.component.model.LoggingAttributeMatchingExplanationBuilder] Candidate com.fasterxml.jackson.core:jackson-core:2.15.2 variant runtimeElements doesn't match attributes {org.gradle.category=library, org.gradle.dependency.bundling=external, org.gradle.internal.instrumented=instrumented-and-upgraded, org.gradle.jvm.version=23, org.gradle.libraryelements=jar, org.gradle.plugin.api-version=8.10, org.gradle.usage=java-runtime}
2025-03-10T17:43:18.234+0800 [DEBUG] [org.gradle.internal.component.model.LoggingAttributeMatchingExplanationBuilder] Candidate com.fasterxml.jackson:jackson-bom:2.15.2 configuration platform-runtime doesn't match attributes {org.gradle.category=platform, org.gradle.dependency.bundling=external, org.gradle.internal.instrumented=instrumented-and-upgraded, org.gradle.jvm.version=23, org.gradle.libraryelements=jar, org.gradle.plugin.api-version=8.10, org.gradle.usage=java-runtime}
2025-03-10T17:43:18.234+0800 [DEBUG] [org.gradle.internal.component.model.LoggingAttributeMatchingExplanationBuilder] Candidate com.fasterxml.jackson:jackson-bom:2.15.2 configuration platform-runtime doesn't match attributes {org.gradle.category=platform, org.gradle.dependency.bundling=external, org.gradle.internal.instrumented=instrumented-and-upgraded, org.gradle.jvm.version=23, org.gradle.libraryelements=jar, org.gradle.plugin.api-version=8.10, org.gradle.usage=java-runtime}
2025-03-10T17:43:18.234+0800 [DEBUG] [org.gradle.internal.component.model.LoggingAttributeMatchingExplanationBuilder] Candidate com.fasterxml.jackson:jackson-bom:2.15.2 configuration platform-runtime doesn't match attributes {org.gradle.category=platform, org.gradle.dependency.bundling=external, org.gradle.internal.instrumented=instrumented-and-upgraded, org.gradle.jvm.version=23, org.gradle.libraryelements=jar, org.gradle.plugin.api-version=8.10, org.gradle.usage=java-runtime}
2025-03-10T17:43:18.234+0800 [DEBUG] [org.gradle.internal.component.model.LoggingAttributeMatchingExplanationBuilder] Candidate com.fasterxml.jackson:jackson-bom:2.15.2 configuration platform-runtime doesn't match attributes {org.gradle.category=platform, org.gradle.dependency.bundling=external, org.gradle.internal.instrumented=instrumented-and-upgraded, org.gradle.jvm.version=23, org.gradle.libraryelements=jar, org.gradle.plugin.api-version=8.10, org.gradle.usage=java-runtime}
2025-03-10T17:43:18.234+0800 [DEBUG] [org.gradle.internal.component.model.LoggingAttributeMatchingExplanationBuilder] Candidate com.fasterxml.jackson:jackson-bom:2.15.2 configuration platform-runtime doesn't match attributes {org.gradle.category=platform, org.gradle.dependency.bundling=external, org.gradle.internal.instrumented=instrumented-and-upgraded, org.gradle.jvm.version=23, org.gradle.libraryelements=jar, org.gradle.plugin.api-version=8.10, org.gradle.usage=java-runtime}
2025-03-10T17:43:18.234+0800 [DEBUG] [org.gradle.internal.component.model.LoggingAttributeMatchingExplanationBuilder] Candidate org.ow2.asm:asm-commons:9.2 configuration runtime doesn't match attributes {org.gradle.category=library, org.gradle.dependency.bundling=external, org.gradle.internal.instrumented=instrumented-and-upgraded, org.gradle.jvm.version=23, org.gradle.libraryelements=jar, org.gradle.plugin.api-version=8.10, org.gradle.usage=java-runtime}
2025-03-10T17:43:18.234+0800 [DEBUG] [org.gradle.internal.component.model.LoggingAttributeMatchingExplanationBuilder] Candidate org.ow2.asm:asm-analysis:9.2 configuration runtime doesn't match attributes {org.gradle.category=library, org.gradle.dependency.bundling=external, org.gradle.internal.instrumented=instrumented-and-upgraded, org.gradle.jvm.version=23, org.gradle.libraryelements=jar, org.gradle.plugin.api-version=8.10, org.gradle.usage=java-runtime}
2025-03-10T17:43:18.234+0800 [DEBUG] [org.gradle.internal.component.model.LoggingAttributeMatchingExplanationBuilder] Candidate org.ow2.asm:asm-tree:9.2 configuration runtime doesn't match attributes {org.gradle.category=library, org.gradle.dependency.bundling=external, org.gradle.internal.instrumented=instrumented-and-upgraded, org.gradle.jvm.version=23, org.gradle.libraryelements=jar, org.gradle.plugin.api-version=8.10, org.gradle.usage=java-runtime}
2025-03-10T17:43:18.234+0800 [DEBUG] [org.gradle.internal.component.model.LoggingAttributeMatchingExplanationBuilder] Candidate org.ow2.asm:asm:9.5 configuration runtime doesn't match attributes {org.gradle.category=library, org.gradle.dependency.bundling=external, org.gradle.internal.instrumented=instrumented-and-upgraded, org.gradle.jvm.version=23, org.gradle.libraryelements=jar, org.gradle.plugin.api-version=8.10, org.gradle.usage=java-runtime}
2025-03-10T17:43:18.234+0800 [DEBUG] [org.gradle.internal.component.model.LoggingAttributeMatchingExplanationBuilder] Candidate com.google.cloud.tools:jib-gradle-plugin-extension-api:0.4.0 configuration runtime doesn't match attributes {org.gradle.category=library, org.gradle.dependency.bundling=external, org.gradle.internal.instrumented=instrumented-and-upgraded, org.gradle.jvm.version=23, org.gradle.libraryelements=jar, org.gradle.plugin.api-version=8.10, org.gradle.usage=java-runtime}
2025-03-10T17:43:18.234+0800 [DEBUG] [org.gradle.internal.component.model.LoggingAttributeMatchingExplanationBuilder] Candidate com.google.cloud.tools:jib-build-plan:0.4.0 configuration runtime doesn't match attributes {org.gradle.category=library, org.gradle.dependency.bundling=external, org.gradle.internal.instrumented=instrumented-and-upgraded, org.gradle.jvm.version=23, org.gradle.libraryelements=jar, org.gradle.plugin.api-version=8.10, org.gradle.usage=java-runtime}
2025-03-10T17:43:18.234+0800 [DEBUG] [org.gradle.internal.component.model.LoggingAttributeMatchingExplanationBuilder] Candidate com.google.cloud.tools:jib-plugins-extension-common:0.2.0 configuration runtime doesn't match attributes {org.gradle.category=library, org.gradle.dependency.bundling=external, org.gradle.internal.instrumented=instrumented-and-upgraded, org.gradle.jvm.version=23, org.gradle.libraryelements=jar, org.gradle.plugin.api-version=8.10, org.gradle.usage=java-runtime}
2025-03-10T17:43:18.234+0800 [DEBUG] [org.gradle.internal.component.model.LoggingAttributeMatchingExplanationBuilder] Candidate org.jdom:jdom2:2.0.6 configuration runtime doesn't match attributes {org.gradle.category=library, org.gradle.dependency.bundling=external, org.gradle.internal.instrumented=instrumented-and-upgraded, org.gradle.jvm.version=23, org.gradle.libraryelements=jar, org.gradle.plugin.api-version=8.10, org.gradle.usage=java-runtime}
2025-03-10T17:43:18.234+0800 [DEBUG] [org.gradle.internal.component.model.LoggingAttributeMatchingExplanationBuilder] Candidate commons-io:commons-io:2.11.0 configuration runtime doesn't match attributes {org.gradle.category=library, org.gradle.dependency.bundling=external, org.gradle.internal.instrumented=instrumented-and-upgraded, org.gradle.jvm.version=23, org.gradle.libraryelements=jar, org.gradle.plugin.api-version=8.10, org.gradle.usage=java-runtime}
2025-03-10T17:43:18.234+0800 [DEBUG] [org.gradle.internal.component.model.LoggingAttributeMatchingExplanationBuilder] Candidate org.apache.ant:ant:1.10.11 configuration runtime doesn't match attributes {org.gradle.category=library, org.gradle.dependency.bundling=external, org.gradle.internal.instrumented=instrumented-and-upgraded, org.gradle.jvm.version=23, org.gradle.libraryelements=jar, org.gradle.plugin.api-version=8.10, org.gradle.usage=java-runtime}
2025-03-10T17:43:18.234+0800 [DEBUG] [org.gradle.internal.component.model.LoggingAttributeMatchingExplanationBuilder] Candidate org.codehaus.plexus:plexus-utils:3.4.1 configuration runtime doesn't match attributes {org.gradle.category=library, org.gradle.dependency.bundling=external, org.gradle.internal.instrumented=instrumented-and-upgraded, org.gradle.jvm.version=23, org.gradle.libraryelements=jar, org.gradle.plugin.api-version=8.10, org.gradle.usage=java-runtime}
2025-03-10T17:43:18.234+0800 [DEBUG] [org.gradle.internal.component.model.LoggingAttributeMatchingExplanationBuilder] Candidate org.vafer:jdependency:2.7.0 configuration runtime doesn't match attributes {org.gradle.category=library, org.gradle.dependency.bundling=external, org.gradle.internal.instrumented=instrumented-and-upgraded, org.gradle.jvm.version=23, org.gradle.libraryelements=jar, org.gradle.plugin.api-version=8.10, org.gradle.usage=java-runtime}
2025-03-10T17:43:18.234+0800 [DEBUG] [org.gradle.internal.component.model.LoggingAttributeMatchingExplanationBuilder] Candidate org.apache.httpcomponents:httpclient:4.5.13 configuration runtime doesn't match attributes {org.gradle.category=library, org.gradle.dependency.bundling=external, org.gradle.internal.instrumented=instrumented-and-upgraded, org.gradle.jvm.version=23, org.gradle.libraryelements=jar, org.gradle.plugin.api-version=8.10, org.gradle.usage=java-runtime}
2025-03-10T17:43:18.234+0800 [DEBUG] [org.gradle.internal.component.model.LoggingAttributeMatchingExplanationBuilder] Candidate org.apache.httpcomponents:httpcore:4.4.15 configuration runtime doesn't match attributes {org.gradle.category=library, org.gradle.dependency.bundling=external, org.gradle.internal.instrumented=instrumented-and-upgraded, org.gradle.jvm.version=23, org.gradle.libraryelements=jar, org.gradle.plugin.api-version=8.10, org.gradle.usage=java-runtime}
2025-03-10T17:43:18.234+0800 [DEBUG] [org.gradle.internal.component.model.LoggingAttributeMatchingExplanationBuilder] Candidate com.google.guava:guava-parent:32.1.2-jre configuration platform-runtime doesn't match attributes {org.gradle.category=platform, org.gradle.dependency.bundling=external, org.gradle.internal.instrumented=instrumented-and-upgraded, org.gradle.jvm.version=23, org.gradle.libraryelements=jar, org.gradle.plugin.api-version=8.10, org.gradle.usage=java-runtime}
2025-03-10T17:43:18.234+0800 [DEBUG] [org.gradle.internal.component.model.LoggingAttributeMatchingExplanationBuilder] Candidate com.google.code.findbugs:jsr305:3.0.2 configuration runtime doesn't match attributes {org.gradle.category=library, org.gradle.dependency.bundling=external, org.gradle.internal.instrumented=instrumented-and-upgraded, org.gradle.jvm.version=23, org.gradle.libraryelements=jar, org.gradle.plugin.api-version=8.10, org.gradle.usage=java-runtime}
2025-03-10T17:43:18.234+0800 [DEBUG] [org.gradle.internal.component.model.LoggingAttributeMatchingExplanationBuilder] Candidate com.google.j2objc:j2objc-annotations:2.8 configuration runtime doesn't match attributes {org.gradle.category=library, org.gradle.dependency.bundling=external, org.gradle.internal.instrumented=instrumented-and-upgraded, org.gradle.jvm.version=23, org.gradle.libraryelements=jar, org.gradle.plugin.api-version=8.10, org.gradle.usage=java-runtime}
2025-03-10T17:43:18.234+0800 [DEBUG] [org.gradle.internal.component.model.LoggingAttributeMatchingExplanationBuilder] Candidate io.opencensus:opencensus-api:0.31.1 configuration runtime doesn't match attributes {org.gradle.category=library, org.gradle.dependency.bundling=external, org.gradle.internal.instrumented=instrumented-and-upgraded, org.gradle.jvm.version=23, org.gradle.libraryelements=jar, org.gradle.plugin.api-version=8.10, org.gradle.usage=java-runtime}
2025-03-10T17:43:18.234+0800 [DEBUG] [org.gradle.internal.component.model.LoggingAttributeMatchingExplanationBuilder] Candidate com.google.auto.value:auto-value-annotations:1.9 configuration runtime doesn't match attributes {org.gradle.category=library, org.gradle.dependency.bundling=external, org.gradle.internal.instrumented=instrumented-and-upgraded, org.gradle.jvm.version=23, org.gradle.libraryelements=jar, org.gradle.plugin.api-version=8.10, org.gradle.usage=java-runtime}
2025-03-10T17:43:18.234+0800 [DEBUG] [org.gradle.internal.component.model.LoggingAttributeMatchingExplanationBuilder] Candidate com.google.auth:google-auth-library-credentials:1.10.0 configuration runtime doesn't match attributes {org.gradle.category=library, org.gradle.dependency.bundling=external, org.gradle.internal.instrumented=instrumented-and-upgraded, org.gradle.jvm.version=23, org.gradle.libraryelements=jar, org.gradle.plugin.api-version=8.10, org.gradle.usage=java-runtime}
2025-03-10T17:43:18.234+0800 [DEBUG] [org.gradle.internal.component.model.LoggingAttributeMatchingExplanationBuilder] Candidate com.google.guava:failureaccess:1.0.1 configuration runtime doesn't match attributes {org.gradle.category=library, org.gradle.dependency.bundling=external, org.gradle.internal.instrumented=instrumented-and-upgraded, org.gradle.jvm.version=23, org.gradle.libraryelements=jar, org.gradle.plugin.api-version=8.10, org.gradle.usage=java-runtime}
2025-03-10T17:43:18.234+0800 [DEBUG] [org.gradle.internal.component.model.LoggingAttributeMatchingExplanationBuilder] Candidate com.google.guava:listenablefuture:9999.0-empty-to-avoid-conflict-with-guava configuration runtime doesn't match attributes {org.gradle.category=library, org.gradle.dependency.bundling=external, org.gradle.internal.instrumented=instrumented-and-upgraded, org.gradle.jvm.version=23, org.gradle.libraryelements=jar, org.gradle.plugin.api-version=8.10, org.gradle.usage=java-runtime}
2025-03-10T17:43:18.234+0800 [DEBUG] [org.gradle.internal.component.model.LoggingAttributeMatchingExplanationBuilder] Candidate org.checkerframework:checker-qual:3.33.0 variant runtimeElements doesn't match attributes {org.gradle.category=library, org.gradle.dependency.bundling=external, org.gradle.internal.instrumented=instrumented-and-upgraded, org.gradle.jvm.version=23, org.gradle.libraryelements=jar, org.gradle.plugin.api-version=8.10, org.gradle.usage=java-runtime}
2025-03-10T17:43:18.234+0800 [DEBUG] [org.gradle.internal.component.model.LoggingAttributeMatchingExplanationBuilder] Candidate com.google.errorprone:error_prone_annotations:2.18.0 configuration runtime doesn't match attributes {org.gradle.category=library, org.gradle.dependency.bundling=external, org.gradle.internal.instrumented=instrumented-and-upgraded, org.gradle.jvm.version=23, org.gradle.libraryelements=jar, org.gradle.plugin.api-version=8.10, org.gradle.usage=java-runtime}
2025-03-10T17:43:18.235+0800 [DEBUG] [org.gradle.internal.component.model.LoggingAttributeMatchingExplanationBuilder] Candidate org.apache.ant:ant-launcher:1.10.11 configuration runtime doesn't match attributes {org.gradle.category=library, org.gradle.dependency.bundling=external, org.gradle.internal.instrumented=instrumented-and-upgraded, org.gradle.jvm.version=23, org.gradle.libraryelements=jar, org.gradle.plugin.api-version=8.10, org.gradle.usage=java-runtime}
2025-03-10T17:43:18.235+0800 [DEBUG] [org.gradle.internal.component.model.LoggingAttributeMatchingExplanationBuilder] Candidate org.apache.logging.log4j:log4j-api:2.17.1 configuration runtime doesn't match attributes {org.gradle.category=library, org.gradle.dependency.bundling=external, org.gradle.internal.instrumented=instrumented-and-upgraded, org.gradle.jvm.version=23, org.gradle.libraryelements=jar, org.gradle.plugin.api-version=8.10, org.gradle.usage=java-runtime}
2025-03-10T17:43:18.235+0800 [DEBUG] [org.gradle.internal.component.model.LoggingAttributeMatchingExplanationBuilder] Candidate commons-logging:commons-logging:1.2 configuration runtime doesn't match attributes {org.gradle.category=library, org.gradle.dependency.bundling=external, org.gradle.internal.instrumented=instrumented-and-upgraded, org.gradle.jvm.version=23, org.gradle.libraryelements=jar, org.gradle.plugin.api-version=8.10, org.gradle.usage=java-runtime}
2025-03-10T17:43:18.235+0800 [DEBUG] [org.gradle.internal.component.model.LoggingAttributeMatchingExplanationBuilder] Candidate commons-codec:commons-codec:1.11 configuration runtime doesn't match attributes {org.gradle.category=library, org.gradle.dependency.bundling=external, org.gradle.internal.instrumented=instrumented-and-upgraded, org.gradle.jvm.version=23, org.gradle.libraryelements=jar, org.gradle.plugin.api-version=8.10, org.gradle.usage=java-runtime}
2025-03-10T17:43:18.235+0800 [DEBUG] [org.gradle.internal.component.model.LoggingAttributeMatchingExplanationBuilder] Candidate io.grpc:grpc-context:1.27.2 configuration runtime doesn't match attributes {org.gradle.category=library, org.gradle.dependency.bundling=external, org.gradle.internal.instrumented=instrumented-and-upgraded, org.gradle.jvm.version=23, org.gradle.libraryelements=jar, org.gradle.plugin.api-version=8.10, org.gradle.usage=java-runtime}
2025-03-10T17:43:18.235+0800 [DEBUG] [org.gradle.internal.operations.DefaultBuildOperationRunner] Build operation 'Fingerprint transform inputs' completed
2025-03-10T17:43:18.235+0800 [DEBUG] [org.gradle.internal.component.model.LoggingAttributeMatchingExplanationBuilder] Candidate org.jetbrains.kotlin.jvm:org.jetbrains.kotlin.jvm.gradle.plugin:2.1.10 configuration runtime doesn't match attributes {org.gradle.category=library, org.gradle.dependency.bundling=external, org.gradle.internal.instrumented=analyzed-artifact, org.gradle.jvm.version=23, org.gradle.libraryelements=classes, org.gradle.plugin.api-version=8.10, org.gradle.usage=java-runtime}
2025-03-10T17:43:18.235+0800 [DEBUG] [org.gradle.internal.component.model.LoggingAttributeMatchingExplanationBuilder] Candidate org.jetbrains.kotlin.plugin.serialization:org.jetbrains.kotlin.plugin.serialization.gradle.plugin:2.1.10 configuration runtime doesn't match attributes {org.gradle.category=library, org.gradle.dependency.bundling=external, org.gradle.internal.instrumented=analyzed-artifact, org.gradle.jvm.version=23, org.gradle.libraryelements=classes, org.gradle.plugin.api-version=8.10, org.gradle.usage=java-runtime}
2025-03-10T17:43:18.235+0800 [DEBUG] [org.gradle.internal.component.model.LoggingAttributeMatchingExplanationBuilder] Candidate io.ktor.plugin:io.ktor.plugin.gradle.plugin:2.3.6 configuration runtime doesn't match attributes {org.gradle.category=library, org.gradle.dependency.bundling=external, org.gradle.internal.instrumented=analyzed-artifact, org.gradle.jvm.version=23, org.gradle.libraryelements=classes, org.gradle.plugin.api-version=8.10, org.gradle.usage=java-runtime}
2025-03-10T17:43:18.235+0800 [DEBUG] [org.gradle.internal.component.model.LoggingAttributeMatchingExplanationBuilder] Candidate io.ktor.plugin:plugin:2.3.6 variant runtimeElements doesn't match attributes {org.gradle.category=library, org.gradle.dependency.bundling=external, org.gradle.internal.instrumented=analyzed-artifact, org.gradle.jvm.version=23, org.gradle.libraryelements=classes, org.gradle.plugin.api-version=8.10, org.gradle.usage=java-runtime}
2025-03-10T17:43:18.235+0800 [DEBUG] [org.gradle.internal.component.model.LoggingAttributeMatchingExplanationBuilder] Candidate com.github.johnrengelman.shadow:com.github.johnrengelman.shadow.gradle.plugin:7.1.2 configuration runtime doesn't match attributes {org.gradle.category=library, org.gradle.dependency.bundling=external, org.gradle.internal.instrumented=analyzed-artifact, org.gradle.jvm.version=23, org.gradle.libraryelements=classes, org.gradle.plugin.api-version=8.10, org.gradle.usage=java-runtime}
2025-03-10T17:43:18.235+0800 [DEBUG] [org.gradle.internal.component.model.LoggingAttributeMatchingExplanationBuilder] Candidate gradle.plugin.com.github.johnrengelman:shadow:7.1.2 configuration runtime doesn't match attributes {org.gradle.category=library, org.gradle.dependency.bundling=external, org.gradle.internal.instrumented=analyzed-artifact, org.gradle.jvm.version=23, org.gradle.libraryelements=classes, org.gradle.plugin.api-version=8.10, org.gradle.usage=java-runtime}
2025-03-10T17:43:18.235+0800 [DEBUG] [org.gradle.internal.component.model.LoggingAttributeMatchingExplanationBuilder] Candidate org.apache.logging.log4j:log4j-core:2.17.1 configuration runtime doesn't match attributes {org.gradle.category=library, org.gradle.dependency.bundling=external, org.gradle.internal.instrumented=analyzed-artifact, org.gradle.jvm.version=23, org.gradle.libraryelements=classes, org.gradle.plugin.api-version=8.10, org.gradle.usage=java-runtime}
2025-03-10T17:43:18.235+0800 [DEBUG] [org.gradle.internal.component.model.LoggingAttributeMatchingExplanationBuilder] Candidate org.jetbrains.kotlin:kotlin-stdlib-jdk8:1.8.22 configuration runtime doesn't match attributes {org.gradle.category=library, org.gradle.dependency.bundling=external, org.gradle.internal.instrumented=analyzed-artifact, org.gradle.jvm.version=23, org.gradle.libraryelements=classes, org.gradle.plugin.api-version=8.10, org.gradle.usage=java-runtime}
2025-03-10T17:43:18.235+0800 [DEBUG] [org.gradle.internal.component.model.LoggingAttributeMatchingExplanationBuilder] Candidate org.jetbrains.kotlin:kotlin-stdlib-jdk7:1.8.22 configuration runtime doesn't match attributes {org.gradle.category=library, org.gradle.dependency.bundling=external, org.gradle.internal.instrumented=analyzed-artifact, org.gradle.jvm.version=23, org.gradle.libraryelements=classes, org.gradle.plugin.api-version=8.10, org.gradle.usage=java-runtime}
2025-03-10T17:43:18.235+0800 [DEBUG] [org.gradle.internal.component.model.LoggingAttributeMatchingExplanationBuilder] Candidate org.jetbrains.kotlin:kotlin-stdlib:1.9.24 variant jvmRuntimeElements doesn't match attributes {org.gradle.category=library, org.gradle.dependency.bundling=external, org.gradle.internal.instrumented=analyzed-artifact, org.gradle.jvm.version=23, org.gradle.libraryelements=classes, org.gradle.plugin.api-version=8.10, org.gradle.usage=java-runtime}
2025-03-10T17:43:18.235+0800 [DEBUG] [org.gradle.internal.component.model.LoggingAttributeMatchingExplanationBuilder] Candidate org.jetbrains:annotations:13.0 configuration runtime doesn't match attributes {org.gradle.category=library, org.gradle.dependency.bundling=external, org.gradle.internal.instrumented=analyzed-artifact, org.gradle.jvm.version=23, org.gradle.libraryelements=classes, org.gradle.plugin.api-version=8.10, org.gradle.usage=java-runtime}
2025-03-10T17:43:18.235+0800 [DEBUG] [org.gradle.internal.component.model.LoggingAttributeMatchingExplanationBuilder] Candidate org.jetbrains.kotlin:kotlin-serialization:2.1.10 variant gradle85RuntimeElements doesn't match attributes {org.gradle.category=library, org.gradle.dependency.bundling=external, org.gradle.internal.instrumented=analyzed-artifact, org.gradle.jvm.version=23, org.gradle.libraryelements=classes, org.gradle.plugin.api-version=8.10, org.gradle.usage=java-runtime}
2025-03-10T17:43:18.235+0800 [DEBUG] [org.gradle.internal.component.model.LoggingAttributeMatchingExplanationBuilder] Candidate org.jetbrains.kotlin:kotlin-gradle-plugin-model:2.1.10 variant runtimeElementsWithFixedAttribute doesn't match attributes {org.gradle.category=library, org.gradle.dependency.bundling=external, org.gradle.internal.instrumented=analyzed-artifact, org.gradle.jvm.version=23, org.gradle.libraryelements=classes, org.gradle.plugin.api-version=8.10, org.gradle.usage=java-runtime}
2025-03-10T17:43:18.235+0800 [DEBUG] [org.gradle.internal.component.model.LoggingAttributeMatchingExplanationBuilder] Candidate org.jetbrains.kotlin:kotlin-gradle-plugin-api:2.1.10 variant runtimeElementsWithFixedAttribute doesn't match attributes {org.gradle.category=library, org.gradle.dependency.bundling=external, org.gradle.internal.instrumented=analyzed-artifact, org.gradle.jvm.version=23, org.gradle.libraryelements=classes, org.gradle.plugin.api-version=8.10, org.gradle.usage=java-runtime}
2025-03-10T17:43:18.235+0800 [DEBUG] [org.gradle.internal.component.model.LoggingAttributeMatchingExplanationBuilder] Candidate org.jetbrains.kotlin:kotlin-gradle-plugin-api:2.1.10 variant gradle85RuntimeElements doesn't match attributes {org.gradle.category=library, org.gradle.dependency.bundling=external, org.gradle.internal.instrumented=analyzed-artifact, org.gradle.jvm.version=23, org.gradle.libraryelements=classes, org.gradle.plugin.api-version=8.10, org.gradle.usage=java-runtime}
2025-03-10T17:43:18.235+0800 [DEBUG] [org.gradle.internal.component.model.LoggingAttributeMatchingExplanationBuilder] Candidate org.jetbrains.kotlin:kotlin-gradle-plugins-bom:2.1.10 variant runtimeElements doesn't match attributes {org.gradle.category=platform, org.gradle.dependency.bundling=external, org.gradle.internal.instrumented=analyzed-artifact, org.gradle.jvm.version=23, org.gradle.libraryelements=classes, org.gradle.plugin.api-version=8.10, org.gradle.usage=java-runtime}
2025-03-10T17:43:18.235+0800 [DEBUG] [org.gradle.internal.component.model.LoggingAttributeMatchingExplanationBuilder] Candidate org.jetbrains.kotlin:kotlin-gradle-plugins-bom:2.1.10 variant runtimeElements doesn't match attributes {org.gradle.category=platform, org.gradle.dependency.bundling=external, org.gradle.internal.instrumented=analyzed-artifact, org.gradle.jvm.version=23, org.gradle.libraryelements=classes, org.gradle.plugin.api-version=8.10, org.gradle.usage=java-runtime}
2025-03-10T17:43:18.235+0800 [DEBUG] [org.gradle.internal.component.model.LoggingAttributeMatchingExplanationBuilder] Candidate org.jetbrains.kotlin:kotlin-gradle-plugins-bom:2.1.10 variant runtimeElements doesn't match attributes {org.gradle.category=platform, org.gradle.dependency.bundling=external, org.gradle.internal.instrumented=analyzed-artifact, org.gradle.jvm.version=23, org.gradle.libraryelements=classes, org.gradle.plugin.api-version=8.10, org.gradle.usage=java-runtime}
2025-03-10T17:43:18.235+0800 [DEBUG] [org.gradle.internal.component.model.LoggingAttributeMatchingExplanationBuilder] Candidate org.jetbrains.kotlin:kotlin-gradle-plugins-bom:2.1.10 variant runtimeElements doesn't match attributes {org.gradle.category=platform, org.gradle.dependency.bundling=external, org.gradle.internal.instrumented=analyzed-artifact, org.gradle.jvm.version=23, org.gradle.libraryelements=classes, org.gradle.plugin.api-version=8.10, org.gradle.usage=java-runtime}
2025-03-10T17:43:18.235+0800 [DEBUG] [org.gradle.internal.component.model.LoggingAttributeMatchingExplanationBuilder] Candidate org.jetbrains.kotlin:kotlin-gradle-plugins-bom:2.1.10 variant runtimeElements doesn't match attributes {org.gradle.category=platform, org.gradle.dependency.bundling=external, org.gradle.internal.instrumented=analyzed-artifact, org.gradle.jvm.version=23, org.gradle.libraryelements=classes, org.gradle.plugin.api-version=8.10, org.gradle.usage=java-runtime}
2025-03-10T17:43:18.235+0800 [DEBUG] [org.gradle.internal.component.model.LoggingAttributeMatchingExplanationBuilder] Candidate org.jetbrains.kotlin:kotlin-gradle-plugin:2.1.10 variant gradle85RuntimeElements doesn't match attributes {org.gradle.category=library, org.gradle.dependency.bundling=external, org.gradle.internal.instrumented=analyzed-artifact, org.gradle.jvm.version=23, org.gradle.libraryelements=classes, org.gradle.plugin.api-version=8.10, org.gradle.usage=java-runtime}
2025-03-10T17:43:18.235+0800 [DEBUG] [org.gradle.internal.component.model.LoggingAttributeMatchingExplanationBuilder] Candidate org.jetbrains.kotlin:kotlin-gradle-plugin-idea-proto:2.1.10 configuration runtime doesn't match attributes {org.gradle.category=library, org.gradle.dependency.bundling=external, org.gradle.internal.instrumented=analyzed-artifact, org.gradle.jvm.version=23, org.gradle.libraryelements=classes, org.gradle.plugin.api-version=8.10, org.gradle.usage=java-runtime}
2025-03-10T17:43:18.235+0800 [DEBUG] [org.gradle.internal.component.model.LoggingAttributeMatchingExplanationBuilder] Candidate org.jetbrains.kotlin:kotlin-gradle-plugin-idea:2.1.10 variant runtimeElements doesn't match attributes {org.gradle.category=library, org.gradle.dependency.bundling=external, org.gradle.internal.instrumented=analyzed-artifact, org.gradle.jvm.version=23, org.gradle.libraryelements=classes, org.gradle.plugin.api-version=8.10, org.gradle.usage=java-runtime}
2025-03-10T17:43:18.236+0800 [DEBUG] [org.gradle.internal.component.model.LoggingAttributeMatchingExplanationBuilder] Candidate org.jetbrains.kotlin:kotlin-klib-commonizer-api:2.1.10 configuration runtime doesn't match attributes {org.gradle.category=library, org.gradle.dependency.bundling=external, org.gradle.internal.instrumented=analyzed-artifact, org.gradle.jvm.version=23, org.gradle.libraryelements=classes, org.gradle.plugin.api-version=8.10, org.gradle.usage=java-runtime}
2025-03-10T17:43:18.236+0800 [DEBUG] [org.gradle.internal.component.model.LoggingAttributeMatchingExplanationBuilder] Candidate org.jetbrains.kotlin:kotlin-build-statistics:2.1.10 configuration runtime doesn't match attributes {org.gradle.category=library, org.gradle.dependency.bundling=external, org.gradle.internal.instrumented=analyzed-artifact, org.gradle.jvm.version=23, org.gradle.libraryelements=classes, org.gradle.plugin.api-version=8.10, org.gradle.usage=java-runtime}
2025-03-10T17:43:18.236+0800 [DEBUG] [org.gradle.internal.component.model.LoggingAttributeMatchingExplanationBuilder] Candidate org.jetbrains.kotlin:kotlin-util-klib-metadata:2.1.10 configuration runtime doesn't match attributes {org.gradle.category=library, org.gradle.dependency.bundling=external, org.gradle.internal.instrumented=analyzed-artifact, org.gradle.jvm.version=23, org.gradle.libraryelements=classes, org.gradle.plugin.api-version=8.10, org.gradle.usage=java-runtime}
2025-03-10T17:43:18.236+0800 [DEBUG] [org.gradle.internal.component.model.LoggingAttributeMatchingExplanationBuilder] Candidate org.jetbrains.kotlin:kotlin-compiler-runner:2.1.10 configuration runtime doesn't match attributes {org.gradle.category=library, org.gradle.dependency.bundling=external, org.gradle.internal.instrumented=analyzed-artifact, org.gradle.jvm.version=23, org.gradle.libraryelements=classes, org.gradle.plugin.api-version=8.10, org.gradle.usage=java-runtime}
2025-03-10T17:43:18.236+0800 [DEBUG] [org.gradle.internal.component.model.LoggingAttributeMatchingExplanationBuilder] Candidate com.google.cloud.tools:jib-gradle-plugin:3.4.0 variant runtimeElements doesn't match attributes {org.gradle.category=library, org.gradle.dependency.bundling=external, org.gradle.internal.instrumented=analyzed-artifact, org.gradle.jvm.version=23, org.gradle.libraryelements=classes, org.gradle.plugin.api-version=8.10, org.gradle.usage=java-runtime}
2025-03-10T17:43:18.236+0800 [DEBUG] [org.gradle.internal.component.model.LoggingAttributeMatchingExplanationBuilder] Candidate org.graalvm.buildtools.native:org.graalvm.buildtools.native.gradle.plugin:0.9.23 configuration runtime doesn't match attributes {org.gradle.category=library, org.gradle.dependency.bundling=external, org.gradle.internal.instrumented=analyzed-artifact, org.gradle.jvm.version=23, org.gradle.libraryelements=classes, org.gradle.plugin.api-version=8.10, org.gradle.usage=java-runtime}
2025-03-10T17:43:18.236+0800 [DEBUG] [org.gradle.internal.component.model.LoggingAttributeMatchingExplanationBuilder] Candidate org.jetbrains.kotlin:kotlin-gradle-plugin-annotations:2.1.10 configuration runtime doesn't match attributes {org.gradle.category=library, org.gradle.dependency.bundling=external, org.gradle.internal.instrumented=analyzed-artifact, org.gradle.jvm.version=23, org.gradle.libraryelements=classes, org.gradle.plugin.api-version=8.10, org.gradle.usage=java-runtime}
2025-03-10T17:43:18.236+0800 [DEBUG] [org.gradle.internal.component.model.LoggingAttributeMatchingExplanationBuilder] Candidate org.jetbrains.kotlin:kotlin-native-utils:2.1.10 configuration runtime doesn't match attributes {org.gradle.category=library, org.gradle.dependency.bundling=external, org.gradle.internal.instrumented=analyzed-artifact, org.gradle.jvm.version=23, org.gradle.libraryelements=classes, org.gradle.plugin.api-version=8.10, org.gradle.usage=java-runtime}
2025-03-10T17:43:18.236+0800 [DEBUG] [org.gradle.internal.component.model.LoggingAttributeMatchingExplanationBuilder] Candidate org.jetbrains.kotlin:kotlin-tooling-core:2.1.10 configuration runtime doesn't match attributes {org.gradle.category=library, org.gradle.dependency.bundling=external, org.gradle.internal.instrumented=analyzed-artifact, org.gradle.jvm.version=23, org.gradle.libraryelements=classes, org.gradle.plugin.api-version=8.10, org.gradle.usage=java-runtime}
2025-03-10T17:43:18.236+0800 [DEBUG] [org.gradle.internal.component.model.LoggingAttributeMatchingExplanationBuilder] Candidate org.jetbrains.kotlin:kotlin-build-tools-api:2.1.10 configuration runtime doesn't match attributes {org.gradle.category=library, org.gradle.dependency.bundling=external, org.gradle.internal.instrumented=analyzed-artifact, org.gradle.jvm.version=23, org.gradle.libraryelements=classes, org.gradle.plugin.api-version=8.10, org.gradle.usage=java-runtime}
2025-03-10T17:43:18.236+0800 [DEBUG] [org.gradle.internal.component.model.LoggingAttributeMatchingExplanationBuilder] Candidate com.google.auth:google-auth-library-oauth2-http:1.10.0 configuration runtime doesn't match attributes {org.gradle.category=library, org.gradle.dependency.bundling=external, org.gradle.internal.instrumented=analyzed-artifact, org.gradle.jvm.version=23, org.gradle.libraryelements=classes, org.gradle.plugin.api-version=8.10, org.gradle.usage=java-runtime}
2025-03-10T17:43:18.236+0800 [DEBUG] [org.gradle.internal.component.model.LoggingAttributeMatchingExplanationBuilder] Candidate com.google.http-client:google-http-client-gson:1.42.2 configuration runtime doesn't match attributes {org.gradle.category=library, org.gradle.dependency.bundling=external, org.gradle.internal.instrumented=analyzed-artifact, org.gradle.jvm.version=23, org.gradle.libraryelements=classes, org.gradle.plugin.api-version=8.10, org.gradle.usage=java-runtime}
2025-03-10T17:43:18.236+0800 [DEBUG] [org.gradle.internal.component.model.LoggingAttributeMatchingExplanationBuilder] Candidate com.google.code.gson:gson:2.9.0 configuration runtime doesn't match attributes {org.gradle.category=library, org.gradle.dependency.bundling=external, org.gradle.internal.instrumented=analyzed-artifact, org.gradle.jvm.version=23, org.gradle.libraryelements=classes, org.gradle.plugin.api-version=8.10, org.gradle.usage=java-runtime}
2025-03-10T17:43:18.236+0800 [DEBUG] [org.gradle.internal.component.model.LoggingAttributeMatchingExplanationBuilder] Candidate org.jetbrains.kotlin:kotlin-util-klib:2.1.10 configuration runtime doesn't match attributes {org.gradle.category=library, org.gradle.dependency.bundling=external, org.gradle.internal.instrumented=analyzed-artifact, org.gradle.jvm.version=23, org.gradle.libraryelements=classes, org.gradle.plugin.api-version=8.10, org.gradle.usage=java-runtime}
2025-03-10T17:43:18.236+0800 [DEBUG] [org.gradle.internal.component.model.LoggingAttributeMatchingExplanationBuilder] Candidate org.jetbrains.kotlin:kotlin-util-io:2.1.10 configuration runtime doesn't match attributes {org.gradle.category=library, org.gradle.dependency.bundling=external, org.gradle.internal.instrumented=analyzed-artifact, org.gradle.jvm.version=23, org.gradle.libraryelements=classes, org.gradle.plugin.api-version=8.10, org.gradle.usage=java-runtime}
2025-03-10T17:43:18.236+0800 [DEBUG] [org.gradle.internal.component.model.LoggingAttributeMatchingExplanationBuilder] Candidate org.jetbrains.kotlin:kotlin-daemon-client:2.1.10 configuration runtime doesn't match attributes {org.gradle.category=library, org.gradle.dependency.bundling=external, org.gradle.internal.instrumented=analyzed-artifact, org.gradle.jvm.version=23, org.gradle.libraryelements=classes, org.gradle.plugin.api-version=8.10, org.gradle.usage=java-runtime}
2025-03-10T17:43:18.236+0800 [DEBUG] [org.gradle.internal.component.model.LoggingAttributeMatchingExplanationBuilder] Candidate org.jetbrains.kotlinx:kotlinx-coroutines-core-jvm:1.6.4 variant jvmRuntimeElements-published doesn't match attributes {org.gradle.category=library, org.gradle.dependency.bundling=external, org.gradle.internal.instrumented=analyzed-artifact, org.gradle.jvm.version=23, org.gradle.libraryelements=classes, org.gradle.plugin.api-version=8.10, org.gradle.usage=java-runtime}
2025-03-10T17:43:18.236+0800 [DEBUG] [org.gradle.internal.component.model.LoggingAttributeMatchingExplanationBuilder] Candidate com.google.http-client:google-http-client-apache-v2:1.42.2 configuration runtime doesn't match attributes {org.gradle.category=library, org.gradle.dependency.bundling=external, org.gradle.internal.instrumented=analyzed-artifact, org.gradle.jvm.version=23, org.gradle.libraryelements=classes, org.gradle.plugin.api-version=8.10, org.gradle.usage=java-runtime}
2025-03-10T17:43:18.236+0800 [DEBUG] [org.gradle.internal.component.model.LoggingAttributeMatchingExplanationBuilder] Candidate com.google.http-client:google-http-client:1.42.2 configuration runtime doesn't match attributes {org.gradle.category=library, org.gradle.dependency.bundling=external, org.gradle.internal.instrumented=analyzed-artifact, org.gradle.jvm.version=23, org.gradle.libraryelements=classes, org.gradle.plugin.api-version=8.10, org.gradle.usage=java-runtime}
2025-03-10T17:43:18.236+0800 [DEBUG] [org.gradle.internal.component.model.LoggingAttributeMatchingExplanationBuilder] Candidate org.apache.commons:commons-compress:1.21 configuration runtime doesn't match attributes {org.gradle.category=library, org.gradle.dependency.bundling=external, org.gradle.internal.instrumented=analyzed-artifact, org.gradle.jvm.version=23, org.gradle.libraryelements=classes, org.gradle.plugin.api-version=8.10, org.gradle.usage=java-runtime}
2025-03-10T17:43:18.236+0800 [DEBUG] [org.gradle.internal.component.model.LoggingAttributeMatchingExplanationBuilder] Candidate io.opencensus:opencensus-contrib-http-util:0.31.1 configuration runtime doesn't match attributes {org.gradle.category=library, org.gradle.dependency.bundling=external, org.gradle.internal.instrumented=analyzed-artifact, org.gradle.jvm.version=23, org.gradle.libraryelements=classes, org.gradle.plugin.api-version=8.10, org.gradle.usage=java-runtime}
2025-03-10T17:43:18.236+0800 [DEBUG] [org.gradle.internal.component.model.LoggingAttributeMatchingExplanationBuilder] Candidate com.google.guava:guava:32.1.2-jre variant jreRuntimeElements doesn't match attributes {org.gradle.category=library, org.gradle.dependency.bundling=external, org.gradle.internal.instrumented=analyzed-artifact, org.gradle.jvm.version=23, org.gradle.libraryelements=classes, org.gradle.plugin.api-version=8.10, org.gradle.usage=java-runtime}
2025-03-10T17:43:18.236+0800 [DEBUG] [org.gradle.internal.component.model.LoggingAttributeMatchingExplanationBuilder] Candidate com.fasterxml.jackson.datatype:jackson-datatype-jsr310:2.15.2 variant runtimeElements doesn't match attributes {org.gradle.category=library, org.gradle.dependency.bundling=external, org.gradle.internal.instrumented=analyzed-artifact, org.gradle.jvm.version=23, org.gradle.libraryelements=classes, org.gradle.plugin.api-version=8.10, org.gradle.usage=java-runtime}
2025-03-10T17:43:18.236+0800 [DEBUG] [org.gradle.internal.component.model.LoggingAttributeMatchingExplanationBuilder] Candidate org.graalvm.buildtools:native-gradle-plugin:0.9.23 variant runtimeElements doesn't match attributes {org.gradle.category=library, org.gradle.dependency.bundling=external, org.gradle.internal.instrumented=analyzed-artifact, org.gradle.jvm.version=23, org.gradle.libraryelements=classes, org.gradle.plugin.api-version=8.10, org.gradle.usage=java-runtime}
2025-03-10T17:43:18.236+0800 [DEBUG] [org.gradle.internal.component.model.LoggingAttributeMatchingExplanationBuilder] Candidate org.graalvm.buildtools:utils:0.9.23 variant runtimeElements doesn't match attributes {org.gradle.category=library, org.gradle.dependency.bundling=external, org.gradle.internal.instrumented=analyzed-artifact, org.gradle.jvm.version=23, org.gradle.libraryelements=classes, org.gradle.plugin.api-version=8.10, org.gradle.usage=java-runtime}
2025-03-10T17:43:18.236+0800 [DEBUG] [org.gradle.internal.component.model.LoggingAttributeMatchingExplanationBuilder] Candidate org.graalvm.buildtools:graalvm-reachability-metadata:0.9.23 variant runtimeElements doesn't match attributes {org.gradle.category=library, org.gradle.dependency.bundling=external, org.gradle.internal.instrumented=analyzed-artifact, org.gradle.jvm.version=23, org.gradle.libraryelements=classes, org.gradle.plugin.api-version=8.10, org.gradle.usage=java-runtime}
2025-03-10T17:43:18.236+0800 [DEBUG] [org.gradle.internal.component.model.LoggingAttributeMatchingExplanationBuilder] Candidate com.fasterxml.jackson.core:jackson-databind:2.15.2 variant runtimeElements doesn't match attributes {org.gradle.category=library, org.gradle.dependency.bundling=external, org.gradle.internal.instrumented=analyzed-artifact, org.gradle.jvm.version=23, org.gradle.libraryelements=classes, org.gradle.plugin.api-version=8.10, org.gradle.usage=java-runtime}
2025-03-10T17:43:18.236+0800 [DEBUG] [org.gradle.internal.component.model.LoggingAttributeMatchingExplanationBuilder] Candidate com.fasterxml.jackson.core:jackson-annotations:2.15.2 variant runtimeElements doesn't match attributes {org.gradle.category=library, org.gradle.dependency.bundling=external, org.gradle.internal.instrumented=analyzed-artifact, org.gradle.jvm.version=23, org.gradle.libraryelements=classes, org.gradle.plugin.api-version=8.10, org.gradle.usage=java-runtime}
2025-03-10T17:43:18.236+0800 [DEBUG] [org.gradle.internal.component.model.LoggingAttributeMatchingExplanationBuilder] Candidate com.fasterxml.jackson.core:jackson-core:2.15.2 variant runtimeElements doesn't match attributes {org.gradle.category=library, org.gradle.dependency.bundling=external, org.gradle.internal.instrumented=analyzed-artifact, org.gradle.jvm.version=23, org.gradle.libraryelements=classes, org.gradle.plugin.api-version=8.10, org.gradle.usage=java-runtime}
2025-03-10T17:43:18.236+0800 [DEBUG] [org.gradle.internal.component.model.LoggingAttributeMatchingExplanationBuilder] Candidate com.fasterxml.jackson:jackson-bom:2.15.2 configuration platform-runtime doesn't match attributes {org.gradle.category=platform, org.gradle.dependency.bundling=external, org.gradle.internal.instrumented=analyzed-artifact, org.gradle.jvm.version=23, org.gradle.libraryelements=classes, org.gradle.plugin.api-version=8.10, org.gradle.usage=java-runtime}
2025-03-10T17:43:18.236+0800 [DEBUG] [org.gradle.internal.component.model.LoggingAttributeMatchingExplanationBuilder] Candidate com.fasterxml.jackson:jackson-bom:2.15.2 configuration platform-runtime doesn't match attributes {org.gradle.category=platform, org.gradle.dependency.bundling=external, org.gradle.internal.instrumented=analyzed-artifact, org.gradle.jvm.version=23, org.gradle.libraryelements=classes, org.gradle.plugin.api-version=8.10, org.gradle.usage=java-runtime}
2025-03-10T17:43:18.236+0800 [DEBUG] [org.gradle.internal.component.model.LoggingAttributeMatchingExplanationBuilder] Candidate com.fasterxml.jackson:jackson-bom:2.15.2 configuration platform-runtime doesn't match attributes {org.gradle.category=platform, org.gradle.dependency.bundling=external, org.gradle.internal.instrumented=analyzed-artifact, org.gradle.jvm.version=23, org.gradle.libraryelements=classes, org.gradle.plugin.api-version=8.10, org.gradle.usage=java-runtime}
2025-03-10T17:43:18.236+0800 [DEBUG] [org.gradle.internal.component.model.LoggingAttributeMatchingExplanationBuilder] Candidate com.fasterxml.jackson:jackson-bom:2.15.2 configuration platform-runtime doesn't match attributes {org.gradle.category=platform, org.gradle.dependency.bundling=external, org.gradle.internal.instrumented=analyzed-artifact, org.gradle.jvm.version=23, org.gradle.libraryelements=classes, org.gradle.plugin.api-version=8.10, org.gradle.usage=java-runtime}
2025-03-10T17:43:18.236+0800 [DEBUG] [org.gradle.internal.component.model.LoggingAttributeMatchingExplanationBuilder] Candidate com.fasterxml.jackson:jackson-bom:2.15.2 configuration platform-runtime doesn't match attributes {org.gradle.category=platform, org.gradle.dependency.bundling=external, org.gradle.internal.instrumented=analyzed-artifact, org.gradle.jvm.version=23, org.gradle.libraryelements=classes, org.gradle.plugin.api-version=8.10, org.gradle.usage=java-runtime}
2025-03-10T17:43:18.236+0800 [DEBUG] [org.gradle.internal.component.model.LoggingAttributeMatchingExplanationBuilder] Candidate org.ow2.asm:asm-commons:9.2 configuration runtime doesn't match attributes {org.gradle.category=library, org.gradle.dependency.bundling=external, org.gradle.internal.instrumented=analyzed-artifact, org.gradle.jvm.version=23, org.gradle.libraryelements=classes, org.gradle.plugin.api-version=8.10, org.gradle.usage=java-runtime}
2025-03-10T17:43:18.236+0800 [DEBUG] [org.gradle.internal.component.model.LoggingAttributeMatchingExplanationBuilder] Candidate org.ow2.asm:asm-analysis:9.2 configuration runtime doesn't match attributes {org.gradle.category=library, org.gradle.dependency.bundling=external, org.gradle.internal.instrumented=analyzed-artifact, org.gradle.jvm.version=23, org.gradle.libraryelements=classes, org.gradle.plugin.api-version=8.10, org.gradle.usage=java-runtime}
2025-03-10T17:43:18.236+0800 [DEBUG] [org.gradle.internal.component.model.LoggingAttributeMatchingExplanationBuilder] Candidate org.ow2.asm:asm-tree:9.2 configuration runtime doesn't match attributes {org.gradle.category=library, org.gradle.dependency.bundling=external, org.gradle.internal.instrumented=analyzed-artifact, org.gradle.jvm.version=23, org.gradle.libraryelements=classes, org.gradle.plugin.api-version=8.10, org.gradle.usage=java-runtime}
2025-03-10T17:43:18.236+0800 [DEBUG] [org.gradle.internal.component.model.LoggingAttributeMatchingExplanationBuilder] Candidate org.ow2.asm:asm:9.5 configuration runtime doesn't match attributes {org.gradle.category=library, org.gradle.dependency.bundling=external, org.gradle.internal.instrumented=analyzed-artifact, org.gradle.jvm.version=23, org.gradle.libraryelements=classes, org.gradle.plugin.api-version=8.10, org.gradle.usage=java-runtime}
2025-03-10T17:43:18.236+0800 [DEBUG] [org.gradle.internal.component.model.LoggingAttributeMatchingExplanationBuilder] Candidate com.google.cloud.tools:jib-gradle-plugin-extension-api:0.4.0 configuration runtime doesn't match attributes {org.gradle.category=library, org.gradle.dependency.bundling=external, org.gradle.internal.instrumented=analyzed-artifact, org.gradle.jvm.version=23, org.gradle.libraryelements=classes, org.gradle.plugin.api-version=8.10, org.gradle.usage=java-runtime}
2025-03-10T17:43:18.236+0800 [DEBUG] [org.gradle.internal.component.model.LoggingAttributeMatchingExplanationBuilder] Candidate com.google.cloud.tools:jib-build-plan:0.4.0 configuration runtime doesn't match attributes {org.gradle.category=library, org.gradle.dependency.bundling=external, org.gradle.internal.instrumented=analyzed-artifact, org.gradle.jvm.version=23, org.gradle.libraryelements=classes, org.gradle.plugin.api-version=8.10, org.gradle.usage=java-runtime}
2025-03-10T17:43:18.236+0800 [DEBUG] [org.gradle.internal.component.model.LoggingAttributeMatchingExplanationBuilder] Candidate com.google.cloud.tools:jib-plugins-extension-common:0.2.0 configuration runtime doesn't match attributes {org.gradle.category=library, org.gradle.dependency.bundling=external, org.gradle.internal.instrumented=analyzed-artifact, org.gradle.jvm.version=23, org.gradle.libraryelements=classes, org.gradle.plugin.api-version=8.10, org.gradle.usage=java-runtime}
2025-03-10T17:43:18.236+0800 [DEBUG] [org.gradle.internal.component.model.LoggingAttributeMatchingExplanationBuilder] Candidate org.jdom:jdom2:2.0.6 configuration runtime doesn't match attributes {org.gradle.category=library, org.gradle.dependency.bundling=external, org.gradle.internal.instrumented=analyzed-artifact, org.gradle.jvm.version=23, org.gradle.libraryelements=classes, org.gradle.plugin.api-version=8.10, org.gradle.usage=java-runtime}
2025-03-10T17:43:18.236+0800 [DEBUG] [org.gradle.internal.component.model.LoggingAttributeMatchingExplanationBuilder] Candidate commons-io:commons-io:2.11.0 configuration runtime doesn't match attributes {org.gradle.category=library, org.gradle.dependency.bundling=external, org.gradle.internal.instrumented=analyzed-artifact, org.gradle.jvm.version=23, org.gradle.libraryelements=classes, org.gradle.plugin.api-version=8.10, org.gradle.usage=java-runtime}
2025-03-10T17:43:18.236+0800 [DEBUG] [org.gradle.internal.component.model.LoggingAttributeMatchingExplanationBuilder] Candidate org.apache.ant:ant:1.10.11 configuration runtime doesn't match attributes {org.gradle.category=library, org.gradle.dependency.bundling=external, org.gradle.internal.instrumented=analyzed-artifact, org.gradle.jvm.version=23, org.gradle.libraryelements=classes, org.gradle.plugin.api-version=8.10, org.gradle.usage=java-runtime}
2025-03-10T17:43:18.236+0800 [DEBUG] [org.gradle.internal.component.model.LoggingAttributeMatchingExplanationBuilder] Candidate org.codehaus.plexus:plexus-utils:3.4.1 configuration runtime doesn't match attributes {org.gradle.category=library, org.gradle.dependency.bundling=external, org.gradle.internal.instrumented=analyzed-artifact, org.gradle.jvm.version=23, org.gradle.libraryelements=classes, org.gradle.plugin.api-version=8.10, org.gradle.usage=java-runtime}
2025-03-10T17:43:18.236+0800 [DEBUG] [org.gradle.internal.component.model.LoggingAttributeMatchingExplanationBuilder] Candidate org.vafer:jdependency:2.7.0 configuration runtime doesn't match attributes {org.gradle.category=library, org.gradle.dependency.bundling=external, org.gradle.internal.instrumented=analyzed-artifact, org.gradle.jvm.version=23, org.gradle.libraryelements=classes, org.gradle.plugin.api-version=8.10, org.gradle.usage=java-runtime}
2025-03-10T17:43:18.236+0800 [DEBUG] [org.gradle.internal.component.model.LoggingAttributeMatchingExplanationBuilder] Candidate org.apache.httpcomponents:httpclient:4.5.13 configuration runtime doesn't match attributes {org.gradle.category=library, org.gradle.dependency.bundling=external, org.gradle.internal.instrumented=analyzed-artifact, org.gradle.jvm.version=23, org.gradle.libraryelements=classes, org.gradle.plugin.api-version=8.10, org.gradle.usage=java-runtime}
2025-03-10T17:43:18.236+0800 [DEBUG] [org.gradle.internal.component.model.LoggingAttributeMatchingExplanationBuilder] Candidate org.apache.httpcomponents:httpcore:4.4.15 configuration runtime doesn't match attributes {org.gradle.category=library, org.gradle.dependency.bundling=external, org.gradle.internal.instrumented=analyzed-artifact, org.gradle.jvm.version=23, org.gradle.libraryelements=classes, org.gradle.plugin.api-version=8.10, org.gradle.usage=java-runtime}
2025-03-10T17:43:18.236+0800 [DEBUG] [org.gradle.internal.component.model.LoggingAttributeMatchingExplanationBuilder] Candidate com.google.guava:guava-parent:32.1.2-jre configuration platform-runtime doesn't match attributes {org.gradle.category=platform, org.gradle.dependency.bundling=external, org.gradle.internal.instrumented=analyzed-artifact, org.gradle.jvm.version=23, org.gradle.libraryelements=classes, org.gradle.plugin.api-version=8.10, org.gradle.usage=java-runtime}
2025-03-10T17:43:18.237+0800 [DEBUG] [org.gradle.internal.component.model.LoggingAttributeMatchingExplanationBuilder] Candidate com.google.code.findbugs:jsr305:3.0.2 configuration runtime doesn't match attributes {org.gradle.category=library, org.gradle.dependency.bundling=external, org.gradle.internal.instrumented=analyzed-artifact, org.gradle.jvm.version=23, org.gradle.libraryelements=classes, org.gradle.plugin.api-version=8.10, org.gradle.usage=java-runtime}
2025-03-10T17:43:18.237+0800 [DEBUG] [org.gradle.internal.component.model.LoggingAttributeMatchingExplanationBuilder] Candidate com.google.j2objc:j2objc-annotations:2.8 configuration runtime doesn't match attributes {org.gradle.category=library, org.gradle.dependency.bundling=external, org.gradle.internal.instrumented=analyzed-artifact, org.gradle.jvm.version=23, org.gradle.libraryelements=classes, org.gradle.plugin.api-version=8.10, org.gradle.usage=java-runtime}
2025-03-10T17:43:18.237+0800 [DEBUG] [org.gradle.internal.component.model.LoggingAttributeMatchingExplanationBuilder] Candidate io.opencensus:opencensus-api:0.31.1 configuration runtime doesn't match attributes {org.gradle.category=library, org.gradle.dependency.bundling=external, org.gradle.internal.instrumented=analyzed-artifact, org.gradle.jvm.version=23, org.gradle.libraryelements=classes, org.gradle.plugin.api-version=8.10, org.gradle.usage=java-runtime}
2025-03-10T17:43:18.237+0800 [DEBUG] [org.gradle.internal.component.model.LoggingAttributeMatchingExplanationBuilder] Candidate com.google.auto.value:auto-value-annotations:1.9 configuration runtime doesn't match attributes {org.gradle.category=library, org.gradle.dependency.bundling=external, org.gradle.internal.instrumented=analyzed-artifact, org.gradle.jvm.version=23, org.gradle.libraryelements=classes, org.gradle.plugin.api-version=8.10, org.gradle.usage=java-runtime}
2025-03-10T17:43:18.237+0800 [DEBUG] [org.gradle.internal.component.model.LoggingAttributeMatchingExplanationBuilder] Candidate com.google.auth:google-auth-library-credentials:1.10.0 configuration runtime doesn't match attributes {org.gradle.category=library, org.gradle.dependency.bundling=external, org.gradle.internal.instrumented=analyzed-artifact, org.gradle.jvm.version=23, org.gradle.libraryelements=classes, org.gradle.plugin.api-version=8.10, org.gradle.usage=java-runtime}
2025-03-10T17:43:18.237+0800 [DEBUG] [org.gradle.internal.component.model.LoggingAttributeMatchingExplanationBuilder] Candidate com.google.guava:failureaccess:1.0.1 configuration runtime doesn't match attributes {org.gradle.category=library, org.gradle.dependency.bundling=external, org.gradle.internal.instrumented=analyzed-artifact, org.gradle.jvm.version=23, org.gradle.libraryelements=classes, org.gradle.plugin.api-version=8.10, org.gradle.usage=java-runtime}
2025-03-10T17:43:18.237+0800 [DEBUG] [org.gradle.internal.component.model.LoggingAttributeMatchingExplanationBuilder] Candidate com.google.guava:listenablefuture:9999.0-empty-to-avoid-conflict-with-guava configuration runtime doesn't match attributes {org.gradle.category=library, org.gradle.dependency.bundling=external, org.gradle.internal.instrumented=analyzed-artifact, org.gradle.jvm.version=23, org.gradle.libraryelements=classes, org.gradle.plugin.api-version=8.10, org.gradle.usage=java-runtime}
2025-03-10T17:43:18.237+0800 [DEBUG] [org.gradle.internal.component.model.LoggingAttributeMatchingExplanationBuilder] Candidate org.checkerframework:checker-qual:3.33.0 variant runtimeElements doesn't match attributes {org.gradle.category=library, org.gradle.dependency.bundling=external, org.gradle.internal.instrumented=analyzed-artifact, org.gradle.jvm.version=23, org.gradle.libraryelements=classes, org.gradle.plugin.api-version=8.10, org.gradle.usage=java-runtime}
2025-03-10T17:43:18.237+0800 [DEBUG] [org.gradle.internal.component.model.LoggingAttributeMatchingExplanationBuilder] Candidate com.google.errorprone:error_prone_annotations:2.18.0 configuration runtime doesn't match attributes {org.gradle.category=library, org.gradle.dependency.bundling=external, org.gradle.internal.instrumented=analyzed-artifact, org.gradle.jvm.version=23, org.gradle.libraryelements=classes, org.gradle.plugin.api-version=8.10, org.gradle.usage=java-runtime}
2025-03-10T17:43:18.237+0800 [DEBUG] [org.gradle.internal.component.model.LoggingAttributeMatchingExplanationBuilder] Candidate org.apache.ant:ant-launcher:1.10.11 configuration runtime doesn't match attributes {org.gradle.category=library, org.gradle.dependency.bundling=external, org.gradle.internal.instrumented=analyzed-artifact, org.gradle.jvm.version=23, org.gradle.libraryelements=classes, org.gradle.plugin.api-version=8.10, org.gradle.usage=java-runtime}
2025-03-10T17:43:18.237+0800 [DEBUG] [org.gradle.internal.component.model.LoggingAttributeMatchingExplanationBuilder] Candidate org.apache.logging.log4j:log4j-api:2.17.1 configuration runtime doesn't match attributes {org.gradle.category=library, org.gradle.dependency.bundling=external, org.gradle.internal.instrumented=analyzed-artifact, org.gradle.jvm.version=23, org.gradle.libraryelements=classes, org.gradle.plugin.api-version=8.10, org.gradle.usage=java-runtime}
2025-03-10T17:43:18.237+0800 [DEBUG] [org.gradle.internal.component.model.LoggingAttributeMatchingExplanationBuilder] Candidate commons-logging:commons-logging:1.2 configuration runtime doesn't match attributes {org.gradle.category=library, org.gradle.dependency.bundling=external, org.gradle.internal.instrumented=analyzed-artifact, org.gradle.jvm.version=23, org.gradle.libraryelements=classes, org.gradle.plugin.api-version=8.10, org.gradle.usage=java-runtime}
2025-03-10T17:43:18.237+0800 [DEBUG] [org.gradle.internal.component.model.LoggingAttributeMatchingExplanationBuilder] Candidate commons-codec:commons-codec:1.11 configuration runtime doesn't match attributes {org.gradle.category=library, org.gradle.dependency.bundling=external, org.gradle.internal.instrumented=analyzed-artifact, org.gradle.jvm.version=23, org.gradle.libraryelements=classes, org.gradle.plugin.api-version=8.10, org.gradle.usage=java-runtime}
2025-03-10T17:43:18.237+0800 [DEBUG] [org.gradle.internal.component.model.LoggingAttributeMatchingExplanationBuilder] Candidate io.grpc:grpc-context:1.27.2 configuration runtime doesn't match attributes {org.gradle.category=library, org.gradle.dependency.bundling=external, org.gradle.internal.instrumented=analyzed-artifact, org.gradle.jvm.version=23, org.gradle.libraryelements=classes, org.gradle.plugin.api-version=8.10, org.gradle.usage=java-runtime}
2025-03-10T17:43:18.237+0800 [INFO] [org.gradle.api.internal.artifacts.transform.TransformStep] Transforming plugin-2.3.6.jar (io.ktor.plugin:plugin:2.3.6) with InstrumentationAnalysisTransform
2025-03-10T17:43:18.237+0800 [DEBUG] [org.gradle.internal.operations.DefaultBuildOperationRunner] Build operation 'Identifying work' completed
2025-03-10T17:43:18.237+0800 [INFO] [org.gradle.api.internal.artifacts.transform.TransformStep] Transforming shadow-7.1.2.jar (gradle.plugin.com.github.johnrengelman:shadow:7.1.2) with InstrumentationAnalysisTransform
2025-03-10T17:43:18.237+0800 [DEBUG] [org.gradle.internal.operations.DefaultBuildOperationRunner] Build operation 'Identifying work' completed
2025-03-10T17:43:18.237+0800 [INFO] [org.gradle.api.internal.artifacts.transform.TransformStep] Transforming log4j-core-2.17.1.jar (org.apache.logging.log4j:log4j-core:2.17.1) with InstrumentationAnalysisTransform
2025-03-10T17:43:18.237+0800 [DEBUG] [org.gradle.internal.operations.DefaultBuildOperationRunner] Build operation 'Identifying work' completed
2025-03-10T17:43:18.237+0800 [INFO] [org.gradle.api.internal.artifacts.transform.TransformStep] Transforming kotlin-stdlib-jdk8-1.8.22.jar (org.jetbrains.kotlin:kotlin-stdlib-jdk8:1.8.22) with InstrumentationAnalysisTransform
2025-03-10T17:43:18.237+0800 [DEBUG] [org.gradle.internal.operations.DefaultBuildOperationRunner] Build operation 'Identifying work' completed
2025-03-10T17:43:18.237+0800 [INFO] [org.gradle.api.internal.artifacts.transform.TransformStep] Transforming kotlin-stdlib-jdk7-1.8.22.jar (org.jetbrains.kotlin:kotlin-stdlib-jdk7:1.8.22) with InstrumentationAnalysisTransform
2025-03-10T17:43:18.237+0800 [DEBUG] [org.gradle.internal.operations.DefaultBuildOperationRunner] Build operation 'Identifying work' completed
2025-03-10T17:43:18.237+0800 [INFO] [org.gradle.api.internal.artifacts.transform.TransformStep] Transforming kotlin-stdlib-1.9.24.jar (org.jetbrains.kotlin:kotlin-stdlib:1.9.24) with InstrumentationAnalysisTransform
2025-03-10T17:43:18.237+0800 [DEBUG] [org.gradle.internal.operations.DefaultBuildOperationRunner] Build operation 'Identifying work' completed
2025-03-10T17:43:18.237+0800 [INFO] [org.gradle.api.internal.artifacts.transform.TransformStep] Transforming annotations-13.0.jar (org.jetbrains:annotations:13.0) with InstrumentationAnalysisTransform
2025-03-10T17:43:18.237+0800 [DEBUG] [org.gradle.internal.operations.DefaultBuildOperationRunner] Build operation 'Identifying work' completed
2025-03-10T17:43:18.237+0800 [INFO] [org.gradle.api.internal.artifacts.transform.TransformStep] Transforming kotlin-serialization-2.1.10-gradle85.jar (org.jetbrains.kotlin:kotlin-serialization:2.1.10) with InstrumentationAnalysisTransform
2025-03-10T17:43:18.237+0800 [DEBUG] [org.gradle.internal.operations.DefaultBuildOperationRunner] Build operation 'Identifying work' completed
2025-03-10T17:43:18.237+0800 [INFO] [org.gradle.api.internal.artifacts.transform.TransformStep] Transforming kotlin-gradle-plugin-model-2.1.10.jar (org.jetbrains.kotlin:kotlin-gradle-plugin-model:2.1.10) with InstrumentationAnalysisTransform
2025-03-10T17:43:18.237+0800 [DEBUG] [org.gradle.internal.operations.DefaultBuildOperationRunner] Build operation 'Identifying work' completed
2025-03-10T17:43:18.237+0800 [INFO] [org.gradle.api.internal.artifacts.transform.TransformStep] Transforming kotlin-gradle-plugin-api-2.1.10.jar (org.jetbrains.kotlin:kotlin-gradle-plugin-api:2.1.10) with InstrumentationAnalysisTransform
2025-03-10T17:43:18.237+0800 [DEBUG] [org.gradle.internal.operations.DefaultBuildOperationRunner] Build operation 'Identifying work' completed
2025-03-10T17:43:18.237+0800 [INFO] [org.gradle.api.internal.artifacts.transform.TransformStep] Transforming kotlin-gradle-plugin-api-2.1.10-gradle85.jar (org.jetbrains.kotlin:kotlin-gradle-plugin-api:2.1.10) with InstrumentationAnalysisTransform
2025-03-10T17:43:18.237+0800 [DEBUG] [org.gradle.internal.operations.DefaultBuildOperationRunner] Build operation 'Identifying work' completed
2025-03-10T17:43:18.237+0800 [INFO] [org.gradle.api.internal.artifacts.transform.TransformStep] Transforming kotlin-gradle-plugin-2.1.10-gradle85.jar (org.jetbrains.kotlin:kotlin-gradle-plugin:2.1.10) with InstrumentationAnalysisTransform
2025-03-10T17:43:18.238+0800 [DEBUG] [org.gradle.internal.operations.DefaultBuildOperationRunner] Build operation 'Identifying work' completed
2025-03-10T17:43:18.238+0800 [INFO] [org.gradle.api.internal.artifacts.transform.TransformStep] Transforming kotlin-gradle-plugin-idea-proto-2.1.10.jar (org.jetbrains.kotlin:kotlin-gradle-plugin-idea-proto:2.1.10) with InstrumentationAnalysisTransform
2025-03-10T17:43:18.238+0800 [DEBUG] [org.gradle.internal.operations.DefaultBuildOperationRunner] Build operation 'Identifying work' completed
2025-03-10T17:43:18.238+0800 [INFO] [org.gradle.api.internal.artifacts.transform.TransformStep] Transforming kotlin-gradle-plugin-idea-2.1.10.jar (org.jetbrains.kotlin:kotlin-gradle-plugin-idea:2.1.10) with InstrumentationAnalysisTransform
2025-03-10T17:43:18.238+0800 [DEBUG] [org.gradle.internal.operations.DefaultBuildOperationRunner] Build operation 'Identifying work' completed
2025-03-10T17:43:18.238+0800 [INFO] [org.gradle.api.internal.artifacts.transform.TransformStep] Transforming kotlin-klib-commonizer-api-2.1.10.jar (org.jetbrains.kotlin:kotlin-klib-commonizer-api:2.1.10) with InstrumentationAnalysisTransform
2025-03-10T17:43:18.238+0800 [DEBUG] [org.gradle.internal.operations.DefaultBuildOperationRunner] Build operation 'Identifying work' completed
2025-03-10T17:43:18.238+0800 [INFO] [org.gradle.api.internal.artifacts.transform.TransformStep] Transforming kotlin-build-statistics-2.1.10.jar (org.jetbrains.kotlin:kotlin-build-statistics:2.1.10) with InstrumentationAnalysisTransform
2025-03-10T17:43:18.238+0800 [DEBUG] [org.gradle.internal.operations.DefaultBuildOperationRunner] Build operation 'Identifying work' completed
2025-03-10T17:43:18.238+0800 [INFO] [org.gradle.api.internal.artifacts.transform.TransformStep] Transforming kotlin-util-klib-metadata-2.1.10.jar (org.jetbrains.kotlin:kotlin-util-klib-metadata:2.1.10) with InstrumentationAnalysisTransform
2025-03-10T17:43:18.238+0800 [DEBUG] [org.gradle.internal.operations.DefaultBuildOperationRunner] Build operation 'Identifying work' completed
2025-03-10T17:43:18.238+0800 [INFO] [org.gradle.api.internal.artifacts.transform.TransformStep] Transforming kotlin-compiler-runner-2.1.10.jar (org.jetbrains.kotlin:kotlin-compiler-runner:2.1.10) with InstrumentationAnalysisTransform
2025-03-10T17:43:18.238+0800 [DEBUG] [org.gradle.internal.operations.DefaultBuildOperationRunner] Build operation 'Identifying work' completed
2025-03-10T17:43:18.238+0800 [INFO] [org.gradle.api.internal.artifacts.transform.TransformStep] Transforming jib-gradle-plugin-3.4.0.jar (com.google.cloud.tools:jib-gradle-plugin:3.4.0) with InstrumentationAnalysisTransform
2025-03-10T17:43:18.238+0800 [DEBUG] [org.gradle.internal.operations.DefaultBuildOperationRunner] Build operation 'Identifying work' completed
2025-03-10T17:43:18.238+0800 [INFO] [org.gradle.api.internal.artifacts.transform.TransformStep] Transforming kotlin-gradle-plugin-annotations-2.1.10.jar (org.jetbrains.kotlin:kotlin-gradle-plugin-annotations:2.1.10) with InstrumentationAnalysisTransform
2025-03-10T17:43:18.238+0800 [DEBUG] [org.gradle.internal.operations.DefaultBuildOperationRunner] Build operation 'Identifying work' completed
2025-03-10T17:43:18.238+0800 [INFO] [org.gradle.api.internal.artifacts.transform.TransformStep] Transforming kotlin-native-utils-2.1.10.jar (org.jetbrains.kotlin:kotlin-native-utils:2.1.10) with InstrumentationAnalysisTransform
2025-03-10T17:43:18.238+0800 [DEBUG] [org.gradle.internal.operations.DefaultBuildOperationRunner] Build operation 'Identifying work' completed
2025-03-10T17:43:18.238+0800 [INFO] [org.gradle.api.internal.artifacts.transform.TransformStep] Transforming kotlin-tooling-core-2.1.10.jar (org.jetbrains.kotlin:kotlin-tooling-core:2.1.10) with InstrumentationAnalysisTransform
2025-03-10T17:43:18.238+0800 [DEBUG] [org.gradle.internal.operations.DefaultBuildOperationRunner] Build operation 'Identifying work' completed
2025-03-10T17:43:18.238+0800 [INFO] [org.gradle.api.internal.artifacts.transform.TransformStep] Transforming kotlin-build-tools-api-2.1.10.jar (org.jetbrains.kotlin:kotlin-build-tools-api:2.1.10) with InstrumentationAnalysisTransform
2025-03-10T17:43:18.238+0800 [DEBUG] [org.gradle.internal.operations.DefaultBuildOperationRunner] Build operation 'Identifying work' completed
2025-03-10T17:43:18.238+0800 [INFO] [org.gradle.api.internal.artifacts.transform.TransformStep] Transforming google-auth-library-oauth2-http-1.10.0.jar (com.google.auth:google-auth-library-oauth2-http:1.10.0) with InstrumentationAnalysisTransform
2025-03-10T17:43:18.238+0800 [DEBUG] [org.gradle.internal.operations.DefaultBuildOperationRunner] Build operation 'Identifying work' completed
2025-03-10T17:43:18.238+0800 [INFO] [org.gradle.api.internal.artifacts.transform.TransformStep] Transforming google-http-client-gson-1.42.2.jar (com.google.http-client:google-http-client-gson:1.42.2) with InstrumentationAnalysisTransform
2025-03-10T17:43:18.238+0800 [DEBUG] [org.gradle.internal.operations.DefaultBuildOperationRunner] Build operation 'Identifying work' completed
2025-03-10T17:43:18.238+0800 [INFO] [org.gradle.api.internal.artifacts.transform.TransformStep] Transforming gson-2.9.0.jar (com.google.code.gson:gson:2.9.0) with InstrumentationAnalysisTransform
2025-03-10T17:43:18.238+0800 [DEBUG] [org.gradle.internal.operations.DefaultBuildOperationRunner] Build operation 'Identifying work' completed
2025-03-10T17:43:18.238+0800 [INFO] [org.gradle.api.internal.artifacts.transform.TransformStep] Transforming kotlin-util-klib-2.1.10.jar (org.jetbrains.kotlin:kotlin-util-klib:2.1.10) with InstrumentationAnalysisTransform
2025-03-10T17:43:18.238+0800 [DEBUG] [org.gradle.internal.operations.DefaultBuildOperationRunner] Build operation 'Identifying work' completed
2025-03-10T17:43:18.238+0800 [INFO] [org.gradle.api.internal.artifacts.transform.TransformStep] Transforming kotlin-util-io-2.1.10.jar (org.jetbrains.kotlin:kotlin-util-io:2.1.10) with InstrumentationAnalysisTransform
2025-03-10T17:43:18.238+0800 [DEBUG] [org.gradle.internal.operations.DefaultBuildOperationRunner] Build operation 'Identifying work' completed
2025-03-10T17:43:18.238+0800 [INFO] [org.gradle.api.internal.artifacts.transform.TransformStep] Transforming kotlin-daemon-client-2.1.10.jar (org.jetbrains.kotlin:kotlin-daemon-client:2.1.10) with InstrumentationAnalysisTransform
2025-03-10T17:43:18.238+0800 [DEBUG] [org.gradle.internal.operations.DefaultBuildOperationRunner] Build operation 'Identifying work' completed
2025-03-10T17:43:18.238+0800 [INFO] [org.gradle.api.internal.artifacts.transform.TransformStep] Transforming kotlinx-coroutines-core-jvm-1.6.4.jar (org.jetbrains.kotlinx:kotlinx-coroutines-core-jvm:1.6.4) with InstrumentationAnalysisTransform
2025-03-10T17:43:18.239+0800 [DEBUG] [org.gradle.internal.operations.DefaultBuildOperationRunner] Build operation 'Identifying work' completed
2025-03-10T17:43:18.239+0800 [INFO] [org.gradle.api.internal.artifacts.transform.TransformStep] Transforming google-http-client-apache-v2-1.42.2.jar (com.google.http-client:google-http-client-apache-v2:1.42.2) with InstrumentationAnalysisTransform
2025-03-10T17:43:18.239+0800 [DEBUG] [org.gradle.internal.operations.DefaultBuildOperationRunner] Build operation 'Identifying work' completed
2025-03-10T17:43:18.239+0800 [INFO] [org.gradle.api.internal.artifacts.transform.TransformStep] Transforming google-http-client-1.42.2.jar (com.google.http-client:google-http-client:1.42.2) with InstrumentationAnalysisTransform
2025-03-10T17:43:18.239+0800 [DEBUG] [org.gradle.internal.operations.DefaultBuildOperationRunner] Build operation 'Identifying work' completed
2025-03-10T17:43:18.239+0800 [INFO] [org.gradle.api.internal.artifacts.transform.TransformStep] Transforming commons-compress-1.21.jar (org.apache.commons:commons-compress:1.21) with InstrumentationAnalysisTransform
2025-03-10T17:43:18.239+0800 [DEBUG] [org.gradle.internal.operations.DefaultBuildOperationRunner] Build operation 'Identifying work' completed
2025-03-10T17:43:18.239+0800 [INFO] [org.gradle.api.internal.artifacts.transform.TransformStep] Transforming opencensus-contrib-http-util-0.31.1.jar (io.opencensus:opencensus-contrib-http-util:0.31.1) with InstrumentationAnalysisTransform
2025-03-10T17:43:18.239+0800 [DEBUG] [org.gradle.internal.operations.DefaultBuildOperationRunner] Build operation 'Identifying work' completed
2025-03-10T17:43:18.239+0800 [INFO] [org.gradle.api.internal.artifacts.transform.TransformStep] Transforming guava-32.1.2-jre.jar (com.google.guava:guava:32.1.2-jre) with InstrumentationAnalysisTransform
2025-03-10T17:43:18.239+0800 [DEBUG] [org.gradle.internal.operations.DefaultBuildOperationRunner] Build operation 'Identifying work' completed
2025-03-10T17:43:18.239+0800 [INFO] [org.gradle.api.internal.artifacts.transform.TransformStep] Transforming jackson-datatype-jsr310-2.15.2.jar (com.fasterxml.jackson.datatype:jackson-datatype-jsr310:2.15.2) with InstrumentationAnalysisTransform
2025-03-10T17:43:18.239+0800 [DEBUG] [org.gradle.internal.operations.DefaultBuildOperationRunner] Build operation 'Identifying work' completed
2025-03-10T17:43:18.239+0800 [INFO] [org.gradle.api.internal.artifacts.transform.TransformStep] Transforming native-gradle-plugin-0.9.23.jar (org.graalvm.buildtools:native-gradle-plugin:0.9.23) with InstrumentationAnalysisTransform
2025-03-10T17:43:18.239+0800 [DEBUG] [org.gradle.internal.operations.DefaultBuildOperationRunner] Build operation 'Identifying work' completed
2025-03-10T17:43:18.239+0800 [INFO] [org.gradle.api.internal.artifacts.transform.TransformStep] Transforming utils-0.9.23.jar (org.graalvm.buildtools:utils:0.9.23) with InstrumentationAnalysisTransform
2025-03-10T17:43:18.239+0800 [DEBUG] [org.gradle.internal.operations.DefaultBuildOperationRunner] Build operation 'Identifying work' completed
2025-03-10T17:43:18.239+0800 [INFO] [org.gradle.api.internal.artifacts.transform.TransformStep] Transforming graalvm-reachability-metadata-0.9.23.jar (org.graalvm.buildtools:graalvm-reachability-metadata:0.9.23) with InstrumentationAnalysisTransform
2025-03-10T17:43:18.239+0800 [DEBUG] [org.gradle.internal.operations.DefaultBuildOperationRunner] Build operation 'Identifying work' completed
2025-03-10T17:43:18.239+0800 [INFO] [org.gradle.api.internal.artifacts.transform.TransformStep] Transforming jackson-databind-2.15.2.jar (com.fasterxml.jackson.core:jackson-databind:2.15.2) with InstrumentationAnalysisTransform
2025-03-10T17:43:18.239+0800 [DEBUG] [org.gradle.internal.operations.DefaultBuildOperationRunner] Build operation 'Identifying work' completed
2025-03-10T17:43:18.239+0800 [INFO] [org.gradle.api.internal.artifacts.transform.TransformStep] Transforming jackson-annotations-2.15.2.jar (com.fasterxml.jackson.core:jackson-annotations:2.15.2) with InstrumentationAnalysisTransform
2025-03-10T17:43:18.239+0800 [DEBUG] [org.gradle.internal.operations.DefaultBuildOperationRunner] Build operation 'Identifying work' completed
2025-03-10T17:43:18.239+0800 [INFO] [org.gradle.api.internal.artifacts.transform.TransformStep] Transforming jackson-core-2.15.2.jar (com.fasterxml.jackson.core:jackson-core:2.15.2) with InstrumentationAnalysisTransform
2025-03-10T17:43:18.239+0800 [DEBUG] [org.gradle.internal.operations.DefaultBuildOperationRunner] Build operation 'Identifying work' completed
2025-03-10T17:43:18.239+0800 [INFO] [org.gradle.api.internal.artifacts.transform.TransformStep] Transforming asm-commons-9.2.jar (org.ow2.asm:asm-commons:9.2) with InstrumentationAnalysisTransform
2025-03-10T17:43:18.239+0800 [DEBUG] [org.gradle.internal.operations.DefaultBuildOperationRunner] Build operation 'Identifying work' completed
2025-03-10T17:43:18.239+0800 [INFO] [org.gradle.api.internal.artifacts.transform.TransformStep] Transforming asm-analysis-9.2.jar (org.ow2.asm:asm-analysis:9.2) with InstrumentationAnalysisTransform
2025-03-10T17:43:18.239+0800 [DEBUG] [org.gradle.internal.operations.DefaultBuildOperationRunner] Build operation 'Identifying work' completed
2025-03-10T17:43:18.239+0800 [INFO] [org.gradle.api.internal.artifacts.transform.TransformStep] Transforming asm-tree-9.2.jar (org.ow2.asm:asm-tree:9.2) with InstrumentationAnalysisTransform
2025-03-10T17:43:18.239+0800 [DEBUG] [org.gradle.internal.operations.DefaultBuildOperationRunner] Build operation 'Identifying work' completed
2025-03-10T17:43:18.239+0800 [INFO] [org.gradle.api.internal.artifacts.transform.TransformStep] Transforming asm-9.5.jar (org.ow2.asm:asm:9.5) with InstrumentationAnalysisTransform
2025-03-10T17:43:18.239+0800 [DEBUG] [org.gradle.internal.operations.DefaultBuildOperationRunner] Build operation 'Identifying work' completed
2025-03-10T17:43:18.239+0800 [INFO] [org.gradle.api.internal.artifacts.transform.TransformStep] Transforming jib-gradle-plugin-extension-api-0.4.0.jar (com.google.cloud.tools:jib-gradle-plugin-extension-api:0.4.0) with InstrumentationAnalysisTransform
2025-03-10T17:43:18.239+0800 [DEBUG] [org.gradle.internal.operations.DefaultBuildOperationRunner] Build operation 'Identifying work' completed
2025-03-10T17:43:18.239+0800 [INFO] [org.gradle.api.internal.artifacts.transform.TransformStep] Transforming jib-build-plan-0.4.0.jar (com.google.cloud.tools:jib-build-plan:0.4.0) with InstrumentationAnalysisTransform
2025-03-10T17:43:18.239+0800 [DEBUG] [org.gradle.internal.operations.DefaultBuildOperationRunner] Build operation 'Identifying work' completed
2025-03-10T17:43:18.240+0800 [INFO] [org.gradle.api.internal.artifacts.transform.TransformStep] Transforming jib-plugins-extension-common-0.2.0.jar (com.google.cloud.tools:jib-plugins-extension-common:0.2.0) with InstrumentationAnalysisTransform
2025-03-10T17:43:18.240+0800 [DEBUG] [org.gradle.internal.operations.DefaultBuildOperationRunner] Build operation 'Identifying work' completed
2025-03-10T17:43:18.240+0800 [INFO] [org.gradle.api.internal.artifacts.transform.TransformStep] Transforming jdom2-2.0.6.jar (org.jdom:jdom2:2.0.6) with InstrumentationAnalysisTransform
2025-03-10T17:43:18.240+0800 [DEBUG] [org.gradle.internal.operations.DefaultBuildOperationRunner] Build operation 'Identifying work' completed
2025-03-10T17:43:18.240+0800 [INFO] [org.gradle.api.internal.artifacts.transform.TransformStep] Transforming commons-io-2.11.0.jar (commons-io:commons-io:2.11.0) with InstrumentationAnalysisTransform
2025-03-10T17:43:18.240+0800 [DEBUG] [org.gradle.internal.operations.DefaultBuildOperationRunner] Build operation 'Identifying work' completed
2025-03-10T17:43:18.240+0800 [INFO] [org.gradle.api.internal.artifacts.transform.TransformStep] Transforming ant-1.10.11.jar (org.apache.ant:ant:1.10.11) with InstrumentationAnalysisTransform
2025-03-10T17:43:18.240+0800 [DEBUG] [org.gradle.internal.operations.DefaultBuildOperationRunner] Build operation 'Identifying work' completed
2025-03-10T17:43:18.240+0800 [INFO] [org.gradle.api.internal.artifacts.transform.TransformStep] Transforming plexus-utils-3.4.1.jar (org.codehaus.plexus:plexus-utils:3.4.1) with InstrumentationAnalysisTransform
2025-03-10T17:43:18.240+0800 [DEBUG] [org.gradle.internal.operations.DefaultBuildOperationRunner] Build operation 'Identifying work' completed
2025-03-10T17:43:18.240+0800 [INFO] [org.gradle.api.internal.artifacts.transform.TransformStep] Transforming jdependency-2.7.0.jar (org.vafer:jdependency:2.7.0) with InstrumentationAnalysisTransform
2025-03-10T17:43:18.240+0800 [DEBUG] [org.gradle.internal.operations.DefaultBuildOperationRunner] Build operation 'Identifying work' completed
2025-03-10T17:43:18.240+0800 [INFO] [org.gradle.api.internal.artifacts.transform.TransformStep] Transforming httpclient-4.5.13.jar (org.apache.httpcomponents:httpclient:4.5.13) with InstrumentationAnalysisTransform
2025-03-10T17:43:18.240+0800 [DEBUG] [org.gradle.internal.operations.DefaultBuildOperationRunner] Build operation 'Identifying work' completed
2025-03-10T17:43:18.240+0800 [INFO] [org.gradle.api.internal.artifacts.transform.TransformStep] Transforming httpcore-4.4.15.jar (org.apache.httpcomponents:httpcore:4.4.15) with InstrumentationAnalysisTransform
2025-03-10T17:43:18.240+0800 [DEBUG] [org.gradle.internal.operations.DefaultBuildOperationRunner] Build operation 'Identifying work' completed
2025-03-10T17:43:18.240+0800 [INFO] [org.gradle.api.internal.artifacts.transform.TransformStep] Transforming jsr305-3.0.2.jar (com.google.code.findbugs:jsr305:3.0.2) with InstrumentationAnalysisTransform
2025-03-10T17:43:18.240+0800 [DEBUG] [org.gradle.internal.operations.DefaultBuildOperationRunner] Build operation 'Identifying work' completed
2025-03-10T17:43:18.240+0800 [INFO] [org.gradle.api.internal.artifacts.transform.TransformStep] Transforming j2objc-annotations-2.8.jar (com.google.j2objc:j2objc-annotations:2.8) with InstrumentationAnalysisTransform
2025-03-10T17:43:18.240+0800 [DEBUG] [org.gradle.internal.operations.DefaultBuildOperationRunner] Build operation 'Identifying work' completed
2025-03-10T17:43:18.240+0800 [INFO] [org.gradle.api.internal.artifacts.transform.TransformStep] Transforming opencensus-api-0.31.1.jar (io.opencensus:opencensus-api:0.31.1) with InstrumentationAnalysisTransform
2025-03-10T17:43:18.240+0800 [DEBUG] [org.gradle.internal.operations.DefaultBuildOperationRunner] Build operation 'Identifying work' completed
2025-03-10T17:43:18.240+0800 [INFO] [org.gradle.api.internal.artifacts.transform.TransformStep] Transforming auto-value-annotations-1.9.jar (com.google.auto.value:auto-value-annotations:1.9) with InstrumentationAnalysisTransform
2025-03-10T17:43:18.240+0800 [DEBUG] [org.gradle.internal.operations.DefaultBuildOperationRunner] Build operation 'Identifying work' completed
2025-03-10T17:43:18.240+0800 [INFO] [org.gradle.api.internal.artifacts.transform.TransformStep] Transforming google-auth-library-credentials-1.10.0.jar (com.google.auth:google-auth-library-credentials:1.10.0) with InstrumentationAnalysisTransform
2025-03-10T17:43:18.240+0800 [DEBUG] [org.gradle.internal.operations.DefaultBuildOperationRunner] Build operation 'Identifying work' completed
2025-03-10T17:43:18.240+0800 [INFO] [org.gradle.api.internal.artifacts.transform.TransformStep] Transforming failureaccess-1.0.1.jar (com.google.guava:failureaccess:1.0.1) with InstrumentationAnalysisTransform
2025-03-10T17:43:18.240+0800 [DEBUG] [org.gradle.internal.operations.DefaultBuildOperationRunner] Build operation 'Identifying work' completed
2025-03-10T17:43:18.240+0800 [INFO] [org.gradle.api.internal.artifacts.transform.TransformStep] Transforming listenablefuture-9999.0-empty-to-avoid-conflict-with-guava.jar (com.google.guava:listenablefuture:9999.0-empty-to-avoid-conflict-with-guava) with InstrumentationAnalysisTransform
2025-03-10T17:43:18.240+0800 [DEBUG] [org.gradle.internal.operations.DefaultBuildOperationRunner] Build operation 'Identifying work' completed
2025-03-10T17:43:18.240+0800 [INFO] [org.gradle.api.internal.artifacts.transform.TransformStep] Transforming checker-qual-3.33.0.jar (org.checkerframework:checker-qual:3.33.0) with InstrumentationAnalysisTransform
2025-03-10T17:43:18.240+0800 [DEBUG] [org.gradle.internal.operations.DefaultBuildOperationRunner] Build operation 'Identifying work' completed
2025-03-10T17:43:18.240+0800 [INFO] [org.gradle.api.internal.artifacts.transform.TransformStep] Transforming error_prone_annotations-2.18.0.jar (com.google.errorprone:error_prone_annotations:2.18.0) with InstrumentationAnalysisTransform
2025-03-10T17:43:18.240+0800 [DEBUG] [org.gradle.internal.operations.DefaultBuildOperationRunner] Build operation 'Identifying work' completed
2025-03-10T17:43:18.240+0800 [INFO] [org.gradle.api.internal.artifacts.transform.TransformStep] Transforming ant-launcher-1.10.11.jar (org.apache.ant:ant-launcher:1.10.11) with InstrumentationAnalysisTransform
2025-03-10T17:43:18.240+0800 [DEBUG] [org.gradle.internal.operations.DefaultBuildOperationRunner] Build operation 'Identifying work' completed
2025-03-10T17:43:18.240+0800 [INFO] [org.gradle.api.internal.artifacts.transform.TransformStep] Transforming log4j-api-2.17.1.jar (org.apache.logging.log4j:log4j-api:2.17.1) with InstrumentationAnalysisTransform
2025-03-10T17:43:18.241+0800 [DEBUG] [org.gradle.internal.operations.DefaultBuildOperationRunner] Build operation 'Identifying work' completed
2025-03-10T17:43:18.241+0800 [INFO] [org.gradle.api.internal.artifacts.transform.TransformStep] Transforming commons-logging-1.2.jar (commons-logging:commons-logging:1.2) with InstrumentationAnalysisTransform
2025-03-10T17:43:18.241+0800 [DEBUG] [org.gradle.internal.operations.DefaultBuildOperationRunner] Build operation 'Identifying work' completed
2025-03-10T17:43:18.241+0800 [INFO] [org.gradle.api.internal.artifacts.transform.TransformStep] Transforming commons-codec-1.11.jar (commons-codec:commons-codec:1.11) with InstrumentationAnalysisTransform
2025-03-10T17:43:18.241+0800 [DEBUG] [org.gradle.internal.operations.DefaultBuildOperationRunner] Build operation 'Identifying work' completed
2025-03-10T17:43:18.241+0800 [INFO] [org.gradle.api.internal.artifacts.transform.TransformStep] Transforming grpc-context-1.27.2.jar (io.grpc:grpc-context:1.27.2) with InstrumentationAnalysisTransform
2025-03-10T17:43:18.241+0800 [DEBUG] [org.gradle.internal.operations.DefaultBuildOperationRunner] Build operation 'Identifying work' completed
2025-03-10T17:43:18.241+0800 [DEBUG] [org.gradle.internal.operations.DefaultBuildOperationRunner] Build operation 'Resolve files of configuration ':classpath'' completed
2025-03-10T17:43:18.241+0800 [DEBUG] [org.gradle.internal.operations.DefaultBuildOperationRunner] Build operation 'Fingerprint transform inputs' completed
2025-03-10T17:43:18.241+0800 [DEBUG] [org.gradle.internal.operations.DefaultBuildOperationRunner] Build operation 'Fingerprint transform inputs' completed
2025-03-10T17:43:18.241+0800 [INFO] [org.gradle.api.internal.artifacts.transform.TransformStep] Transforming plugin-2.3.6.jar (io.ktor.plugin:plugin:2.3.6) with InstrumentationAnalysisTransform
2025-03-10T17:43:18.241+0800 [DEBUG] [org.gradle.internal.operations.DefaultBuildOperationRunner] Build operation 'Identifying work' completed
2025-03-10T17:43:18.241+0800 [INFO] [org.gradle.api.internal.artifacts.transform.TransformStep] Transforming plugin-2.3.6.jar (io.ktor.plugin:plugin:2.3.6) with MergeInstrumentationAnalysisTransform
2025-03-10T17:43:18.242+0800 [INFO] [org.gradle.api.internal.artifacts.transform.TransformStep] Transforming shadow-7.1.2.jar (gradle.plugin.com.github.johnrengelman:shadow:7.1.2) with InstrumentationAnalysisTransform
2025-03-10T17:43:18.242+0800 [DEBUG] [org.gradle.internal.operations.DefaultBuildOperationRunner] Build operation 'Identifying work' completed
2025-03-10T17:43:18.242+0800 [DEBUG] [org.gradle.internal.operations.DefaultBuildOperationRunner] Build operation 'Identifying work' completed
2025-03-10T17:43:18.242+0800 [INFO] [org.gradle.api.internal.artifacts.transform.TransformStep] Transforming shadow-7.1.2.jar (gradle.plugin.com.github.johnrengelman:shadow:7.1.2) with MergeInstrumentationAnalysisTransform
2025-03-10T17:43:18.242+0800 [DEBUG] [org.gradle.internal.operations.DefaultBuildOperationRunner] Build operation 'Identifying work' completed
2025-03-10T17:43:18.242+0800 [INFO] [org.gradle.api.internal.artifacts.transform.TransformStep] Transforming log4j-core-2.17.1.jar (org.apache.logging.log4j:log4j-core:2.17.1) with InstrumentationAnalysisTransform
2025-03-10T17:43:18.242+0800 [DEBUG] [org.gradle.internal.operations.DefaultBuildOperationRunner] Build operation 'Identifying work' completed
2025-03-10T17:43:18.242+0800 [DEBUG] [org.gradle.internal.operations.DefaultBuildOperationRunner] Build operation 'Identifying work' completed
2025-03-10T17:43:18.242+0800 [DEBUG] [org.gradle.internal.operations.DefaultBuildOperationRunner] Build operation 'Identifying work' completed
2025-03-10T17:43:18.242+0800 [DEBUG] [org.gradle.internal.operations.DefaultBuildOperationRunner] Build operation 'Identifying work' completed
2025-03-10T17:43:18.242+0800 [DEBUG] [org.gradle.internal.operations.DefaultBuildOperationRunner] Build operation 'Identifying work' completed
2025-03-10T17:43:18.243+0800 [DEBUG] [org.gradle.internal.operations.DefaultBuildOperationRunner] Build operation 'Identifying work' completed
2025-03-10T17:43:18.243+0800 [DEBUG] [org.gradle.internal.operations.DefaultBuildOperationRunner] Build operation 'Identifying work' completed
2025-03-10T17:43:18.242+0800 [INFO] [org.gradle.api.internal.artifacts.transform.TransformStep] Transforming log4j-core-2.17.1.jar (org.apache.logging.log4j:log4j-core:2.17.1) with MergeInstrumentationAnalysisTransform
2025-03-10T17:43:18.243+0800 [INFO] [org.gradle.api.internal.artifacts.transform.TransformStep] Transforming shadow-7.1.2.jar (gradle.plugin.com.github.johnrengelman:shadow:7.1.2) with ExternalDependencyInstrumentingArtifactTransform
2025-03-10T17:43:18.243+0800 [INFO] [org.gradle.api.internal.artifacts.transform.TransformStep] Transforming plugin-2.3.6.jar (io.ktor.plugin:plugin:2.3.6) with ExternalDependencyInstrumentingArtifactTransform
2025-03-10T17:43:18.243+0800 [DEBUG] [org.gradle.internal.operations.DefaultBuildOperationRunner] Build operation 'Identifying work' completed
2025-03-10T17:43:18.243+0800 [DEBUG] [org.gradle.internal.operations.DefaultBuildOperationRunner] Build operation 'Identifying work' completed
2025-03-10T17:43:18.243+0800 [DEBUG] [org.gradle.internal.operations.DefaultBuildOperationRunner] Build operation 'Identifying work' completed
2025-03-10T17:43:18.243+0800 [DEBUG] [org.gradle.internal.operations.DefaultBuildOperationRunner] Build operation 'Identifying work' completed
2025-03-10T17:43:18.243+0800 [DEBUG] [org.gradle.internal.operations.DefaultBuildOperationRunner] Build operation 'Identifying work' completed
2025-03-10T17:43:18.243+0800 [INFO] [org.gradle.api.internal.artifacts.transform.TransformStep] Transforming kotlin-stdlib-jdk8-1.8.22.jar (org.jetbrains.kotlin:kotlin-stdlib-jdk8:1.8.22) with InstrumentationAnalysisTransform
2025-03-10T17:43:18.243+0800 [DEBUG] [org.gradle.internal.operations.DefaultBuildOperationRunner] Build operation 'Identifying work' completed
2025-03-10T17:43:18.243+0800 [DEBUG] [org.gradle.internal.operations.DefaultBuildOperationRunner] Build operation 'Identifying work' completed
2025-03-10T17:43:18.243+0800 [INFO] [org.gradle.api.internal.artifacts.transform.TransformStep] Transforming kotlin-stdlib-jdk8-1.8.22.jar (org.jetbrains.kotlin:kotlin-stdlib-jdk8:1.8.22) with MergeInstrumentationAnalysisTransform
2025-03-10T17:43:18.243+0800 [DEBUG] [org.gradle.internal.operations.DefaultBuildOperationRunner] Build operation 'Identifying work' completed
2025-03-10T17:43:18.243+0800 [DEBUG] [org.gradle.internal.operations.DefaultBuildOperationRunner] Build operation 'Identifying work' completed
2025-03-10T17:43:18.243+0800 [DEBUG] [org.gradle.internal.operations.DefaultBuildOperationRunner] Build operation 'Identifying work' completed
2025-03-10T17:43:18.244+0800 [DEBUG] [org.gradle.internal.operations.DefaultBuildOperationRunner] Build operation 'Identifying work' completed
2025-03-10T17:43:18.243+0800 [INFO] [org.gradle.api.internal.artifacts.transform.TransformStep] Transforming log4j-core-2.17.1.jar (org.apache.logging.log4j:log4j-core:2.17.1) with ExternalDependencyInstrumentingArtifactTransform
2025-03-10T17:43:18.243+0800 [INFO] [org.gradle.api.internal.artifacts.transform.TransformStep] Transforming kotlin-stdlib-jdk7-1.8.22.jar (org.jetbrains.kotlin:kotlin-stdlib-jdk7:1.8.22) with InstrumentationAnalysisTransform
2025-03-10T17:43:18.244+0800 [DEBUG] [org.gradle.internal.operations.DefaultBuildOperationRunner] Build operation 'Identifying work' completed
2025-03-10T17:43:18.244+0800 [DEBUG] [org.gradle.internal.operations.DefaultBuildOperationRunner] Build operation 'Identifying work' completed
2025-03-10T17:43:18.244+0800 [DEBUG] [org.gradle.internal.operations.DefaultBuildOperationRunner] Build operation 'Identifying work' completed
2025-03-10T17:43:18.244+0800 [DEBUG] [org.gradle.internal.operations.DefaultBuildOperationRunner] Build operation 'Identifying work' completed
2025-03-10T17:43:18.244+0800 [DEBUG] [org.gradle.internal.operations.DefaultBuildOperationRunner] Build operation 'Identifying work' completed
2025-03-10T17:43:18.244+0800 [DEBUG] [org.gradle.internal.operations.DefaultBuildOperationRunner] Build operation 'Identifying work' completed
2025-03-10T17:43:18.244+0800 [INFO] [org.gradle.api.internal.artifacts.transform.TransformStep] Transforming kotlin-stdlib-jdk8-1.8.22.jar (org.jetbrains.kotlin:kotlin-stdlib-jdk8:1.8.22) with ExternalDependencyInstrumentingArtifactTransform
2025-03-10T17:43:18.244+0800 [DEBUG] [org.gradle.internal.operations.DefaultBuildOperationRunner] Build operation 'Identifying work' completed
2025-03-10T17:43:18.244+0800 [DEBUG] [org.gradle.internal.operations.DefaultBuildOperationRunner] Build operation 'Identifying work' completed
2025-03-10T17:43:18.244+0800 [DEBUG] [org.gradle.internal.operations.DefaultBuildOperationRunner] Build operation 'Identifying work' completed
2025-03-10T17:43:18.244+0800 [DEBUG] [org.gradle.internal.operations.DefaultBuildOperationRunner] Build operation 'Identifying work' completed
2025-03-10T17:43:18.244+0800 [DEBUG] [org.gradle.internal.operations.DefaultBuildOperationRunner] Build operation 'Identifying work' completed
2025-03-10T17:43:18.244+0800 [INFO] [org.gradle.api.internal.artifacts.transform.TransformStep] Transforming kotlin-stdlib-jdk7-1.8.22.jar (org.jetbrains.kotlin:kotlin-stdlib-jdk7:1.8.22) with MergeInstrumentationAnalysisTransform
2025-03-10T17:43:18.244+0800 [INFO] [org.gradle.api.internal.artifacts.transform.TransformStep] Transforming kotlin-stdlib-1.9.24.jar (org.jetbrains.kotlin:kotlin-stdlib:1.9.24) with InstrumentationAnalysisTransform
2025-03-10T17:43:18.244+0800 [DEBUG] [org.gradle.internal.operations.DefaultBuildOperationRunner] Build operation 'Identifying work' completed
2025-03-10T17:43:18.245+0800 [INFO] [org.gradle.api.internal.artifacts.transform.TransformStep] Transforming kotlin-stdlib-1.9.24.jar (org.jetbrains.kotlin:kotlin-stdlib:1.9.24) with MergeInstrumentationAnalysisTransform
2025-03-10T17:43:18.245+0800 [INFO] [org.gradle.api.internal.artifacts.transform.TransformStep] Transforming annotations-13.0.jar (org.jetbrains:annotations:13.0) with InstrumentationAnalysisTransform
2025-03-10T17:43:18.245+0800 [DEBUG] [org.gradle.internal.operations.DefaultBuildOperationRunner] Build operation 'Identifying work' completed
2025-03-10T17:43:18.245+0800 [INFO] [org.gradle.api.internal.artifacts.transform.TransformStep] Transforming annotations-13.0.jar (org.jetbrains:annotations:13.0) with MergeInstrumentationAnalysisTransform
2025-03-10T17:43:18.245+0800 [INFO] [org.gradle.api.internal.artifacts.transform.TransformStep] Transforming kotlin-serialization-2.1.10-gradle85.jar (org.jetbrains.kotlin:kotlin-serialization:2.1.10) with InstrumentationAnalysisTransform
2025-03-10T17:43:18.245+0800 [DEBUG] [org.gradle.internal.operations.DefaultBuildOperationRunner] Build operation 'Identifying work' completed
2025-03-10T17:43:18.245+0800 [INFO] [org.gradle.api.internal.artifacts.transform.TransformStep] Transforming kotlin-serialization-2.1.10-gradle85.jar (org.jetbrains.kotlin:kotlin-serialization:2.1.10) with MergeInstrumentationAnalysisTransform
2025-03-10T17:43:18.245+0800 [DEBUG] [org.gradle.internal.operations.DefaultBuildOperationRunner] Build operation 'Identifying work' completed
2025-03-10T17:43:18.245+0800 [DEBUG] [org.gradle.internal.operations.DefaultBuildOperationRunner] Build operation 'Identifying work' completed
2025-03-10T17:43:18.245+0800 [DEBUG] [org.gradle.internal.operations.DefaultBuildOperationRunner] Build operation 'Identifying work' completed
2025-03-10T17:43:18.245+0800 [DEBUG] [org.gradle.internal.operations.DefaultBuildOperationRunner] Build operation 'Identifying work' completed
2025-03-10T17:43:18.245+0800 [INFO] [org.gradle.api.internal.artifacts.transform.TransformStep] Transforming kotlin-gradle-plugin-model-2.1.10.jar (org.jetbrains.kotlin:kotlin-gradle-plugin-model:2.1.10) with InstrumentationAnalysisTransform
2025-03-10T17:43:18.245+0800 [DEBUG] [org.gradle.internal.operations.DefaultBuildOperationRunner] Build operation 'Identifying work' completed
2025-03-10T17:43:18.245+0800 [DEBUG] [org.gradle.internal.operations.DefaultBuildOperationRunner] Build operation 'Identifying work' completed
2025-03-10T17:43:18.245+0800 [DEBUG] [org.gradle.internal.operations.DefaultBuildOperationRunner] Build operation 'Identifying work' completed
2025-03-10T17:43:18.245+0800 [DEBUG] [org.gradle.internal.operations.DefaultBuildOperationRunner] Build operation 'Identifying work' completed
2025-03-10T17:43:18.245+0800 [DEBUG] [org.gradle.internal.operations.DefaultBuildOperationRunner] Build operation 'Identifying work' completed
2025-03-10T17:43:18.245+0800 [DEBUG] [org.gradle.internal.operations.DefaultBuildOperationRunner] Build operation 'Identifying work' completed
2025-03-10T17:43:18.245+0800 [INFO] [org.gradle.api.internal.artifacts.transform.TransformStep] Transforming kotlin-gradle-plugin-model-2.1.10.jar (org.jetbrains.kotlin:kotlin-gradle-plugin-model:2.1.10) with MergeInstrumentationAnalysisTransform
2025-03-10T17:43:18.245+0800 [INFO] [org.gradle.api.internal.artifacts.transform.TransformStep] Transforming kotlin-stdlib-jdk7-1.8.22.jar (org.jetbrains.kotlin:kotlin-stdlib-jdk7:1.8.22) with ExternalDependencyInstrumentingArtifactTransform
2025-03-10T17:43:18.246+0800 [INFO] [org.gradle.api.internal.artifacts.transform.TransformStep] Transforming kotlin-gradle-plugin-api-2.1.10.jar (org.jetbrains.kotlin:kotlin-gradle-plugin-api:2.1.10) with InstrumentationAnalysisTransform
2025-03-10T17:43:18.246+0800 [DEBUG] [org.gradle.internal.operations.DefaultBuildOperationRunner] Build operation 'Identifying work' completed
2025-03-10T17:43:18.246+0800 [INFO] [org.gradle.api.internal.artifacts.transform.TransformStep] Transforming kotlin-gradle-plugin-api-2.1.10.jar (org.jetbrains.kotlin:kotlin-gradle-plugin-api:2.1.10) with MergeInstrumentationAnalysisTransform
2025-03-10T17:43:18.246+0800 [DEBUG] [org.gradle.internal.operations.DefaultBuildOperationRunner] Build operation 'Identifying work' completed
2025-03-10T17:43:18.246+0800 [DEBUG] [org.gradle.internal.operations.DefaultBuildOperationRunner] Build operation 'Identifying work' completed
2025-03-10T17:43:18.246+0800 [DEBUG] [org.gradle.internal.operations.DefaultBuildOperationRunner] Build operation 'Identifying work' completed
2025-03-10T17:43:18.246+0800 [DEBUG] [org.gradle.internal.operations.DefaultBuildOperationRunner] Build operation 'Identifying work' completed
2025-03-10T17:43:18.246+0800 [DEBUG] [org.gradle.internal.operations.DefaultBuildOperationRunner] Build operation 'Identifying work' completed
2025-03-10T17:43:18.246+0800 [DEBUG] [org.gradle.internal.operations.DefaultBuildOperationRunner] Build operation 'Identifying work' completed
2025-03-10T17:43:18.246+0800 [DEBUG] [org.gradle.internal.operations.DefaultBuildOperationRunner] Build operation 'Identifying work' completed
2025-03-10T17:43:18.246+0800 [INFO] [org.gradle.api.internal.artifacts.transform.TransformStep] Transforming kotlin-gradle-plugin-api-2.1.10.jar (org.jetbrains.kotlin:kotlin-gradle-plugin-api:2.1.10) with ExternalDependencyInstrumentingArtifactTransform
2025-03-10T17:43:18.246+0800 [DEBUG] [org.gradle.internal.operations.DefaultBuildOperationRunner] Build operation 'Identifying work' completed
2025-03-10T17:43:18.246+0800 [DEBUG] [org.gradle.internal.operations.DefaultBuildOperationRunner] Build operation 'Identifying work' completed
2025-03-10T17:43:18.246+0800 [DEBUG] [org.gradle.internal.operations.DefaultBuildOperationRunner] Build operation 'Identifying work' completed
2025-03-10T17:43:18.246+0800 [DEBUG] [org.gradle.internal.operations.DefaultBuildOperationRunner] Build operation 'Identifying work' completed
2025-03-10T17:43:18.246+0800 [DEBUG] [org.gradle.internal.operations.DefaultBuildOperationRunner] Build operation 'Identifying work' completed
2025-03-10T17:43:18.246+0800 [DEBUG] [org.gradle.internal.operations.DefaultBuildOperationRunner] Build operation 'Identifying work' completed
2025-03-10T17:43:18.245+0800 [INFO] [org.gradle.api.internal.artifacts.transform.TransformStep] Transforming kotlin-stdlib-1.9.24.jar (org.jetbrains.kotlin:kotlin-stdlib:1.9.24) with ExternalDependencyInstrumentingArtifactTransform
2025-03-10T17:43:18.246+0800 [INFO] [org.gradle.api.internal.artifacts.transform.TransformStep] Transforming annotations-13.0.jar (org.jetbrains:annotations:13.0) with ExternalDependencyInstrumentingArtifactTransform
2025-03-10T17:43:18.246+0800 [DEBUG] [org.gradle.internal.operations.DefaultBuildOperationRunner] Build operation 'Identifying work' completed
2025-03-10T17:43:18.247+0800 [DEBUG] [org.gradle.internal.operations.DefaultBuildOperationRunner] Build operation 'Identifying work' completed
2025-03-10T17:43:18.247+0800 [DEBUG] [org.gradle.internal.operations.DefaultBuildOperationRunner] Build operation 'Identifying work' completed
2025-03-10T17:43:18.246+0800 [INFO] [org.gradle.api.internal.artifacts.transform.TransformStep] Transforming kotlin-gradle-plugin-api-2.1.10-gradle85.jar (org.jetbrains.kotlin:kotlin-gradle-plugin-api:2.1.10) with InstrumentationAnalysisTransform
2025-03-10T17:43:18.247+0800 [DEBUG] [org.gradle.internal.operations.DefaultBuildOperationRunner] Build operation 'Identifying work' completed
2025-03-10T17:43:18.247+0800 [INFO] [org.gradle.api.internal.artifacts.transform.TransformStep] Transforming kotlin-gradle-plugin-api-2.1.10-gradle85.jar (org.jetbrains.kotlin:kotlin-gradle-plugin-api:2.1.10) with MergeInstrumentationAnalysisTransform
2025-03-10T17:43:18.247+0800 [DEBUG] [org.gradle.internal.operations.DefaultBuildOperationRunner] Build operation 'Identifying work' completed
2025-03-10T17:43:18.247+0800 [INFO] [org.gradle.api.internal.artifacts.transform.TransformStep] Transforming kotlin-gradle-plugin-2.1.10-gradle85.jar (org.jetbrains.kotlin:kotlin-gradle-plugin:2.1.10) with InstrumentationAnalysisTransform
2025-03-10T17:43:18.247+0800 [DEBUG] [org.gradle.internal.operations.DefaultBuildOperationRunner] Build operation 'Identifying work' completed
2025-03-10T17:43:18.247+0800 [INFO] [org.gradle.api.internal.artifacts.transform.TransformStep] Transforming kotlin-gradle-plugin-2.1.10-gradle85.jar (org.jetbrains.kotlin:kotlin-gradle-plugin:2.1.10) with MergeInstrumentationAnalysisTransform
2025-03-10T17:43:18.247+0800 [INFO] [org.gradle.api.internal.artifacts.transform.TransformStep] Transforming kotlin-gradle-plugin-idea-proto-2.1.10.jar (org.jetbrains.kotlin:kotlin-gradle-plugin-idea-proto:2.1.10) with InstrumentationAnalysisTransform
2025-03-10T17:43:18.247+0800 [DEBUG] [org.gradle.internal.operations.DefaultBuildOperationRunner] Build operation 'Identifying work' completed
2025-03-10T17:43:18.247+0800 [INFO] [org.gradle.api.internal.artifacts.transform.TransformStep] Transforming kotlin-gradle-plugin-idea-proto-2.1.10.jar (org.jetbrains.kotlin:kotlin-gradle-plugin-idea-proto:2.1.10) with MergeInstrumentationAnalysisTransform
2025-03-10T17:43:18.247+0800 [INFO] [org.gradle.api.internal.artifacts.transform.TransformStep] Transforming kotlin-gradle-plugin-idea-2.1.10.jar (org.jetbrains.kotlin:kotlin-gradle-plugin-idea:2.1.10) with InstrumentationAnalysisTransform
2025-03-10T17:43:18.247+0800 [DEBUG] [org.gradle.internal.operations.DefaultBuildOperationRunner] Build operation 'Identifying work' completed
2025-03-10T17:43:18.247+0800 [INFO] [org.gradle.api.internal.artifacts.transform.TransformStep] Transforming kotlin-gradle-plugin-idea-2.1.10.jar (org.jetbrains.kotlin:kotlin-gradle-plugin-idea:2.1.10) with MergeInstrumentationAnalysisTransform
2025-03-10T17:43:18.247+0800 [INFO] [org.gradle.api.internal.artifacts.transform.TransformStep] Transforming kotlin-klib-commonizer-api-2.1.10.jar (org.jetbrains.kotlin:kotlin-klib-commonizer-api:2.1.10) with InstrumentationAnalysisTransform
2025-03-10T17:43:18.247+0800 [DEBUG] [org.gradle.internal.operations.DefaultBuildOperationRunner] Build operation 'Identifying work' completed
2025-03-10T17:43:18.247+0800 [INFO] [org.gradle.api.internal.artifacts.transform.TransformStep] Transforming kotlin-klib-commonizer-api-2.1.10.jar (org.jetbrains.kotlin:kotlin-klib-commonizer-api:2.1.10) with MergeInstrumentationAnalysisTransform
2025-03-10T17:43:18.247+0800 [DEBUG] [org.gradle.internal.operations.DefaultBuildOperationRunner] Build operation 'Identifying work' completed
2025-03-10T17:43:18.247+0800 [DEBUG] [org.gradle.internal.operations.DefaultBuildOperationRunner] Build operation 'Identifying work' completed
2025-03-10T17:43:18.247+0800 [DEBUG] [org.gradle.internal.operations.DefaultBuildOperationRunner] Build operation 'Identifying work' completed
2025-03-10T17:43:18.247+0800 [INFO] [org.gradle.api.internal.artifacts.transform.TransformStep] Transforming kotlin-build-statistics-2.1.10.jar (org.jetbrains.kotlin:kotlin-build-statistics:2.1.10) with InstrumentationAnalysisTransform
2025-03-10T17:43:18.247+0800 [DEBUG] [org.gradle.internal.operations.DefaultBuildOperationRunner] Build operation 'Identifying work' completed
2025-03-10T17:43:18.248+0800 [DEBUG] [org.gradle.internal.operations.DefaultBuildOperationRunner] Build operation 'Identifying work' completed
2025-03-10T17:43:18.248+0800 [DEBUG] [org.gradle.internal.operations.DefaultBuildOperationRunner] Build operation 'Identifying work' completed
2025-03-10T17:43:18.248+0800 [INFO] [org.gradle.api.internal.artifacts.transform.TransformStep] Transforming kotlin-gradle-plugin-model-2.1.10.jar (org.jetbrains.kotlin:kotlin-gradle-plugin-model:2.1.10) with ExternalDependencyInstrumentingArtifactTransform
2025-03-10T17:43:18.248+0800 [DEBUG] [org.gradle.internal.operations.DefaultBuildOperationRunner] Build operation 'Identifying work' completed
2025-03-10T17:43:18.248+0800 [DEBUG] [org.gradle.internal.operations.DefaultBuildOperationRunner] Build operation 'Identifying work' completed
2025-03-10T17:43:18.248+0800 [DEBUG] [org.gradle.internal.operations.DefaultBuildOperationRunner] Build operation 'Identifying work' completed
2025-03-10T17:43:18.248+0800 [DEBUG] [org.gradle.internal.operations.DefaultBuildOperationRunner] Build operation 'Identifying work' completed
2025-03-10T17:43:18.248+0800 [DEBUG] [org.gradle.internal.operations.DefaultBuildOperationRunner] Build operation 'Identifying work' completed
2025-03-10T17:43:18.248+0800 [DEBUG] [org.gradle.internal.operations.DefaultBuildOperationRunner] Build operation 'Identifying work' completed
2025-03-10T17:43:18.248+0800 [DEBUG] [org.gradle.internal.operations.DefaultBuildOperationRunner] Build operation 'Identifying work' completed
2025-03-10T17:43:18.248+0800 [DEBUG] [org.gradle.internal.operations.DefaultBuildOperationRunner] Build operation 'Identifying work' completed
2025-03-10T17:43:18.248+0800 [INFO] [org.gradle.api.internal.artifacts.transform.TransformStep] Transforming kotlin-serialization-2.1.10-gradle85.jar (org.jetbrains.kotlin:kotlin-serialization:2.1.10) with ExternalDependencyInstrumentingArtifactTransform
2025-03-10T17:43:18.248+0800 [DEBUG] [org.gradle.internal.operations.DefaultBuildOperationRunner] Build operation 'Identifying work' completed
2025-03-10T17:43:18.248+0800 [DEBUG] [org.gradle.internal.operations.DefaultBuildOperationRunner] Build operation 'Identifying work' completed
2025-03-10T17:43:18.248+0800 [DEBUG] [org.gradle.internal.operations.DefaultBuildOperationRunner] Build operation 'Identifying work' completed
2025-03-10T17:43:18.248+0800 [INFO] [org.gradle.api.internal.artifacts.transform.TransformStep] Transforming kotlin-build-statistics-2.1.10.jar (org.jetbrains.kotlin:kotlin-build-statistics:2.1.10) with MergeInstrumentationAnalysisTransform
2025-03-10T17:43:18.248+0800 [INFO] [org.gradle.api.internal.artifacts.transform.TransformStep] Transforming kotlin-util-klib-metadata-2.1.10.jar (org.jetbrains.kotlin:kotlin-util-klib-metadata:2.1.10) with InstrumentationAnalysisTransform
2025-03-10T17:43:18.248+0800 [DEBUG] [org.gradle.internal.operations.DefaultBuildOperationRunner] Build operation 'Identifying work' completed
2025-03-10T17:43:18.248+0800 [DEBUG] [org.gradle.internal.operations.DefaultBuildOperationRunner] Build operation 'Identifying work' completed
2025-03-10T17:43:18.249+0800 [DEBUG] [org.gradle.internal.operations.DefaultBuildOperationRunner] Build operation 'Identifying work' completed
2025-03-10T17:43:18.249+0800 [DEBUG] [org.gradle.internal.operations.DefaultBuildOperationRunner] Build operation 'Identifying work' completed
2025-03-10T17:43:18.249+0800 [DEBUG] [org.gradle.internal.operations.DefaultBuildOperationRunner] Build operation 'Identifying work' completed
2025-03-10T17:43:18.249+0800 [DEBUG] [org.gradle.internal.operations.DefaultBuildOperationRunner] Build operation 'Identifying work' completed
2025-03-10T17:43:18.249+0800 [DEBUG] [org.gradle.internal.operations.DefaultBuildOperationRunner] Build operation 'Identifying work' completed
2025-03-10T17:43:18.249+0800 [DEBUG] [org.gradle.internal.operations.DefaultBuildOperationRunner] Build operation 'Identifying work' completed
2025-03-10T17:43:18.249+0800 [INFO] [org.gradle.api.internal.artifacts.transform.TransformStep] Transforming kotlin-klib-commonizer-api-2.1.10.jar (org.jetbrains.kotlin:kotlin-klib-commonizer-api:2.1.10) with ExternalDependencyInstrumentingArtifactTransform
2025-03-10T17:43:18.249+0800 [DEBUG] [org.gradle.internal.operations.DefaultBuildOperationRunner] Build operation 'Identifying work' completed
2025-03-10T17:43:18.249+0800 [DEBUG] [org.gradle.internal.operations.DefaultBuildOperationRunner] Build operation 'Identifying work' completed
2025-03-10T17:43:18.249+0800 [DEBUG] [org.gradle.internal.operations.DefaultBuildOperationRunner] Build operation 'Identifying work' completed
2025-03-10T17:43:18.249+0800 [INFO] [org.gradle.api.internal.artifacts.transform.TransformStep] Transforming kotlin-gradle-plugin-idea-2.1.10.jar (org.jetbrains.kotlin:kotlin-gradle-plugin-idea:2.1.10) with ExternalDependencyInstrumentingArtifactTransform
2025-03-10T17:43:18.249+0800 [DEBUG] [org.gradle.internal.operations.DefaultBuildOperationRunner] Build operation 'Identifying work' completed
2025-03-10T17:43:18.249+0800 [DEBUG] [org.gradle.internal.operations.DefaultBuildOperationRunner] Build operation 'Identifying work' completed
2025-03-10T17:43:18.249+0800 [DEBUG] [org.gradle.internal.operations.DefaultBuildOperationRunner] Build operation 'Identifying work' completed
2025-03-10T17:43:18.249+0800 [INFO] [org.gradle.api.internal.artifacts.transform.TransformStep] Transforming kotlin-util-klib-metadata-2.1.10.jar (org.jetbrains.kotlin:kotlin-util-klib-metadata:2.1.10) with MergeInstrumentationAnalysisTransform
2025-03-10T17:43:18.249+0800 [DEBUG] [org.gradle.internal.operations.DefaultBuildOperationRunner] Build operation 'Identifying work' completed
2025-03-10T17:43:18.249+0800 [DEBUG] [org.gradle.internal.operations.DefaultBuildOperationRunner] Build operation 'Identifying work' completed
2025-03-10T17:43:18.249+0800 [DEBUG] [org.gradle.internal.operations.DefaultBuildOperationRunner] Build operation 'Identifying work' completed
2025-03-10T17:43:18.250+0800 [DEBUG] [org.gradle.internal.operations.DefaultBuildOperationRunner] Build operation 'Identifying work' completed
2025-03-10T17:43:18.250+0800 [DEBUG] [org.gradle.internal.operations.DefaultBuildOperationRunner] Build operation 'Identifying work' completed
2025-03-10T17:43:18.250+0800 [DEBUG] [org.gradle.internal.operations.DefaultBuildOperationRunner] Build operation 'Identifying work' completed
2025-03-10T17:43:18.250+0800 [DEBUG] [org.gradle.internal.operations.DefaultBuildOperationRunner] Build operation 'Identifying work' completed
2025-03-10T17:43:18.250+0800 [DEBUG] [org.gradle.internal.operations.DefaultBuildOperationRunner] Build operation 'Identifying work' completed
2025-03-10T17:43:18.250+0800 [DEBUG] [org.gradle.internal.operations.DefaultBuildOperationRunner] Build operation 'Identifying work' completed
2025-03-10T17:43:18.250+0800 [DEBUG] [org.gradle.internal.operations.DefaultBuildOperationRunner] Build operation 'Identifying work' completed
2025-03-10T17:43:18.250+0800 [DEBUG] [org.gradle.internal.operations.DefaultBuildOperationRunner] Build operation 'Identifying work' completed
2025-03-10T17:43:18.250+0800 [DEBUG] [org.gradle.internal.operations.DefaultBuildOperationRunner] Build operation 'Identifying work' completed
2025-03-10T17:43:18.249+0800 [INFO] [org.gradle.api.internal.artifacts.transform.TransformStep] Transforming kotlin-compiler-runner-2.1.10.jar (org.jetbrains.kotlin:kotlin-compiler-runner:2.1.10) with InstrumentationAnalysisTransform
2025-03-10T17:43:18.250+0800 [DEBUG] [org.gradle.internal.operations.DefaultBuildOperationRunner] Build operation 'Identifying work' completed
2025-03-10T17:43:18.250+0800 [INFO] [org.gradle.api.internal.artifacts.transform.TransformStep] Transforming kotlin-compiler-runner-2.1.10.jar (org.jetbrains.kotlin:kotlin-compiler-runner:2.1.10) with MergeInstrumentationAnalysisTransform
2025-03-10T17:43:18.250+0800 [INFO] [org.gradle.api.internal.artifacts.transform.TransformStep] Transforming kotlin-gradle-plugin-idea-proto-2.1.10.jar (org.jetbrains.kotlin:kotlin-gradle-plugin-idea-proto:2.1.10) with ExternalDependencyInstrumentingArtifactTransform
2025-03-10T17:43:18.250+0800 [DEBUG] [org.gradle.internal.operations.DefaultBuildOperationRunner] Build operation 'Identifying work' completed
2025-03-10T17:43:18.250+0800 [DEBUG] [org.gradle.internal.operations.DefaultBuildOperationRunner] Build operation 'Identifying work' completed
2025-03-10T17:43:18.250+0800 [DEBUG] [org.gradle.internal.operations.DefaultBuildOperationRunner] Build operation 'Identifying work' completed
2025-03-10T17:43:18.250+0800 [INFO] [org.gradle.api.internal.artifacts.transform.TransformStep] Transforming kotlin-gradle-plugin-2.1.10-gradle85.jar (org.jetbrains.kotlin:kotlin-gradle-plugin:2.1.10) with ExternalDependencyInstrumentingArtifactTransform
2025-03-10T17:43:18.250+0800 [DEBUG] [org.gradle.internal.operations.DefaultBuildOperationRunner] Build operation 'Identifying work' completed
2025-03-10T17:43:18.250+0800 [DEBUG] [org.gradle.internal.operations.DefaultBuildOperationRunner] Build operation 'Identifying work' completed
2025-03-10T17:43:18.250+0800 [DEBUG] [org.gradle.internal.operations.DefaultBuildOperationRunner] Build operation 'Identifying work' completed
2025-03-10T17:43:18.250+0800 [DEBUG] [org.gradle.internal.operations.DefaultBuildOperationRunner] Build operation 'Identifying work' completed
2025-03-10T17:43:18.250+0800 [DEBUG] [org.gradle.internal.operations.DefaultBuildOperationRunner] Build operation 'Identifying work' completed
2025-03-10T17:43:18.251+0800 [DEBUG] [org.gradle.internal.operations.DefaultBuildOperationRunner] Build operation 'Identifying work' completed
2025-03-10T17:43:18.251+0800 [DEBUG] [org.gradle.internal.operations.DefaultBuildOperationRunner] Build operation 'Identifying work' completed
2025-03-10T17:43:18.251+0800 [DEBUG] [org.gradle.internal.operations.DefaultBuildOperationRunner] Build operation 'Identifying work' completed
2025-03-10T17:43:18.251+0800 [INFO] [org.gradle.api.internal.artifacts.transform.TransformStep] Transforming kotlin-util-klib-metadata-2.1.10.jar (org.jetbrains.kotlin:kotlin-util-klib-metadata:2.1.10) with ExternalDependencyInstrumentingArtifactTransform
2025-03-10T17:43:18.251+0800 [DEBUG] [org.gradle.internal.operations.DefaultBuildOperationRunner] Build operation 'Identifying work' completed
2025-03-10T17:43:18.251+0800 [DEBUG] [org.gradle.internal.operations.DefaultBuildOperationRunner] Build operation 'Identifying work' completed
2025-03-10T17:43:18.251+0800 [DEBUG] [org.gradle.internal.operations.DefaultBuildOperationRunner] Build operation 'Identifying work' completed
2025-03-10T17:43:18.250+0800 [INFO] [org.gradle.api.internal.artifacts.transform.TransformStep] Transforming kotlin-gradle-plugin-api-2.1.10-gradle85.jar (org.jetbrains.kotlin:kotlin-gradle-plugin-api:2.1.10) with ExternalDependencyInstrumentingArtifactTransform
2025-03-10T17:43:18.251+0800 [DEBUG] [org.gradle.internal.operations.DefaultBuildOperationRunner] Build operation 'Identifying work' completed
2025-03-10T17:43:18.251+0800 [DEBUG] [org.gradle.internal.operations.DefaultBuildOperationRunner] Build operation 'Identifying work' completed
2025-03-10T17:43:18.251+0800 [DEBUG] [org.gradle.internal.operations.DefaultBuildOperationRunner] Build operation 'Identifying work' completed
2025-03-10T17:43:18.250+0800 [INFO] [org.gradle.api.internal.artifacts.transform.TransformStep] Transforming jib-gradle-plugin-3.4.0.jar (com.google.cloud.tools:jib-gradle-plugin:3.4.0) with InstrumentationAnalysisTransform
2025-03-10T17:43:18.251+0800 [DEBUG] [org.gradle.internal.operations.DefaultBuildOperationRunner] Build operation 'Identifying work' completed
2025-03-10T17:43:18.251+0800 [INFO] [org.gradle.api.internal.artifacts.transform.TransformStep] Transforming jib-gradle-plugin-3.4.0.jar (com.google.cloud.tools:jib-gradle-plugin:3.4.0) with MergeInstrumentationAnalysisTransform
2025-03-10T17:43:18.251+0800 [INFO] [org.gradle.api.internal.artifacts.transform.TransformStep] Transforming kotlin-gradle-plugin-annotations-2.1.10.jar (org.jetbrains.kotlin:kotlin-gradle-plugin-annotations:2.1.10) with InstrumentationAnalysisTransform
2025-03-10T17:43:18.251+0800 [DEBUG] [org.gradle.internal.operations.DefaultBuildOperationRunner] Build operation 'Identifying work' completed
2025-03-10T17:43:18.251+0800 [INFO] [org.gradle.api.internal.artifacts.transform.TransformStep] Transforming kotlin-gradle-plugin-annotations-2.1.10.jar (org.jetbrains.kotlin:kotlin-gradle-plugin-annotations:2.1.10) with MergeInstrumentationAnalysisTransform
2025-03-10T17:43:18.251+0800 [INFO] [org.gradle.api.internal.artifacts.transform.TransformStep] Transforming kotlin-native-utils-2.1.10.jar (org.jetbrains.kotlin:kotlin-native-utils:2.1.10) with InstrumentationAnalysisTransform
2025-03-10T17:43:18.251+0800 [DEBUG] [org.gradle.internal.operations.DefaultBuildOperationRunner] Build operation 'Identifying work' completed
2025-03-10T17:43:18.251+0800 [INFO] [org.gradle.api.internal.artifacts.transform.TransformStep] Transforming kotlin-native-utils-2.1.10.jar (org.jetbrains.kotlin:kotlin-native-utils:2.1.10) with MergeInstrumentationAnalysisTransform
2025-03-10T17:43:18.251+0800 [INFO] [org.gradle.api.internal.artifacts.transform.TransformStep] Transforming kotlin-tooling-core-2.1.10.jar (org.jetbrains.kotlin:kotlin-tooling-core:2.1.10) with InstrumentationAnalysisTransform
2025-03-10T17:43:18.251+0800 [DEBUG] [org.gradle.internal.operations.DefaultBuildOperationRunner] Build operation 'Identifying work' completed
2025-03-10T17:43:18.251+0800 [DEBUG] [org.gradle.internal.operations.DefaultBuildOperationRunner] Build operation 'Identifying work' completed
2025-03-10T17:43:18.252+0800 [DEBUG] [org.gradle.internal.operations.DefaultBuildOperationRunner] Build operation 'Identifying work' completed
2025-03-10T17:43:18.252+0800 [DEBUG] [org.gradle.internal.operations.DefaultBuildOperationRunner] Build operation 'Identifying work' completed
2025-03-10T17:43:18.252+0800 [DEBUG] [org.gradle.internal.operations.DefaultBuildOperationRunner] Build operation 'Identifying work' completed
2025-03-10T17:43:18.252+0800 [DEBUG] [org.gradle.internal.operations.DefaultBuildOperationRunner] Build operation 'Identifying work' completed
2025-03-10T17:43:18.252+0800 [DEBUG] [org.gradle.internal.operations.DefaultBuildOperationRunner] Build operation 'Identifying work' completed
2025-03-10T17:43:18.252+0800 [DEBUG] [org.gradle.internal.operations.DefaultBuildOperationRunner] Build operation 'Identifying work' completed
2025-03-10T17:43:18.252+0800 [DEBUG] [org.gradle.internal.operations.DefaultBuildOperationRunner] Build operation 'Identifying work' completed
2025-03-10T17:43:18.252+0800 [INFO] [org.gradle.api.internal.artifacts.transform.TransformStep] Transforming kotlin-native-utils-2.1.10.jar (org.jetbrains.kotlin:kotlin-native-utils:2.1.10) with ExternalDependencyInstrumentingArtifactTransform
2025-03-10T17:43:18.252+0800 [DEBUG] [org.gradle.internal.operations.DefaultBuildOperationRunner] Build operation 'Identifying work' completed
2025-03-10T17:43:18.252+0800 [DEBUG] [org.gradle.internal.operations.DefaultBuildOperationRunner] Build operation 'Identifying work' completed
2025-03-10T17:43:18.252+0800 [DEBUG] [org.gradle.internal.operations.DefaultBuildOperationRunner] Build operation 'Identifying work' completed
2025-03-10T17:43:18.252+0800 [INFO] [org.gradle.api.internal.artifacts.transform.TransformStep] Transforming kotlin-build-statistics-2.1.10.jar (org.jetbrains.kotlin:kotlin-build-statistics:2.1.10) with ExternalDependencyInstrumentingArtifactTransform
2025-03-10T17:43:18.252+0800 [DEBUG] [org.gradle.internal.operations.DefaultBuildOperationRunner] Build operation 'Identifying work' completed
2025-03-10T17:43:18.252+0800 [DEBUG] [org.gradle.internal.operations.DefaultBuildOperationRunner] Build operation 'Identifying work' completed
2025-03-10T17:43:18.252+0800 [DEBUG] [org.gradle.internal.operations.DefaultBuildOperationRunner] Build operation 'Identifying work' completed
2025-03-10T17:43:18.252+0800 [INFO] [org.gradle.api.internal.artifacts.transform.TransformStep] Transforming kotlin-tooling-core-2.1.10.jar (org.jetbrains.kotlin:kotlin-tooling-core:2.1.10) with MergeInstrumentationAnalysisTransform
2025-03-10T17:43:18.252+0800 [DEBUG] [org.gradle.internal.operations.DefaultBuildOperationRunner] Build operation 'Identifying work' completed
2025-03-10T17:43:18.252+0800 [DEBUG] [org.gradle.internal.operations.DefaultBuildOperationRunner] Build operation 'Identifying work' completed
2025-03-10T17:43:18.252+0800 [DEBUG] [org.gradle.internal.operations.DefaultBuildOperationRunner] Build operation 'Identifying work' completed
2025-03-10T17:43:18.252+0800 [DEBUG] [org.gradle.internal.operations.DefaultBuildOperationRunner] Build operation 'Identifying work' completed
2025-03-10T17:43:18.253+0800 [INFO] [org.gradle.api.internal.artifacts.transform.TransformStep] Transforming kotlin-gradle-plugin-annotations-2.1.10.jar (org.jetbrains.kotlin:kotlin-gradle-plugin-annotations:2.1.10) with ExternalDependencyInstrumentingArtifactTransform
2025-03-10T17:43:18.253+0800 [DEBUG] [org.gradle.internal.operations.DefaultBuildOperationRunner] Build operation 'Identifying work' completed
2025-03-10T17:43:18.253+0800 [DEBUG] [org.gradle.internal.operations.DefaultBuildOperationRunner] Build operation 'Identifying work' completed
2025-03-10T17:43:18.253+0800 [DEBUG] [org.gradle.internal.operations.DefaultBuildOperationRunner] Build operation 'Identifying work' completed
2025-03-10T17:43:18.252+0800 [INFO] [org.gradle.api.internal.artifacts.transform.TransformStep] Transforming kotlin-build-tools-api-2.1.10.jar (org.jetbrains.kotlin:kotlin-build-tools-api:2.1.10) with InstrumentationAnalysisTransform
2025-03-10T17:43:18.253+0800 [DEBUG] [org.gradle.internal.operations.DefaultBuildOperationRunner] Build operation 'Identifying work' completed
2025-03-10T17:43:18.253+0800 [INFO] [org.gradle.api.internal.artifacts.transform.TransformStep] Transforming kotlin-build-tools-api-2.1.10.jar (org.jetbrains.kotlin:kotlin-build-tools-api:2.1.10) with MergeInstrumentationAnalysisTransform
2025-03-10T17:43:18.253+0800 [INFO] [org.gradle.api.internal.artifacts.transform.TransformStep] Transforming google-auth-library-oauth2-http-1.10.0.jar (com.google.auth:google-auth-library-oauth2-http:1.10.0) with InstrumentationAnalysisTransform
2025-03-10T17:43:18.253+0800 [DEBUG] [org.gradle.internal.operations.DefaultBuildOperationRunner] Build operation 'Identifying work' completed
2025-03-10T17:43:18.253+0800 [INFO] [org.gradle.api.internal.artifacts.transform.TransformStep] Transforming google-auth-library-oauth2-http-1.10.0.jar (com.google.auth:google-auth-library-oauth2-http:1.10.0) with MergeInstrumentationAnalysisTransform
2025-03-10T17:43:18.253+0800 [INFO] [org.gradle.api.internal.artifacts.transform.TransformStep] Transforming google-http-client-gson-1.42.2.jar (com.google.http-client:google-http-client-gson:1.42.2) with InstrumentationAnalysisTransform
2025-03-10T17:43:18.253+0800 [DEBUG] [org.gradle.internal.operations.DefaultBuildOperationRunner] Build operation 'Identifying work' completed
2025-03-10T17:43:18.253+0800 [INFO] [org.gradle.api.internal.artifacts.transform.TransformStep] Transforming google-http-client-gson-1.42.2.jar (com.google.http-client:google-http-client-gson:1.42.2) with MergeInstrumentationAnalysisTransform
2025-03-10T17:43:18.253+0800 [INFO] [org.gradle.api.internal.artifacts.transform.TransformStep] Transforming gson-2.9.0.jar (com.google.code.gson:gson:2.9.0) with InstrumentationAnalysisTransform
2025-03-10T17:43:18.253+0800 [DEBUG] [org.gradle.internal.operations.DefaultBuildOperationRunner] Build operation 'Identifying work' completed
2025-03-10T17:43:18.253+0800 [INFO] [org.gradle.api.internal.artifacts.transform.TransformStep] Transforming gson-2.9.0.jar (com.google.code.gson:gson:2.9.0) with MergeInstrumentationAnalysisTransform
2025-03-10T17:43:18.253+0800 [INFO] [org.gradle.api.internal.artifacts.transform.TransformStep] Transforming kotlin-util-klib-2.1.10.jar (org.jetbrains.kotlin:kotlin-util-klib:2.1.10) with InstrumentationAnalysisTransform
2025-03-10T17:43:18.253+0800 [DEBUG] [org.gradle.internal.operations.DefaultBuildOperationRunner] Build operation 'Identifying work' completed
2025-03-10T17:43:18.253+0800 [INFO] [org.gradle.api.internal.artifacts.transform.TransformStep] Transforming kotlin-util-klib-2.1.10.jar (org.jetbrains.kotlin:kotlin-util-klib:2.1.10) with MergeInstrumentationAnalysisTransform
2025-03-10T17:43:18.253+0800 [INFO] [org.gradle.api.internal.artifacts.transform.TransformStep] Transforming kotlin-util-io-2.1.10.jar (org.jetbrains.kotlin:kotlin-util-io:2.1.10) with InstrumentationAnalysisTransform
2025-03-10T17:43:18.253+0800 [DEBUG] [org.gradle.internal.operations.DefaultBuildOperationRunner] Build operation 'Identifying work' completed
2025-03-10T17:43:18.253+0800 [INFO] [org.gradle.api.internal.artifacts.transform.TransformStep] Transforming kotlin-util-io-2.1.10.jar (org.jetbrains.kotlin:kotlin-util-io:2.1.10) with MergeInstrumentationAnalysisTransform
2025-03-10T17:43:18.253+0800 [INFO] [org.gradle.api.internal.artifacts.transform.TransformStep] Transforming kotlin-daemon-client-2.1.10.jar (org.jetbrains.kotlin:kotlin-daemon-client:2.1.10) with InstrumentationAnalysisTransform
2025-03-10T17:43:18.253+0800 [DEBUG] [org.gradle.internal.operations.DefaultBuildOperationRunner] Build operation 'Identifying work' completed
2025-03-10T17:43:18.253+0800 [INFO] [org.gradle.api.internal.artifacts.transform.TransformStep] Transforming kotlin-daemon-client-2.1.10.jar (org.jetbrains.kotlin:kotlin-daemon-client:2.1.10) with MergeInstrumentationAnalysisTransform
2025-03-10T17:43:18.253+0800 [INFO] [org.gradle.api.internal.artifacts.transform.TransformStep] Transforming kotlinx-coroutines-core-jvm-1.6.4.jar (org.jetbrains.kotlinx:kotlinx-coroutines-core-jvm:1.6.4) with InstrumentationAnalysisTransform
2025-03-10T17:43:18.253+0800 [DEBUG] [org.gradle.internal.operations.DefaultBuildOperationRunner] Build operation 'Identifying work' completed
2025-03-10T17:43:18.253+0800 [INFO] [org.gradle.api.internal.artifacts.transform.TransformStep] Transforming kotlinx-coroutines-core-jvm-1.6.4.jar (org.jetbrains.kotlinx:kotlinx-coroutines-core-jvm:1.6.4) with MergeInstrumentationAnalysisTransform
2025-03-10T17:43:18.253+0800 [INFO] [org.gradle.api.internal.artifacts.transform.TransformStep] Transforming google-http-client-apache-v2-1.42.2.jar (com.google.http-client:google-http-client-apache-v2:1.42.2) with InstrumentationAnalysisTransform
2025-03-10T17:43:18.253+0800 [DEBUG] [org.gradle.internal.operations.DefaultBuildOperationRunner] Build operation 'Identifying work' completed
2025-03-10T17:43:18.253+0800 [INFO] [org.gradle.api.internal.artifacts.transform.TransformStep] Transforming google-http-client-apache-v2-1.42.2.jar (com.google.http-client:google-http-client-apache-v2:1.42.2) with MergeInstrumentationAnalysisTransform
2025-03-10T17:43:18.253+0800 [INFO] [org.gradle.api.internal.artifacts.transform.TransformStep] Transforming google-http-client-1.42.2.jar (com.google.http-client:google-http-client:1.42.2) with InstrumentationAnalysisTransform
2025-03-10T17:43:18.253+0800 [DEBUG] [org.gradle.internal.operations.DefaultBuildOperationRunner] Build operation 'Identifying work' completed
2025-03-10T17:43:18.253+0800 [INFO] [org.gradle.api.internal.artifacts.transform.TransformStep] Transforming google-http-client-1.42.2.jar (com.google.http-client:google-http-client:1.42.2) with MergeInstrumentationAnalysisTransform
2025-03-10T17:43:18.254+0800 [INFO] [org.gradle.api.internal.artifacts.transform.TransformStep] Transforming commons-compress-1.21.jar (org.apache.commons:commons-compress:1.21) with InstrumentationAnalysisTransform
2025-03-10T17:43:18.254+0800 [DEBUG] [org.gradle.internal.operations.DefaultBuildOperationRunner] Build operation 'Identifying work' completed
2025-03-10T17:43:18.254+0800 [INFO] [org.gradle.api.internal.artifacts.transform.TransformStep] Transforming commons-compress-1.21.jar (org.apache.commons:commons-compress:1.21) with MergeInstrumentationAnalysisTransform
2025-03-10T17:43:18.254+0800 [INFO] [org.gradle.api.internal.artifacts.transform.TransformStep] Transforming opencensus-contrib-http-util-0.31.1.jar (io.opencensus:opencensus-contrib-http-util:0.31.1) with InstrumentationAnalysisTransform
2025-03-10T17:43:18.254+0800 [DEBUG] [org.gradle.internal.operations.DefaultBuildOperationRunner] Build operation 'Identifying work' completed
2025-03-10T17:43:18.254+0800 [INFO] [org.gradle.api.internal.artifacts.transform.TransformStep] Transforming opencensus-contrib-http-util-0.31.1.jar (io.opencensus:opencensus-contrib-http-util:0.31.1) with MergeInstrumentationAnalysisTransform
2025-03-10T17:43:18.254+0800 [INFO] [org.gradle.api.internal.artifacts.transform.TransformStep] Transforming guava-32.1.2-jre.jar (com.google.guava:guava:32.1.2-jre) with InstrumentationAnalysisTransform
2025-03-10T17:43:18.254+0800 [DEBUG] [org.gradle.internal.operations.DefaultBuildOperationRunner] Build operation 'Identifying work' completed
2025-03-10T17:43:18.254+0800 [INFO] [org.gradle.api.internal.artifacts.transform.TransformStep] Transforming guava-32.1.2-jre.jar (com.google.guava:guava:32.1.2-jre) with MergeInstrumentationAnalysisTransform
2025-03-10T17:43:18.254+0800 [INFO] [org.gradle.api.internal.artifacts.transform.TransformStep] Transforming jackson-datatype-jsr310-2.15.2.jar (com.fasterxml.jackson.datatype:jackson-datatype-jsr310:2.15.2) with InstrumentationAnalysisTransform
2025-03-10T17:43:18.254+0800 [DEBUG] [org.gradle.internal.operations.DefaultBuildOperationRunner] Build operation 'Identifying work' completed
2025-03-10T17:43:18.254+0800 [DEBUG] [org.gradle.internal.operations.DefaultBuildOperationRunner] Build operation 'Identifying work' completed
2025-03-10T17:43:18.254+0800 [DEBUG] [org.gradle.internal.operations.DefaultBuildOperationRunner] Build operation 'Identifying work' completed
2025-03-10T17:43:18.254+0800 [DEBUG] [org.gradle.internal.operations.DefaultBuildOperationRunner] Build operation 'Identifying work' completed
2025-03-10T17:43:18.254+0800 [DEBUG] [org.gradle.internal.operations.DefaultBuildOperationRunner] Build operation 'Identifying work' completed
2025-03-10T17:43:18.254+0800 [INFO] [org.gradle.api.internal.artifacts.transform.TransformStep] Transforming jib-gradle-plugin-3.4.0.jar (com.google.cloud.tools:jib-gradle-plugin:3.4.0) with ExternalDependencyInstrumentingArtifactTransform
2025-03-10T17:43:18.254+0800 [DEBUG] [org.gradle.internal.operations.DefaultBuildOperationRunner] Build operation 'Identifying work' completed
2025-03-10T17:43:18.254+0800 [DEBUG] [org.gradle.internal.operations.DefaultBuildOperationRunner] Build operation 'Identifying work' completed
2025-03-10T17:43:18.254+0800 [DEBUG] [org.gradle.internal.operations.DefaultBuildOperationRunner] Build operation 'Identifying work' completed
2025-03-10T17:43:18.254+0800 [DEBUG] [org.gradle.internal.operations.DefaultBuildOperationRunner] Build operation 'Identifying work' completed
2025-03-10T17:43:18.254+0800 [DEBUG] [org.gradle.internal.operations.DefaultBuildOperationRunner] Build operation 'Identifying work' completed
2025-03-10T17:43:18.254+0800 [DEBUG] [org.gradle.internal.operations.DefaultBuildOperationRunner] Build operation 'Identifying work' completed
2025-03-10T17:43:18.254+0800 [DEBUG] [org.gradle.internal.operations.DefaultBuildOperationRunner] Build operation 'Identifying work' completed
2025-03-10T17:43:18.254+0800 [INFO] [org.gradle.api.internal.artifacts.transform.TransformStep] Transforming google-auth-library-oauth2-http-1.10.0.jar (com.google.auth:google-auth-library-oauth2-http:1.10.0) with ExternalDependencyInstrumentingArtifactTransform
2025-03-10T17:43:18.254+0800 [DEBUG] [org.gradle.internal.operations.DefaultBuildOperationRunner] Build operation 'Identifying work' completed
2025-03-10T17:43:18.254+0800 [DEBUG] [org.gradle.internal.operations.DefaultBuildOperationRunner] Build operation 'Identifying work' completed
2025-03-10T17:43:18.254+0800 [DEBUG] [org.gradle.internal.operations.DefaultBuildOperationRunner] Build operation 'Identifying work' completed
2025-03-10T17:43:18.255+0800 [DEBUG] [org.gradle.internal.operations.DefaultBuildOperationRunner] Build operation 'Identifying work' completed
2025-03-10T17:43:18.255+0800 [DEBUG] [org.gradle.internal.operations.DefaultBuildOperationRunner] Build operation 'Identifying work' completed
2025-03-10T17:43:18.255+0800 [DEBUG] [org.gradle.internal.operations.DefaultBuildOperationRunner] Build operation 'Identifying work' completed
2025-03-10T17:43:18.255+0800 [DEBUG] [org.gradle.internal.operations.DefaultBuildOperationRunner] Build operation 'Identifying work' completed
2025-03-10T17:43:18.255+0800 [INFO] [org.gradle.api.internal.artifacts.transform.TransformStep] Transforming google-http-client-gson-1.42.2.jar (com.google.http-client:google-http-client-gson:1.42.2) with ExternalDependencyInstrumentingArtifactTransform
2025-03-10T17:43:18.255+0800 [DEBUG] [org.gradle.internal.operations.DefaultBuildOperationRunner] Build operation 'Identifying work' completed
2025-03-10T17:43:18.255+0800 [DEBUG] [org.gradle.internal.operations.DefaultBuildOperationRunner] Build operation 'Identifying work' completed
2025-03-10T17:43:18.255+0800 [DEBUG] [org.gradle.internal.operations.DefaultBuildOperationRunner] Build operation 'Identifying work' completed
2025-03-10T17:43:18.255+0800 [DEBUG] [org.gradle.internal.operations.DefaultBuildOperationRunner] Build operation 'Identifying work' completed
2025-03-10T17:43:18.255+0800 [DEBUG] [org.gradle.internal.operations.DefaultBuildOperationRunner] Build operation 'Identifying work' completed
2025-03-10T17:43:18.255+0800 [DEBUG] [org.gradle.internal.operations.DefaultBuildOperationRunner] Build operation 'Identifying work' completed
2025-03-10T17:43:18.255+0800 [DEBUG] [org.gradle.internal.operations.DefaultBuildOperationRunner] Build operation 'Identifying work' completed
2025-03-10T17:43:18.255+0800 [INFO] [org.gradle.api.internal.artifacts.transform.TransformStep] Transforming gson-2.9.0.jar (com.google.code.gson:gson:2.9.0) with ExternalDependencyInstrumentingArtifactTransform
2025-03-10T17:43:18.255+0800 [DEBUG] [org.gradle.internal.operations.DefaultBuildOperationRunner] Build operation 'Identifying work' completed
2025-03-10T17:43:18.255+0800 [DEBUG] [org.gradle.internal.operations.DefaultBuildOperationRunner] Build operation 'Identifying work' completed
2025-03-10T17:43:18.255+0800 [DEBUG] [org.gradle.internal.operations.DefaultBuildOperationRunner] Build operation 'Identifying work' completed
2025-03-10T17:43:18.255+0800 [DEBUG] [org.gradle.internal.operations.DefaultBuildOperationRunner] Build operation 'Identifying work' completed
2025-03-10T17:43:18.255+0800 [DEBUG] [org.gradle.internal.operations.DefaultBuildOperationRunner] Build operation 'Identifying work' completed
2025-03-10T17:43:18.255+0800 [DEBUG] [org.gradle.internal.operations.DefaultBuildOperationRunner] Build operation 'Identifying work' completed
2025-03-10T17:43:18.255+0800 [DEBUG] [org.gradle.internal.operations.DefaultBuildOperationRunner] Build operation 'Identifying work' completed
2025-03-10T17:43:18.255+0800 [INFO] [org.gradle.api.internal.artifacts.transform.TransformStep] Transforming kotlin-util-klib-2.1.10.jar (org.jetbrains.kotlin:kotlin-util-klib:2.1.10) with ExternalDependencyInstrumentingArtifactTransform
2025-03-10T17:43:18.255+0800 [DEBUG] [org.gradle.internal.operations.DefaultBuildOperationRunner] Build operation 'Identifying work' completed
2025-03-10T17:43:18.255+0800 [DEBUG] [org.gradle.internal.operations.DefaultBuildOperationRunner] Build operation 'Identifying work' completed
2025-03-10T17:43:18.255+0800 [DEBUG] [org.gradle.internal.operations.DefaultBuildOperationRunner] Build operation 'Identifying work' completed
2025-03-10T17:43:18.256+0800 [DEBUG] [org.gradle.internal.operations.DefaultBuildOperationRunner] Build operation 'Identifying work' completed
2025-03-10T17:43:18.256+0800 [DEBUG] [org.gradle.internal.operations.DefaultBuildOperationRunner] Build operation 'Identifying work' completed
2025-03-10T17:43:18.256+0800 [DEBUG] [org.gradle.internal.operations.DefaultBuildOperationRunner] Build operation 'Identifying work' completed
2025-03-10T17:43:18.256+0800 [DEBUG] [org.gradle.internal.operations.DefaultBuildOperationRunner] Build operation 'Identifying work' completed
2025-03-10T17:43:18.256+0800 [INFO] [org.gradle.api.internal.artifacts.transform.TransformStep] Transforming kotlin-util-io-2.1.10.jar (org.jetbrains.kotlin:kotlin-util-io:2.1.10) with ExternalDependencyInstrumentingArtifactTransform
2025-03-10T17:43:18.256+0800 [DEBUG] [org.gradle.internal.operations.DefaultBuildOperationRunner] Build operation 'Identifying work' completed
2025-03-10T17:43:18.256+0800 [DEBUG] [org.gradle.internal.operations.DefaultBuildOperationRunner] Build operation 'Identifying work' completed
2025-03-10T17:43:18.256+0800 [DEBUG] [org.gradle.internal.operations.DefaultBuildOperationRunner] Build operation 'Identifying work' completed
2025-03-10T17:43:18.256+0800 [DEBUG] [org.gradle.internal.operations.DefaultBuildOperationRunner] Build operation 'Identifying work' completed
2025-03-10T17:43:18.256+0800 [DEBUG] [org.gradle.internal.operations.DefaultBuildOperationRunner] Build operation 'Identifying work' completed
2025-03-10T17:43:18.256+0800 [DEBUG] [org.gradle.internal.operations.DefaultBuildOperationRunner] Build operation 'Identifying work' completed
2025-03-10T17:43:18.256+0800 [DEBUG] [org.gradle.internal.operations.DefaultBuildOperationRunner] Build operation 'Identifying work' completed
2025-03-10T17:43:18.256+0800 [INFO] [org.gradle.api.internal.artifacts.transform.TransformStep] Transforming kotlin-daemon-client-2.1.10.jar (org.jetbrains.kotlin:kotlin-daemon-client:2.1.10) with ExternalDependencyInstrumentingArtifactTransform
2025-03-10T17:43:18.256+0800 [DEBUG] [org.gradle.internal.operations.DefaultBuildOperationRunner] Build operation 'Identifying work' completed
2025-03-10T17:43:18.256+0800 [DEBUG] [org.gradle.internal.operations.DefaultBuildOperationRunner] Build operation 'Identifying work' completed
2025-03-10T17:43:18.256+0800 [DEBUG] [org.gradle.internal.operations.DefaultBuildOperationRunner] Build operation 'Identifying work' completed
2025-03-10T17:43:18.256+0800 [DEBUG] [org.gradle.internal.operations.DefaultBuildOperationRunner] Build operation 'Identifying work' completed
2025-03-10T17:43:18.256+0800 [DEBUG] [org.gradle.internal.operations.DefaultBuildOperationRunner] Build operation 'Identifying work' completed
2025-03-10T17:43:18.257+0800 [DEBUG] [org.gradle.internal.operations.DefaultBuildOperationRunner] Build operation 'Identifying work' completed
2025-03-10T17:43:18.257+0800 [DEBUG] [org.gradle.internal.operations.DefaultBuildOperationRunner] Build operation 'Identifying work' completed
2025-03-10T17:43:18.257+0800 [INFO] [org.gradle.api.internal.artifacts.transform.TransformStep] Transforming kotlinx-coroutines-core-jvm-1.6.4.jar (org.jetbrains.kotlinx:kotlinx-coroutines-core-jvm:1.6.4) with ExternalDependencyInstrumentingArtifactTransform
2025-03-10T17:43:18.257+0800 [DEBUG] [org.gradle.internal.operations.DefaultBuildOperationRunner] Build operation 'Identifying work' completed
2025-03-10T17:43:18.257+0800 [DEBUG] [org.gradle.internal.operations.DefaultBuildOperationRunner] Build operation 'Identifying work' completed
2025-03-10T17:43:18.257+0800 [DEBUG] [org.gradle.internal.operations.DefaultBuildOperationRunner] Build operation 'Identifying work' completed
2025-03-10T17:43:18.257+0800 [DEBUG] [org.gradle.internal.operations.DefaultBuildOperationRunner] Build operation 'Identifying work' completed
2025-03-10T17:43:18.257+0800 [DEBUG] [org.gradle.internal.operations.DefaultBuildOperationRunner] Build operation 'Identifying work' completed
2025-03-10T17:43:18.257+0800 [DEBUG] [org.gradle.internal.operations.DefaultBuildOperationRunner] Build operation 'Identifying work' completed
2025-03-10T17:43:18.257+0800 [DEBUG] [org.gradle.internal.operations.DefaultBuildOperationRunner] Build operation 'Identifying work' completed
2025-03-10T17:43:18.257+0800 [INFO] [org.gradle.api.internal.artifacts.transform.TransformStep] Transforming google-http-client-apache-v2-1.42.2.jar (com.google.http-client:google-http-client-apache-v2:1.42.2) with ExternalDependencyInstrumentingArtifactTransform
2025-03-10T17:43:18.257+0800 [DEBUG] [org.gradle.internal.operations.DefaultBuildOperationRunner] Build operation 'Identifying work' completed
2025-03-10T17:43:18.257+0800 [DEBUG] [org.gradle.internal.operations.DefaultBuildOperationRunner] Build operation 'Identifying work' completed
2025-03-10T17:43:18.257+0800 [DEBUG] [org.gradle.internal.operations.DefaultBuildOperationRunner] Build operation 'Identifying work' completed
2025-03-10T17:43:18.257+0800 [DEBUG] [org.gradle.internal.operations.DefaultBuildOperationRunner] Build operation 'Identifying work' completed
2025-03-10T17:43:18.257+0800 [DEBUG] [org.gradle.internal.operations.DefaultBuildOperationRunner] Build operation 'Identifying work' completed
2025-03-10T17:43:18.257+0800 [DEBUG] [org.gradle.internal.operations.DefaultBuildOperationRunner] Build operation 'Identifying work' completed
2025-03-10T17:43:18.257+0800 [DEBUG] [org.gradle.internal.operations.DefaultBuildOperationRunner] Build operation 'Identifying work' completed
2025-03-10T17:43:18.257+0800 [INFO] [org.gradle.api.internal.artifacts.transform.TransformStep] Transforming google-http-client-1.42.2.jar (com.google.http-client:google-http-client:1.42.2) with ExternalDependencyInstrumentingArtifactTransform
2025-03-10T17:43:18.257+0800 [DEBUG] [org.gradle.internal.operations.DefaultBuildOperationRunner] Build operation 'Identifying work' completed
2025-03-10T17:43:18.257+0800 [DEBUG] [org.gradle.internal.operations.DefaultBuildOperationRunner] Build operation 'Identifying work' completed
2025-03-10T17:43:18.257+0800 [DEBUG] [org.gradle.internal.operations.DefaultBuildOperationRunner] Build operation 'Identifying work' completed
2025-03-10T17:43:18.258+0800 [DEBUG] [org.gradle.internal.operations.DefaultBuildOperationRunner] Build operation 'Identifying work' completed
2025-03-10T17:43:18.258+0800 [DEBUG] [org.gradle.internal.operations.DefaultBuildOperationRunner] Build operation 'Identifying work' completed
2025-03-10T17:43:18.258+0800 [DEBUG] [org.gradle.internal.operations.DefaultBuildOperationRunner] Build operation 'Identifying work' completed
2025-03-10T17:43:18.258+0800 [DEBUG] [org.gradle.internal.operations.DefaultBuildOperationRunner] Build operation 'Identifying work' completed
2025-03-10T17:43:18.258+0800 [INFO] [org.gradle.api.internal.artifacts.transform.TransformStep] Transforming commons-compress-1.21.jar (org.apache.commons:commons-compress:1.21) with ExternalDependencyInstrumentingArtifactTransform
2025-03-10T17:43:18.258+0800 [DEBUG] [org.gradle.internal.operations.DefaultBuildOperationRunner] Build operation 'Identifying work' completed
2025-03-10T17:43:18.258+0800 [DEBUG] [org.gradle.internal.operations.DefaultBuildOperationRunner] Build operation 'Identifying work' completed
2025-03-10T17:43:18.258+0800 [DEBUG] [org.gradle.internal.operations.DefaultBuildOperationRunner] Build operation 'Identifying work' completed
2025-03-10T17:43:18.258+0800 [DEBUG] [org.gradle.internal.operations.DefaultBuildOperationRunner] Build operation 'Identifying work' completed
2025-03-10T17:43:18.258+0800 [DEBUG] [org.gradle.internal.operations.DefaultBuildOperationRunner] Build operation 'Identifying work' completed
2025-03-10T17:43:18.258+0800 [DEBUG] [org.gradle.internal.operations.DefaultBuildOperationRunner] Build operation 'Identifying work' completed
2025-03-10T17:43:18.258+0800 [DEBUG] [org.gradle.internal.operations.DefaultBuildOperationRunner] Build operation 'Identifying work' completed
2025-03-10T17:43:18.258+0800 [INFO] [org.gradle.api.internal.artifacts.transform.TransformStep] Transforming opencensus-contrib-http-util-0.31.1.jar (io.opencensus:opencensus-contrib-http-util:0.31.1) with ExternalDependencyInstrumentingArtifactTransform
2025-03-10T17:43:18.258+0800 [DEBUG] [org.gradle.internal.operations.DefaultBuildOperationRunner] Build operation 'Identifying work' completed
2025-03-10T17:43:18.258+0800 [DEBUG] [org.gradle.internal.operations.DefaultBuildOperationRunner] Build operation 'Identifying work' completed
2025-03-10T17:43:18.258+0800 [DEBUG] [org.gradle.internal.operations.DefaultBuildOperationRunner] Build operation 'Identifying work' completed
2025-03-10T17:43:18.258+0800 [DEBUG] [org.gradle.internal.operations.DefaultBuildOperationRunner] Build operation 'Identifying work' completed
2025-03-10T17:43:18.258+0800 [DEBUG] [org.gradle.internal.operations.DefaultBuildOperationRunner] Build operation 'Identifying work' completed
2025-03-10T17:43:18.258+0800 [DEBUG] [org.gradle.internal.operations.DefaultBuildOperationRunner] Build operation 'Identifying work' completed
2025-03-10T17:43:18.258+0800 [DEBUG] [org.gradle.internal.operations.DefaultBuildOperationRunner] Build operation 'Identifying work' completed
2025-03-10T17:43:18.258+0800 [INFO] [org.gradle.api.internal.artifacts.transform.TransformStep] Transforming guava-32.1.2-jre.jar (com.google.guava:guava:32.1.2-jre) with ExternalDependencyInstrumentingArtifactTransform
2025-03-10T17:43:18.258+0800 [DEBUG] [org.gradle.internal.operations.DefaultBuildOperationRunner] Build operation 'Identifying work' completed
2025-03-10T17:43:18.258+0800 [DEBUG] [org.gradle.internal.operations.DefaultBuildOperationRunner] Build operation 'Identifying work' completed
2025-03-10T17:43:18.258+0800 [DEBUG] [org.gradle.internal.operations.DefaultBuildOperationRunner] Build operation 'Identifying work' completed
2025-03-10T17:43:18.254+0800 [INFO] [org.gradle.api.internal.artifacts.transform.TransformStep] Transforming jackson-datatype-jsr310-2.15.2.jar (com.fasterxml.jackson.datatype:jackson-datatype-jsr310:2.15.2) with MergeInstrumentationAnalysisTransform
2025-03-10T17:43:18.259+0800 [INFO] [org.gradle.api.internal.artifacts.transform.TransformStep] Transforming native-gradle-plugin-0.9.23.jar (org.graalvm.buildtools:native-gradle-plugin:0.9.23) with InstrumentationAnalysisTransform
2025-03-10T17:43:18.259+0800 [DEBUG] [org.gradle.internal.operations.DefaultBuildOperationRunner] Build operation 'Identifying work' completed
2025-03-10T17:43:18.259+0800 [DEBUG] [org.gradle.internal.operations.DefaultBuildOperationRunner] Build operation 'Identifying work' completed
2025-03-10T17:43:18.259+0800 [DEBUG] [org.gradle.internal.operations.DefaultBuildOperationRunner] Build operation 'Identifying work' completed
2025-03-10T17:43:18.259+0800 [DEBUG] [org.gradle.internal.operations.DefaultBuildOperationRunner] Build operation 'Identifying work' completed
2025-03-10T17:43:18.259+0800 [INFO] [org.gradle.api.internal.artifacts.transform.TransformStep] Transforming jackson-datatype-jsr310-2.15.2.jar (com.fasterxml.jackson.datatype:jackson-datatype-jsr310:2.15.2) with ExternalDependencyInstrumentingArtifactTransform
2025-03-10T17:43:18.259+0800 [DEBUG] [org.gradle.internal.operations.DefaultBuildOperationRunner] Build operation 'Identifying work' completed
2025-03-10T17:43:18.259+0800 [DEBUG] [org.gradle.internal.operations.DefaultBuildOperationRunner] Build operation 'Identifying work' completed
2025-03-10T17:43:18.259+0800 [DEBUG] [org.gradle.internal.operations.DefaultBuildOperationRunner] Build operation 'Identifying work' completed
2025-03-10T17:43:18.259+0800 [DEBUG] [org.gradle.internal.operations.DefaultBuildOperationRunner] Build operation 'Identifying work' completed
2025-03-10T17:43:18.259+0800 [INFO] [org.gradle.api.internal.artifacts.transform.TransformStep] Transforming native-gradle-plugin-0.9.23.jar (org.graalvm.buildtools:native-gradle-plugin:0.9.23) with MergeInstrumentationAnalysisTransform
2025-03-10T17:43:18.259+0800 [INFO] [org.gradle.api.internal.artifacts.transform.TransformStep] Transforming utils-0.9.23.jar (org.graalvm.buildtools:utils:0.9.23) with InstrumentationAnalysisTransform
2025-03-10T17:43:18.259+0800 [DEBUG] [org.gradle.internal.operations.DefaultBuildOperationRunner] Build operation 'Identifying work' completed
2025-03-10T17:43:18.259+0800 [INFO] [org.gradle.api.internal.artifacts.transform.TransformStep] Transforming utils-0.9.23.jar (org.graalvm.buildtools:utils:0.9.23) with MergeInstrumentationAnalysisTransform
2025-03-10T17:43:18.259+0800 [INFO] [org.gradle.api.internal.artifacts.transform.TransformStep] Transforming graalvm-reachability-metadata-0.9.23.jar (org.graalvm.buildtools:graalvm-reachability-metadata:0.9.23) with InstrumentationAnalysisTransform
2025-03-10T17:43:18.259+0800 [DEBUG] [org.gradle.internal.operations.DefaultBuildOperationRunner] Build operation 'Identifying work' completed
2025-03-10T17:43:18.259+0800 [INFO] [org.gradle.api.internal.artifacts.transform.TransformStep] Transforming graalvm-reachability-metadata-0.9.23.jar (org.graalvm.buildtools:graalvm-reachability-metadata:0.9.23) with MergeInstrumentationAnalysisTransform
2025-03-10T17:43:18.259+0800 [INFO] [org.gradle.api.internal.artifacts.transform.TransformStep] Transforming jackson-databind-2.15.2.jar (com.fasterxml.jackson.core:jackson-databind:2.15.2) with InstrumentationAnalysisTransform
2025-03-10T17:43:18.259+0800 [DEBUG] [org.gradle.internal.operations.DefaultBuildOperationRunner] Build operation 'Identifying work' completed
2025-03-10T17:43:18.259+0800 [INFO] [org.gradle.api.internal.artifacts.transform.TransformStep] Transforming jackson-databind-2.15.2.jar (com.fasterxml.jackson.core:jackson-databind:2.15.2) with MergeInstrumentationAnalysisTransform
2025-03-10T17:43:18.259+0800 [INFO] [org.gradle.api.internal.artifacts.transform.TransformStep] Transforming jackson-annotations-2.15.2.jar (com.fasterxml.jackson.core:jackson-annotations:2.15.2) with InstrumentationAnalysisTransform
2025-03-10T17:43:18.259+0800 [DEBUG] [org.gradle.internal.operations.DefaultBuildOperationRunner] Build operation 'Identifying work' completed
2025-03-10T17:43:18.259+0800 [INFO] [org.gradle.api.internal.artifacts.transform.TransformStep] Transforming jackson-annotations-2.15.2.jar (com.fasterxml.jackson.core:jackson-annotations:2.15.2) with MergeInstrumentationAnalysisTransform
2025-03-10T17:43:18.259+0800 [INFO] [org.gradle.api.internal.artifacts.transform.TransformStep] Transforming jackson-core-2.15.2.jar (com.fasterxml.jackson.core:jackson-core:2.15.2) with InstrumentationAnalysisTransform
2025-03-10T17:43:18.259+0800 [DEBUG] [org.gradle.internal.operations.DefaultBuildOperationRunner] Build operation 'Identifying work' completed
2025-03-10T17:43:18.259+0800 [INFO] [org.gradle.api.internal.artifacts.transform.TransformStep] Transforming jackson-core-2.15.2.jar (com.fasterxml.jackson.core:jackson-core:2.15.2) with MergeInstrumentationAnalysisTransform
2025-03-10T17:43:18.259+0800 [INFO] [org.gradle.api.internal.artifacts.transform.TransformStep] Transforming asm-commons-9.2.jar (org.ow2.asm:asm-commons:9.2) with InstrumentationAnalysisTransform
2025-03-10T17:43:18.259+0800 [DEBUG] [org.gradle.internal.operations.DefaultBuildOperationRunner] Build operation 'Identifying work' completed
2025-03-10T17:43:18.259+0800 [INFO] [org.gradle.api.internal.artifacts.transform.TransformStep] Transforming asm-commons-9.2.jar (org.ow2.asm:asm-commons:9.2) with MergeInstrumentationAnalysisTransform
2025-03-10T17:43:18.259+0800 [INFO] [org.gradle.api.internal.artifacts.transform.TransformStep] Transforming asm-analysis-9.2.jar (org.ow2.asm:asm-analysis:9.2) with InstrumentationAnalysisTransform
2025-03-10T17:43:18.259+0800 [DEBUG] [org.gradle.internal.operations.DefaultBuildOperationRunner] Build operation 'Identifying work' completed
2025-03-10T17:43:18.259+0800 [INFO] [org.gradle.api.internal.artifacts.transform.TransformStep] Transforming asm-analysis-9.2.jar (org.ow2.asm:asm-analysis:9.2) with MergeInstrumentationAnalysisTransform
2025-03-10T17:43:18.259+0800 [INFO] [org.gradle.api.internal.artifacts.transform.TransformStep] Transforming asm-tree-9.2.jar (org.ow2.asm:asm-tree:9.2) with InstrumentationAnalysisTransform
2025-03-10T17:43:18.260+0800 [DEBUG] [org.gradle.internal.operations.DefaultBuildOperationRunner] Build operation 'Identifying work' completed
2025-03-10T17:43:18.260+0800 [INFO] [org.gradle.api.internal.artifacts.transform.TransformStep] Transforming asm-tree-9.2.jar (org.ow2.asm:asm-tree:9.2) with MergeInstrumentationAnalysisTransform
2025-03-10T17:43:18.260+0800 [INFO] [org.gradle.api.internal.artifacts.transform.TransformStep] Transforming asm-9.5.jar (org.ow2.asm:asm:9.5) with InstrumentationAnalysisTransform
2025-03-10T17:43:18.260+0800 [DEBUG] [org.gradle.internal.operations.DefaultBuildOperationRunner] Build operation 'Identifying work' completed
2025-03-10T17:43:18.260+0800 [INFO] [org.gradle.api.internal.artifacts.transform.TransformStep] Transforming asm-9.5.jar (org.ow2.asm:asm:9.5) with MergeInstrumentationAnalysisTransform
2025-03-10T17:43:18.260+0800 [INFO] [org.gradle.api.internal.artifacts.transform.TransformStep] Transforming jib-gradle-plugin-extension-api-0.4.0.jar (com.google.cloud.tools:jib-gradle-plugin-extension-api:0.4.0) with InstrumentationAnalysisTransform
2025-03-10T17:43:18.260+0800 [DEBUG] [org.gradle.internal.operations.DefaultBuildOperationRunner] Build operation 'Identifying work' completed
2025-03-10T17:43:18.260+0800 [INFO] [org.gradle.api.internal.artifacts.transform.TransformStep] Transforming jib-gradle-plugin-extension-api-0.4.0.jar (com.google.cloud.tools:jib-gradle-plugin-extension-api:0.4.0) with MergeInstrumentationAnalysisTransform
2025-03-10T17:43:18.260+0800 [INFO] [org.gradle.api.internal.artifacts.transform.TransformStep] Transforming jib-build-plan-0.4.0.jar (com.google.cloud.tools:jib-build-plan:0.4.0) with InstrumentationAnalysisTransform
2025-03-10T17:43:18.260+0800 [DEBUG] [org.gradle.internal.operations.DefaultBuildOperationRunner] Build operation 'Identifying work' completed
2025-03-10T17:43:18.260+0800 [INFO] [org.gradle.api.internal.artifacts.transform.TransformStep] Transforming jib-build-plan-0.4.0.jar (com.google.cloud.tools:jib-build-plan:0.4.0) with MergeInstrumentationAnalysisTransform
2025-03-10T17:43:18.260+0800 [INFO] [org.gradle.api.internal.artifacts.transform.TransformStep] Transforming jib-plugins-extension-common-0.2.0.jar (com.google.cloud.tools:jib-plugins-extension-common:0.2.0) with InstrumentationAnalysisTransform
2025-03-10T17:43:18.260+0800 [DEBUG] [org.gradle.internal.operations.DefaultBuildOperationRunner] Build operation 'Identifying work' completed
2025-03-10T17:43:18.260+0800 [INFO] [org.gradle.api.internal.artifacts.transform.TransformStep] Transforming jib-plugins-extension-common-0.2.0.jar (com.google.cloud.tools:jib-plugins-extension-common:0.2.0) with MergeInstrumentationAnalysisTransform
2025-03-10T17:43:18.260+0800 [INFO] [org.gradle.api.internal.artifacts.transform.TransformStep] Transforming jdom2-2.0.6.jar (org.jdom:jdom2:2.0.6) with InstrumentationAnalysisTransform
2025-03-10T17:43:18.260+0800 [DEBUG] [org.gradle.internal.operations.DefaultBuildOperationRunner] Build operation 'Identifying work' completed
2025-03-10T17:43:18.260+0800 [INFO] [org.gradle.api.internal.artifacts.transform.TransformStep] Transforming jdom2-2.0.6.jar (org.jdom:jdom2:2.0.6) with MergeInstrumentationAnalysisTransform
2025-03-10T17:43:18.260+0800 [INFO] [org.gradle.api.internal.artifacts.transform.TransformStep] Transforming commons-io-2.11.0.jar (commons-io:commons-io:2.11.0) with InstrumentationAnalysisTransform
2025-03-10T17:43:18.260+0800 [DEBUG] [org.gradle.internal.operations.DefaultBuildOperationRunner] Build operation 'Identifying work' completed
2025-03-10T17:43:18.260+0800 [INFO] [org.gradle.api.internal.artifacts.transform.TransformStep] Transforming commons-io-2.11.0.jar (commons-io:commons-io:2.11.0) with MergeInstrumentationAnalysisTransform
2025-03-10T17:43:18.260+0800 [INFO] [org.gradle.api.internal.artifacts.transform.TransformStep] Transforming ant-1.10.11.jar (org.apache.ant:ant:1.10.11) with InstrumentationAnalysisTransform
2025-03-10T17:43:18.260+0800 [DEBUG] [org.gradle.internal.operations.DefaultBuildOperationRunner] Build operation 'Identifying work' completed
2025-03-10T17:43:18.260+0800 [INFO] [org.gradle.api.internal.artifacts.transform.TransformStep] Transforming ant-1.10.11.jar (org.apache.ant:ant:1.10.11) with MergeInstrumentationAnalysisTransform
2025-03-10T17:43:18.260+0800 [INFO] [org.gradle.api.internal.artifacts.transform.TransformStep] Transforming plexus-utils-3.4.1.jar (org.codehaus.plexus:plexus-utils:3.4.1) with InstrumentationAnalysisTransform
2025-03-10T17:43:18.260+0800 [DEBUG] [org.gradle.internal.operations.DefaultBuildOperationRunner] Build operation 'Identifying work' completed
2025-03-10T17:43:18.260+0800 [INFO] [org.gradle.api.internal.artifacts.transform.TransformStep] Transforming plexus-utils-3.4.1.jar (org.codehaus.plexus:plexus-utils:3.4.1) with MergeInstrumentationAnalysisTransform
2025-03-10T17:43:18.260+0800 [INFO] [org.gradle.api.internal.artifacts.transform.TransformStep] Transforming jdependency-2.7.0.jar (org.vafer:jdependency:2.7.0) with InstrumentationAnalysisTransform
2025-03-10T17:43:18.260+0800 [DEBUG] [org.gradle.internal.operations.DefaultBuildOperationRunner] Build operation 'Identifying work' completed
2025-03-10T17:43:18.260+0800 [INFO] [org.gradle.api.internal.artifacts.transform.TransformStep] Transforming jdependency-2.7.0.jar (org.vafer:jdependency:2.7.0) with MergeInstrumentationAnalysisTransform
2025-03-10T17:43:18.260+0800 [INFO] [org.gradle.api.internal.artifacts.transform.TransformStep] Transforming httpclient-4.5.13.jar (org.apache.httpcomponents:httpclient:4.5.13) with InstrumentationAnalysisTransform
2025-03-10T17:43:18.260+0800 [DEBUG] [org.gradle.internal.operations.DefaultBuildOperationRunner] Build operation 'Identifying work' completed
2025-03-10T17:43:18.260+0800 [INFO] [org.gradle.api.internal.artifacts.transform.TransformStep] Transforming httpclient-4.5.13.jar (org.apache.httpcomponents:httpclient:4.5.13) with MergeInstrumentationAnalysisTransform
2025-03-10T17:43:18.260+0800 [INFO] [org.gradle.api.internal.artifacts.transform.TransformStep] Transforming httpcore-4.4.15.jar (org.apache.httpcomponents:httpcore:4.4.15) with InstrumentationAnalysisTransform
2025-03-10T17:43:18.260+0800 [DEBUG] [org.gradle.internal.operations.DefaultBuildOperationRunner] Build operation 'Identifying work' completed
2025-03-10T17:43:18.260+0800 [INFO] [org.gradle.api.internal.artifacts.transform.TransformStep] Transforming httpcore-4.4.15.jar (org.apache.httpcomponents:httpcore:4.4.15) with MergeInstrumentationAnalysisTransform
2025-03-10T17:43:18.260+0800 [INFO] [org.gradle.api.internal.artifacts.transform.TransformStep] Transforming jsr305-3.0.2.jar (com.google.code.findbugs:jsr305:3.0.2) with InstrumentationAnalysisTransform
2025-03-10T17:43:18.260+0800 [DEBUG] [org.gradle.internal.operations.DefaultBuildOperationRunner] Build operation 'Identifying work' completed
2025-03-10T17:43:18.260+0800 [INFO] [org.gradle.api.internal.artifacts.transform.TransformStep] Transforming jsr305-3.0.2.jar (com.google.code.findbugs:jsr305:3.0.2) with MergeInstrumentationAnalysisTransform
2025-03-10T17:43:18.260+0800 [INFO] [org.gradle.api.internal.artifacts.transform.TransformStep] Transforming j2objc-annotations-2.8.jar (com.google.j2objc:j2objc-annotations:2.8) with InstrumentationAnalysisTransform
2025-03-10T17:43:18.260+0800 [DEBUG] [org.gradle.internal.operations.DefaultBuildOperationRunner] Build operation 'Identifying work' completed
2025-03-10T17:43:18.260+0800 [INFO] [org.gradle.api.internal.artifacts.transform.TransformStep] Transforming j2objc-annotations-2.8.jar (com.google.j2objc:j2objc-annotations:2.8) with MergeInstrumentationAnalysisTransform
2025-03-10T17:43:18.260+0800 [INFO] [org.gradle.api.internal.artifacts.transform.TransformStep] Transforming opencensus-api-0.31.1.jar (io.opencensus:opencensus-api:0.31.1) with InstrumentationAnalysisTransform
2025-03-10T17:43:18.260+0800 [DEBUG] [org.gradle.internal.operations.DefaultBuildOperationRunner] Build operation 'Identifying work' completed
2025-03-10T17:43:18.260+0800 [INFO] [org.gradle.api.internal.artifacts.transform.TransformStep] Transforming opencensus-api-0.31.1.jar (io.opencensus:opencensus-api:0.31.1) with MergeInstrumentationAnalysisTransform
2025-03-10T17:43:18.261+0800 [INFO] [org.gradle.api.internal.artifacts.transform.TransformStep] Transforming auto-value-annotations-1.9.jar (com.google.auto.value:auto-value-annotations:1.9) with InstrumentationAnalysisTransform
2025-03-10T17:43:18.261+0800 [DEBUG] [org.gradle.internal.operations.DefaultBuildOperationRunner] Build operation 'Identifying work' completed
2025-03-10T17:43:18.261+0800 [INFO] [org.gradle.api.internal.artifacts.transform.TransformStep] Transforming auto-value-annotations-1.9.jar (com.google.auto.value:auto-value-annotations:1.9) with MergeInstrumentationAnalysisTransform
2025-03-10T17:43:18.261+0800 [INFO] [org.gradle.api.internal.artifacts.transform.TransformStep] Transforming google-auth-library-credentials-1.10.0.jar (com.google.auth:google-auth-library-credentials:1.10.0) with InstrumentationAnalysisTransform
2025-03-10T17:43:18.261+0800 [DEBUG] [org.gradle.internal.operations.DefaultBuildOperationRunner] Build operation 'Identifying work' completed
2025-03-10T17:43:18.261+0800 [INFO] [org.gradle.api.internal.artifacts.transform.TransformStep] Transforming google-auth-library-credentials-1.10.0.jar (com.google.auth:google-auth-library-credentials:1.10.0) with MergeInstrumentationAnalysisTransform
2025-03-10T17:43:18.261+0800 [INFO] [org.gradle.api.internal.artifacts.transform.TransformStep] Transforming failureaccess-1.0.1.jar (com.google.guava:failureaccess:1.0.1) with InstrumentationAnalysisTransform
2025-03-10T17:43:18.261+0800 [DEBUG] [org.gradle.internal.operations.DefaultBuildOperationRunner] Build operation 'Identifying work' completed
2025-03-10T17:43:18.261+0800 [INFO] [org.gradle.api.internal.artifacts.transform.TransformStep] Transforming failureaccess-1.0.1.jar (com.google.guava:failureaccess:1.0.1) with MergeInstrumentationAnalysisTransform
2025-03-10T17:43:18.261+0800 [INFO] [org.gradle.api.internal.artifacts.transform.TransformStep] Transforming listenablefuture-9999.0-empty-to-avoid-conflict-with-guava.jar (com.google.guava:listenablefuture:9999.0-empty-to-avoid-conflict-with-guava) with InstrumentationAnalysisTransform
2025-03-10T17:43:18.261+0800 [DEBUG] [org.gradle.internal.operations.DefaultBuildOperationRunner] Build operation 'Identifying work' completed
2025-03-10T17:43:18.261+0800 [INFO] [org.gradle.api.internal.artifacts.transform.TransformStep] Transforming listenablefuture-9999.0-empty-to-avoid-conflict-with-guava.jar (com.google.guava:listenablefuture:9999.0-empty-to-avoid-conflict-with-guava) with MergeInstrumentationAnalysisTransform
2025-03-10T17:43:18.261+0800 [INFO] [org.gradle.api.internal.artifacts.transform.TransformStep] Transforming checker-qual-3.33.0.jar (org.checkerframework:checker-qual:3.33.0) with InstrumentationAnalysisTransform
2025-03-10T17:43:18.261+0800 [DEBUG] [org.gradle.internal.operations.DefaultBuildOperationRunner] Build operation 'Identifying work' completed
2025-03-10T17:43:18.261+0800 [INFO] [org.gradle.api.internal.artifacts.transform.TransformStep] Transforming checker-qual-3.33.0.jar (org.checkerframework:checker-qual:3.33.0) with MergeInstrumentationAnalysisTransform
2025-03-10T17:43:18.261+0800 [INFO] [org.gradle.api.internal.artifacts.transform.TransformStep] Transforming error_prone_annotations-2.18.0.jar (com.google.errorprone:error_prone_annotations:2.18.0) with InstrumentationAnalysisTransform
2025-03-10T17:43:18.261+0800 [DEBUG] [org.gradle.internal.operations.DefaultBuildOperationRunner] Build operation 'Identifying work' completed
2025-03-10T17:43:18.261+0800 [INFO] [org.gradle.api.internal.artifacts.transform.TransformStep] Transforming error_prone_annotations-2.18.0.jar (com.google.errorprone:error_prone_annotations:2.18.0) with MergeInstrumentationAnalysisTransform
2025-03-10T17:43:18.261+0800 [INFO] [org.gradle.api.internal.artifacts.transform.TransformStep] Transforming ant-launcher-1.10.11.jar (org.apache.ant:ant-launcher:1.10.11) with InstrumentationAnalysisTransform
2025-03-10T17:43:18.261+0800 [DEBUG] [org.gradle.internal.operations.DefaultBuildOperationRunner] Build operation 'Identifying work' completed
2025-03-10T17:43:18.261+0800 [INFO] [org.gradle.api.internal.artifacts.transform.TransformStep] Transforming ant-launcher-1.10.11.jar (org.apache.ant:ant-launcher:1.10.11) with MergeInstrumentationAnalysisTransform
2025-03-10T17:43:18.261+0800 [INFO] [org.gradle.api.internal.artifacts.transform.TransformStep] Transforming log4j-api-2.17.1.jar (org.apache.logging.log4j:log4j-api:2.17.1) with InstrumentationAnalysisTransform
2025-03-10T17:43:18.261+0800 [DEBUG] [org.gradle.internal.operations.DefaultBuildOperationRunner] Build operation 'Identifying work' completed
2025-03-10T17:43:18.261+0800 [INFO] [org.gradle.api.internal.artifacts.transform.TransformStep] Transforming log4j-api-2.17.1.jar (org.apache.logging.log4j:log4j-api:2.17.1) with MergeInstrumentationAnalysisTransform
2025-03-10T17:43:18.261+0800 [INFO] [org.gradle.api.internal.artifacts.transform.TransformStep] Transforming commons-logging-1.2.jar (commons-logging:commons-logging:1.2) with InstrumentationAnalysisTransform
2025-03-10T17:43:18.261+0800 [DEBUG] [org.gradle.internal.operations.DefaultBuildOperationRunner] Build operation 'Identifying work' completed
2025-03-10T17:43:18.261+0800 [INFO] [org.gradle.api.internal.artifacts.transform.TransformStep] Transforming commons-logging-1.2.jar (commons-logging:commons-logging:1.2) with MergeInstrumentationAnalysisTransform
2025-03-10T17:43:18.261+0800 [INFO] [org.gradle.api.internal.artifacts.transform.TransformStep] Transforming commons-codec-1.11.jar (commons-codec:commons-codec:1.11) with InstrumentationAnalysisTransform
2025-03-10T17:43:18.261+0800 [DEBUG] [org.gradle.internal.operations.DefaultBuildOperationRunner] Build operation 'Identifying work' completed
2025-03-10T17:43:18.261+0800 [INFO] [org.gradle.api.internal.artifacts.transform.TransformStep] Transforming commons-codec-1.11.jar (commons-codec:commons-codec:1.11) with MergeInstrumentationAnalysisTransform
2025-03-10T17:43:18.261+0800 [INFO] [org.gradle.api.internal.artifacts.transform.TransformStep] Transforming grpc-context-1.27.2.jar (io.grpc:grpc-context:1.27.2) with InstrumentationAnalysisTransform
2025-03-10T17:43:18.261+0800 [DEBUG] [org.gradle.internal.operations.DefaultBuildOperationRunner] Build operation 'Identifying work' completed
2025-03-10T17:43:18.261+0800 [INFO] [org.gradle.api.internal.artifacts.transform.TransformStep] Transforming grpc-context-1.27.2.jar (io.grpc:grpc-context:1.27.2) with MergeInstrumentationAnalysisTransform
2025-03-10T17:43:18.261+0800 [DEBUG] [org.gradle.internal.operations.DefaultBuildOperationRunner] Build operation 'Identifying work' completed
2025-03-10T17:43:18.261+0800 [DEBUG] [org.gradle.internal.operations.DefaultBuildOperationRunner] Build operation 'Identifying work' completed
2025-03-10T17:43:18.261+0800 [DEBUG] [org.gradle.internal.operations.DefaultBuildOperationRunner] Build operation 'Identifying work' completed
2025-03-10T17:43:18.261+0800 [DEBUG] [org.gradle.internal.operations.DefaultBuildOperationRunner] Build operation 'Identifying work' completed
2025-03-10T17:43:18.261+0800 [INFO] [org.gradle.api.internal.artifacts.transform.TransformStep] Transforming native-gradle-plugin-0.9.23.jar (org.graalvm.buildtools:native-gradle-plugin:0.9.23) with ExternalDependencyInstrumentingArtifactTransform
2025-03-10T17:43:18.261+0800 [DEBUG] [org.gradle.internal.operations.DefaultBuildOperationRunner] Build operation 'Identifying work' completed
2025-03-10T17:43:18.262+0800 [DEBUG] [org.gradle.internal.operations.DefaultBuildOperationRunner] Build operation 'Identifying work' completed
2025-03-10T17:43:18.262+0800 [DEBUG] [org.gradle.internal.operations.DefaultBuildOperationRunner] Build operation 'Identifying work' completed
2025-03-10T17:43:18.262+0800 [DEBUG] [org.gradle.internal.operations.DefaultBuildOperationRunner] Build operation 'Execute transform' completed
2025-03-10T17:43:18.262+0800 [DEBUG] [org.gradle.internal.operations.DefaultBuildOperationRunner] Build operation 'Identifying work' completed
2025-03-10T17:43:18.262+0800 [DEBUG] [org.gradle.internal.operations.DefaultBuildOperationRunner] Build operation 'Identifying work' completed
2025-03-10T17:43:18.262+0800 [DEBUG] [org.gradle.internal.operations.DefaultBuildOperationRunner] Build operation 'Identifying work' completed
2025-03-10T17:43:18.262+0800 [DEBUG] [org.gradle.internal.operations.DefaultBuildOperationRunner] Build operation 'Identifying work' completed
2025-03-10T17:43:18.262+0800 [INFO] [org.gradle.api.internal.artifacts.transform.TransformStep] Transforming utils-0.9.23.jar (org.graalvm.buildtools:utils:0.9.23) with ExternalDependencyInstrumentingArtifactTransform
2025-03-10T17:43:18.262+0800 [DEBUG] [org.gradle.internal.operations.DefaultBuildOperationRunner] Build operation 'Identifying work' completed
2025-03-10T17:43:18.262+0800 [DEBUG] [org.gradle.internal.operations.DefaultBuildOperationRunner] Build operation 'Identifying work' completed
2025-03-10T17:43:18.262+0800 [DEBUG] [org.gradle.internal.operations.DefaultBuildOperationRunner] Build operation 'Identifying work' completed
2025-03-10T17:43:18.262+0800 [DEBUG] [org.gradle.internal.operations.DefaultBuildOperationRunner] Build operation 'Execute transform' completed
2025-03-10T17:43:18.262+0800 [DEBUG] [org.gradle.internal.operations.DefaultBuildOperationRunner] Build operation 'Identifying work' completed
2025-03-10T17:43:18.262+0800 [DEBUG] [org.gradle.internal.operations.DefaultBuildOperationRunner] Build operation 'Identifying work' completed
2025-03-10T17:43:18.262+0800 [DEBUG] [org.gradle.internal.operations.DefaultBuildOperationRunner] Build operation 'Identifying work' completed
2025-03-10T17:43:18.262+0800 [DEBUG] [org.gradle.internal.operations.DefaultBuildOperationRunner] Build operation 'Identifying work' completed
2025-03-10T17:43:18.262+0800 [INFO] [org.gradle.api.internal.artifacts.transform.TransformStep] Transforming graalvm-reachability-metadata-0.9.23.jar (org.graalvm.buildtools:graalvm-reachability-metadata:0.9.23) with ExternalDependencyInstrumentingArtifactTransform
2025-03-10T17:43:18.262+0800 [DEBUG] [org.gradle.internal.operations.DefaultBuildOperationRunner] Build operation 'Identifying work' completed
2025-03-10T17:43:18.262+0800 [DEBUG] [org.gradle.internal.operations.DefaultBuildOperationRunner] Build operation 'Identifying work' completed
2025-03-10T17:43:18.262+0800 [DEBUG] [org.gradle.internal.operations.DefaultBuildOperationRunner] Build operation 'Identifying work' completed
2025-03-10T17:43:18.262+0800 [DEBUG] [org.gradle.internal.operations.DefaultBuildOperationRunner] Build operation 'Execute transform' completed
2025-03-10T17:43:18.262+0800 [DEBUG] [org.gradle.internal.operations.DefaultBuildOperationRunner] Build operation 'Identifying work' completed
2025-03-10T17:43:18.262+0800 [DEBUG] [org.gradle.internal.operations.DefaultBuildOperationRunner] Build operation 'Identifying work' completed
2025-03-10T17:43:18.262+0800 [DEBUG] [org.gradle.internal.operations.DefaultBuildOperationRunner] Build operation 'Identifying work' completed
2025-03-10T17:43:18.262+0800 [DEBUG] [org.gradle.internal.operations.DefaultBuildOperationRunner] Build operation 'Identifying work' completed
2025-03-10T17:43:18.262+0800 [INFO] [org.gradle.api.internal.artifacts.transform.TransformStep] Transforming jackson-databind-2.15.2.jar (com.fasterxml.jackson.core:jackson-databind:2.15.2) with ExternalDependencyInstrumentingArtifactTransform
2025-03-10T17:43:18.262+0800 [DEBUG] [org.gradle.internal.operations.DefaultBuildOperationRunner] Build operation 'Identifying work' completed
2025-03-10T17:43:18.262+0800 [DEBUG] [org.gradle.internal.operations.DefaultBuildOperationRunner] Build operation 'Identifying work' completed
2025-03-10T17:43:18.262+0800 [DEBUG] [org.gradle.internal.operations.DefaultBuildOperationRunner] Build operation 'Identifying work' completed
2025-03-10T17:43:18.263+0800 [DEBUG] [org.gradle.internal.operations.DefaultBuildOperationRunner] Build operation 'Execute transform' completed
2025-03-10T17:43:18.263+0800 [DEBUG] [org.gradle.internal.operations.DefaultBuildOperationRunner] Build operation 'Identifying work' completed
2025-03-10T17:43:18.263+0800 [DEBUG] [org.gradle.internal.operations.DefaultBuildOperationRunner] Build operation 'Identifying work' completed
2025-03-10T17:43:18.263+0800 [DEBUG] [org.gradle.internal.operations.DefaultBuildOperationRunner] Build operation 'Identifying work' completed
2025-03-10T17:43:18.263+0800 [DEBUG] [org.gradle.internal.operations.DefaultBuildOperationRunner] Build operation 'Identifying work' completed
2025-03-10T17:43:18.263+0800 [INFO] [org.gradle.api.internal.artifacts.transform.TransformStep] Transforming jackson-annotations-2.15.2.jar (com.fasterxml.jackson.core:jackson-annotations:2.15.2) with ExternalDependencyInstrumentingArtifactTransform
2025-03-10T17:43:18.263+0800 [DEBUG] [org.gradle.internal.operations.DefaultBuildOperationRunner] Build operation 'Identifying work' completed
2025-03-10T17:43:18.263+0800 [DEBUG] [org.gradle.internal.operations.DefaultBuildOperationRunner] Build operation 'Identifying work' completed
2025-03-10T17:43:18.263+0800 [DEBUG] [org.gradle.internal.operations.DefaultBuildOperationRunner] Build operation 'Identifying work' completed
2025-03-10T17:43:18.263+0800 [DEBUG] [org.gradle.internal.operations.DefaultBuildOperationRunner] Build operation 'Execute transform' completed
2025-03-10T17:43:18.263+0800 [DEBUG] [org.gradle.internal.operations.DefaultBuildOperationRunner] Build operation 'Identifying work' completed
2025-03-10T17:43:18.263+0800 [DEBUG] [org.gradle.internal.operations.DefaultBuildOperationRunner] Build operation 'Identifying work' completed
2025-03-10T17:43:18.263+0800 [DEBUG] [org.gradle.internal.operations.DefaultBuildOperationRunner] Build operation 'Identifying work' completed
2025-03-10T17:43:18.263+0800 [DEBUG] [org.gradle.internal.operations.DefaultBuildOperationRunner] Build operation 'Identifying work' completed
2025-03-10T17:43:18.263+0800 [INFO] [org.gradle.api.internal.artifacts.transform.TransformStep] Transforming jackson-core-2.15.2.jar (com.fasterxml.jackson.core:jackson-core:2.15.2) with ExternalDependencyInstrumentingArtifactTransform
2025-03-10T17:43:18.263+0800 [DEBUG] [org.gradle.internal.operations.DefaultBuildOperationRunner] Build operation 'Identifying work' completed
2025-03-10T17:43:18.263+0800 [DEBUG] [org.gradle.internal.operations.DefaultBuildOperationRunner] Build operation 'Identifying work' completed
2025-03-10T17:43:18.263+0800 [DEBUG] [org.gradle.internal.operations.DefaultBuildOperationRunner] Build operation 'Identifying work' completed
2025-03-10T17:43:18.263+0800 [DEBUG] [org.gradle.internal.operations.DefaultBuildOperationRunner] Build operation 'Execute transform' completed
2025-03-10T17:43:18.263+0800 [DEBUG] [org.gradle.internal.operations.DefaultBuildOperationRunner] Build operation 'Identifying work' completed
2025-03-10T17:43:18.263+0800 [DEBUG] [org.gradle.internal.operations.DefaultBuildOperationRunner] Build operation 'Identifying work' completed
2025-03-10T17:43:18.263+0800 [DEBUG] [org.gradle.internal.operations.DefaultBuildOperationRunner] Build operation 'Identifying work' completed
2025-03-10T17:43:18.263+0800 [DEBUG] [org.gradle.internal.operations.DefaultBuildOperationRunner] Build operation 'Identifying work' completed
2025-03-10T17:43:18.263+0800 [INFO] [org.gradle.api.internal.artifacts.transform.TransformStep] Transforming asm-analysis-9.2.jar (org.ow2.asm:asm-analysis:9.2) with ExternalDependencyInstrumentingArtifactTransform
2025-03-10T17:43:18.263+0800 [DEBUG] [org.gradle.internal.operations.DefaultBuildOperationRunner] Build operation 'Identifying work' completed
2025-03-10T17:43:18.263+0800 [DEBUG] [org.gradle.internal.operations.DefaultBuildOperationRunner] Build operation 'Identifying work' completed
2025-03-10T17:43:18.264+0800 [DEBUG] [org.gradle.internal.operations.DefaultBuildOperationRunner] Build operation 'Identifying work' completed
2025-03-10T17:43:18.264+0800 [DEBUG] [org.gradle.internal.operations.DefaultBuildOperationRunner] Build operation 'Execute transform' completed
2025-03-10T17:43:18.264+0800 [DEBUG] [org.gradle.internal.operations.DefaultBuildOperationRunner] Build operation 'Identifying work' completed
2025-03-10T17:43:18.264+0800 [DEBUG] [org.gradle.internal.operations.DefaultBuildOperationRunner] Build operation 'Identifying work' completed
2025-03-10T17:43:18.264+0800 [DEBUG] [org.gradle.internal.operations.DefaultBuildOperationRunner] Build operation 'Identifying work' completed
2025-03-10T17:43:18.264+0800 [DEBUG] [org.gradle.internal.operations.DefaultBuildOperationRunner] Build operation 'Identifying work' completed
2025-03-10T17:43:18.264+0800 [INFO] [org.gradle.api.internal.artifacts.transform.TransformStep] Transforming asm-tree-9.2.jar (org.ow2.asm:asm-tree:9.2) with ExternalDependencyInstrumentingArtifactTransform
2025-03-10T17:43:18.264+0800 [DEBUG] [org.gradle.internal.operations.DefaultBuildOperationRunner] Build operation 'Identifying work' completed
2025-03-10T17:43:18.264+0800 [DEBUG] [org.gradle.internal.operations.DefaultBuildOperationRunner] Build operation 'Identifying work' completed
2025-03-10T17:43:18.264+0800 [DEBUG] [org.gradle.internal.operations.DefaultBuildOperationRunner] Build operation 'Identifying work' completed
2025-03-10T17:43:18.264+0800 [DEBUG] [org.gradle.internal.operations.DefaultBuildOperationRunner] Build operation 'Execute transform' completed
2025-03-10T17:43:18.264+0800 [DEBUG] [org.gradle.internal.operations.DefaultBuildOperationRunner] Build operation 'Identifying work' completed
2025-03-10T17:43:18.264+0800 [DEBUG] [org.gradle.internal.operations.DefaultBuildOperationRunner] Build operation 'Identifying work' completed
2025-03-10T17:43:18.264+0800 [DEBUG] [org.gradle.internal.operations.DefaultBuildOperationRunner] Build operation 'Identifying work' completed
2025-03-10T17:43:18.264+0800 [DEBUG] [org.gradle.internal.operations.DefaultBuildOperationRunner] Build operation 'Identifying work' completed
2025-03-10T17:43:18.264+0800 [INFO] [org.gradle.api.internal.artifacts.transform.TransformStep] Transforming asm-9.5.jar (org.ow2.asm:asm:9.5) with ExternalDependencyInstrumentingArtifactTransform
2025-03-10T17:43:18.264+0800 [DEBUG] [org.gradle.internal.operations.DefaultBuildOperationRunner] Build operation 'Identifying work' completed
2025-03-10T17:43:18.264+0800 [DEBUG] [org.gradle.internal.operations.DefaultBuildOperationRunner] Build operation 'Identifying work' completed
2025-03-10T17:43:18.264+0800 [DEBUG] [org.gradle.internal.operations.DefaultBuildOperationRunner] Build operation 'Identifying work' completed
2025-03-10T17:43:18.264+0800 [DEBUG] [org.gradle.internal.operations.DefaultBuildOperationRunner] Build operation 'Execute transform' completed
2025-03-10T17:43:18.264+0800 [DEBUG] [org.gradle.internal.operations.DefaultBuildOperationRunner] Build operation 'Identifying work' completed
2025-03-10T17:43:18.264+0800 [DEBUG] [org.gradle.internal.operations.DefaultBuildOperationRunner] Build operation 'Identifying work' completed
2025-03-10T17:43:18.264+0800 [DEBUG] [org.gradle.internal.operations.DefaultBuildOperationRunner] Build operation 'Identifying work' completed
2025-03-10T17:43:18.264+0800 [DEBUG] [org.gradle.internal.operations.DefaultBuildOperationRunner] Build operation 'Identifying work' completed
2025-03-10T17:43:18.264+0800 [INFO] [org.gradle.api.internal.artifacts.transform.TransformStep] Transforming jib-gradle-plugin-extension-api-0.4.0.jar (com.google.cloud.tools:jib-gradle-plugin-extension-api:0.4.0) with ExternalDependencyInstrumentingArtifactTransform
2025-03-10T17:43:18.265+0800 [DEBUG] [org.gradle.internal.operations.DefaultBuildOperationRunner] Build operation 'Identifying work' completed
2025-03-10T17:43:18.265+0800 [DEBUG] [org.gradle.internal.operations.DefaultBuildOperationRunner] Build operation 'Identifying work' completed
2025-03-10T17:43:18.265+0800 [DEBUG] [org.gradle.internal.operations.DefaultBuildOperationRunner] Build operation 'Identifying work' completed
2025-03-10T17:43:18.265+0800 [DEBUG] [org.gradle.internal.operations.DefaultBuildOperationRunner] Build operation 'Execute transform' completed
2025-03-10T17:43:18.265+0800 [DEBUG] [org.gradle.internal.operations.DefaultBuildOperationRunner] Build operation 'Identifying work' completed
2025-03-10T17:43:18.265+0800 [DEBUG] [org.gradle.internal.operations.DefaultBuildOperationRunner] Build operation 'Identifying work' completed
2025-03-10T17:43:18.265+0800 [DEBUG] [org.gradle.internal.operations.DefaultBuildOperationRunner] Build operation 'Identifying work' completed
2025-03-10T17:43:18.265+0800 [DEBUG] [org.gradle.internal.operations.DefaultBuildOperationRunner] Build operation 'Identifying work' completed
2025-03-10T17:43:18.265+0800 [INFO] [org.gradle.api.internal.artifacts.transform.TransformStep] Transforming jib-build-plan-0.4.0.jar (com.google.cloud.tools:jib-build-plan:0.4.0) with ExternalDependencyInstrumentingArtifactTransform
2025-03-10T17:43:18.265+0800 [DEBUG] [org.gradle.internal.operations.DefaultBuildOperationRunner] Build operation 'Identifying work' completed
2025-03-10T17:43:18.265+0800 [DEBUG] [org.gradle.internal.operations.DefaultBuildOperationRunner] Build operation 'Identifying work' completed
2025-03-10T17:43:18.265+0800 [DEBUG] [org.gradle.internal.operations.DefaultBuildOperationRunner] Build operation 'Identifying work' completed
2025-03-10T17:43:18.265+0800 [DEBUG] [org.gradle.internal.operations.DefaultBuildOperationRunner] Build operation 'Execute transform' completed
2025-03-10T17:43:18.265+0800 [DEBUG] [org.gradle.internal.operations.DefaultBuildOperationRunner] Build operation 'Identifying work' completed
2025-03-10T17:43:18.265+0800 [DEBUG] [org.gradle.internal.operations.DefaultBuildOperationRunner] Build operation 'Identifying work' completed
2025-03-10T17:43:18.265+0800 [DEBUG] [org.gradle.internal.operations.DefaultBuildOperationRunner] Build operation 'Identifying work' completed
2025-03-10T17:43:18.265+0800 [DEBUG] [org.gradle.internal.operations.DefaultBuildOperationRunner] Build operation 'Identifying work' completed
2025-03-10T17:43:18.265+0800 [INFO] [org.gradle.api.internal.artifacts.transform.TransformStep] Transforming jib-plugins-extension-common-0.2.0.jar (com.google.cloud.tools:jib-plugins-extension-common:0.2.0) with ExternalDependencyInstrumentingArtifactTransform
2025-03-10T17:43:18.265+0800 [DEBUG] [org.gradle.internal.operations.DefaultBuildOperationRunner] Build operation 'Identifying work' completed
2025-03-10T17:43:18.265+0800 [DEBUG] [org.gradle.internal.operations.DefaultBuildOperationRunner] Build operation 'Identifying work' completed
2025-03-10T17:43:18.265+0800 [DEBUG] [org.gradle.internal.operations.DefaultBuildOperationRunner] Build operation 'Identifying work' completed
2025-03-10T17:43:18.265+0800 [DEBUG] [org.gradle.internal.operations.DefaultBuildOperationRunner] Build operation 'Execute transform' completed
2025-03-10T17:43:18.265+0800 [DEBUG] [org.gradle.internal.operations.DefaultBuildOperationRunner] Build operation 'Identifying work' completed
2025-03-10T17:43:18.266+0800 [DEBUG] [org.gradle.internal.operations.DefaultBuildOperationRunner] Build operation 'Identifying work' completed
2025-03-10T17:43:18.266+0800 [DEBUG] [org.gradle.internal.operations.DefaultBuildOperationRunner] Build operation 'Identifying work' completed
2025-03-10T17:43:18.266+0800 [DEBUG] [org.gradle.internal.operations.DefaultBuildOperationRunner] Build operation 'Identifying work' completed
2025-03-10T17:43:18.266+0800 [INFO] [org.gradle.api.internal.artifacts.transform.TransformStep] Transforming jdom2-2.0.6.jar (org.jdom:jdom2:2.0.6) with ExternalDependencyInstrumentingArtifactTransform
2025-03-10T17:43:18.266+0800 [DEBUG] [org.gradle.internal.operations.DefaultBuildOperationRunner] Build operation 'Identifying work' completed
2025-03-10T17:43:18.266+0800 [DEBUG] [org.gradle.internal.operations.DefaultBuildOperationRunner] Build operation 'Identifying work' completed
2025-03-10T17:43:18.266+0800 [DEBUG] [org.gradle.internal.operations.DefaultBuildOperationRunner] Build operation 'Identifying work' completed
2025-03-10T17:43:18.266+0800 [DEBUG] [org.gradle.internal.operations.DefaultBuildOperationRunner] Build operation 'Execute transform' completed
2025-03-10T17:43:18.266+0800 [DEBUG] [org.gradle.internal.operations.DefaultBuildOperationRunner] Build operation 'Identifying work' completed
2025-03-10T17:43:18.266+0800 [DEBUG] [org.gradle.internal.operations.DefaultBuildOperationRunner] Build operation 'Identifying work' completed
2025-03-10T17:43:18.266+0800 [DEBUG] [org.gradle.internal.operations.DefaultBuildOperationRunner] Build operation 'Identifying work' completed
2025-03-10T17:43:18.266+0800 [DEBUG] [org.gradle.internal.operations.DefaultBuildOperationRunner] Build operation 'Identifying work' completed
2025-03-10T17:43:18.266+0800 [INFO] [org.gradle.api.internal.artifacts.transform.TransformStep] Transforming commons-io-2.11.0.jar (commons-io:commons-io:2.11.0) with ExternalDependencyInstrumentingArtifactTransform
2025-03-10T17:43:18.266+0800 [DEBUG] [org.gradle.internal.operations.DefaultBuildOperationRunner] Build operation 'Identifying work' completed
2025-03-10T17:43:18.266+0800 [DEBUG] [org.gradle.internal.operations.DefaultBuildOperationRunner] Build operation 'Identifying work' completed
2025-03-10T17:43:18.266+0800 [DEBUG] [org.gradle.internal.operations.DefaultBuildOperationRunner] Build operation 'Identifying work' completed
2025-03-10T17:43:18.266+0800 [DEBUG] [org.gradle.internal.operations.DefaultBuildOperationRunner] Build operation 'Execute transform' completed
2025-03-10T17:43:18.266+0800 [DEBUG] [org.gradle.internal.operations.DefaultBuildOperationRunner] Build operation 'Identifying work' completed
2025-03-10T17:43:18.266+0800 [DEBUG] [org.gradle.internal.operations.DefaultBuildOperationRunner] Build operation 'Identifying work' completed
2025-03-10T17:43:18.266+0800 [DEBUG] [org.gradle.internal.operations.DefaultBuildOperationRunner] Build operation 'Identifying work' completed
2025-03-10T17:43:18.266+0800 [DEBUG] [org.gradle.internal.operations.DefaultBuildOperationRunner] Build operation 'Identifying work' completed
2025-03-10T17:43:18.266+0800 [INFO] [org.gradle.api.internal.artifacts.transform.TransformStep] Transforming ant-1.10.11.jar (org.apache.ant:ant:1.10.11) with ExternalDependencyInstrumentingArtifactTransform
2025-03-10T17:43:18.266+0800 [DEBUG] [org.gradle.internal.operations.DefaultBuildOperationRunner] Build operation 'Identifying work' completed
2025-03-10T17:43:18.267+0800 [DEBUG] [org.gradle.internal.operations.DefaultBuildOperationRunner] Build operation 'Identifying work' completed
2025-03-10T17:43:18.267+0800 [DEBUG] [org.gradle.internal.operations.DefaultBuildOperationRunner] Build operation 'Identifying work' completed
2025-03-10T17:43:18.267+0800 [DEBUG] [org.gradle.internal.operations.DefaultBuildOperationRunner] Build operation 'Execute transform' completed
2025-03-10T17:43:18.267+0800 [DEBUG] [org.gradle.internal.operations.DefaultBuildOperationRunner] Build operation 'Identifying work' completed
2025-03-10T17:43:18.267+0800 [DEBUG] [org.gradle.internal.operations.DefaultBuildOperationRunner] Build operation 'Identifying work' completed
2025-03-10T17:43:18.267+0800 [DEBUG] [org.gradle.internal.operations.DefaultBuildOperationRunner] Build operation 'Identifying work' completed
2025-03-10T17:43:18.267+0800 [DEBUG] [org.gradle.internal.operations.DefaultBuildOperationRunner] Build operation 'Identifying work' completed
2025-03-10T17:43:18.267+0800 [INFO] [org.gradle.api.internal.artifacts.transform.TransformStep] Transforming plexus-utils-3.4.1.jar (org.codehaus.plexus:plexus-utils:3.4.1) with ExternalDependencyInstrumentingArtifactTransform
2025-03-10T17:43:18.267+0800 [DEBUG] [org.gradle.internal.operations.DefaultBuildOperationRunner] Build operation 'Identifying work' completed
2025-03-10T17:43:18.267+0800 [DEBUG] [org.gradle.internal.operations.DefaultBuildOperationRunner] Build operation 'Identifying work' completed
2025-03-10T17:43:18.267+0800 [DEBUG] [org.gradle.internal.operations.DefaultBuildOperationRunner] Build operation 'Identifying work' completed
2025-03-10T17:43:18.267+0800 [DEBUG] [org.gradle.internal.operations.DefaultBuildOperationRunner] Build operation 'Execute transform' completed
2025-03-10T17:43:18.267+0800 [DEBUG] [org.gradle.internal.operations.DefaultBuildOperationRunner] Build operation 'Identifying work' completed
2025-03-10T17:43:18.267+0800 [DEBUG] [org.gradle.internal.operations.DefaultBuildOperationRunner] Build operation 'Identifying work' completed
2025-03-10T17:43:18.267+0800 [DEBUG] [org.gradle.internal.operations.DefaultBuildOperationRunner] Build operation 'Identifying work' completed
2025-03-10T17:43:18.267+0800 [DEBUG] [org.gradle.internal.operations.DefaultBuildOperationRunner] Build operation 'Identifying work' completed
2025-03-10T17:43:18.267+0800 [INFO] [org.gradle.api.internal.artifacts.transform.TransformStep] Transforming jdependency-2.7.0.jar (org.vafer:jdependency:2.7.0) with ExternalDependencyInstrumentingArtifactTransform
2025-03-10T17:43:18.267+0800 [DEBUG] [org.gradle.internal.operations.DefaultBuildOperationRunner] Build operation 'Identifying work' completed
2025-03-10T17:43:18.267+0800 [DEBUG] [org.gradle.internal.operations.DefaultBuildOperationRunner] Build operation 'Identifying work' completed
2025-03-10T17:43:18.267+0800 [DEBUG] [org.gradle.internal.operations.DefaultBuildOperationRunner] Build operation 'Identifying work' completed
2025-03-10T17:43:18.267+0800 [DEBUG] [org.gradle.internal.operations.DefaultBuildOperationRunner] Build operation 'Execute transform' completed
2025-03-10T17:43:18.268+0800 [DEBUG] [org.gradle.internal.operations.DefaultBuildOperationRunner] Build operation 'Identifying work' completed
2025-03-10T17:43:18.268+0800 [DEBUG] [org.gradle.internal.operations.DefaultBuildOperationRunner] Build operation 'Identifying work' completed
2025-03-10T17:43:18.268+0800 [DEBUG] [org.gradle.internal.operations.DefaultBuildOperationRunner] Build operation 'Identifying work' completed
2025-03-10T17:43:18.268+0800 [DEBUG] [org.gradle.internal.operations.DefaultBuildOperationRunner] Build operation 'Identifying work' completed
2025-03-10T17:43:18.268+0800 [INFO] [org.gradle.api.internal.artifacts.transform.TransformStep] Transforming httpclient-4.5.13.jar (org.apache.httpcomponents:httpclient:4.5.13) with ExternalDependencyInstrumentingArtifactTransform
2025-03-10T17:43:18.268+0800 [DEBUG] [org.gradle.internal.operations.DefaultBuildOperationRunner] Build operation 'Identifying work' completed
2025-03-10T17:43:18.268+0800 [DEBUG] [org.gradle.internal.operations.DefaultBuildOperationRunner] Build operation 'Identifying work' completed
2025-03-10T17:43:18.268+0800 [DEBUG] [org.gradle.internal.operations.DefaultBuildOperationRunner] Build operation 'Identifying work' completed
2025-03-10T17:43:18.268+0800 [DEBUG] [org.gradle.internal.operations.DefaultBuildOperationRunner] Build operation 'Execute transform' completed
2025-03-10T17:43:18.268+0800 [DEBUG] [org.gradle.internal.operations.DefaultBuildOperationRunner] Build operation 'Identifying work' completed
2025-03-10T17:43:18.268+0800 [DEBUG] [org.gradle.internal.operations.DefaultBuildOperationRunner] Build operation 'Identifying work' completed
2025-03-10T17:43:18.268+0800 [DEBUG] [org.gradle.internal.operations.DefaultBuildOperationRunner] Build operation 'Identifying work' completed
2025-03-10T17:43:18.268+0800 [DEBUG] [org.gradle.internal.operations.DefaultBuildOperationRunner] Build operation 'Identifying work' completed
2025-03-10T17:43:18.268+0800 [INFO] [org.gradle.api.internal.artifacts.transform.TransformStep] Transforming httpcore-4.4.15.jar (org.apache.httpcomponents:httpcore:4.4.15) with ExternalDependencyInstrumentingArtifactTransform
2025-03-10T17:43:18.268+0800 [DEBUG] [org.gradle.internal.operations.DefaultBuildOperationRunner] Build operation 'Identifying work' completed
2025-03-10T17:43:18.268+0800 [DEBUG] [org.gradle.internal.operations.DefaultBuildOperationRunner] Build operation 'Identifying work' completed
2025-03-10T17:43:18.268+0800 [DEBUG] [org.gradle.internal.operations.DefaultBuildOperationRunner] Build operation 'Identifying work' completed
2025-03-10T17:43:18.268+0800 [DEBUG] [org.gradle.internal.operations.DefaultBuildOperationRunner] Build operation 'Execute transform' completed
2025-03-10T17:43:18.268+0800 [DEBUG] [org.gradle.internal.operations.DefaultBuildOperationRunner] Build operation 'Identifying work' completed
2025-03-10T17:43:18.269+0800 [DEBUG] [org.gradle.internal.operations.DefaultBuildOperationRunner] Build operation 'Identifying work' completed
2025-03-10T17:43:18.269+0800 [DEBUG] [org.gradle.internal.operations.DefaultBuildOperationRunner] Build operation 'Identifying work' completed
2025-03-10T17:43:18.269+0800 [DEBUG] [org.gradle.internal.operations.DefaultBuildOperationRunner] Build operation 'Identifying work' completed
2025-03-10T17:43:18.269+0800 [INFO] [org.gradle.api.internal.artifacts.transform.TransformStep] Transforming jsr305-3.0.2.jar (com.google.code.findbugs:jsr305:3.0.2) with ExternalDependencyInstrumentingArtifactTransform
2025-03-10T17:43:18.269+0800 [DEBUG] [org.gradle.internal.operations.DefaultBuildOperationRunner] Build operation 'Identifying work' completed
2025-03-10T17:43:18.269+0800 [DEBUG] [org.gradle.internal.operations.DefaultBuildOperationRunner] Build operation 'Identifying work' completed
2025-03-10T17:43:18.269+0800 [DEBUG] [org.gradle.internal.operations.DefaultBuildOperationRunner] Build operation 'Identifying work' completed
2025-03-10T17:43:18.269+0800 [DEBUG] [org.gradle.internal.operations.DefaultBuildOperationRunner] Build operation 'Execute transform' completed
2025-03-10T17:43:18.269+0800 [DEBUG] [org.gradle.internal.operations.DefaultBuildOperationRunner] Build operation 'Identifying work' completed
2025-03-10T17:43:18.269+0800 [DEBUG] [org.gradle.internal.operations.DefaultBuildOperationRunner] Build operation 'Identifying work' completed
2025-03-10T17:43:18.269+0800 [DEBUG] [org.gradle.internal.operations.DefaultBuildOperationRunner] Build operation 'Identifying work' completed
2025-03-10T17:43:18.269+0800 [DEBUG] [org.gradle.internal.operations.DefaultBuildOperationRunner] Build operation 'Identifying work' completed
2025-03-10T17:43:18.269+0800 [INFO] [org.gradle.api.internal.artifacts.transform.TransformStep] Transforming j2objc-annotations-2.8.jar (com.google.j2objc:j2objc-annotations:2.8) with ExternalDependencyInstrumentingArtifactTransform
2025-03-10T17:43:18.270+0800 [DEBUG] [org.gradle.internal.operations.DefaultBuildOperationRunner] Build operation 'Identifying work' completed
2025-03-10T17:43:18.270+0800 [DEBUG] [org.gradle.internal.operations.DefaultBuildOperationRunner] Build operation 'Identifying work' completed
2025-03-10T17:43:18.270+0800 [DEBUG] [org.gradle.internal.operations.DefaultBuildOperationRunner] Build operation 'Identifying work' completed
2025-03-10T17:43:18.270+0800 [DEBUG] [org.gradle.internal.operations.DefaultBuildOperationRunner] Build operation 'Identifying work' completed
2025-03-10T17:43:18.271+0800 [DEBUG] [org.gradle.internal.operations.DefaultBuildOperationRunner] Build operation 'Identifying work' completed
2025-03-10T17:43:18.271+0800 [INFO] [org.gradle.api.internal.artifacts.transform.TransformStep] Transforming asm-commons-9.2.jar (org.ow2.asm:asm-commons:9.2) with ExternalDependencyInstrumentingArtifactTransform
2025-03-10T17:43:18.271+0800 [DEBUG] [org.gradle.internal.operations.DefaultBuildOperationRunner] Build operation 'Identifying work' completed
2025-03-10T17:43:18.271+0800 [DEBUG] [org.gradle.internal.operations.DefaultBuildOperationRunner] Build operation 'Identifying work' completed
2025-03-10T17:43:18.271+0800 [DEBUG] [org.gradle.internal.operations.DefaultBuildOperationRunner] Build operation 'Identifying work' completed
2025-03-10T17:43:18.271+0800 [DEBUG] [org.gradle.internal.operations.DefaultBuildOperationRunner] Build operation 'Identifying work' completed
2025-03-10T17:43:18.271+0800 [DEBUG] [org.gradle.internal.operations.DefaultBuildOperationRunner] Build operation 'Identifying work' completed
2025-03-10T17:43:18.271+0800 [DEBUG] [org.gradle.internal.operations.DefaultBuildOperationRunner] Build operation 'Identifying work' completed
2025-03-10T17:43:18.271+0800 [DEBUG] [org.gradle.internal.operations.DefaultBuildOperationRunner] Build operation 'Identifying work' completed
2025-03-10T17:43:18.271+0800 [INFO] [org.gradle.api.internal.artifacts.transform.TransformStep] Transforming failureaccess-1.0.1.jar (com.google.guava:failureaccess:1.0.1) with ExternalDependencyInstrumentingArtifactTransform
2025-03-10T17:43:18.271+0800 [DEBUG] [org.gradle.internal.operations.DefaultBuildOperationRunner] Build operation 'Identifying work' completed
2025-03-10T17:43:18.271+0800 [DEBUG] [org.gradle.internal.operations.DefaultBuildOperationRunner] Build operation 'Identifying work' completed
2025-03-10T17:43:18.272+0800 [DEBUG] [org.gradle.internal.operations.DefaultBuildOperationRunner] Build operation 'Identifying work' completed
2025-03-10T17:43:18.272+0800 [DEBUG] [org.gradle.internal.operations.DefaultBuildOperationRunner] Build operation 'Identifying work' completed
2025-03-10T17:43:18.272+0800 [DEBUG] [org.gradle.internal.operations.DefaultBuildOperationRunner] Build operation 'Identifying work' completed
2025-03-10T17:43:18.272+0800 [DEBUG] [org.gradle.internal.operations.DefaultBuildOperationRunner] Build operation 'Identifying work' completed
2025-03-10T17:43:18.272+0800 [DEBUG] [org.gradle.internal.operations.DefaultBuildOperationRunner] Build operation 'Identifying work' completed
2025-03-10T17:43:18.272+0800 [DEBUG] [org.gradle.internal.operations.DefaultBuildOperationRunner] Build operation 'Identifying work' completed
2025-03-10T17:43:18.272+0800 [DEBUG] [org.gradle.internal.operations.DefaultBuildOperationRunner] Build operation 'Identifying work' completed
2025-03-10T17:43:18.272+0800 [DEBUG] [org.gradle.internal.operations.DefaultBuildOperationRunner] Build operation 'Identifying work' completed
2025-03-10T17:43:18.272+0800 [INFO] [org.gradle.api.internal.artifacts.transform.TransformStep] Transforming opencensus-api-0.31.1.jar (io.opencensus:opencensus-api:0.31.1) with ExternalDependencyInstrumentingArtifactTransform
2025-03-10T17:43:18.272+0800 [DEBUG] [org.gradle.internal.operations.DefaultBuildOperationRunner] Build operation 'Identifying work' completed
2025-03-10T17:43:18.272+0800 [DEBUG] [org.gradle.internal.operations.DefaultBuildOperationRunner] Build operation 'Identifying work' completed
2025-03-10T17:43:18.272+0800 [DEBUG] [org.gradle.internal.operations.DefaultBuildOperationRunner] Build operation 'Identifying work' completed
2025-03-10T17:43:18.272+0800 [DEBUG] [org.gradle.internal.operations.DefaultBuildOperationRunner] Build operation 'Identifying work' completed
2025-03-10T17:43:18.272+0800 [DEBUG] [org.gradle.internal.operations.DefaultBuildOperationRunner] Build operation 'Identifying work' completed
2025-03-10T17:43:18.272+0800 [DEBUG] [org.gradle.internal.operations.DefaultBuildOperationRunner] Build operation 'Identifying work' completed
2025-03-10T17:43:18.273+0800 [DEBUG] [org.gradle.internal.operations.DefaultBuildOperationRunner] Build operation 'Identifying work' completed
2025-03-10T17:43:18.273+0800 [INFO] [org.gradle.api.internal.artifacts.transform.TransformStep] Transforming checker-qual-3.33.0.jar (org.checkerframework:checker-qual:3.33.0) with ExternalDependencyInstrumentingArtifactTransform
2025-03-10T17:43:18.273+0800 [DEBUG] [org.gradle.internal.operations.DefaultBuildOperationRunner] Build operation 'Identifying work' completed
2025-03-10T17:43:18.273+0800 [DEBUG] [org.gradle.internal.operations.DefaultBuildOperationRunner] Build operation 'Identifying work' completed
2025-03-10T17:43:18.273+0800 [DEBUG] [org.gradle.internal.operations.DefaultBuildOperationRunner] Build operation 'Identifying work' completed
2025-03-10T17:43:18.273+0800 [DEBUG] [org.gradle.internal.operations.DefaultBuildOperationRunner] Build operation 'Identifying work' completed
2025-03-10T17:43:18.273+0800 [DEBUG] [org.gradle.internal.operations.DefaultBuildOperationRunner] Build operation 'Identifying work' completed
2025-03-10T17:43:18.273+0800 [DEBUG] [org.gradle.internal.operations.DefaultBuildOperationRunner] Build operation 'Identifying work' completed
2025-03-10T17:43:18.273+0800 [DEBUG] [org.gradle.internal.operations.DefaultBuildOperationRunner] Build operation 'Identifying work' completed
2025-03-10T17:43:18.273+0800 [DEBUG] [org.gradle.internal.operations.DefaultBuildOperationRunner] Build operation 'Identifying work' completed
2025-03-10T17:43:18.273+0800 [DEBUG] [org.gradle.internal.operations.DefaultBuildOperationRunner] Build operation 'Identifying work' completed
2025-03-10T17:43:18.273+0800 [DEBUG] [org.gradle.internal.operations.DefaultBuildOperationRunner] Build operation 'Identifying work' completed
2025-03-10T17:43:18.273+0800 [DEBUG] [org.gradle.internal.operations.DefaultBuildOperationRunner] Build operation 'Identifying work' completed
2025-03-10T17:43:18.274+0800 [DEBUG] [org.gradle.internal.operations.DefaultBuildOperationRunner] Build operation 'Identifying work' completed
2025-03-10T17:43:18.274+0800 [INFO] [org.gradle.api.internal.artifacts.transform.TransformStep] Transforming google-auth-library-credentials-1.10.0.jar (com.google.auth:google-auth-library-credentials:1.10.0) with ExternalDependencyInstrumentingArtifactTransform
2025-03-10T17:43:18.274+0800 [DEBUG] [org.gradle.internal.operations.DefaultBuildOperationRunner] Build operation 'Identifying work' completed
2025-03-10T17:43:18.274+0800 [DEBUG] [org.gradle.internal.operations.DefaultBuildOperationRunner] Build operation 'Identifying work' completed
2025-03-10T17:43:18.274+0800 [DEBUG] [org.gradle.internal.operations.DefaultBuildOperationRunner] Build operation 'Identifying work' completed
2025-03-10T17:43:18.274+0800 [DEBUG] [org.gradle.internal.operations.DefaultBuildOperationRunner] Build operation 'Identifying work' completed
2025-03-10T17:43:18.274+0800 [DEBUG] [org.gradle.internal.operations.DefaultBuildOperationRunner] Build operation 'Identifying work' completed
2025-03-10T17:43:18.274+0800 [DEBUG] [org.gradle.internal.operations.DefaultBuildOperationRunner] Build operation 'Identifying work' completed
2025-03-10T17:43:18.274+0800 [DEBUG] [org.gradle.internal.operations.DefaultBuildOperationRunner] Build operation 'Identifying work' completed
2025-03-10T17:43:18.274+0800 [DEBUG] [org.gradle.internal.operations.DefaultBuildOperationRunner] Build operation 'Identifying work' completed
2025-03-10T17:43:18.274+0800 [DEBUG] [org.gradle.internal.operations.DefaultBuildOperationRunner] Build operation 'Identifying work' completed
2025-03-10T17:43:18.274+0800 [DEBUG] [org.gradle.internal.operations.DefaultBuildOperationRunner] Build operation 'Identifying work' completed
2025-03-10T17:43:18.275+0800 [DEBUG] [org.gradle.internal.operations.DefaultBuildOperationRunner] Build operation 'Identifying work' completed
2025-03-10T17:43:18.275+0800 [DEBUG] [org.gradle.internal.operations.DefaultBuildOperationRunner] Build operation 'Identifying work' completed
2025-03-10T17:43:18.275+0800 [DEBUG] [org.gradle.internal.operations.DefaultBuildOperationRunner] Build operation 'Identifying work' completed
2025-03-10T17:43:18.275+0800 [INFO] [org.gradle.api.internal.artifacts.transform.TransformStep] Transforming auto-value-annotations-1.9.jar (com.google.auto.value:auto-value-annotations:1.9) with ExternalDependencyInstrumentingArtifactTransform
2025-03-10T17:43:18.275+0800 [DEBUG] [org.gradle.internal.operations.DefaultBuildOperationRunner] Build operation 'Identifying work' completed
2025-03-10T17:43:18.275+0800 [DEBUG] [org.gradle.internal.operations.DefaultBuildOperationRunner] Build operation 'Identifying work' completed
2025-03-10T17:43:18.275+0800 [DEBUG] [org.gradle.internal.operations.DefaultBuildOperationRunner] Build operation 'Identifying work' completed
2025-03-10T17:43:18.275+0800 [DEBUG] [org.gradle.internal.operations.DefaultBuildOperationRunner] Build operation 'Identifying work' completed
2025-03-10T17:43:18.275+0800 [DEBUG] [org.gradle.internal.operations.DefaultBuildOperationRunner] Build operation 'Identifying work' completed
2025-03-10T17:43:18.276+0800 [DEBUG] [org.gradle.internal.operations.DefaultBuildOperationRunner] Build operation 'Identifying work' completed
2025-03-10T17:43:18.276+0800 [DEBUG] [org.gradle.internal.operations.DefaultBuildOperationRunner] Build operation 'Identifying work' completed
2025-03-10T17:43:18.276+0800 [INFO] [org.gradle.api.internal.artifacts.transform.TransformStep] Transforming commons-logging-1.2.jar (commons-logging:commons-logging:1.2) with ExternalDependencyInstrumentingArtifactTransform
2025-03-10T17:43:18.273+0800 [INFO] [org.gradle.api.internal.artifacts.transform.TransformStep] Transforming error_prone_annotations-2.18.0.jar (com.google.errorprone:error_prone_annotations:2.18.0) with ExternalDependencyInstrumentingArtifactTransform
2025-03-10T17:43:18.276+0800 [DEBUG] [org.gradle.internal.operations.DefaultBuildOperationRunner] Build operation 'Identifying work' completed
2025-03-10T17:43:18.275+0800 [INFO] [org.gradle.api.internal.artifacts.transform.TransformStep] Transforming kotlin-compiler-runner-2.1.10.jar (org.jetbrains.kotlin:kotlin-compiler-runner:2.1.10) with ExternalDependencyInstrumentingArtifactTransform
2025-03-10T17:43:18.274+0800 [DEBUG] [org.gradle.internal.operations.DefaultBuildOperationRunner] Build operation 'Identifying work' completed
2025-03-10T17:43:18.276+0800 [INFO] [org.gradle.api.internal.artifacts.transform.TransformStep] Transforming log4j-api-2.17.1.jar (org.apache.logging.log4j:log4j-api:2.17.1) with ExternalDependencyInstrumentingArtifactTransform
2025-03-10T17:43:18.276+0800 [DEBUG] [org.gradle.internal.operations.DefaultBuildOperationRunner] Build operation 'Identifying work' completed
2025-03-10T17:43:18.276+0800 [DEBUG] [org.gradle.internal.operations.DefaultBuildOperationRunner] Build operation 'Identifying work' completed
2025-03-10T17:43:18.276+0800 [DEBUG] [org.gradle.internal.operations.DefaultBuildOperationRunner] Build operation 'Identifying work' completed
2025-03-10T17:43:18.276+0800 [DEBUG] [org.gradle.internal.operations.DefaultBuildOperationRunner] Build operation 'Identifying work' completed
2025-03-10T17:43:18.276+0800 [DEBUG] [org.gradle.internal.operations.DefaultBuildOperationRunner] Build operation 'Identifying work' completed
2025-03-10T17:43:18.277+0800 [DEBUG] [org.gradle.internal.operations.DefaultBuildOperationRunner] Build operation 'Identifying work' completed
2025-03-10T17:43:18.277+0800 [DEBUG] [org.gradle.internal.operations.DefaultBuildOperationRunner] Build operation 'Identifying work' completed
2025-03-10T17:43:18.277+0800 [DEBUG] [org.gradle.internal.operations.DefaultBuildOperationRunner] Build operation 'Identifying work' completed
2025-03-10T17:43:18.277+0800 [DEBUG] [org.gradle.internal.operations.DefaultBuildOperationRunner] Build operation 'Identifying work' completed
2025-03-10T17:43:18.277+0800 [DEBUG] [org.gradle.internal.operations.DefaultBuildOperationRunner] Build operation 'Identifying work' completed
2025-03-10T17:43:18.277+0800 [DEBUG] [org.gradle.internal.operations.DefaultBuildOperationRunner] Build operation 'Identifying work' completed
2025-03-10T17:43:18.277+0800 [DEBUG] [org.gradle.internal.operations.DefaultBuildOperationRunner] Build operation 'Execute transform' completed
2025-03-10T17:43:18.277+0800 [DEBUG] [org.gradle.internal.operations.DefaultBuildOperationRunner] Build operation 'Identifying work' completed
2025-03-10T17:43:18.277+0800 [DEBUG] [org.gradle.internal.operations.DefaultBuildOperationRunner] Build operation 'Identifying work' completed
2025-03-10T17:43:18.277+0800 [DEBUG] [org.gradle.internal.operations.DefaultBuildOperationRunner] Build operation 'Identifying work' completed
2025-03-10T17:43:18.277+0800 [DEBUG] [org.gradle.internal.operations.DefaultBuildOperationRunner] Build operation 'Identifying work' completed
2025-03-10T17:43:18.277+0800 [DEBUG] [org.gradle.internal.operations.DefaultBuildOperationRunner] Build operation 'Identifying work' completed
2025-03-10T17:43:18.277+0800 [DEBUG] [org.gradle.internal.operations.DefaultBuildOperationRunner] Build operation 'Identifying work' completed
2025-03-10T17:43:18.277+0800 [DEBUG] [org.gradle.internal.operations.DefaultBuildOperationRunner] Build operation 'Identifying work' completed
2025-03-10T17:43:18.278+0800 [DEBUG] [org.gradle.internal.operations.DefaultBuildOperationRunner] Build operation 'Identifying work' completed
2025-03-10T17:43:18.278+0800 [DEBUG] [org.gradle.internal.operations.DefaultBuildOperationRunner] Build operation 'Identifying work' completed
2025-03-10T17:43:18.278+0800 [DEBUG] [org.gradle.internal.operations.DefaultBuildOperationRunner] Build operation 'Identifying work' completed
2025-03-10T17:43:18.278+0800 [DEBUG] [org.gradle.internal.operations.DefaultBuildOperationRunner] Build operation 'Identifying work' completed
2025-03-10T17:43:18.278+0800 [DEBUG] [org.gradle.internal.operations.DefaultBuildOperationRunner] Build operation 'Identifying work' completed
2025-03-10T17:43:18.278+0800 [DEBUG] [org.gradle.internal.operations.DefaultBuildOperationRunner] Build operation 'Identifying work' completed
2025-03-10T17:43:18.278+0800 [DEBUG] [org.gradle.internal.operations.DefaultBuildOperationRunner] Build operation 'Identifying work' completed
2025-03-10T17:43:18.278+0800 [INFO] [org.gradle.api.internal.artifacts.transform.TransformStep] Transforming kotlin-build-tools-api-2.1.10.jar (org.jetbrains.kotlin:kotlin-build-tools-api:2.1.10) with ExternalDependencyInstrumentingArtifactTransform
2025-03-10T17:43:18.278+0800 [DEBUG] [org.gradle.internal.operations.DefaultBuildOperationRunner] Build operation 'Identifying work' completed
2025-03-10T17:43:18.278+0800 [DEBUG] [org.gradle.internal.operations.DefaultBuildOperationRunner] Build operation 'Identifying work' completed
2025-03-10T17:43:18.278+0800 [DEBUG] [org.gradle.internal.operations.DefaultBuildOperationRunner] Build operation 'Identifying work' completed
2025-03-10T17:43:18.278+0800 [DEBUG] [org.gradle.internal.operations.DefaultBuildOperationRunner] Build operation 'Identifying work' completed
2025-03-10T17:43:18.278+0800 [DEBUG] [org.gradle.internal.operations.DefaultBuildOperationRunner] Build operation 'Identifying work' completed
2025-03-10T17:43:18.278+0800 [DEBUG] [org.gradle.internal.operations.DefaultBuildOperationRunner] Build operation 'Identifying work' completed
2025-03-10T17:43:18.278+0800 [INFO] [org.gradle.api.internal.artifacts.transform.TransformStep] Transforming ant-launcher-1.10.11.jar (org.apache.ant:ant-launcher:1.10.11) with ExternalDependencyInstrumentingArtifactTransform
2025-03-10T17:43:18.278+0800 [DEBUG] [org.gradle.internal.operations.DefaultBuildOperationRunner] Build operation 'Identifying work' completed
2025-03-10T17:43:18.278+0800 [DEBUG] [org.gradle.internal.operations.DefaultBuildOperationRunner] Build operation 'Identifying work' completed
2025-03-10T17:43:18.279+0800 [DEBUG] [org.gradle.internal.operations.DefaultBuildOperationRunner] Build operation 'Identifying work' completed
2025-03-10T17:43:18.279+0800 [DEBUG] [org.gradle.internal.operations.DefaultBuildOperationRunner] Build operation 'Identifying work' completed
2025-03-10T17:43:18.279+0800 [INFO] [org.gradle.api.internal.artifacts.transform.TransformStep] Transforming commons-codec-1.11.jar (commons-codec:commons-codec:1.11) with ExternalDependencyInstrumentingArtifactTransform
2025-03-10T17:43:18.279+0800 [DEBUG] [org.gradle.internal.operations.DefaultBuildOperationRunner] Build operation 'Identifying work' completed
2025-03-10T17:43:18.279+0800 [DEBUG] [org.gradle.internal.operations.DefaultBuildOperationRunner] Build operation 'Identifying work' completed
2025-03-10T17:43:18.279+0800 [DEBUG] [org.gradle.internal.operations.DefaultBuildOperationRunner] Build operation 'Identifying work' completed
2025-03-10T17:43:18.279+0800 [DEBUG] [org.gradle.internal.operations.DefaultBuildOperationRunner] Build operation 'Identifying work' completed
2025-03-10T17:43:18.279+0800 [INFO] [org.gradle.api.internal.artifacts.transform.TransformStep] Transforming grpc-context-1.27.2.jar (io.grpc:grpc-context:1.27.2) with ExternalDependencyInstrumentingArtifactTransform
2025-03-10T17:43:18.279+0800 [DEBUG] [org.gradle.internal.operations.DefaultBuildOperationRunner] Build operation 'Identifying work' completed
2025-03-10T17:43:18.279+0800 [DEBUG] [org.gradle.internal.operations.DefaultBuildOperationRunner] Build operation 'Identifying work' completed
2025-03-10T17:43:18.279+0800 [DEBUG] [org.gradle.internal.operations.DefaultBuildOperationRunner] Build operation 'Identifying work' completed
2025-03-10T17:43:18.278+0800 [INFO] [org.gradle.api.internal.artifacts.transform.TransformStep] Transforming listenablefuture-9999.0-empty-to-avoid-conflict-with-guava.jar (com.google.guava:listenablefuture:9999.0-empty-to-avoid-conflict-with-guava) with ExternalDependencyInstrumentingArtifactTransform
2025-03-10T17:43:18.279+0800 [DEBUG] [org.gradle.internal.operations.DefaultBuildOperationRunner] Build operation 'Identifying work' completed
2025-03-10T17:43:18.279+0800 [DEBUG] [org.gradle.internal.operations.DefaultBuildOperationRunner] Build operation 'Identifying work' completed
2025-03-10T17:43:18.279+0800 [DEBUG] [org.gradle.internal.operations.DefaultBuildOperationRunner] Build operation 'Identifying work' completed
2025-03-10T17:43:18.280+0800 [DEBUG] [org.gradle.internal.operations.DefaultBuildOperationRunner] Build operation 'Identifying work' completed
2025-03-10T17:43:18.280+0800 [DEBUG] [org.gradle.internal.operations.DefaultBuildOperationRunner] Build operation 'Identifying work' completed
2025-03-10T17:43:18.280+0800 [DEBUG] [org.gradle.internal.operations.DefaultBuildOperationRunner] Build operation 'Identifying work' completed
2025-03-10T17:43:18.280+0800 [DEBUG] [org.gradle.internal.operations.DefaultBuildOperationRunner] Build operation 'Identifying work' completed
2025-03-10T17:43:18.280+0800 [INFO] [org.gradle.api.internal.artifacts.transform.TransformStep] Transforming kotlin-tooling-core-2.1.10.jar (org.jetbrains.kotlin:kotlin-tooling-core:2.1.10) with ExternalDependencyInstrumentingArtifactTransform
2025-03-10T17:43:18.280+0800 [DEBUG] [org.gradle.internal.operations.DefaultBuildOperationRunner] Build operation 'Identifying work' completed
2025-03-10T17:43:18.280+0800 [DEBUG] [org.gradle.internal.operations.DefaultBuildOperationRunner] Build operation 'Identifying work' completed
2025-03-10T17:43:18.281+0800 [DEBUG] [org.gradle.internal.operations.DefaultBuildOperationRunner] Build operation 'Identifying work' completed
2025-03-10T17:43:18.281+0800 [DEBUG] [org.gradle.internal.resources.AbstractTrackedResourceLock] Daemon worker Thread 9: released lock on state of build :
2025-03-10T17:43:18.281+0800 [DEBUG] [org.gradle.internal.resources.AbstractTrackedResourceLock] Daemon worker Thread 9: released lock on worker lease
2025-03-10T17:43:18.281+0800 [DEBUG] [org.gradle.internal.resources.AbstractTrackedResourceLock] Daemon worker Thread 9: acquired lock on state of build :
2025-03-10T17:43:18.281+0800 [DEBUG] [org.gradle.internal.resources.AbstractTrackedResourceLock] Daemon worker Thread 9: acquired lock on worker lease
2025-03-10T17:43:18.281+0800 [DEBUG] [org.gradle.internal.operations.DefaultBuildOperationRunner] Build operation 'Resolve files of configuration ':classpath'' completed
2025-03-10T17:43:18.281+0800 [DEBUG] [org.gradle.internal.operations.DefaultBuildOperationRunner] Build operation 'Resolve files of configuration ':classpath'' completed
2025-03-10T17:43:18.283+0800 [DEBUG] [org.jetbrains.kotlin.gradle.plugin.statistics.KotlinBuildStatsBeanService] Executing [class org.jetbrains.kotlin.gradle.plugin.statistics.KotlinBuildStatsBeanService.initStatsService]
2025-03-10T17:43:18.283+0800 [DEBUG] [org.jetbrains.kotlin.gradle.plugin.statistics.KotlinBuildStatsServicesRegistry] Instantiated class org.jetbrains.kotlin.gradle.plugin.statistics.KotlinBuildStatsBeanService_v2: new instance org.jetbrains.kotlin.gradle.plugin.statistics.DefaultKotlinBuildStatsBeanService@76fa1f99
2025-03-10T17:43:18.283+0800 [DEBUG] [org.jetbrains.kotlin.gradle.plugin.statistics.KotlinBuildStatsServicesRegistry] Instantiated class org.jetbrains.kotlin.gradle.plugin.statistics.KotlinBuildStatsBeanService: new instance org.jetbrains.kotlin.gradle.plugin.statistics.old.Pre232IdeaKotlinBuildStatsBeanService@1bf7c39b
2025-03-10T17:43:18.284+0800 [DEBUG] [org.gradle.internal.locking.LockFileReaderWriter] Lockfiles root: /Users/sam/Desktop/MyApplicationBackend/MyApplicationBackend/gradle/dependency-locks
2025-03-10T17:43:18.284+0800 [DEBUG] [org.jetbrains.kotlin.gradle.plugin.KotlinGradleBuildServices$Inject] [KOTLIN] Initialized KotlinGradleBuildServices
2025-03-10T17:43:18.284+0800 [INFO] [org.gradle.api.Project] Using Kotlin Gradle Plugin gradle85 variant
2025-03-10T17:43:18.285+0800 [DEBUG] [org.gradle.internal.operations.DefaultBuildOperationRunner] Build operation 'Register task :clean' completed
2025-03-10T17:43:18.285+0800 [DEBUG] [org.gradle.internal.operations.DefaultBuildOperationRunner] Build operation 'Register task :assemble' completed
2025-03-10T17:43:18.285+0800 [DEBUG] [org.gradle.internal.operations.DefaultBuildOperationRunner] Build operation 'Register task :check' completed
2025-03-10T17:43:18.285+0800 [DEBUG] [org.gradle.internal.operations.DefaultBuildOperationRunner] Build operation 'Register task :build' completed
2025-03-10T17:43:18.285+0800 [DEBUG] [org.gradle.internal.operations.DefaultBuildOperationRunner] Build operation 'Apply plugin org.gradle.language.base.plugins.LifecycleBasePlugin to root project 'MyApplicationBackend'' completed
2025-03-10T17:43:18.285+0800 [DEBUG] [org.gradle.internal.operations.DefaultBuildOperationRunner] Build operation 'Execute container callback action' completed
2025-03-10T17:43:18.285+0800 [DEBUG] [org.gradle.internal.operations.DefaultBuildOperationRunner] Build operation 'Execute container callback action' completed
2025-03-10T17:43:18.285+0800 [DEBUG] [org.gradle.internal.operations.DefaultBuildOperationRunner] Build operation 'Execute container callback action' completed
2025-03-10T17:43:18.285+0800 [DEBUG] [org.gradle.internal.operations.DefaultBuildOperationRunner] Build operation 'Execute container callback action' completed
2025-03-10T17:43:18.286+0800 [DEBUG] [org.gradle.internal.operations.DefaultBuildOperationRunner] Build operation 'Execute container callback action' completed
2025-03-10T17:43:18.286+0800 [DEBUG] [org.gradle.internal.operations.DefaultBuildOperationRunner] Build operation 'Execute container callback action' completed
2025-03-10T17:43:18.286+0800 [DEBUG] [org.gradle.internal.operations.DefaultBuildOperationRunner] Build operation 'Execute container callback action' completed
2025-03-10T17:43:18.286+0800 [DEBUG] [org.gradle.internal.operations.DefaultBuildOperationRunner] Build operation 'Apply plugin org.gradle.api.plugins.BasePlugin to root project 'MyApplicationBackend'' completed
2025-03-10T17:43:18.286+0800 [DEBUG] [org.gradle.internal.operations.DefaultBuildOperationRunner] Build operation 'Apply plugin org.gradle.api.plugins.JvmEcosystemPlugin to root project 'MyApplicationBackend'' completed
2025-03-10T17:43:18.286+0800 [DEBUG] [org.gradle.internal.operations.DefaultBuildOperationRunner] Build operation 'Apply plugin org.gradle.api.plugins.ReportingBasePlugin to root project 'MyApplicationBackend'' completed
2025-03-10T17:43:18.286+0800 [DEBUG] [org.gradle.internal.operations.DefaultBuildOperationRunner] Build operation 'Apply plugin org.gradle.api.plugins.JvmToolchainsPlugin to root project 'MyApplicationBackend'' completed
2025-03-10T17:43:18.287+0800 [DEBUG] [org.gradle.internal.operations.DefaultBuildOperationRunner] Build operation 'Register task :buildNeeded' completed
2025-03-10T17:43:18.287+0800 [DEBUG] [org.gradle.internal.operations.DefaultBuildOperationRunner] Build operation 'Register task :buildDependents' completed
2025-03-10T17:43:18.287+0800 [DEBUG] [org.gradle.internal.operations.DefaultBuildOperationRunner] Build operation 'Execute container callback action' completed
2025-03-10T17:43:18.287+0800 [DEBUG] [org.gradle.internal.operations.DefaultBuildOperationRunner] Build operation 'Execute container callback action' completed
2025-03-10T17:43:18.287+0800 [DEBUG] [org.gradle.internal.operations.DefaultBuildOperationRunner] Build operation 'Apply plugin org.gradle.api.plugins.JavaBasePlugin to root project 'MyApplicationBackend'' completed
2025-03-10T17:43:18.287+0800 [DEBUG] [org.gradle.internal.operations.DefaultBuildOperationRunner] Build operation 'Apply plugin org.gradle.testing.base.plugins.TestSuiteBasePlugin to root project 'MyApplicationBackend'' completed
2025-03-10T17:43:18.287+0800 [DEBUG] [org.gradle.internal.operations.DefaultBuildOperationRunner] Build operation 'Apply plugin org.gradle.jvm-test-suite to root project 'MyApplicationBackend'' completed
2025-03-10T17:43:18.287+0800 [DEBUG] [org.gradle.internal.operations.DefaultBuildOperationRunner] Build operation 'Execute container callback action' completed
2025-03-10T17:43:18.287+0800 [DEBUG] [org.gradle.internal.operations.DefaultBuildOperationRunner] Build operation 'Execute container callback action' completed
2025-03-10T17:43:18.287+0800 [DEBUG] [org.gradle.internal.operations.DefaultBuildOperationRunner] Build operation 'Execute container callback action' completed
2025-03-10T17:43:18.287+0800 [DEBUG] [org.gradle.internal.operations.DefaultBuildOperationRunner] Build operation 'Execute container callback action' completed
2025-03-10T17:43:18.288+0800 [DEBUG] [org.gradle.internal.operations.DefaultBuildOperationRunner] Build operation 'Execute container callback action' completed
2025-03-10T17:43:18.288+0800 [DEBUG] [org.gradle.internal.operations.DefaultBuildOperationRunner] Build operation 'Execute container callback action' completed
2025-03-10T17:43:18.288+0800 [DEBUG] [org.gradle.internal.operations.DefaultBuildOperationRunner] Build operation 'Register task :processResources' completed
2025-03-10T17:43:18.288+0800 [DEBUG] [org.gradle.internal.operations.DefaultBuildOperationRunner] Build operation 'Register task :compileJava' completed
2025-03-10T17:43:18.288+0800 [DEBUG] [org.gradle.internal.operations.DefaultBuildOperationRunner] Build operation 'Register task :classes' completed
2025-03-10T17:43:18.288+0800 [DEBUG] [org.gradle.internal.operations.DefaultBuildOperationRunner] Build operation 'Execute container callback action' completed
2025-03-10T17:43:18.288+0800 [DEBUG] [org.gradle.internal.operations.DefaultBuildOperationRunner] Build operation 'Register task :jar' completed
2025-03-10T17:43:18.288+0800 [DEBUG] [org.gradle.internal.operations.DefaultBuildOperationRunner] Build operation 'Execute container callback action' completed
2025-03-10T17:43:18.288+0800 [DEBUG] [org.gradle.internal.operations.DefaultBuildOperationRunner] Build operation 'Execute container callback action' completed
2025-03-10T17:43:18.288+0800 [DEBUG] [org.gradle.internal.operations.DefaultBuildOperationRunner] Build operation 'Execute container callback action' completed
2025-03-10T17:43:18.288+0800 [DEBUG] [org.gradle.internal.operations.DefaultBuildOperationRunner] Build operation 'Execute container callback action' completed
2025-03-10T17:43:18.288+0800 [DEBUG] [org.gradle.internal.operations.DefaultBuildOperationRunner] Build operation 'Register task :javadoc' completed
2025-03-10T17:43:18.288+0800 [DEBUG] [org.gradle.internal.operations.DefaultBuildOperationRunner] Build operation 'Execute container callback action' completed
2025-03-10T17:43:18.289+0800 [DEBUG] [org.gradle.internal.operations.DefaultBuildOperationRunner] Build operation 'Execute container callback action' completed
2025-03-10T17:43:18.289+0800 [DEBUG] [org.gradle.internal.operations.DefaultBuildOperationRunner] Build operation 'Execute container callback action' completed
2025-03-10T17:43:18.289+0800 [DEBUG] [org.gradle.internal.operations.DefaultBuildOperationRunner] Build operation 'Execute container callback action' completed
2025-03-10T17:43:18.289+0800 [DEBUG] [org.gradle.internal.operations.DefaultBuildOperationRunner] Build operation 'Execute container callback action' completed
2025-03-10T17:43:18.289+0800 [DEBUG] [org.gradle.internal.operations.DefaultBuildOperationRunner] Build operation 'Execute container callback action' completed
2025-03-10T17:43:18.289+0800 [DEBUG] [org.gradle.internal.operations.DefaultBuildOperationRunner] Build operation 'Execute container callback action' completed
2025-03-10T17:43:18.289+0800 [DEBUG] [org.gradle.internal.operations.DefaultBuildOperationRunner] Build operation 'Register task :processTestResources' completed
2025-03-10T17:43:18.289+0800 [DEBUG] [org.gradle.internal.operations.DefaultBuildOperationRunner] Build operation 'Register task :compileTestJava' completed
2025-03-10T17:43:18.289+0800 [DEBUG] [org.gradle.internal.operations.DefaultBuildOperationRunner] Build operation 'Register task :testClasses' completed
2025-03-10T17:43:18.289+0800 [DEBUG] [org.gradle.internal.operations.DefaultBuildOperationRunner] Build operation 'Execute container callback action' completed
2025-03-10T17:43:18.289+0800 [DEBUG] [org.gradle.internal.operations.DefaultBuildOperationRunner] Build operation 'Register task :test' completed
2025-03-10T17:43:18.289+0800 [DEBUG] [org.gradle.internal.operations.DefaultBuildOperationRunner] Build operation 'Execute container callback action' completed
2025-03-10T17:43:18.289+0800 [DEBUG] [org.gradle.internal.operations.DefaultBuildOperationRunner] Build operation 'Execute container callback action' completed
2025-03-10T17:43:18.290+0800 [DEBUG] [org.gradle.internal.operations.DefaultBuildOperationRunner] Build operation 'Execute container callback action' completed
2025-03-10T17:43:18.290+0800 [DEBUG] [org.gradle.internal.operations.DefaultBuildOperationRunner] Build operation 'Execute container callback action' completed
2025-03-10T17:43:18.290+0800 [DEBUG] [org.gradle.internal.operations.DefaultBuildOperationRunner] Build operation 'Execute container callback action' completed
2025-03-10T17:43:18.290+0800 [DEBUG] [org.gradle.internal.operations.DefaultBuildOperationRunner] Build operation 'Execute container callback action' completed
2025-03-10T17:43:18.290+0800 [DEBUG] [org.gradle.internal.operations.DefaultBuildOperationRunner] Build operation 'Execute container callback action' completed
2025-03-10T17:43:18.290+0800 [DEBUG] [org.gradle.internal.operations.DefaultBuildOperationRunner] Build operation 'Execute container callback action' completed
2025-03-10T17:43:18.290+0800 [DEBUG] [org.gradle.internal.operations.DefaultBuildOperationRunner] Build operation 'Execute container callback action' completed
2025-03-10T17:43:18.290+0800 [DEBUG] [org.gradle.internal.operations.DefaultBuildOperationRunner] Build operation 'Execute container callback action' completed
2025-03-10T17:43:18.290+0800 [DEBUG] [org.gradle.internal.operations.DefaultBuildOperationRunner] Build operation 'Apply plugin org.gradle.api.plugins.JavaPlugin to root project 'MyApplicationBackend'' completed
2025-03-10T17:43:18.290+0800 [DEBUG] [org.gradle.internal.operations.DefaultBuildOperationRunner] Build operation 'Execute container callback action' completed
2025-03-10T17:43:18.290+0800 [DEBUG] [org.gradle.internal.operations.DefaultBuildOperationRunner] Build operation 'Execute container callback action' completed
2025-03-10T17:43:18.290+0800 [DEBUG] [org.gradle.internal.operations.DefaultBuildOperationRunner] Build operation 'Execute container callback action' completed
2025-03-10T17:43:18.290+0800 [DEBUG] [org.gradle.internal.operations.DefaultBuildOperationRunner] Build operation 'Execute container callback action' completed
2025-03-10T17:43:18.291+0800 [DEBUG] [org.gradle.internal.operations.DefaultBuildOperationRunner] Build operation 'Execute container callback action' completed
2025-03-10T17:43:18.291+0800 [DEBUG] [org.gradle.internal.operations.DefaultBuildOperationRunner] Build operation 'Execute container callback action' completed
2025-03-10T17:43:18.291+0800 [DEBUG] [org.gradle.internal.operations.DefaultBuildOperationRunner] Build operation 'Execute container callback action' completed
2025-03-10T17:43:18.291+0800 [DEBUG] [org.gradle.internal.operations.DefaultBuildOperationRunner] Build operation 'Execute container callback action' completed
2025-03-10T17:43:18.291+0800 [DEBUG] [org.gradle.internal.operations.DefaultBuildOperationRunner] Build operation 'Execute container callback action' completed
2025-03-10T17:43:18.291+0800 [DEBUG] [org.gradle.internal.operations.DefaultBuildOperationRunner] Build operation 'Execute container callback action' completed
2025-03-10T17:43:18.291+0800 [DEBUG] [org.gradle.internal.operations.DefaultBuildOperationRunner] Build operation 'Execute container callback action' completed
2025-03-10T17:43:18.291+0800 [DEBUG] [org.gradle.internal.operations.DefaultBuildOperationRunner] Build operation 'Execute container callback action' completed
2025-03-10T17:43:18.292+0800 [DEBUG] [org.gradle.internal.operations.DefaultBuildOperationRunner] Build operation 'Execute container callback action' completed
2025-03-10T17:43:18.292+0800 [DEBUG] [org.gradle.internal.operations.DefaultBuildOperationRunner] Build operation 'Execute container callback action' completed
2025-03-10T17:43:18.292+0800 [DEBUG] [org.gradle.internal.operations.DefaultBuildOperationRunner] Build operation 'Execute container callback action' completed
2025-03-10T17:43:18.292+0800 [DEBUG] [org.gradle.internal.operations.DefaultBuildOperationRunner] Build operation 'Execute container callback action' completed
2025-03-10T17:43:18.292+0800 [DEBUG] [org.gradle.internal.operations.DefaultBuildOperationRunner] Build operation 'Execute container callback action' completed
2025-03-10T17:43:18.292+0800 [DEBUG] [org.gradle.internal.operations.DefaultBuildOperationRunner] Build operation 'Execute container callback action' completed
2025-03-10T17:43:18.292+0800 [DEBUG] [org.gradle.internal.operations.DefaultBuildOperationRunner] Build operation 'Execute container callback action' completed
2025-03-10T17:43:18.292+0800 [DEBUG] [org.gradle.internal.operations.DefaultBuildOperationRunner] Build operation 'Execute container callback action' completed
2025-03-10T17:43:18.292+0800 [DEBUG] [org.gradle.internal.operations.DefaultBuildOperationRunner] Build operation 'Execute container callback action' completed
2025-03-10T17:43:18.293+0800 [DEBUG] [org.gradle.internal.operations.DefaultBuildOperationRunner] Build operation 'Register task :compileKotlin' completed
2025-03-10T17:43:18.293+0800 [DEBUG] [org.gradle.internal.operations.DefaultBuildOperationRunner] Build operation 'Execute container callback action' completed
2025-03-10T17:43:18.293+0800 [DEBUG] [org.gradle.internal.operations.DefaultBuildOperationRunner] Build operation 'Execute container callback action' completed
2025-03-10T17:43:18.293+0800 [INFO] [org.gradle.api.Project] kotlin scripting plugin: created the scripting discovery configuration: kotlinScriptDef
2025-03-10T17:43:18.293+0800 [DEBUG] [org.gradle.internal.operations.DefaultBuildOperationRunner] Build operation 'Execute container callback action' completed
2025-03-10T17:43:18.294+0800 [DEBUG] [org.gradle.internal.operations.DefaultBuildOperationRunner] Build operation 'Register task :mainClasses' completed
2025-03-10T17:43:18.294+0800 [DEBUG] [org.gradle.internal.operations.DefaultBuildOperationRunner] Build operation 'Execute container callback action' completed
2025-03-10T17:43:18.294+0800 [DEBUG] [org.gradle.internal.operations.DefaultBuildOperationRunner] Build operation 'Register task :compileTestKotlin' completed
2025-03-10T17:43:18.294+0800 [DEBUG] [org.gradle.internal.operations.DefaultBuildOperationRunner] Build operation 'Execute container callback action' completed
2025-03-10T17:43:18.294+0800 [DEBUG] [org.gradle.internal.operations.DefaultBuildOperationRunner] Build operation 'Execute container callback action' completed
2025-03-10T17:43:18.294+0800 [INFO] [org.gradle.api.Project] kotlin scripting plugin: created the scripting discovery configuration: testKotlinScriptDef
2025-03-10T17:43:18.294+0800 [DEBUG] [org.gradle.internal.operations.DefaultBuildOperationRunner] Build operation 'Execute container callback action' completed
2025-03-10T17:43:18.294+0800 [DEBUG] [org.gradle.internal.operations.DefaultBuildOperationRunner] Build operation 'Execute container callback action' completed
2025-03-10T17:43:18.295+0800 [DEBUG] [org.gradle.internal.operations.DefaultBuildOperationRunner] Build operation 'Register task :kotlinSourcesJar' completed
2025-03-10T17:43:18.295+0800 [DEBUG] [org.gradle.internal.operations.DefaultBuildOperationRunner] Build operation 'Execute container callback action' completed
2025-03-10T17:43:18.295+0800 [DEBUG] [org.gradle.internal.operations.DefaultBuildOperationRunner] Build operation 'Execute container callback action' completed
2025-03-10T17:43:18.295+0800 [DEBUG] [org.gradle.internal.operations.DefaultBuildOperationRunner] Build operation 'Register task :buildKotlinToolingMetadata' completed
2025-03-10T17:43:18.296+0800 [DEBUG] [org.gradle.internal.operations.DefaultBuildOperationRunner] Build operation 'Register task :checkKotlinGradlePluginConfigurationErrors' completed
2025-03-10T17:43:18.296+0800 [DEBUG] [org.gradle.internal.operations.DefaultBuildOperationRunner] Build operation 'Execute container callback action' completed
2025-03-10T17:43:18.296+0800 [DEBUG] [org.gradle.internal.operations.DefaultBuildOperationRunner] Build operation 'Execute container callback action' completed
2025-03-10T17:43:18.296+0800 [DEBUG] [org.gradle.internal.operations.DefaultBuildOperationRunner] Build operation 'Execute container callback action' completed
2025-03-10T17:43:18.296+0800 [DEBUG] [org.gradle.internal.operations.DefaultBuildOperationRunner] Build operation 'Execute container callback action' completed
2025-03-10T17:43:18.296+0800 [DEBUG] [org.gradle.internal.operations.DefaultBuildOperationRunner] Build operation 'Execute container callback action' completed
2025-03-10T17:43:18.297+0800 [DEBUG] [org.gradle.internal.operations.DefaultBuildOperationRunner] Build operation 'Execute container callback action' completed
2025-03-10T17:43:18.297+0800 [DEBUG] [org.gradle.internal.operations.DefaultBuildOperationRunner] Build operation 'Execute container callback action' completed
2025-03-10T17:43:18.297+0800 [DEBUG] [org.gradle.internal.operations.DefaultBuildOperationRunner] Build operation 'Execute container callback action' completed
2025-03-10T17:43:18.297+0800 [DEBUG] [org.gradle.internal.operations.DefaultBuildOperationRunner] Build operation 'Execute container callback action' completed
2025-03-10T17:43:18.297+0800 [DEBUG] [org.gradle.internal.operations.DefaultBuildOperationRunner] Build operation 'Execute container callback action' completed
2025-03-10T17:43:18.297+0800 [DEBUG] [org.gradle.internal.operations.DefaultBuildOperationRunner] Build operation 'Execute container callback action' completed
2025-03-10T17:43:18.297+0800 [DEBUG] [org.gradle.internal.operations.DefaultBuildOperationRunner] Build operation 'Execute container callback action' completed
2025-03-10T17:43:18.297+0800 [DEBUG] [org.gradle.internal.operations.DefaultBuildOperationRunner] Build operation 'Execute container callback action' completed
2025-03-10T17:43:18.297+0800 [DEBUG] [org.gradle.internal.operations.DefaultBuildOperationRunner] Build operation 'Execute container callback action' completed
2025-03-10T17:43:18.298+0800 [DEBUG] [org.gradle.internal.operations.DefaultBuildOperationRunner] Build operation 'Execute container callback action' completed
2025-03-10T17:43:18.298+0800 [DEBUG] [org.gradle.internal.operations.DefaultBuildOperationRunner] Build operation 'Execute container callback action' completed
2025-03-10T17:43:18.298+0800 [DEBUG] [org.gradle.internal.operations.DefaultBuildOperationRunner] Build operation 'Execute container callback action' completed
2025-03-10T17:43:18.298+0800 [DEBUG] [org.gradle.internal.operations.DefaultBuildOperationRunner] Build operation 'Execute container callback action' completed
2025-03-10T17:43:18.298+0800 [DEBUG] [org.gradle.internal.operations.DefaultBuildOperationRunner] Build operation 'Execute container callback action' completed
2025-03-10T17:43:18.298+0800 [DEBUG] [org.gradle.internal.operations.DefaultBuildOperationRunner] Build operation 'Execute container callback action' completed
2025-03-10T17:43:18.298+0800 [DEBUG] [org.gradle.internal.operations.DefaultBuildOperationRunner] Build operation 'Execute container callback action' completed
2025-03-10T17:43:18.298+0800 [DEBUG] [org.gradle.internal.operations.DefaultBuildOperationRunner] Build operation 'Execute container callback action' completed
2025-03-10T17:43:18.298+0800 [DEBUG] [org.gradle.internal.operations.DefaultBuildOperationRunner] Build operation 'Execute container callback action' completed
2025-03-10T17:43:18.298+0800 [DEBUG] [org.gradle.internal.operations.DefaultBuildOperationRunner] Build operation 'Execute container callback action' completed
2025-03-10T17:43:18.298+0800 [DEBUG] [org.gradle.internal.operations.DefaultBuildOperationRunner] Build operation 'Execute container callback action' completed
2025-03-10T17:43:18.298+0800 [DEBUG] [org.gradle.internal.operations.DefaultBuildOperationRunner] Build operation 'Execute container callback action' completed
2025-03-10T17:43:18.298+0800 [DEBUG] [org.gradle.internal.operations.DefaultBuildOperationRunner] Build operation 'Execute container callback action' completed
2025-03-10T17:43:18.298+0800 [DEBUG] [org.gradle.internal.operations.DefaultBuildOperationRunner] Build operation 'Execute container callback action' completed
2025-03-10T17:43:18.298+0800 [DEBUG] [org.gradle.internal.operations.DefaultBuildOperationRunner] Build operation 'Execute container callback action' completed
2025-03-10T17:43:18.298+0800 [DEBUG] [org.gradle.internal.operations.DefaultBuildOperationRunner] Build operation 'Execute container callback action' completed
2025-03-10T17:43:18.298+0800 [DEBUG] [org.gradle.internal.operations.DefaultBuildOperationRunner] Build operation 'Execute container callback action' completed
2025-03-10T17:43:18.298+0800 [DEBUG] [org.gradle.internal.operations.DefaultBuildOperationRunner] Build operation 'Execute container callback action' completed
2025-03-10T17:43:18.298+0800 [DEBUG] [org.gradle.internal.operations.DefaultBuildOperationRunner] Build operation 'Execute container callback action' completed
2025-03-10T17:43:18.298+0800 [DEBUG] [org.gradle.internal.operations.DefaultBuildOperationRunner] Build operation 'Execute container callback action' completed
2025-03-10T17:43:18.298+0800 [DEBUG] [org.gradle.internal.operations.DefaultBuildOperationRunner] Build operation 'Execute container callback action' completed
2025-03-10T17:43:18.298+0800 [DEBUG] [org.gradle.internal.operations.DefaultBuildOperationRunner] Build operation 'Execute container callback action' completed
2025-03-10T17:43:18.298+0800 [DEBUG] [org.gradle.internal.operations.DefaultBuildOperationRunner] Build operation 'Execute container callback action' completed
2025-03-10T17:43:18.298+0800 [DEBUG] [org.gradle.internal.operations.DefaultBuildOperationRunner] Build operation 'Execute container callback action' completed
2025-03-10T17:43:18.298+0800 [DEBUG] [org.gradle.internal.operations.DefaultBuildOperationRunner] Build operation 'Execute container callback action' completed
2025-03-10T17:43:18.299+0800 [DEBUG] [org.gradle.internal.operations.DefaultBuildOperationRunner] Build operation 'Execute container callback action' completed
2025-03-10T17:43:18.299+0800 [DEBUG] [org.gradle.internal.operations.DefaultBuildOperationRunner] Build operation 'Execute container callback action' completed
2025-03-10T17:43:18.299+0800 [DEBUG] [org.gradle.internal.operations.DefaultBuildOperationRunner] Build operation 'Execute container callback action' completed
2025-03-10T17:43:18.299+0800 [DEBUG] [org.gradle.internal.operations.DefaultBuildOperationRunner] Build operation 'Execute container callback action' completed
2025-03-10T17:43:18.299+0800 [DEBUG] [org.gradle.internal.operations.DefaultBuildOperationRunner] Build operation 'Execute container callback action' completed
2025-03-10T17:43:18.299+0800 [DEBUG] [org.gradle.internal.operations.DefaultBuildOperationRunner] Build operation 'Execute container callback action' completed
2025-03-10T17:43:18.299+0800 [DEBUG] [org.gradle.internal.operations.DefaultBuildOperationRunner] Build operation 'Execute container callback action' completed
2025-03-10T17:43:18.299+0800 [DEBUG] [org.gradle.internal.operations.DefaultBuildOperationRunner] Build operation 'Execute container callback action' completed
2025-03-10T17:43:18.299+0800 [DEBUG] [org.gradle.internal.operations.DefaultBuildOperationRunner] Build operation 'Execute container callback action' completed
2025-03-10T17:43:18.299+0800 [DEBUG] [org.gradle.internal.operations.DefaultBuildOperationRunner] Build operation 'Execute container callback action' completed
2025-03-10T17:43:18.299+0800 [DEBUG] [org.gradle.internal.operations.DefaultBuildOperationRunner] Build operation 'Execute container callback action' completed
2025-03-10T17:43:18.299+0800 [DEBUG] [org.gradle.internal.operations.DefaultBuildOperationRunner] Build operation 'Execute container callback action' completed
2025-03-10T17:43:18.299+0800 [DEBUG] [org.gradle.internal.operations.DefaultBuildOperationRunner] Build operation 'Execute container callback action' completed
2025-03-10T17:43:18.299+0800 [DEBUG] [org.gradle.internal.operations.DefaultBuildOperationRunner] Build operation 'Execute container callback action' completed
2025-03-10T17:43:18.299+0800 [DEBUG] [org.gradle.internal.operations.DefaultBuildOperationRunner] Build operation 'Execute container callback action' completed
2025-03-10T17:43:18.299+0800 [DEBUG] [org.gradle.internal.operations.DefaultBuildOperationRunner] Build operation 'Execute container callback action' completed
2025-03-10T17:43:18.299+0800 [DEBUG] [org.gradle.internal.operations.DefaultBuildOperationRunner] Build operation 'Execute container callback action' completed
2025-03-10T17:43:18.299+0800 [DEBUG] [org.gradle.internal.operations.DefaultBuildOperationRunner] Build operation 'Execute container callback action' completed
2025-03-10T17:43:18.299+0800 [DEBUG] [org.gradle.internal.operations.DefaultBuildOperationRunner] Build operation 'Execute container callback action' completed
2025-03-10T17:43:18.299+0800 [DEBUG] [org.gradle.internal.operations.DefaultBuildOperationRunner] Build operation 'Execute container callback action' completed
2025-03-10T17:43:18.299+0800 [DEBUG] [org.gradle.internal.operations.DefaultBuildOperationRunner] Build operation 'Execute container callback action' completed
2025-03-10T17:43:18.299+0800 [DEBUG] [org.gradle.internal.operations.DefaultBuildOperationRunner] Build operation 'Execute container callback action' completed
2025-03-10T17:43:18.299+0800 [DEBUG] [org.gradle.internal.operations.DefaultBuildOperationRunner] Build operation 'Execute container callback action' completed
2025-03-10T17:43:18.299+0800 [DEBUG] [org.gradle.internal.operations.DefaultBuildOperationRunner] Build operation 'Execute container callback action' completed
2025-03-10T17:43:18.299+0800 [DEBUG] [org.gradle.internal.operations.DefaultBuildOperationRunner] Build operation 'Execute container callback action' completed
2025-03-10T17:43:18.299+0800 [DEBUG] [org.gradle.internal.operations.DefaultBuildOperationRunner] Build operation 'Execute container callback action' completed
2025-03-10T17:43:18.300+0800 [DEBUG] [org.gradle.internal.operations.DefaultBuildOperationRunner] Build operation 'Execute container callback action' completed
2025-03-10T17:43:18.300+0800 [DEBUG] [org.gradle.internal.operations.DefaultBuildOperationRunner] Build operation 'Execute container callback action' completed
2025-03-10T17:43:18.300+0800 [DEBUG] [org.gradle.internal.operations.DefaultBuildOperationRunner] Build operation 'Execute container callback action' completed
2025-03-10T17:43:18.300+0800 [DEBUG] [org.gradle.internal.operations.DefaultBuildOperationRunner] Build operation 'Execute container callback action' completed
2025-03-10T17:43:18.300+0800 [DEBUG] [org.gradle.internal.operations.DefaultBuildOperationRunner] Build operation 'Execute container callback action' completed
2025-03-10T17:43:18.300+0800 [DEBUG] [org.gradle.internal.operations.DefaultBuildOperationRunner] Build operation 'Execute container callback action' completed
2025-03-10T17:43:18.300+0800 [DEBUG] [org.gradle.internal.operations.DefaultBuildOperationRunner] Build operation 'Execute container callback action' completed
2025-03-10T17:43:18.300+0800 [DEBUG] [org.gradle.internal.operations.DefaultBuildOperationRunner] Build operation 'Execute container callback action' completed
2025-03-10T17:43:18.300+0800 [DEBUG] [org.gradle.internal.operations.DefaultBuildOperationRunner] Build operation 'Execute container callback action' completed
2025-03-10T17:43:18.300+0800 [DEBUG] [org.gradle.internal.operations.DefaultBuildOperationRunner] Build operation 'Execute container callback action' completed
2025-03-10T17:43:18.300+0800 [DEBUG] [org.gradle.internal.operations.DefaultBuildOperationRunner] Build operation 'Execute container callback action' completed
2025-03-10T17:43:18.300+0800 [DEBUG] [org.gradle.internal.operations.DefaultBuildOperationRunner] Build operation 'Execute container callback action' completed
2025-03-10T17:43:18.300+0800 [DEBUG] [org.gradle.internal.operations.DefaultBuildOperationRunner] Build operation 'Execute container callback action' completed
2025-03-10T17:43:18.300+0800 [DEBUG] [org.gradle.internal.operations.DefaultBuildOperationRunner] Build operation 'Execute container callback action' completed
2025-03-10T17:43:18.300+0800 [DEBUG] [org.gradle.internal.operations.DefaultBuildOperationRunner] Build operation 'Execute container callback action' completed
2025-03-10T17:43:18.300+0800 [DEBUG] [org.gradle.internal.operations.DefaultBuildOperationRunner] Build operation 'Execute container callback action' completed
2025-03-10T17:43:18.300+0800 [DEBUG] [org.gradle.internal.operations.DefaultBuildOperationRunner] Build operation 'Execute container callback action' completed
2025-03-10T17:43:18.300+0800 [DEBUG] [org.gradle.internal.operations.DefaultBuildOperationRunner] Build operation 'Execute container callback action' completed
2025-03-10T17:43:18.300+0800 [DEBUG] [org.gradle.internal.operations.DefaultBuildOperationRunner] Build operation 'Execute container callback action' completed
2025-03-10T17:43:18.300+0800 [DEBUG] [org.gradle.internal.operations.DefaultBuildOperationRunner] Build operation 'Apply plugin org.jetbrains.kotlin.gradle.scripting.internal.ScriptingKotlinGradleSubplugin to root project 'MyApplicationBackend'' completed
2025-03-10T17:43:18.301+0800 [DEBUG] [org.gradle.internal.operations.DefaultBuildOperationRunner] Build operation 'Apply plugin org.jetbrains.kotlin.gradle.scripting.internal.ScriptingGradleSubplugin to root project 'MyApplicationBackend'' completed
2025-03-10T17:43:18.301+0800 [DEBUG] [org.gradle.internal.operations.DefaultBuildOperationRunner] Build operation 'Apply plugin org.jetbrains.kotlin.jvm to root project 'MyApplicationBackend'' completed
2025-03-10T17:43:18.301+0800 [DEBUG] [org.gradle.internal.operations.DefaultBuildOperationRunner] Build operation 'Apply plugin org.jetbrains.kotlin.plugin.serialization to root project 'MyApplicationBackend'' completed
2025-03-10T17:43:18.301+0800 [DEBUG] [org.gradle.internal.operations.DefaultBuildOperationRunner] Build operation 'Register task :distZip' completed
2025-03-10T17:43:18.301+0800 [DEBUG] [org.gradle.internal.operations.DefaultBuildOperationRunner] Build operation 'Register task :distTar' completed
2025-03-10T17:43:18.301+0800 [DEBUG] [org.gradle.internal.operations.DefaultBuildOperationRunner] Build operation 'Register task :installDist' completed
2025-03-10T17:43:18.301+0800 [DEBUG] [org.gradle.internal.operations.DefaultBuildOperationRunner] Build operation 'Register task :assembleDist' completed
2025-03-10T17:43:18.301+0800 [DEBUG] [org.gradle.internal.operations.DefaultBuildOperationRunner] Build operation 'Execute container callback action' completed
2025-03-10T17:43:18.301+0800 [DEBUG] [org.gradle.internal.operations.DefaultBuildOperationRunner] Build operation 'Apply plugin org.gradle.api.distribution.plugins.DistributionPlugin to root project 'MyApplicationBackend'' completed
2025-03-10T17:43:18.301+0800 [DEBUG] [org.gradle.internal.operations.DefaultBuildOperationRunner] Build operation 'Register task :run' completed
2025-03-10T17:43:18.301+0800 [DEBUG] [org.gradle.internal.operations.DefaultBuildOperationRunner] Build operation 'Register task :startScripts' completed
2025-03-10T17:43:18.301+0800 [DEBUG] [org.gradle.internal.operations.DefaultBuildOperationRunner] Build operation 'Apply plugin org.gradle.api.plugins.ApplicationPlugin to root project 'MyApplicationBackend'' completed
2025-03-10T17:43:18.302+0800 [DEBUG] [org.gradle.internal.operations.DefaultBuildOperationRunner] Build operation 'Execute container callback action' completed
2025-03-10T17:43:18.302+0800 [DEBUG] [org.gradle.internal.operations.DefaultBuildOperationRunner] Build operation 'Execute container callback action' completed
2025-03-10T17:43:18.302+0800 [DEBUG] [org.gradle.internal.operations.DefaultBuildOperationRunner] Build operation 'Execute container callback action' completed
2025-03-10T17:43:18.302+0800 [DEBUG] [org.gradle.internal.operations.DefaultBuildOperationRunner] Build operation 'Register task :knows' completed
2025-03-10T17:43:18.302+0800 [DEBUG] [org.gradle.internal.operations.DefaultBuildOperationRunner] Build operation 'Apply plugin com.github.jengelman.gradle.plugins.shadow.ShadowBasePlugin to root project 'MyApplicationBackend'' completed
2025-03-10T17:43:18.303+0800 [DEBUG] [org.gradle.internal.operations.DefaultBuildOperationRunner] Build operation 'Register task :shadowJar' completed
2025-03-10T17:43:18.303+0800 [DEBUG] [org.gradle.internal.operations.DefaultBuildOperationRunner] Build operation 'Execute container callback action' completed
2025-03-10T17:43:18.303+0800 [DEBUG] [org.gradle.internal.operations.DefaultBuildOperationRunner] Build operation 'Execute container callback action' completed
2025-03-10T17:43:18.303+0800 [DEBUG] [org.gradle.internal.operations.DefaultBuildOperationRunner] Build operation 'Execute container callback action' completed
2025-03-10T17:43:18.303+0800 [DEBUG] [org.gradle.internal.operations.DefaultBuildOperationRunner] Build operation 'Execute container callback action' completed
2025-03-10T17:43:18.303+0800 [DEBUG] [org.gradle.internal.operations.DefaultBuildOperationRunner] Build operation 'Execute container callback action' completed
2025-03-10T17:43:18.304+0800 [DEBUG] [org.gradle.internal.operations.DefaultBuildOperationRunner] Build operation 'Apply plugin com.github.jengelman.gradle.plugins.shadow.ShadowJavaPlugin to root project 'MyApplicationBackend'' completed
2025-03-10T17:43:18.304+0800 [DEBUG] [org.gradle.internal.operations.DefaultBuildOperationRunner] Build operation 'Execute container callback action' completed
2025-03-10T17:43:18.304+0800 [DEBUG] [org.gradle.internal.operations.DefaultBuildOperationRunner] Build operation 'Register task :shadowDistZip' completed
2025-03-10T17:43:18.304+0800 [DEBUG] [org.gradle.internal.operations.DefaultBuildOperationRunner] Build operation 'Register task :shadowDistTar' completed
2025-03-10T17:43:18.304+0800 [DEBUG] [org.gradle.internal.operations.DefaultBuildOperationRunner] Build operation 'Register task :installShadowDist' completed
2025-03-10T17:43:18.304+0800 [DEBUG] [org.gradle.internal.operations.DefaultBuildOperationRunner] Build operation 'Register task :assembleShadowDist' completed
2025-03-10T17:43:18.304+0800 [DEBUG] [org.gradle.internal.operations.DefaultBuildOperationRunner] Build operation 'Execute container callback action' completed
2025-03-10T17:43:18.304+0800 [DEBUG] [org.gradle.internal.operations.DefaultBuildOperationRunner] Build operation 'Register task :runShadow' completed
2025-03-10T17:43:18.305+0800 [DEBUG] [org.gradle.internal.operations.DefaultBuildOperationRunner] Build operation 'Register task :startShadowScripts' completed
2025-03-10T17:43:18.305+0800 [DEBUG] [org.gradle.internal.operations.DefaultBuildOperationRunner] Build operation 'Apply plugin com.github.jengelman.gradle.plugins.shadow.ShadowApplicationPlugin to root project 'MyApplicationBackend'' completed
2025-03-10T17:43:18.305+0800 [DEBUG] [org.gradle.internal.operations.DefaultBuildOperationRunner] Build operation 'Execute container callback action' completed
2025-03-10T17:43:18.305+0800 [DEBUG] [org.gradle.internal.operations.DefaultBuildOperationRunner] Build operation 'Apply plugin com.github.jengelman.gradle.plugins.shadow.ShadowPlugin to root project 'MyApplicationBackend'' completed
2025-03-10T17:43:18.306+0800 [DEBUG] [org.gradle.internal.operations.DefaultBuildOperationRunner] Build operation 'Register task :buildFatJar' completed
2025-03-10T17:43:18.306+0800 [DEBUG] [org.gradle.internal.operations.DefaultBuildOperationRunner] Build operation 'Register task :runFatJar' completed
2025-03-10T17:43:18.306+0800 [DEBUG] [org.gradle.internal.operations.DefaultBuildOperationRunner] Build operation 'Register task :jib' completed
2025-03-10T17:43:18.306+0800 [DEBUG] [org.gradle.internal.operations.DefaultBuildOperationRunner] Build operation 'Register task :jibDockerBuild' completed
2025-03-10T17:43:18.306+0800 [DEBUG] [org.gradle.internal.operations.DefaultBuildOperationRunner] Build operation 'Register task :jibBuildTar' completed
2025-03-10T17:43:18.306+0800 [DEBUG] [org.gradle.internal.operations.DefaultBuildOperationRunner] Build operation 'Register task :_jibSkaffoldFilesV2' completed
2025-03-10T17:43:18.306+0800 [DEBUG] [org.gradle.internal.operations.DefaultBuildOperationRunner] Build operation 'Register task :_jibSkaffoldInit' completed
2025-03-10T17:43:18.306+0800 [DEBUG] [org.gradle.internal.operations.DefaultBuildOperationRunner] Build operation 'Register task :_jibSkaffoldSyncMap' completed
2025-03-10T17:43:18.306+0800 [DEBUG] [org.gradle.internal.operations.DefaultBuildOperationRunner] Build operation 'Register task :_skaffoldFailIfJibOutOfDate' completed
2025-03-10T17:43:18.306+0800 [DEBUG] [org.gradle.internal.operations.DefaultBuildOperationRunner] Build operation 'Apply plugin com.google.cloud.tools.jib.gradle.JibPlugin to root project 'MyApplicationBackend'' completed
2025-03-10T17:43:18.306+0800 [DEBUG] [org.gradle.internal.operations.DefaultBuildOperationRunner] Build operation 'Register task :setupJibLocal' completed
2025-03-10T17:43:18.306+0800 [DEBUG] [org.gradle.internal.operations.DefaultBuildOperationRunner] Build operation 'Register task :setupJibExternal' completed
2025-03-10T17:43:18.306+0800 [DEBUG] [org.gradle.internal.operations.DefaultBuildOperationRunner] Build operation 'Register task :runDocker' completed
2025-03-10T17:43:18.306+0800 [DEBUG] [org.gradle.internal.operations.DefaultBuildOperationRunner] Build operation 'Register task :publishImageToLocalRegistry' completed
2025-03-10T17:43:18.306+0800 [DEBUG] [org.gradle.internal.operations.DefaultBuildOperationRunner] Build operation 'Register task :publishImage' completed
2025-03-10T17:43:18.306+0800 [DEBUG] [org.gradle.internal.operations.DefaultBuildOperationRunner] Build operation 'Register task :buildImage' completed
2025-03-10T17:43:18.306+0800 [DEBUG] [org.gradle.internal.operations.DefaultBuildOperationRunner] Build operation 'Apply plugin io.ktor.plugin to root project 'MyApplicationBackend'' completed
2025-03-10T17:43:18.307+0800 [DEBUG] [org.gradle.internal.operations.DefaultBuildOperationRunner] Build operation 'Apply plugin org.gradle.kotlin.dsl.provider.plugins.KotlinScriptRootPlugin to root project 'MyApplicationBackend'' completed
2025-03-10T17:43:18.307+0800 [DEBUG] [org.gradle.internal.operations.DefaultBuildOperationRunner] Build operation 'Register task :kotlinDslAccessorsReport' completed
2025-03-10T17:43:18.307+0800 [DEBUG] [org.gradle.internal.operations.DefaultBuildOperationRunner] Build operation 'Apply plugin org.gradle.kotlin.dsl.provider.plugins.KotlinScriptBasePlugin to root project 'MyApplicationBackend'' completed
2025-03-10T17:43:18.308+0800 [DEBUG] [org.gradle.internal.operations.DefaultBuildOperationRunner] Build operation 'Identifying work' completed
2025-03-10T17:43:18.309+0800 [DEBUG] [org.gradle.internal.operations.DefaultBuildOperationRunner] Build operation 'Apply build file 'build.gradle.kts' to root project 'MyApplicationBackend'' completed
2025-03-10T17:43:18.309+0800 [DEBUG] [org.gradle.configuration.project.BuildScriptProcessor] Timing: Running the build script took 0.11 secs
2025-03-10T17:43:18.309+0800 [DEBUG] [org.gradle.api.Project] [KOTLIN] Loading subplugin kotlin.scripting
2025-03-10T17:43:18.309+0800 [DEBUG] [org.gradle.api.Project] [KOTLIN] Adding 'org.jetbrains.kotlin:kotlin-scripting-compiler-embeddable:2.1.10' to 'kotlinCompilerPluginClasspathMain' configuration
2025-03-10T17:43:18.309+0800 [DEBUG] [org.gradle.api.Project] [KOTLIN] Subplugin kotlin.scripting loaded
2025-03-10T17:43:18.309+0800 [DEBUG] [org.gradle.api.Project] [KOTLIN] Loading subplugin org.jetbrains.kotlinx.serialization
2025-03-10T17:43:18.309+0800 [DEBUG] [org.gradle.api.Project] [KOTLIN] Adding 'org.jetbrains.kotlin:kotlin-serialization-compiler-plugin-embeddable:2.1.10' to 'kotlinCompilerPluginClasspathMain' configuration
2025-03-10T17:43:18.309+0800 [DEBUG] [org.gradle.api.Project] [KOTLIN] Subplugin org.jetbrains.kotlinx.serialization loaded
2025-03-10T17:43:18.309+0800 [DEBUG] [org.gradle.api.Project] [KOTLIN] Loading subplugin kotlin.scripting
2025-03-10T17:43:18.309+0800 [DEBUG] [org.gradle.api.Project] [KOTLIN] Adding 'org.jetbrains.kotlin:kotlin-scripting-compiler-embeddable:2.1.10' to 'kotlinCompilerPluginClasspathTest' configuration
2025-03-10T17:43:18.309+0800 [DEBUG] [org.gradle.api.Project] [KOTLIN] Subplugin kotlin.scripting loaded
2025-03-10T17:43:18.309+0800 [DEBUG] [org.gradle.api.Project] [KOTLIN] Loading subplugin org.jetbrains.kotlinx.serialization
2025-03-10T17:43:18.309+0800 [DEBUG] [org.gradle.api.Project] [KOTLIN] Adding 'org.jetbrains.kotlin:kotlin-serialization-compiler-plugin-embeddable:2.1.10' to 'kotlinCompilerPluginClasspathTest' configuration
2025-03-10T17:43:18.309+0800 [DEBUG] [org.gradle.api.Project] [KOTLIN] Subplugin org.jetbrains.kotlinx.serialization loaded
2025-03-10T17:43:18.310+0800 [DEBUG] [org.gradle.internal.operations.DefaultBuildOperationRunner] Build operation 'Execute container callback action' completed
2025-03-10T17:43:18.310+0800 [DEBUG] [org.gradle.internal.operations.DefaultBuildOperationRunner] Build operation 'Execute container callback action' completed
2025-03-10T17:43:18.310+0800 [DEBUG] [org.gradle.internal.operations.DefaultBuildOperationRunner] Build operation 'Execute Project.afterEvaluate listener' completed
2025-03-10T17:43:18.310+0800 [DEBUG] [org.gradle.internal.operations.DefaultBuildOperationRunner] Build operation 'Execute Project.afterEvaluate listener' completed
2025-03-10T17:43:18.310+0800 [DEBUG] [org.gradle.internal.operations.DefaultBuildOperationRunner] Build operation 'Execute Project.afterEvaluate listener' completed
2025-03-10T17:43:18.310+0800 [DEBUG] [org.gradle.internal.operations.DefaultBuildOperationRunner] Build operation 'Execute Project.afterEvaluate listener' completed
2025-03-10T17:43:18.310+0800 [DEBUG] [org.gradle.internal.operations.DefaultBuildOperationRunner] Build operation 'Execute Project.afterEvaluate listener' completed
2025-03-10T17:43:18.310+0800 [DEBUG] [org.gradle.internal.operations.DefaultBuildOperationRunner] Build operation 'Execute Project.afterEvaluate listener' completed
2025-03-10T17:43:18.310+0800 [DEBUG] [org.gradle.internal.operations.DefaultBuildOperationRunner] Build operation 'Execute Project.afterEvaluate listener' completed
2025-03-10T17:43:18.310+0800 [DEBUG] [org.gradle.internal.operations.DefaultBuildOperationRunner] Build operation 'Execute Project.afterEvaluate listener' completed
2025-03-10T17:43:18.310+0800 [DEBUG] [org.gradle.internal.operations.DefaultBuildOperationRunner] Build operation 'Execute Project.afterEvaluate listener' completed
2025-03-10T17:43:18.310+0800 [DEBUG] [org.gradle.internal.operations.DefaultBuildOperationRunner] Build operation 'Execute Project.afterEvaluate listener' completed
2025-03-10T17:43:18.311+0800 [DEBUG] [org.gradle.internal.operations.DefaultBuildOperationRunner] Build operation 'Execute container callback action' completed
2025-03-10T17:43:18.311+0800 [DEBUG] [org.gradle.internal.operations.DefaultBuildOperationRunner] Build operation 'Execute container callback action' completed
2025-03-10T17:43:18.311+0800 [DEBUG] [org.gradle.internal.operations.DefaultBuildOperationRunner] Build operation 'Execute container callback action' completed
2025-03-10T17:43:18.311+0800 [DEBUG] [org.gradle.internal.operations.DefaultBuildOperationRunner] Build operation 'Execute container callback action' completed
2025-03-10T17:43:18.311+0800 [DEBUG] [org.gradle.internal.operations.DefaultBuildOperationRunner] Build operation 'Execute container callback action' completed
2025-03-10T17:43:18.311+0800 [DEBUG] [org.gradle.internal.operations.DefaultBuildOperationRunner] Build operation 'Execute container callback action' completed
2025-03-10T17:43:18.311+0800 [DEBUG] [org.gradle.internal.operations.DefaultBuildOperationRunner] Build operation 'Execute container callback action' completed
2025-03-10T17:43:18.311+0800 [DEBUG] [org.gradle.internal.operations.DefaultBuildOperationRunner] Build operation 'Execute container callback action' completed
2025-03-10T17:43:18.311+0800 [DEBUG] [org.gradle.internal.operations.DefaultBuildOperationRunner] Build operation 'Execute container callback action' completed
2025-03-10T17:43:18.311+0800 [DEBUG] [org.gradle.internal.operations.DefaultBuildOperationRunner] Build operation 'Execute container callback action' completed
2025-03-10T17:43:18.311+0800 [DEBUG] [org.gradle.internal.operations.DefaultBuildOperationRunner] Build operation 'Execute Project.afterEvaluate listener' completed
2025-03-10T17:43:18.312+0800 [DEBUG] [org.gradle.internal.operations.DefaultBuildOperationRunner] Build operation 'Execute Project.afterEvaluate listener' completed
2025-03-10T17:43:18.312+0800 [DEBUG] [org.gradle.internal.operations.DefaultBuildOperationRunner] Build operation 'Notify afterEvaluate listeners of :' completed
2025-03-10T17:43:18.312+0800 [DEBUG] [org.gradle.internal.resources.AbstractTrackedResourceLock] Daemon worker Thread 9: released lock on state of build :
2025-03-10T17:43:18.312+0800 [DEBUG] [org.gradle.internal.operations.DefaultBuildOperationRunner] Completing Build operation 'Configure project :'
2025-03-10T17:43:18.312+0800 [DEBUG] [org.gradle.internal.operations.DefaultBuildOperationRunner] Build operation 'Configure project :' completed
2025-03-10T17:43:18.312+0800 [DEBUG] [org.gradle.internal.operations.DefaultBuildOperationRunner] Build operation 'Notify projectsEvaluated listeners' started
2025-03-10T17:43:18.312+0800 [INFO] [org.gradle.internal.buildevents.BuildLogger] All projects evaluated.
2025-03-10T17:43:18.312+0800 [DEBUG] [org.gradle.internal.operations.DefaultBuildOperationRunner] Build operation 'Execute Gradle.projectsEvaluated listener' started
2025-03-10T17:43:18.312+0800 [DEBUG] [org.gradle.internal.operations.DefaultBuildOperationRunner] Completing Build operation 'Execute Gradle.projectsEvaluated listener'
2025-03-10T17:43:18.312+0800 [DEBUG] [org.gradle.internal.operations.DefaultBuildOperationRunner] Build operation 'Execute Gradle.projectsEvaluated listener' completed
2025-03-10T17:43:18.312+0800 [DEBUG] [org.gradle.internal.operations.DefaultBuildOperationRunner] Build operation 'Execute Gradle.projectsEvaluated listener' started
2025-03-10T17:43:18.312+0800 [DEBUG] [org.gradle.internal.operations.DefaultBuildOperationRunner] Completing Build operation 'Execute Gradle.projectsEvaluated listener'
2025-03-10T17:43:18.312+0800 [DEBUG] [org.gradle.internal.operations.DefaultBuildOperationRunner] Build operation 'Execute Gradle.projectsEvaluated listener' completed
2025-03-10T17:43:18.312+0800 [DEBUG] [org.gradle.internal.operations.DefaultBuildOperationRunner] Completing Build operation 'Notify projectsEvaluated listeners'
2025-03-10T17:43:18.312+0800 [DEBUG] [org.gradle.internal.operations.DefaultBuildOperationRunner] Build operation 'Notify projectsEvaluated listeners' completed
2025-03-10T17:43:18.312+0800 [DEBUG] [org.gradle.internal.operations.DefaultBuildOperationRunner] Completing Build operation 'Configure build'
2025-03-10T17:43:18.312+0800 [DEBUG] [org.gradle.internal.operations.DefaultBuildOperationRunner] Build operation 'Configure build' completed
2025-03-10T17:43:18.312+0800 [DEBUG] [org.gradle.internal.operations.DefaultBuildOperationRunner] Build operation 'Calculate build tree task graph' started
2025-03-10T17:43:18.312+0800 [DEBUG] [org.gradle.internal.operations.DefaultBuildOperationRunner] Build operation 'Calculate task graph' started
2025-03-10T17:43:18.312+0800 [DEBUG] [org.gradle.internal.resources.AbstractTrackedResourceLock] Daemon worker Thread 9: acquired lock on All projects of :
2025-03-10T17:43:18.312+0800 [DEBUG] [org.gradle.internal.operations.DefaultBuildOperationRunner] Build operation 'Realize task :compileKotlin' started
2025-03-10T17:43:18.312+0800 [DEBUG] [org.gradle.api.Task] [KOTLIN] Set task ':compileKotlin'.incremental=true
2025-03-10T17:43:18.312+0800 [DEBUG] [org.gradle.internal.operations.DefaultBuildOperationRunner] Build operation 'Execute container callback action' started
2025-03-10T17:43:18.312+0800 [DEBUG] [org.gradle.internal.operations.DefaultBuildOperationRunner] Completing Build operation 'Execute container callback action'
2025-03-10T17:43:18.313+0800 [DEBUG] [org.gradle.internal.operations.DefaultBuildOperationRunner] Build operation 'Execute container callback action' completed
2025-03-10T17:43:18.313+0800 [DEBUG] [org.gradle.internal.operations.DefaultBuildOperationRunner] Build operation 'Execute container callback action' started
2025-03-10T17:43:18.313+0800 [DEBUG] [org.gradle.internal.operations.DefaultBuildOperationRunner] Completing Build operation 'Execute container callback action'
2025-03-10T17:43:18.313+0800 [DEBUG] [org.gradle.internal.operations.DefaultBuildOperationRunner] Build operation 'Execute container callback action' completed
2025-03-10T17:43:18.313+0800 [DEBUG] [org.gradle.internal.operations.DefaultBuildOperationRunner] Build operation 'Execute container callback action' started
2025-03-10T17:43:18.313+0800 [DEBUG] [org.gradle.internal.operations.DefaultBuildOperationRunner] Completing Build operation 'Execute container callback action'
2025-03-10T17:43:18.313+0800 [DEBUG] [org.gradle.internal.operations.DefaultBuildOperationRunner] Build operation 'Execute container callback action' completed
2025-03-10T17:43:18.313+0800 [DEBUG] [org.gradle.internal.operations.DefaultBuildOperationRunner] Build operation 'Execute container callback action' started
2025-03-10T17:43:18.313+0800 [DEBUG] [org.gradle.internal.operations.DefaultBuildOperationRunner] Completing Build operation 'Execute container callback action'
2025-03-10T17:43:18.313+0800 [DEBUG] [org.gradle.internal.operations.DefaultBuildOperationRunner] Build operation 'Execute container callback action' completed
2025-03-10T17:43:18.313+0800 [DEBUG] [org.gradle.internal.operations.DefaultBuildOperationRunner] Build operation 'Execute container callback action' started
2025-03-10T17:43:18.313+0800 [DEBUG] [org.gradle.internal.operations.DefaultBuildOperationRunner] Completing Build operation 'Execute container callback action'
2025-03-10T17:43:18.313+0800 [DEBUG] [org.gradle.internal.operations.DefaultBuildOperationRunner] Build operation 'Execute container callback action' completed
2025-03-10T17:43:18.313+0800 [DEBUG] [org.gradle.internal.operations.DefaultBuildOperationRunner] Build operation 'Execute container callback action' started
2025-03-10T17:43:18.313+0800 [DEBUG] [org.gradle.internal.operations.DefaultBuildOperationRunner] Completing Build operation 'Execute container callback action'
2025-03-10T17:43:18.313+0800 [DEBUG] [org.gradle.internal.operations.DefaultBuildOperationRunner] Build operation 'Execute container callback action' completed
2025-03-10T17:43:18.313+0800 [DEBUG] [org.gradle.internal.operations.DefaultBuildOperationRunner] Build operation 'Execute container callback action' started
2025-03-10T17:43:18.313+0800 [DEBUG] [org.gradle.internal.operations.DefaultBuildOperationRunner] Completing Build operation 'Execute container callback action'
2025-03-10T17:43:18.313+0800 [DEBUG] [org.gradle.internal.operations.DefaultBuildOperationRunner] Build operation 'Execute container callback action' completed
2025-03-10T17:43:18.313+0800 [DEBUG] [org.gradle.internal.operations.DefaultBuildOperationRunner] Build operation 'Execute container callback action' started
2025-03-10T17:43:18.313+0800 [DEBUG] [org.gradle.internal.operations.DefaultBuildOperationRunner] Completing Build operation 'Execute container callback action'
2025-03-10T17:43:18.313+0800 [DEBUG] [org.gradle.internal.operations.DefaultBuildOperationRunner] Build operation 'Execute container callback action' completed
2025-03-10T17:43:18.313+0800 [DEBUG] [org.gradle.internal.operations.DefaultBuildOperationRunner] Build operation 'Execute container callback action' started
2025-03-10T17:43:18.313+0800 [DEBUG] [org.gradle.internal.operations.DefaultBuildOperationRunner] Completing Build operation 'Execute container callback action'
2025-03-10T17:43:18.313+0800 [DEBUG] [org.gradle.internal.operations.DefaultBuildOperationRunner] Build operation 'Execute container callback action' completed
2025-03-10T17:43:18.313+0800 [DEBUG] [org.gradle.internal.operations.DefaultBuildOperationRunner] Build operation 'Execute container callback action' started
2025-03-10T17:43:18.313+0800 [DEBUG] [org.gradle.internal.operations.DefaultBuildOperationRunner] Completing Build operation 'Execute container callback action'
2025-03-10T17:43:18.313+0800 [DEBUG] [org.gradle.internal.operations.DefaultBuildOperationRunner] Build operation 'Execute container callback action' completed
2025-03-10T17:43:18.313+0800 [DEBUG] [org.gradle.internal.operations.DefaultBuildOperationRunner] Build operation 'Execute container callback action' started
2025-03-10T17:43:18.313+0800 [DEBUG] [org.gradle.api.Task] [KOTLIN] Set task ':compileKotlin'.incremental=false
2025-03-10T17:43:18.313+0800 [DEBUG] [org.gradle.internal.operations.DefaultBuildOperationRunner] Completing Build operation 'Execute container callback action'
2025-03-10T17:43:18.313+0800 [DEBUG] [org.gradle.internal.operations.DefaultBuildOperationRunner] Build operation 'Execute container callback action' completed
2025-03-10T17:43:18.313+0800 [DEBUG] [org.gradle.internal.operations.DefaultBuildOperationRunner] Build operation 'Execute container callback action' started
2025-03-10T17:43:18.313+0800 [DEBUG] [org.gradle.internal.operations.DefaultBuildOperationRunner] Completing Build operation 'Execute container callback action'
2025-03-10T17:43:18.313+0800 [DEBUG] [org.gradle.internal.operations.DefaultBuildOperationRunner] Build operation 'Execute container callback action' completed
2025-03-10T17:43:18.313+0800 [DEBUG] [org.gradle.internal.operations.DefaultBuildOperationRunner] Build operation 'Execute container callback action' started
2025-03-10T17:43:18.313+0800 [DEBUG] [org.gradle.internal.operations.DefaultBuildOperationRunner] Completing Build operation 'Execute container callback action'
2025-03-10T17:43:18.313+0800 [DEBUG] [org.gradle.internal.operations.DefaultBuildOperationRunner] Build operation 'Execute container callback action' completed
2025-03-10T17:43:18.313+0800 [DEBUG] [org.gradle.internal.operations.DefaultBuildOperationRunner] Build operation 'Execute container callback action' started
2025-03-10T17:43:18.313+0800 [DEBUG] [org.gradle.api.Task] [KOTLIN] Set task ':compileKotlin'.incremental=true
2025-03-10T17:43:18.313+0800 [DEBUG] [org.gradle.api.Task] [KOTLIN] Set task ':compileKotlin'.usePreciseJavaTracking=true
2025-03-10T17:43:18.313+0800 [DEBUG] [org.gradle.internal.operations.DefaultBuildOperationRunner] Completing Build operation 'Execute container callback action'
2025-03-10T17:43:18.313+0800 [DEBUG] [org.gradle.internal.operations.DefaultBuildOperationRunner] Build operation 'Execute container callback action' completed
2025-03-10T17:43:18.313+0800 [DEBUG] [org.gradle.internal.operations.DefaultBuildOperationRunner] Build operation 'Execute container callback action' started
2025-03-10T17:43:18.313+0800 [DEBUG] [org.gradle.internal.operations.DefaultBuildOperationRunner] Completing Build operation 'Execute container callback action'
2025-03-10T17:43:18.313+0800 [DEBUG] [org.gradle.internal.operations.DefaultBuildOperationRunner] Build operation 'Execute container callback action' completed
2025-03-10T17:43:18.313+0800 [DEBUG] [org.gradle.internal.operations.DefaultBuildOperationRunner] Build operation 'Execute container callback action' started
2025-03-10T17:43:18.313+0800 [DEBUG] [org.gradle.internal.operations.DefaultBuildOperationRunner] Completing Build operation 'Execute container callback action'
2025-03-10T17:43:18.313+0800 [DEBUG] [org.gradle.internal.operations.DefaultBuildOperationRunner] Build operation 'Execute container callback action' completed
2025-03-10T17:43:18.313+0800 [DEBUG] [org.gradle.internal.operations.DefaultBuildOperationRunner] Build operation 'Execute container callback action' started
2025-03-10T17:43:18.313+0800 [DEBUG] [org.gradle.internal.operations.DefaultBuildOperationRunner] Completing Build operation 'Execute container callback action'
2025-03-10T17:43:18.313+0800 [DEBUG] [org.gradle.internal.operations.DefaultBuildOperationRunner] Build operation 'Execute container callback action' completed
2025-03-10T17:43:18.313+0800 [DEBUG] [org.gradle.internal.operations.DefaultBuildOperationRunner] Build operation 'Execute container callback action' started
2025-03-10T17:43:18.313+0800 [DEBUG] [org.gradle.internal.operations.DefaultBuildOperationRunner] Completing Build operation 'Execute container callback action'
2025-03-10T17:43:18.313+0800 [DEBUG] [org.gradle.internal.operations.DefaultBuildOperationRunner] Build operation 'Execute container callback action' completed
2025-03-10T17:43:18.313+0800 [DEBUG] [org.gradle.internal.operations.DefaultBuildOperationRunner] Build operation 'Execute container callback action' started
2025-03-10T17:43:18.313+0800 [DEBUG] [org.gradle.internal.operations.DefaultBuildOperationRunner] Completing Build operation 'Execute container callback action'
2025-03-10T17:43:18.313+0800 [DEBUG] [org.gradle.internal.operations.DefaultBuildOperationRunner] Build operation 'Execute container callback action' completed
2025-03-10T17:43:18.313+0800 [DEBUG] [org.gradle.internal.operations.DefaultBuildOperationRunner] Build operation 'Execute container callback action' started
2025-03-10T17:43:18.313+0800 [DEBUG] [org.gradle.internal.operations.DefaultBuildOperationRunner] Completing Build operation 'Execute container callback action'
2025-03-10T17:43:18.313+0800 [DEBUG] [org.gradle.internal.operations.DefaultBuildOperationRunner] Build operation 'Execute container callback action' completed
2025-03-10T17:43:18.313+0800 [DEBUG] [org.gradle.internal.operations.DefaultBuildOperationRunner] Build operation 'Execute container callback action' started
2025-03-10T17:43:18.313+0800 [DEBUG] [org.gradle.internal.operations.DefaultBuildOperationRunner] Completing Build operation 'Execute container callback action'
2025-03-10T17:43:18.313+0800 [DEBUG] [org.gradle.internal.operations.DefaultBuildOperationRunner] Build operation 'Execute container callback action' completed
2025-03-10T17:43:18.314+0800 [DEBUG] [org.gradle.internal.operations.DefaultBuildOperationRunner] Build operation 'Execute container callback action' started
2025-03-10T17:43:18.314+0800 [DEBUG] [org.gradle.internal.operations.DefaultBuildOperationRunner] Completing Build operation 'Execute container callback action'
2025-03-10T17:43:18.314+0800 [DEBUG] [org.gradle.internal.operations.DefaultBuildOperationRunner] Build operation 'Execute container callback action' completed
2025-03-10T17:43:18.314+0800 [DEBUG] [org.gradle.internal.operations.DefaultBuildOperationRunner] Build operation 'Execute container callback action' started
2025-03-10T17:43:18.314+0800 [DEBUG] [org.gradle.internal.operations.DefaultBuildOperationRunner] Completing Build operation 'Execute container callback action'
2025-03-10T17:43:18.314+0800 [DEBUG] [org.gradle.internal.operations.DefaultBuildOperationRunner] Build operation 'Execute container callback action' completed
2025-03-10T17:43:18.314+0800 [DEBUG] [org.gradle.internal.operations.DefaultBuildOperationRunner] Build operation 'Execute container callback action' started
2025-03-10T17:43:18.314+0800 [DEBUG] [org.gradle.internal.operations.DefaultBuildOperationRunner] Completing Build operation 'Execute container callback action'
2025-03-10T17:43:18.314+0800 [DEBUG] [org.gradle.internal.operations.DefaultBuildOperationRunner] Build operation 'Execute container callback action' completed
2025-03-10T17:43:18.314+0800 [DEBUG] [org.gradle.internal.operations.DefaultBuildOperationRunner] Build operation 'Execute container callback action' started
2025-03-10T17:43:18.314+0800 [DEBUG] [org.gradle.internal.operations.DefaultBuildOperationRunner] Completing Build operation 'Execute container callback action'
2025-03-10T17:43:18.314+0800 [DEBUG] [org.gradle.internal.operations.DefaultBuildOperationRunner] Build operation 'Execute container callback action' completed
2025-03-10T17:43:18.314+0800 [DEBUG] [org.gradle.internal.operations.DefaultBuildOperationRunner] Completing Build operation 'Realize task :compileKotlin'
2025-03-10T17:43:18.314+0800 [DEBUG] [org.gradle.internal.operations.DefaultBuildOperationRunner] Build operation 'Realize task :compileKotlin' completed
2025-03-10T17:43:18.314+0800 [INFO] [org.gradle.execution.DefaultTaskSelector] Task name matched 'compileKotlin'
2025-03-10T17:43:18.314+0800 [INFO] [org.gradle.execution.TaskNameResolvingBuildTaskScheduler] Selected primary task 'compileKotlin' from project :
2025-03-10T17:43:18.314+0800 [DEBUG] [org.gradle.internal.operations.DefaultBuildOperationRunner] Build operation 'Realize task :checkKotlinGradlePluginConfigurationErrors' started
2025-03-10T17:43:18.314+0800 [DEBUG] [org.gradle.internal.operations.DefaultBuildOperationRunner] Build operation 'Execute container callback action' started
2025-03-10T17:43:18.314+0800 [DEBUG] [org.gradle.internal.operations.DefaultBuildOperationRunner] Completing Build operation 'Execute container callback action'
2025-03-10T17:43:18.314+0800 [DEBUG] [org.gradle.internal.operations.DefaultBuildOperationRunner] Build operation 'Execute container callback action' completed
2025-03-10T17:43:18.314+0800 [DEBUG] [org.gradle.internal.operations.DefaultBuildOperationRunner] Completing Build operation 'Realize task :checkKotlinGradlePluginConfigurationErrors'
2025-03-10T17:43:18.314+0800 [DEBUG] [org.gradle.internal.operations.DefaultBuildOperationRunner] Build operation 'Realize task :checkKotlinGradlePluginConfigurationErrors' completed
2025-03-10T17:43:18.314+0800 [DEBUG] [org.gradle.api.internal.artifacts.ivyservice.resolveengine.graph.builder.DependencyGraphBuilder] Visiting configuration org.example:MyApplicationBackend:1.0-SNAPSHOT(kotlinCompilerPluginClasspathMain).
2025-03-10T17:43:18.314+0800 [DEBUG] [org.gradle.api.internal.artifacts.ivyservice.resolveengine.graph.builder.NodeState] dependency: org.jetbrains.kotlin:kotlin-scripting-compiler-embeddable:2.1.10 to-conf: null is filtered.
2025-03-10T17:43:18.314+0800 [DEBUG] [org.gradle.api.internal.artifacts.ivyservice.resolveengine.graph.builder.NodeState] dependency: org.jetbrains.kotlin:kotlin-serialization-compiler-plugin-embeddable:2.1.10 to-conf: null is filtered.
2025-03-10T17:43:18.315+0800 [DEBUG] [org.gradle.internal.operations.DefaultBuildOperationRunner] Build operation 'Toolchain detection' started
2025-03-10T17:43:18.315+0800 [DEBUG] [org.gradle.internal.jvm.inspection.JavaInstallationRegistry] Discovering toolchains provided via SDKMAN!
2025-03-10T17:43:18.315+0800 [DEBUG] [org.gradle.internal.jvm.inspection.JavaInstallationRegistry] Discovering toolchains provided via Auto-provisioned by Gradle
2025-03-10T17:43:18.315+0800 [DEBUG] [org.gradle.internal.jvm.inspection.JavaInstallationRegistry] Discovering toolchains provided via Common Linux Locations
2025-03-10T17:43:18.315+0800 [DEBUG] [org.gradle.internal.jvm.inspection.JavaInstallationRegistry] Discovering toolchains provided via Gradle property 'org.gradle.java.installations.paths'
2025-03-10T17:43:18.315+0800 [DEBUG] [org.gradle.internal.jvm.inspection.JavaInstallationRegistry] Discovering toolchains provided via Maven Toolchains
2025-03-10T17:43:18.315+0800 [DEBUG] [org.gradle.internal.jvm.inspection.JavaInstallationRegistry] Discovering toolchains provided via environment variables from gradle property 'org.gradle.java.installations.fromEnv'
2025-03-10T17:43:18.315+0800 [DEBUG] [org.gradle.internal.jvm.inspection.JavaInstallationRegistry] Discovering toolchains provided via IntelliJ
2025-03-10T17:43:18.315+0800 [DEBUG] [org.gradle.internal.jvm.inspection.JavaInstallationRegistry] Discovering toolchains provided via MacOS java_home
2025-03-10T17:43:18.315+0800 [DEBUG] [org.gradle.internal.jvm.inspection.JavaInstallationRegistry] Discovering toolchains provided via Windows Registry
2025-03-10T17:43:18.315+0800 [DEBUG] [org.gradle.internal.jvm.inspection.JavaInstallationRegistry] Discovering toolchains provided via asdf-vm
2025-03-10T17:43:18.315+0800 [DEBUG] [org.gradle.internal.jvm.inspection.JavaInstallationRegistry] Discovering toolchains provided via Current JVM
2025-03-10T17:43:18.315+0800 [DEBUG] [org.gradle.internal.jvm.inspection.JavaInstallationRegistry] Discovering toolchains provided via Jabba
2025-03-10T17:43:18.315+0800 [INFO] [org.gradle.process.internal.DefaultExecHandle] Starting process 'command '/usr/libexec/java_home''. Working directory: /Users/sam/.gradle/daemon/8.10 Command: /usr/libexec/java_home -V
2025-03-10T17:43:18.315+0800 [DEBUG] [org.gradle.process.internal.DefaultExecHandle] Changing state to: STARTING
2025-03-10T17:43:18.315+0800 [DEBUG] [org.gradle.process.internal.DefaultExecHandle] Waiting until process started: command '/usr/libexec/java_home'.
2025-03-10T17:43:18.317+0800 [DEBUG] [org.gradle.process.internal.DefaultExecHandle] Changing state to: STARTED
2025-03-10T17:43:18.317+0800 [DEBUG] [org.gradle.process.internal.ExecHandleRunner] waiting until streams are handled...
2025-03-10T17:43:18.317+0800 [INFO] [org.gradle.process.internal.DefaultExecHandle] Successfully started process 'command '/usr/libexec/java_home''
2025-03-10T17:43:18.323+0800 [DEBUG] [org.gradle.process.internal.DefaultExecHandle] Changing state to: SUCCEEDED
2025-03-10T17:43:18.323+0800 [DEBUG] [org.gradle.process.internal.DefaultExecHandle] Process 'command '/usr/libexec/java_home'' finished with exit value 0 (state: SUCCEEDED)
2025-03-10T17:43:18.323+0800 [DEBUG] [org.gradle.internal.operations.DefaultBuildOperationRunner] Completing Build operation 'Toolchain detection'
2025-03-10T17:43:18.323+0800 [DEBUG] [org.gradle.internal.operations.DefaultBuildOperationRunner] Build operation 'Toolchain detection' completed
2025-03-10T17:43:18.324+0800 [DEBUG] [org.gradle.api.internal.artifacts.ivyservice.resolveengine.graph.builder.DependencyGraphBuilder] Visiting configuration org.example:MyApplicationBackend:1.0-SNAPSHOT(kotlinCompilerClasspath).
2025-03-10T17:43:18.324+0800 [DEBUG] [org.gradle.api.internal.artifacts.ivyservice.resolveengine.graph.builder.NodeState] dependency: org.jetbrains.kotlin:kotlin-compiler-embeddable:2.1.10 to-conf: null is filtered.
2025-03-10T17:43:18.324+0800 [DEBUG] [org.gradle.api.internal.artifacts.ivyservice.resolveengine.graph.builder.DependencyGraphBuilder] Visiting configuration org.example:1.0-SNAPSHOT-detachedConfiguration1:1.0-SNAPSHOT(detachedConfiguration1).
2025-03-10T17:43:18.325+0800 [DEBUG] [org.gradle.internal.operations.DefaultBuildOperationRunner] Build operation 'Realize task :compileJava' started
2025-03-10T17:43:18.325+0800 [DEBUG] [org.gradle.internal.operations.DefaultBuildOperationRunner] Build operation 'Execute container callback action' started
2025-03-10T17:43:18.325+0800 [DEBUG] [org.gradle.internal.operations.DefaultBuildOperationRunner] Completing Build operation 'Execute container callback action'
2025-03-10T17:43:18.325+0800 [DEBUG] [org.gradle.internal.operations.DefaultBuildOperationRunner] Build operation 'Execute container callback action' completed
2025-03-10T17:43:18.325+0800 [DEBUG] [org.gradle.internal.operations.DefaultBuildOperationRunner] Build operation 'Execute container callback action' started
2025-03-10T17:43:18.325+0800 [DEBUG] [org.gradle.internal.operations.DefaultBuildOperationRunner] Completing Build operation 'Execute container callback action'
2025-03-10T17:43:18.325+0800 [DEBUG] [org.gradle.internal.operations.DefaultBuildOperationRunner] Build operation 'Execute container callback action' completed
2025-03-10T17:43:18.325+0800 [DEBUG] [org.gradle.internal.operations.DefaultBuildOperationRunner] Build operation 'Execute container callback action' started
2025-03-10T17:43:18.325+0800 [DEBUG] [org.gradle.internal.operations.DefaultBuildOperationRunner] Completing Build operation 'Execute container callback action'
2025-03-10T17:43:18.325+0800 [DEBUG] [org.gradle.internal.operations.DefaultBuildOperationRunner] Build operation 'Execute container callback action' completed
2025-03-10T17:43:18.325+0800 [DEBUG] [org.gradle.internal.operations.DefaultBuildOperationRunner] Build operation 'Execute container callback action' started
2025-03-10T17:43:18.325+0800 [DEBUG] [org.gradle.internal.operations.DefaultBuildOperationRunner] Completing Build operation 'Execute container callback action'
2025-03-10T17:43:18.325+0800 [DEBUG] [org.gradle.internal.operations.DefaultBuildOperationRunner] Build operation 'Execute container callback action' completed
2025-03-10T17:43:18.325+0800 [DEBUG] [org.gradle.internal.operations.DefaultBuildOperationRunner] Build operation 'Execute container callback action' started
2025-03-10T17:43:18.325+0800 [DEBUG] [org.gradle.internal.operations.DefaultBuildOperationRunner] Completing Build operation 'Execute container callback action'
2025-03-10T17:43:18.325+0800 [DEBUG] [org.gradle.internal.operations.DefaultBuildOperationRunner] Build operation 'Execute container callback action' completed
2025-03-10T17:43:18.325+0800 [DEBUG] [org.gradle.internal.operations.DefaultBuildOperationRunner] Completing Build operation 'Realize task :compileJava'
2025-03-10T17:43:18.325+0800 [DEBUG] [org.gradle.internal.operations.DefaultBuildOperationRunner] Build operation 'Realize task :compileJava' completed
2025-03-10T17:43:18.326+0800 [DEBUG] [org.gradle.api.internal.artifacts.ivyservice.resolveengine.graph.builder.DependencyGraphBuilder] Visiting configuration org.example:MyApplicationBackend:1.0-SNAPSHOT(compileClasspath).
2025-03-10T17:43:18.326+0800 [DEBUG] [org.gradle.api.internal.artifacts.ivyservice.resolveengine.graph.builder.NodeState] dependency: org.jetbrains.kotlin:kotlin-stdlib:2.1.10 to-conf: null is filtered.
2025-03-10T17:43:18.326+0800 [DEBUG] [org.gradle.api.internal.artifacts.ivyservice.resolveengine.graph.builder.NodeState] dependency: io.ktor:ktor-bom:2.3.6 to-conf: null is filtered.
2025-03-10T17:43:18.326+0800 [DEBUG] [org.gradle.api.internal.artifacts.ivyservice.resolveengine.graph.builder.NodeState] dependency: io.ktor:ktor-server-core:2.3.6 to-conf: null is filtered.
2025-03-10T17:43:18.326+0800 [DEBUG] [org.gradle.api.internal.artifacts.ivyservice.resolveengine.graph.builder.NodeState] dependency: io.ktor:ktor-server-netty:2.3.6 to-conf: null is filtered.
2025-03-10T17:43:18.326+0800 [DEBUG] [org.gradle.api.internal.artifacts.ivyservice.resolveengine.graph.builder.NodeState] dependency: io.ktor:ktor-server-websockets:2.3.6 to-conf: null is filtered.
2025-03-10T17:43:18.326+0800 [DEBUG] [org.gradle.api.internal.artifacts.ivyservice.resolveengine.graph.builder.NodeState] dependency: io.ktor:ktor-server-content-negotiation:2.3.6 to-conf: null is filtered.
2025-03-10T17:43:18.326+0800 [DEBUG] [org.gradle.api.internal.artifacts.ivyservice.resolveengine.graph.builder.NodeState] dependency: io.ktor:ktor-serialization-kotlinx-json:2.3.6 to-conf: null is filtered.
2025-03-10T17:43:18.326+0800 [DEBUG] [org.gradle.api.internal.artifacts.ivyservice.resolveengine.graph.builder.NodeState] dependency: io.ktor:ktor-server-cors:2.3.6 to-conf: null is filtered.
2025-03-10T17:43:18.326+0800 [DEBUG] [org.gradle.api.internal.artifacts.ivyservice.resolveengine.graph.builder.NodeState] dependency: io.ktor:ktor-server-auth:2.3.6 to-conf: null is filtered.
2025-03-10T17:43:18.326+0800 [DEBUG] [org.gradle.api.internal.artifacts.ivyservice.resolveengine.graph.builder.NodeState] dependency: org.eclipse.paho:org.eclipse.paho.client.mqttv3:1.2.5 to-conf: null is filtered.
2025-03-10T17:43:18.326+0800 [DEBUG] [org.gradle.api.internal.artifacts.ivyservice.resolveengine.graph.builder.NodeState] dependency: org.jetbrains.exposed:exposed-core:0.41.1 to-conf: null is filtered.
2025-03-10T17:43:18.326+0800 [DEBUG] [org.gradle.api.internal.artifacts.ivyservice.resolveengine.graph.builder.NodeState] dependency: org.jetbrains.exposed:exposed-dao:0.41.1 to-conf: null is filtered.
2025-03-10T17:43:18.326+0800 [DEBUG] [org.gradle.api.internal.artifacts.ivyservice.resolveengine.graph.builder.NodeState] dependency: org.jetbrains.exposed:exposed-jdbc:0.41.1 to-conf: null is filtered.
2025-03-10T17:43:18.326+0800 [DEBUG] [org.gradle.api.internal.artifacts.ivyservice.resolveengine.graph.builder.NodeState] dependency: org.jetbrains.exposed:exposed-java-time:0.41.1 to-conf: null is filtered.
2025-03-10T17:43:18.326+0800 [DEBUG] [org.gradle.api.internal.artifacts.ivyservice.resolveengine.graph.builder.NodeState] dependency: org.postgresql:postgresql:42.5.4 to-conf: null is filtered.
2025-03-10T17:43:18.326+0800 [DEBUG] [org.gradle.api.internal.artifacts.ivyservice.resolveengine.graph.builder.NodeState] dependency: com.zaxxer:HikariCP:5.0.1 to-conf: null is filtered.
2025-03-10T17:43:18.326+0800 [DEBUG] [org.gradle.api.internal.artifacts.ivyservice.resolveengine.graph.builder.NodeState] dependency: ch.qos.logback:logback-classic:1.4.11 to-conf: null is filtered.
2025-03-10T17:43:18.326+0800 [DEBUG] [org.gradle.internal.resources.AbstractTrackedResourceLock] Daemon worker Thread 9: released lock on All projects of :
2025-03-10T17:43:18.326+0800 [DEBUG] [org.gradle.internal.operations.DefaultBuildOperationRunner] Completing Build operation 'Calculate task graph'
2025-03-10T17:43:18.326+0800 [DEBUG] [org.gradle.internal.operations.DefaultBuildOperationRunner] Build operation 'Calculate task graph' completed
2025-03-10T17:43:18.326+0800 [DEBUG] [org.gradle.internal.resources.AbstractTrackedResourceLock] Daemon worker Thread 9: acquired lock on All projects of :
2025-03-10T17:43:18.326+0800 [DEBUG] [org.gradle.internal.operations.DefaultBuildOperationRunner] Build operation 'Notify task graph whenReady listeners' started
2025-03-10T17:43:18.326+0800 [INFO] [org.gradle.internal.buildevents.BuildLogger] Tasks to be executed: [task ':checkKotlinGradlePluginConfigurationErrors', task ':compileKotlin']
2025-03-10T17:43:18.326+0800 [INFO] [org.gradle.internal.buildevents.BuildLogger] Tasks that were excluded: []
2025-03-10T17:43:18.326+0800 [DEBUG] [org.gradle.internal.operations.DefaultBuildOperationRunner] Build operation 'Execute TaskExecutionGraph.whenReady listener' started
2025-03-10T17:43:18.326+0800 [DEBUG] [org.gradle.internal.operations.DefaultBuildOperationRunner] Completing Build operation 'Execute TaskExecutionGraph.whenReady listener'
2025-03-10T17:43:18.326+0800 [DEBUG] [org.gradle.internal.operations.DefaultBuildOperationRunner] Build operation 'Execute TaskExecutionGraph.whenReady listener' completed
2025-03-10T17:43:18.326+0800 [DEBUG] [org.gradle.internal.operations.DefaultBuildOperationRunner] Build operation 'Execute TaskExecutionGraph.whenReady listener' started
2025-03-10T17:43:18.326+0800 [DEBUG] [org.gradle.internal.operations.DefaultBuildOperationRunner] Completing Build operation 'Execute TaskExecutionGraph.whenReady listener'
2025-03-10T17:43:18.326+0800 [DEBUG] [org.gradle.internal.operations.DefaultBuildOperationRunner] Build operation 'Execute TaskExecutionGraph.whenReady listener' completed
2025-03-10T17:43:18.326+0800 [DEBUG] [org.gradle.internal.operations.DefaultBuildOperationRunner] Completing Build operation 'Notify task graph whenReady listeners'
2025-03-10T17:43:18.327+0800 [DEBUG] [org.gradle.internal.operations.DefaultBuildOperationRunner] Build operation 'Notify task graph whenReady listeners' completed
2025-03-10T17:43:18.327+0800 [DEBUG] [org.gradle.internal.resources.AbstractTrackedResourceLock] Daemon worker Thread 9: released lock on All projects of :
2025-03-10T17:43:18.327+0800 [DEBUG] [org.gradle.internal.operations.DefaultBuildOperationRunner] Build operation 'Realize task :clean' started
2025-03-10T17:43:18.327+0800 [DEBUG] [org.gradle.internal.operations.DefaultBuildOperationRunner] Build operation 'Execute container callback action' started
2025-03-10T17:43:18.327+0800 [DEBUG] [org.gradle.internal.operations.DefaultBuildOperationRunner] Completing Build operation 'Execute container callback action'
2025-03-10T17:43:18.327+0800 [DEBUG] [org.gradle.internal.operations.DefaultBuildOperationRunner] Build operation 'Execute container callback action' completed
2025-03-10T17:43:18.327+0800 [DEBUG] [org.gradle.internal.operations.DefaultBuildOperationRunner] Completing Build operation 'Realize task :clean'
2025-03-10T17:43:18.327+0800 [DEBUG] [org.gradle.internal.operations.DefaultBuildOperationRunner] Build operation 'Realize task :clean' completed
2025-03-10T17:43:18.327+0800 [DEBUG] [org.gradle.internal.operations.DefaultBuildOperationRunner] Completing Build operation 'Calculate build tree task graph'
2025-03-10T17:43:18.327+0800 [DEBUG] [org.gradle.internal.operations.DefaultBuildOperationRunner] Build operation 'Calculate build tree task graph' completed
2025-03-10T17:43:18.327+0800 [DEBUG] [org.gradle.internal.operations.DefaultBuildOperationRunner] Build operation 'Run main tasks' started
2025-03-10T17:43:18.327+0800 [DEBUG] [org.gradle.internal.resources.AbstractTrackedResourceLock] Daemon worker Thread 9: released lock on worker lease
2025-03-10T17:43:18.327+0800 [DEBUG] [org.gradle.internal.resources.AbstractTrackedResourceLock] included builds: acquired lock on worker lease
2025-03-10T17:43:18.327+0800 [DEBUG] [org.gradle.internal.operations.DefaultBuildOperationRunner] Build operation 'Run tasks' started
2025-03-10T17:43:18.327+0800 [DEBUG] [org.gradle.execution.plan.DefaultPlanExecutor] Using 12 parallel executor threads
2025-03-10T17:43:18.327+0800 [DEBUG] [org.gradle.internal.resources.AbstractTrackedResourceLock] Execution worker: acquired lock on worker lease
2025-03-10T17:43:18.327+0800 [DEBUG] [org.gradle.internal.resources.AbstractTrackedResourceLock] Execution worker: acquired lock on state of build :
2025-03-10T17:43:18.327+0800 [DEBUG] [org.gradle.internal.resources.AbstractTrackedResourceLock] Execution worker: acquired lock on task execution for build :
2025-03-10T17:43:18.327+0800 [DEBUG] [org.gradle.internal.resources.AbstractTrackedResourceLock] Execution worker Thread 2: acquired lock on worker lease
2025-03-10T17:43:18.327+0800 [DEBUG] [org.gradle.internal.resources.AbstractTrackedResourceLock] Execution worker Thread 2: released lock on worker lease
2025-03-10T17:43:18.327+0800 [INFO] [org.gradle.execution.plan.DefaultPlanExecutor] Resolve mutations for :checkKotlinGradlePluginConfigurationErrors (Thread[#1165,Execution worker,5,main]) started.
2025-03-10T17:43:18.327+0800 [DEBUG] [org.gradle.internal.resources.AbstractTrackedResourceLock] Execution worker Thread 3: acquired lock on worker lease
2025-03-10T17:43:18.327+0800 [DEBUG] [org.gradle.internal.resources.AbstractTrackedResourceLock] Execution worker Thread 3: released lock on worker lease
2025-03-10T17:43:18.327+0800 [DEBUG] [org.gradle.internal.operations.DefaultBuildOperationRunner] Build operation 'Resolve mutations for task :checkKotlinGradlePluginConfigurationErrors' started
2025-03-10T17:43:18.327+0800 [DEBUG] [org.gradle.internal.resources.AbstractTrackedResourceLock] Execution worker Thread 5: acquired lock on worker lease
2025-03-10T17:43:18.327+0800 [DEBUG] [org.gradle.internal.resources.AbstractTrackedResourceLock] Execution worker Thread 5: released lock on worker lease
2025-03-10T17:43:18.327+0800 [DEBUG] [org.gradle.internal.resources.AbstractTrackedResourceLock] Execution worker Thread 7: acquired lock on worker lease
2025-03-10T17:43:18.327+0800 [DEBUG] [org.gradle.internal.resources.AbstractTrackedResourceLock] Execution worker Thread 7: released lock on worker lease
2025-03-10T17:43:18.327+0800 [DEBUG] [org.gradle.internal.operations.DefaultBuildOperationRunner] Completing Build operation 'Resolve mutations for task :checkKotlinGradlePluginConfigurationErrors'
2025-03-10T17:43:18.327+0800 [DEBUG] [org.gradle.internal.operations.DefaultBuildOperationRunner] Build operation 'Resolve mutations for task :checkKotlinGradlePluginConfigurationErrors' completed
2025-03-10T17:43:18.327+0800 [DEBUG] [org.gradle.internal.resources.AbstractTrackedResourceLock] Execution worker Thread 4: acquired lock on worker lease
2025-03-10T17:43:18.327+0800 [DEBUG] [org.gradle.internal.resources.AbstractTrackedResourceLock] Execution worker Thread 4: released lock on worker lease
2025-03-10T17:43:18.327+0800 [DEBUG] [org.gradle.internal.resources.AbstractTrackedResourceLock] Execution worker Thread 11: acquired lock on worker lease
2025-03-10T17:43:18.327+0800 [DEBUG] [org.gradle.internal.resources.AbstractTrackedResourceLock] Execution worker Thread 11: released lock on worker lease
2025-03-10T17:43:18.327+0800 [DEBUG] [org.gradle.internal.resources.AbstractTrackedResourceLock] included builds: released lock on worker lease
2025-03-10T17:43:18.327+0800 [DEBUG] [org.gradle.internal.resources.AbstractTrackedResourceLock] Execution worker Thread 10: acquired lock on worker lease
2025-03-10T17:43:18.328+0800 [DEBUG] [org.gradle.internal.resources.AbstractTrackedResourceLock] Execution worker Thread 10: released lock on worker lease
2025-03-10T17:43:18.328+0800 [DEBUG] [org.gradle.execution.plan.DefaultFinalizedExecutionPlan] Node Resolve mutations for :checkKotlinGradlePluginConfigurationErrors completed, executed: true
2025-03-10T17:43:18.328+0800 [DEBUG] [org.gradle.execution.plan.DefaultFinalizedExecutionPlan] Node Resolve mutations for :checkKotlinGradlePluginConfigurationErrors finished executing
2025-03-10T17:43:18.328+0800 [DEBUG] [org.gradle.internal.resources.AbstractTrackedResourceLock] Execution worker: released lock on state of build :
2025-03-10T17:43:18.328+0800 [DEBUG] [org.gradle.internal.resources.AbstractTrackedResourceLock] Execution worker: released lock on task execution for build :
2025-03-10T17:43:18.328+0800 [DEBUG] [org.gradle.internal.resources.AbstractTrackedResourceLock] Execution worker: acquired lock on state of build :
2025-03-10T17:43:18.328+0800 [DEBUG] [org.gradle.internal.resources.AbstractTrackedResourceLock] Execution worker: acquired lock on task execution for build :
2025-03-10T17:43:18.328+0800 [INFO] [org.gradle.execution.plan.DefaultPlanExecutor] :checkKotlinGradlePluginConfigurationErrors (Thread[#1165,Execution worker,5,main]) started.
2025-03-10T17:43:18.328+0800 [DEBUG] [org.gradle.internal.resources.AbstractTrackedResourceLock] Execution worker Thread 9: acquired lock on worker lease
2025-03-10T17:43:18.328+0800 [DEBUG] [org.gradle.internal.resources.AbstractTrackedResourceLock] Execution worker Thread 9: released lock on worker lease
2025-03-10T17:43:18.328+0800 [DEBUG] [org.gradle.internal.resources.AbstractTrackedResourceLock] Execution worker Thread 8: acquired lock on worker lease
2025-03-10T17:43:18.328+0800 [DEBUG] [org.gradle.internal.resources.AbstractTrackedResourceLock] Execution worker Thread 8: released lock on worker lease
2025-03-10T17:43:18.328+0800 [DEBUG] [org.gradle.cache.internal.DefaultCacheCoordinator] Creating new cache for executionHistory, path /Users/sam/Desktop/MyApplicationBackend/MyApplicationBackend/.gradle/8.10/executionHistory/executionHistory.bin, access org.gradle.cache.internal.DefaultCacheCoordinator@2326657
2025-03-10T17:43:18.328+0800 [DEBUG] [org.gradle.internal.resources.AbstractTrackedResourceLock] Execution worker Thread 6: acquired lock on worker lease
2025-03-10T17:43:18.328+0800 [DEBUG] [org.gradle.internal.resources.AbstractTrackedResourceLock] Execution worker Thread 6: released lock on worker lease
2025-03-10T17:43:18.328+0800 [DEBUG] [org.gradle.internal.resources.AbstractTrackedResourceLock] Execution worker Thread 10: acquired lock on worker lease
2025-03-10T17:43:18.328+0800 [DEBUG] [org.gradle.internal.resources.AbstractTrackedResourceLock] Execution worker Thread 10: released lock on worker lease
2025-03-10T17:43:18.328+0800 [DEBUG] [org.gradle.cache.internal.LockOnDemandCrossProcessCacheAccess] Acquiring file lock for execution history cache (/Users/sam/Desktop/MyApplicationBackend/MyApplicationBackend/.gradle/8.10/executionHistory)
2025-03-10T17:43:18.328+0800 [DEBUG] [org.gradle.internal.resources.AbstractTrackedResourceLock] included builds: acquired lock on worker lease
2025-03-10T17:43:18.328+0800 [DEBUG] [org.gradle.internal.resources.AbstractTrackedResourceLock] included builds: released lock on worker lease
2025-03-10T17:43:18.328+0800 [DEBUG] [org.gradle.internal.resources.AbstractTrackedResourceLock] Execution worker Thread 11: acquired lock on worker lease
2025-03-10T17:43:18.328+0800 [DEBUG] [org.gradle.internal.resources.AbstractTrackedResourceLock] Execution worker Thread 11: released lock on worker lease
2025-03-10T17:43:18.328+0800 [DEBUG] [org.gradle.internal.resources.AbstractTrackedResourceLock] Execution worker Thread 4: acquired lock on worker lease
2025-03-10T17:43:18.328+0800 [DEBUG] [org.gradle.internal.resources.AbstractTrackedResourceLock] Execution worker Thread 4: released lock on worker lease
2025-03-10T17:43:18.328+0800 [DEBUG] [org.gradle.internal.resources.AbstractTrackedResourceLock] Execution worker Thread 7: acquired lock on worker lease
2025-03-10T17:43:18.328+0800 [DEBUG] [org.gradle.internal.resources.AbstractTrackedResourceLock] Execution worker Thread 7: released lock on worker lease
2025-03-10T17:43:18.328+0800 [DEBUG] [org.gradle.cache.internal.DefaultFileLockManager] Waiting to acquire exclusive lock on execution history cache (/Users/sam/Desktop/MyApplicationBackend/MyApplicationBackend/.gradle/8.10/executionHistory).
2025-03-10T17:43:18.328+0800 [DEBUG] [org.gradle.internal.resources.AbstractTrackedResourceLock] Execution worker Thread 5: acquired lock on worker lease
2025-03-10T17:43:18.328+0800 [DEBUG] [org.gradle.internal.resources.AbstractTrackedResourceLock] Execution worker Thread 5: released lock on worker lease
2025-03-10T17:43:18.328+0800 [DEBUG] [org.gradle.internal.resources.AbstractTrackedResourceLock] Execution worker Thread 3: acquired lock on worker lease
2025-03-10T17:43:18.328+0800 [DEBUG] [org.gradle.internal.resources.AbstractTrackedResourceLock] Execution worker Thread 3: released lock on worker lease
2025-03-10T17:43:18.328+0800 [DEBUG] [org.gradle.internal.resources.AbstractTrackedResourceLock] Execution worker Thread 2: acquired lock on worker lease
2025-03-10T17:43:18.328+0800 [DEBUG] [org.gradle.internal.resources.AbstractTrackedResourceLock] Execution worker Thread 2: released lock on worker lease
2025-03-10T17:43:18.328+0800 [DEBUG] [org.gradle.cache.internal.DefaultFileLockManager] Lock acquired on execution history cache (/Users/sam/Desktop/MyApplicationBackend/MyApplicationBackend/.gradle/8.10/executionHistory).
2025-03-10T17:43:18.328+0800 [DEBUG] [org.gradle.internal.operations.DefaultBuildOperationRunner] Build operation 'Task :checkKotlinGradlePluginConfigurationErrors' started
2025-03-10T17:43:18.328+0800 [LIFECYCLE] [class org.gradle.internal.buildevents.TaskExecutionLogger] 
2025-03-10T17:43:18.328+0800 [LIFECYCLE] [class org.gradle.internal.buildevents.TaskExecutionLogger] > Task :checkKotlinGradlePluginConfigurationErrors SKIPPED
2025-03-10T17:43:18.328+0800 [INFO] [org.gradle.api.internal.tasks.execution.SkipOnlyIfTaskExecuter] Skipping task ':checkKotlinGradlePluginConfigurationErrors' as task onlyIf 'errorDiagnostics are present' is false.
2025-03-10T17:43:18.328+0800 [DEBUG] [org.gradle.internal.operations.DefaultBuildOperationRunner] Completing Build operation 'Task :checkKotlinGradlePluginConfigurationErrors'
2025-03-10T17:43:18.328+0800 [DEBUG] [org.gradle.internal.operations.DefaultBuildOperationRunner] Build operation 'Task :checkKotlinGradlePluginConfigurationErrors' completed
2025-03-10T17:43:18.328+0800 [DEBUG] [org.gradle.execution.plan.DefaultFinalizedExecutionPlan] Node :checkKotlinGradlePluginConfigurationErrors completed, executed: true
2025-03-10T17:43:18.328+0800 [DEBUG] [org.gradle.execution.plan.DefaultFinalizedExecutionPlan] Node :checkKotlinGradlePluginConfigurationErrors finished executing
2025-03-10T17:43:18.329+0800 [DEBUG] [org.gradle.internal.resources.AbstractTrackedResourceLock] Execution worker: released lock on state of build :
2025-03-10T17:43:18.329+0800 [DEBUG] [org.gradle.internal.resources.AbstractTrackedResourceLock] Execution worker: released lock on task execution for build :
2025-03-10T17:43:18.329+0800 [DEBUG] [org.gradle.internal.resources.AbstractTrackedResourceLock] Execution worker: acquired lock on state of build :
2025-03-10T17:43:18.329+0800 [DEBUG] [org.gradle.internal.resources.AbstractTrackedResourceLock] Execution worker: acquired lock on task execution for build :
2025-03-10T17:43:18.329+0800 [INFO] [org.gradle.execution.plan.DefaultPlanExecutor] Resolve mutations for :compileKotlin (Thread[#1165,Execution worker,5,main]) started.
2025-03-10T17:43:18.329+0800 [DEBUG] [org.gradle.internal.resources.AbstractTrackedResourceLock] Execution worker Thread 9: acquired lock on worker lease
2025-03-10T17:43:18.329+0800 [DEBUG] [org.gradle.internal.resources.AbstractTrackedResourceLock] Execution worker Thread 9: released lock on worker lease
2025-03-10T17:43:18.329+0800 [DEBUG] [org.gradle.internal.operations.DefaultBuildOperationRunner] Build operation 'Resolve mutations for task :compileKotlin' started
2025-03-10T17:43:18.329+0800 [DEBUG] [org.gradle.internal.resources.AbstractTrackedResourceLock] Execution worker Thread 2: acquired lock on worker lease
2025-03-10T17:43:18.329+0800 [DEBUG] [org.gradle.internal.resources.AbstractTrackedResourceLock] Execution worker Thread 2: released lock on worker lease
2025-03-10T17:43:18.329+0800 [DEBUG] [org.gradle.internal.resources.AbstractTrackedResourceLock] Execution worker Thread 3: acquired lock on worker lease
2025-03-10T17:43:18.329+0800 [DEBUG] [org.gradle.internal.resources.AbstractTrackedResourceLock] Execution worker Thread 3: released lock on worker lease
2025-03-10T17:43:18.329+0800 [DEBUG] [org.gradle.internal.resources.AbstractTrackedResourceLock] Execution worker Thread 5: acquired lock on worker lease
2025-03-10T17:43:18.329+0800 [DEBUG] [org.gradle.internal.resources.AbstractTrackedResourceLock] Execution worker Thread 5: released lock on worker lease
2025-03-10T17:43:18.329+0800 [DEBUG] [org.gradle.internal.resources.AbstractTrackedResourceLock] Execution worker Thread 7: acquired lock on worker lease
2025-03-10T17:43:18.329+0800 [DEBUG] [org.gradle.internal.resources.AbstractTrackedResourceLock] Execution worker Thread 7: released lock on worker lease
2025-03-10T17:43:18.329+0800 [DEBUG] [org.gradle.internal.resources.AbstractTrackedResourceLock] Execution worker Thread 4: acquired lock on worker lease
2025-03-10T17:43:18.329+0800 [DEBUG] [org.gradle.internal.resources.AbstractTrackedResourceLock] Execution worker Thread 4: released lock on worker lease
2025-03-10T17:43:18.329+0800 [DEBUG] [org.jetbrains.kotlin.gradle.plugin.statistics.BuildFusService$Inject] [KOTLIN] Initialize BuildFusService$Inject
2025-03-10T17:43:18.329+0800 [DEBUG] [org.gradle.internal.resources.AbstractTrackedResourceLock] Execution worker Thread 11: acquired lock on worker lease
2025-03-10T17:43:18.329+0800 [DEBUG] [org.gradle.internal.resources.AbstractTrackedResourceLock] Execution worker Thread 11: released lock on worker lease
2025-03-10T17:43:18.329+0800 [DEBUG] [org.gradle.internal.operations.DefaultBuildOperationRunner] Completing Build operation 'Resolve mutations for task :compileKotlin'
2025-03-10T17:43:18.329+0800 [DEBUG] [org.gradle.internal.operations.DefaultBuildOperationRunner] Build operation 'Resolve mutations for task :compileKotlin' completed
2025-03-10T17:43:18.329+0800 [DEBUG] [org.gradle.internal.resources.AbstractTrackedResourceLock] included builds: acquired lock on worker lease
2025-03-10T17:43:18.329+0800 [DEBUG] [org.gradle.internal.resources.AbstractTrackedResourceLock] included builds: released lock on worker lease
2025-03-10T17:43:18.329+0800 [DEBUG] [org.jetbrains.kotlin.gradle.plugin.statistics.KotlinBuildStatsLoggerService] Executing [class org.jetbrains.kotlin.gradle.plugin.statistics.KotlinBuildStatsLoggerService.initSessionLogger]
2025-03-10T17:43:18.329+0800 [DEBUG] [org.jetbrains.kotlin.gradle.plugin.statistics.KotlinBuildStatsLoggerService] Executing [class org.jetbrains.kotlin.gradle.plugin.statistics.KotlinBuildStatsLoggerService.initSessionLogger]
2025-03-10T17:43:18.329+0800 [DEBUG] [org.gradle.internal.resources.AbstractTrackedResourceLock] Execution worker Thread 10: acquired lock on worker lease
2025-03-10T17:43:18.329+0800 [DEBUG] [org.gradle.internal.resources.AbstractTrackedResourceLock] Execution worker Thread 10: released lock on worker lease
2025-03-10T17:43:18.329+0800 [DEBUG] [org.gradle.internal.resources.AbstractTrackedResourceLock] Execution worker Thread 6: acquired lock on worker lease
2025-03-10T17:43:18.329+0800 [DEBUG] [org.gradle.internal.resources.AbstractTrackedResourceLock] Execution worker Thread 6: released lock on worker lease
2025-03-10T17:43:18.329+0800 [DEBUG] [org.gradle.internal.resources.AbstractTrackedResourceLock] Execution worker Thread 8: acquired lock on worker lease
2025-03-10T17:43:18.329+0800 [DEBUG] [org.gradle.internal.resources.AbstractTrackedResourceLock] Execution worker Thread 8: released lock on worker lease
2025-03-10T17:43:18.329+0800 [DEBUG] [org.gradle.execution.plan.DefaultFinalizedExecutionPlan] Node Resolve mutations for :compileKotlin completed, executed: true
2025-03-10T17:43:18.329+0800 [DEBUG] [org.gradle.execution.plan.DefaultFinalizedExecutionPlan] Node Resolve mutations for :compileKotlin finished executing
2025-03-10T17:43:18.329+0800 [DEBUG] [org.gradle.internal.resources.AbstractTrackedResourceLock] Execution worker: released lock on state of build :
2025-03-10T17:43:18.329+0800 [DEBUG] [org.gradle.internal.resources.AbstractTrackedResourceLock] Execution worker: released lock on task execution for build :
2025-03-10T17:43:18.329+0800 [DEBUG] [org.gradle.internal.resources.AbstractTrackedResourceLock] Execution worker: acquired lock on state of build :
2025-03-10T17:43:18.329+0800 [DEBUG] [org.gradle.internal.resources.AbstractTrackedResourceLock] Execution worker: acquired lock on task execution for build :
2025-03-10T17:43:18.329+0800 [INFO] [org.gradle.execution.plan.DefaultPlanExecutor] :compileKotlin (Thread[#1165,Execution worker,5,main]) started.
2025-03-10T17:43:18.329+0800 [DEBUG] [org.gradle.internal.resources.AbstractTrackedResourceLock] Execution worker Thread 9: acquired lock on worker lease
2025-03-10T17:43:18.329+0800 [DEBUG] [org.gradle.internal.resources.AbstractTrackedResourceLock] Execution worker Thread 9: released lock on worker lease
2025-03-10T17:43:18.329+0800 [DEBUG] [org.gradle.internal.resources.AbstractTrackedResourceLock] Execution worker Thread 8: acquired lock on worker lease
2025-03-10T17:43:18.329+0800 [DEBUG] [org.gradle.internal.resources.AbstractTrackedResourceLock] Execution worker Thread 8: released lock on worker lease
2025-03-10T17:43:18.329+0800 [DEBUG] [org.gradle.internal.operations.DefaultBuildOperationRunner] Build operation 'Task :compileKotlin' started
2025-03-10T17:43:18.329+0800 [DEBUG] [org.gradle.internal.resources.AbstractTrackedResourceLock] Execution worker Thread 6: acquired lock on worker lease
2025-03-10T17:43:18.329+0800 [DEBUG] [org.gradle.internal.resources.AbstractTrackedResourceLock] Execution worker Thread 6: released lock on worker lease
2025-03-10T17:43:18.329+0800 [DEBUG] [org.gradle.internal.resources.AbstractTrackedResourceLock] Execution worker Thread 10: acquired lock on worker lease
2025-03-10T17:43:18.329+0800 [DEBUG] [org.gradle.internal.resources.AbstractTrackedResourceLock] Execution worker Thread 10: released lock on worker lease
2025-03-10T17:43:18.329+0800 [DEBUG] [org.gradle.internal.resources.AbstractTrackedResourceLock] included builds: acquired lock on worker lease
2025-03-10T17:43:18.330+0800 [DEBUG] [org.gradle.internal.resources.AbstractTrackedResourceLock] included builds: released lock on worker lease
2025-03-10T17:43:18.330+0800 [DEBUG] [org.gradle.internal.resources.AbstractTrackedResourceLock] Execution worker Thread 11: acquired lock on worker lease
2025-03-10T17:43:18.330+0800 [DEBUG] [org.gradle.internal.operations.DefaultBuildOperationRunner] Build operation 'Identifying work' started
2025-03-10T17:43:18.330+0800 [DEBUG] [org.gradle.internal.resources.AbstractTrackedResourceLock] Execution worker Thread 11: released lock on worker lease
2025-03-10T17:43:18.330+0800 [DEBUG] [org.gradle.internal.operations.DefaultBuildOperationRunner] Completing Build operation 'Identifying work'
2025-03-10T17:43:18.330+0800 [DEBUG] [org.gradle.internal.resources.AbstractTrackedResourceLock] Execution worker Thread 4: acquired lock on worker lease
2025-03-10T17:43:18.330+0800 [DEBUG] [org.gradle.internal.resources.AbstractTrackedResourceLock] Execution worker Thread 4: released lock on worker lease
2025-03-10T17:43:18.330+0800 [DEBUG] [org.gradle.internal.resources.AbstractTrackedResourceLock] Execution worker Thread 7: acquired lock on worker lease
2025-03-10T17:43:18.330+0800 [DEBUG] [org.gradle.internal.resources.AbstractTrackedResourceLock] Execution worker Thread 7: released lock on worker lease
2025-03-10T17:43:18.330+0800 [DEBUG] [org.gradle.internal.operations.DefaultBuildOperationRunner] Build operation 'Snapshot task inputs for :compileKotlin' started
2025-03-10T17:43:18.330+0800 [DEBUG] [org.gradle.internal.resources.AbstractTrackedResourceLock] Execution worker Thread 5: acquired lock on worker lease
2025-03-10T17:43:18.330+0800 [DEBUG] [org.gradle.internal.resources.AbstractTrackedResourceLock] Execution worker Thread 5: released lock on worker lease
2025-03-10T17:43:18.330+0800 [DEBUG] [org.gradle.internal.resources.AbstractTrackedResourceLock] Execution worker Thread 3: acquired lock on worker lease
2025-03-10T17:43:18.330+0800 [DEBUG] [org.gradle.internal.resources.AbstractTrackedResourceLock] Execution worker Thread 3: released lock on worker lease
2025-03-10T17:43:18.330+0800 [DEBUG] [org.gradle.internal.resources.AbstractTrackedResourceLock] Execution worker Thread 2: acquired lock on worker lease
2025-03-10T17:43:18.330+0800 [DEBUG] [org.gradle.internal.resources.AbstractTrackedResourceLock] Execution worker Thread 2: released lock on worker lease
2025-03-10T17:43:18.330+0800 [DEBUG] [org.gradle.internal.operations.DefaultBuildOperationRunner] Build operation 'Resolve dependencies of :kotlinScriptDefExtensions' started
2025-03-10T17:43:18.330+0800 [DEBUG] [org.gradle.internal.operations.DefaultBuildOperationRunner] Completing Build operation 'Resolve dependencies of :kotlinScriptDefExtensions'
2025-03-10T17:43:18.330+0800 [DEBUG] [org.gradle.internal.operations.DefaultBuildOperationRunner] Build operation 'Snapshot inputs and outputs before executing task ':compileKotlin'' started
2025-03-10T17:43:18.331+0800 [DEBUG] [org.gradle.internal.operations.DefaultBuildOperationRunner] Build operation 'Resolve dependencies of :detachedConfiguration1' started
2025-03-10T17:43:18.331+0800 [DEBUG] [org.gradle.internal.operations.DefaultBuildOperationRunner] Completing Build operation 'Resolve dependencies of :detachedConfiguration1'
2025-03-10T17:43:18.331+0800 [DEBUG] [org.gradle.internal.operations.DefaultBuildOperationRunner] Build operation 'Resolve files of configuration ':detachedConfiguration1'' started
2025-03-10T17:43:18.331+0800 [DEBUG] [org.gradle.internal.operations.DefaultBuildOperationRunner] Build operation 'Resolve dependencies of :compileClasspath' started
2025-03-10T17:43:18.353+0800 [DEBUG] [org.gradle.internal.operations.DefaultBuildOperationRunner] Completing Build operation 'Resolve dependencies of :compileClasspath'
2025-03-10T17:43:18.355+0800 [DEBUG] [org.gradle.internal.operations.DefaultBuildOperationRunner] Build operation 'Resolve files of configuration ':compileClasspath'' started
2025-03-10T17:43:18.356+0800 [DEBUG] [org.gradle.internal.resources.AbstractTrackedResourceLock] Unconstrained build operations Thread 37: acquired lock on worker lease
2025-03-10T17:43:18.356+0800 [DEBUG] [org.gradle.internal.operations.DefaultBuildOperationRunner] Build operation 'Resolve exposed-jdbc-0.41.1.jar (org.jetbrains.exposed:exposed-jdbc:0.41.1)' started
2025-03-10T17:43:18.356+0800 [DEBUG] [org.gradle.internal.resources.AbstractTrackedResourceLock] Unconstrained build operations Thread 31: acquired lock on worker lease
2025-03-10T17:43:18.356+0800 [DEBUG] [org.gradle.internal.operations.DefaultBuildOperationRunner] Build operation 'Resolve ktor-server-content-negotiation-jvm-2.3.6.jar (io.ktor:ktor-server-content-negotiation-jvm:2.3.6)' started
2025-03-10T17:43:18.356+0800 [DEBUG] [org.gradle.internal.resources.AbstractTrackedResourceLock] Unconstrained build operations Thread 27: acquired lock on worker lease
2025-03-10T17:43:18.356+0800 [DEBUG] [org.gradle.internal.operations.DefaultBuildOperationRunner] Build operation 'Resolve exposed-dao-0.41.1.jar (org.jetbrains.exposed:exposed-dao:0.41.1)' started
2025-03-10T17:43:18.358+0800 [DEBUG] [org.gradle.internal.operations.DefaultBuildOperationRunner] Completing Build operation 'Resolve exposed-dao-0.41.1.jar (org.jetbrains.exposed:exposed-dao:0.41.1)'
2025-03-10T17:43:18.356+0800 [DEBUG] [org.gradle.internal.resources.AbstractTrackedResourceLock] Unconstrained build operations Thread 35: acquired lock on worker lease
2025-03-10T17:43:18.358+0800 [DEBUG] [org.gradle.internal.operations.DefaultBuildOperationRunner] Completing Build operation 'Resolve ktor-server-content-negotiation-jvm-2.3.6.jar (io.ktor:ktor-server-content-negotiation-jvm:2.3.6)'
2025-03-10T17:43:18.358+0800 [DEBUG] [org.gradle.internal.operations.DefaultBuildOperationRunner] Build operation 'Resolve ktor-server-content-negotiation-jvm-2.3.6.jar (io.ktor:ktor-server-content-negotiation-jvm:2.3.6)' completed
2025-03-10T17:43:18.358+0800 [DEBUG] [org.gradle.internal.operations.DefaultBuildOperationRunner] Build operation 'Resolve ktor-serialization-kotlinx-json-jvm-2.3.6.jar (io.ktor:ktor-serialization-kotlinx-json-jvm:2.3.6)' started
2025-03-10T17:43:18.356+0800 [DEBUG] [org.gradle.internal.operations.DefaultBuildOperationRunner] Build operation 'Resolve ktor-server-core-jvm-2.3.6.jar (io.ktor:ktor-server-core-jvm:2.3.6)' started
2025-03-10T17:43:18.358+0800 [DEBUG] [sun.rmi.client.ref] RMI RenewClean-[127.0.0.1:17969,org.jetbrains.kotlin.daemon.common.LoopbackNetworkInterface$ClientLoopbackSocketFactory@4d6e1e1e]: get connection
2025-03-10T17:43:18.358+0800 [DEBUG] [org.gradle.internal.resources.AbstractTrackedResourceLock] Unconstrained build operations Thread 36: acquired lock on worker lease
2025-03-10T17:43:18.359+0800 [DEBUG] [org.gradle.internal.resources.AbstractTrackedResourceLock] Unconstrained build operations Thread 34: acquired lock on worker lease
2025-03-10T17:43:18.359+0800 [DEBUG] [org.gradle.internal.operations.DefaultBuildOperationRunner] Build operation 'Resolve ktor-server-netty-jvm-2.3.6.jar (io.ktor:ktor-server-netty-jvm:2.3.6)' started
2025-03-10T17:43:18.358+0800 [DEBUG] [org.gradle.internal.operations.DefaultBuildOperationRunner] Build operation 'Resolve ktor-server-host-common-jvm-2.3.6.jar (io.ktor:ktor-server-host-common-jvm:2.3.6)' started
2025-03-10T17:43:18.359+0800 [DEBUG] [org.gradle.internal.operations.DefaultBuildOperationRunner] Completing Build operation 'Resolve ktor-server-netty-jvm-2.3.6.jar (io.ktor:ktor-server-netty-jvm:2.3.6)'
2025-03-10T17:43:18.359+0800 [DEBUG] [org.gradle.internal.operations.DefaultBuildOperationRunner] Build operation 'Resolve ktor-server-netty-jvm-2.3.6.jar (io.ktor:ktor-server-netty-jvm:2.3.6)' completed
2025-03-10T17:43:18.359+0800 [DEBUG] [org.gradle.internal.operations.DefaultBuildOperationRunner] Build operation 'Resolve ktor-client-core-jvm-2.3.6.jar (io.ktor:ktor-client-core-jvm:2.3.6)' started
2025-03-10T17:43:18.359+0800 [DEBUG] [org.gradle.internal.operations.DefaultBuildOperationRunner] Completing Build operation 'Resolve ktor-client-core-jvm-2.3.6.jar (io.ktor:ktor-client-core-jvm:2.3.6)'
2025-03-10T17:43:18.359+0800 [DEBUG] [org.gradle.internal.operations.DefaultBuildOperationRunner] Build operation 'Resolve ktor-client-core-jvm-2.3.6.jar (io.ktor:ktor-client-core-jvm:2.3.6)' completed
2025-03-10T17:43:18.359+0800 [DEBUG] [org.gradle.internal.operations.DefaultBuildOperationRunner] Build operation 'Resolve ktor-websocket-serialization-jvm-2.3.6.jar (io.ktor:ktor-websocket-serialization-jvm:2.3.6)' started
2025-03-10T17:43:18.358+0800 [DEBUG] [org.gradle.internal.operations.DefaultBuildOperationRunner] Build operation 'Resolve exposed-dao-0.41.1.jar (org.jetbrains.exposed:exposed-dao:0.41.1)' completed
2025-03-10T17:43:18.359+0800 [DEBUG] [org.gradle.internal.operations.DefaultBuildOperationRunner] Build operation 'Resolve ktor-serialization-kotlinx-jvm-2.3.6.jar (io.ktor:ktor-serialization-kotlinx-jvm:2.3.6)' started
2025-03-10T17:43:18.358+0800 [DEBUG] [org.gradle.internal.operations.DefaultBuildOperationRunner] Completing Build operation 'Resolve exposed-jdbc-0.41.1.jar (org.jetbrains.exposed:exposed-jdbc:0.41.1)'
2025-03-10T17:43:18.359+0800 [DEBUG] [org.gradle.internal.operations.DefaultBuildOperationRunner] Build operation 'Resolve exposed-jdbc-0.41.1.jar (org.jetbrains.exposed:exposed-jdbc:0.41.1)' completed
2025-03-10T17:43:18.359+0800 [DEBUG] [org.gradle.internal.operations.DefaultBuildOperationRunner] Build operation 'Resolve ktor-serialization-jvm-2.3.6.jar (io.ktor:ktor-serialization-jvm:2.3.6)' started
2025-03-10T17:43:18.359+0800 [DEBUG] [org.gradle.internal.operations.DefaultBuildOperationRunner] Completing Build operation 'Resolve ktor-websocket-serialization-jvm-2.3.6.jar (io.ktor:ktor-websocket-serialization-jvm:2.3.6)'
2025-03-10T17:43:18.359+0800 [DEBUG] [org.gradle.internal.operations.DefaultBuildOperationRunner] Build operation 'Resolve ktor-websocket-serialization-jvm-2.3.6.jar (io.ktor:ktor-websocket-serialization-jvm:2.3.6)' completed
2025-03-10T17:43:18.359+0800 [DEBUG] [org.gradle.internal.operations.DefaultBuildOperationRunner] Build operation 'Resolve ktor-events-jvm-2.3.6.jar (io.ktor:ktor-events-jvm:2.3.6)' started
2025-03-10T17:43:18.359+0800 [DEBUG] [org.gradle.internal.operations.DefaultBuildOperationRunner] Completing Build operation 'Resolve ktor-server-host-common-jvm-2.3.6.jar (io.ktor:ktor-server-host-common-jvm:2.3.6)'
2025-03-10T17:43:18.359+0800 [DEBUG] [org.gradle.internal.operations.DefaultBuildOperationRunner] Build operation 'Resolve ktor-server-host-common-jvm-2.3.6.jar (io.ktor:ktor-server-host-common-jvm:2.3.6)' completed
2025-03-10T17:43:18.359+0800 [DEBUG] [org.gradle.internal.operations.DefaultBuildOperationRunner] Build operation 'Resolve ktor-websockets-jvm-2.3.6.jar (io.ktor:ktor-websockets-jvm:2.3.6)' started
2025-03-10T17:43:18.359+0800 [DEBUG] [org.gradle.internal.resources.AbstractTrackedResourceLock] Unconstrained build operations Thread 33: acquired lock on worker lease
2025-03-10T17:43:18.359+0800 [DEBUG] [org.gradle.internal.operations.DefaultBuildOperationRunner] Completing Build operation 'Resolve ktor-websockets-jvm-2.3.6.jar (io.ktor:ktor-websockets-jvm:2.3.6)'
2025-03-10T17:43:18.359+0800 [DEBUG] [org.gradle.internal.operations.DefaultBuildOperationRunner] Build operation 'Resolve ktor-websockets-jvm-2.3.6.jar (io.ktor:ktor-websockets-jvm:2.3.6)' completed
2025-03-10T17:43:18.359+0800 [DEBUG] [org.gradle.internal.operations.DefaultBuildOperationRunner] Build operation 'Resolve ktor-http-cio-jvm-2.3.6.jar (io.ktor:ktor-http-cio-jvm:2.3.6)' started
2025-03-10T17:43:18.359+0800 [DEBUG] [org.gradle.internal.operations.DefaultBuildOperationRunner] Completing Build operation 'Resolve ktor-server-core-jvm-2.3.6.jar (io.ktor:ktor-server-core-jvm:2.3.6)'
2025-03-10T17:43:18.359+0800 [DEBUG] [org.gradle.internal.operations.DefaultBuildOperationRunner] Completing Build operation 'Resolve ktor-http-cio-jvm-2.3.6.jar (io.ktor:ktor-http-cio-jvm:2.3.6)'
2025-03-10T17:43:18.359+0800 [DEBUG] [org.gradle.internal.operations.DefaultBuildOperationRunner] Build operation 'Resolve ktor-http-cio-jvm-2.3.6.jar (io.ktor:ktor-http-cio-jvm:2.3.6)' completed
2025-03-10T17:43:18.359+0800 [DEBUG] [org.gradle.internal.operations.DefaultBuildOperationRunner] Build operation 'Resolve ktor-http-jvm-2.3.6.jar (io.ktor:ktor-http-jvm:2.3.6)' started
2025-03-10T17:43:18.359+0800 [DEBUG] [sun.rmi.transport.tcp] RMI RenewClean-[127.0.0.1:17969,org.jetbrains.kotlin.daemon.common.LoopbackNetworkInterface$ClientLoopbackSocketFactory@4d6e1e1e]: create connection
2025-03-10T17:43:18.359+0800 [DEBUG] [org.gradle.internal.operations.DefaultBuildOperationRunner] Build operation 'Resolve ktor-server-sessions-jvm-2.3.6.jar (io.ktor:ktor-server-sessions-jvm:2.3.6)' started
2025-03-10T17:43:18.360+0800 [DEBUG] [org.gradle.internal.operations.DefaultBuildOperationRunner] Completing Build operation 'Resolve ktor-server-sessions-jvm-2.3.6.jar (io.ktor:ktor-server-sessions-jvm:2.3.6)'
2025-03-10T17:43:18.360+0800 [DEBUG] [org.gradle.internal.operations.DefaultBuildOperationRunner] Build operation 'Resolve ktor-server-sessions-jvm-2.3.6.jar (io.ktor:ktor-server-sessions-jvm:2.3.6)' completed
2025-03-10T17:43:18.360+0800 [DEBUG] [org.gradle.internal.operations.DefaultBuildOperationRunner] Build operation 'Resolve ktor-network-jvm-2.3.6.jar (io.ktor:ktor-network-jvm:2.3.6)' started
2025-03-10T17:43:18.360+0800 [DEBUG] [org.gradle.internal.operations.DefaultBuildOperationRunner] Completing Build operation 'Resolve ktor-http-jvm-2.3.6.jar (io.ktor:ktor-http-jvm:2.3.6)'
2025-03-10T17:43:18.360+0800 [DEBUG] [org.gradle.internal.operations.DefaultBuildOperationRunner] Build operation 'Resolve ktor-http-jvm-2.3.6.jar (io.ktor:ktor-http-jvm:2.3.6)' completed
2025-03-10T17:43:18.360+0800 [DEBUG] [org.gradle.internal.operations.DefaultBuildOperationRunner] Build operation 'Resolve ktor-utils-jvm-2.3.6.jar (io.ktor:ktor-utils-jvm:2.3.6)' started
2025-03-10T17:43:18.360+0800 [DEBUG] [org.gradle.internal.operations.DefaultBuildOperationRunner] Completing Build operation 'Resolve ktor-utils-jvm-2.3.6.jar (io.ktor:ktor-utils-jvm:2.3.6)'
2025-03-10T17:43:18.360+0800 [DEBUG] [org.gradle.internal.operations.DefaultBuildOperationRunner] Build operation 'Resolve ktor-utils-jvm-2.3.6.jar (io.ktor:ktor-utils-jvm:2.3.6)' completed
2025-03-10T17:43:18.360+0800 [DEBUG] [org.gradle.internal.operations.DefaultBuildOperationRunner] Build operation 'Resolve kotlin-stdlib-jdk8-1.8.22.jar (org.jetbrains.kotlin:kotlin-stdlib-jdk8:1.8.22)' started
2025-03-10T17:43:18.359+0800 [DEBUG] [org.gradle.internal.resources.AbstractTrackedResourceLock] Unconstrained build operations Thread 32: acquired lock on worker lease
2025-03-10T17:43:18.359+0800 [DEBUG] [org.gradle.internal.operations.DefaultBuildOperationRunner] Build operation 'Resolve ktor-server-auth-jvm-2.3.6.jar (io.ktor:ktor-server-auth-jvm:2.3.6)' started
2025-03-10T17:43:18.360+0800 [DEBUG] [org.gradle.internal.operations.DefaultBuildOperationRunner] Completing Build operation 'Resolve ktor-events-jvm-2.3.6.jar (io.ktor:ktor-events-jvm:2.3.6)'
2025-03-10T17:43:18.360+0800 [DEBUG] [org.gradle.internal.operations.DefaultBuildOperationRunner] Build operation 'Resolve ktor-events-jvm-2.3.6.jar (io.ktor:ktor-events-jvm:2.3.6)' completed
2025-03-10T17:43:18.360+0800 [DEBUG] [org.gradle.internal.operations.DefaultBuildOperationRunner] Build operation 'Resolve kotlin-reflect-1.8.22.jar (org.jetbrains.kotlin:kotlin-reflect:1.8.22)' started
2025-03-10T17:43:18.360+0800 [DEBUG] [org.gradle.internal.operations.DefaultBuildOperationRunner] Completing Build operation 'Resolve kotlin-reflect-1.8.22.jar (org.jetbrains.kotlin:kotlin-reflect:1.8.22)'
2025-03-10T17:43:18.360+0800 [DEBUG] [org.gradle.internal.operations.DefaultBuildOperationRunner] Build operation 'Resolve kotlin-reflect-1.8.22.jar (org.jetbrains.kotlin:kotlin-reflect:1.8.22)' completed
2025-03-10T17:43:18.360+0800 [DEBUG] [org.gradle.internal.operations.DefaultBuildOperationRunner] Build operation 'Resolve kotlin-stdlib-jdk7-1.8.22.jar (org.jetbrains.kotlin:kotlin-stdlib-jdk7:1.8.22)' started
2025-03-10T17:43:18.360+0800 [DEBUG] [org.gradle.internal.operations.DefaultBuildOperationRunner] Completing Build operation 'Resolve ktor-serialization-kotlinx-jvm-2.3.6.jar (io.ktor:ktor-serialization-kotlinx-jvm:2.3.6)'
2025-03-10T17:43:18.360+0800 [DEBUG] [org.gradle.internal.operations.DefaultBuildOperationRunner] Build operation 'Resolve ktor-serialization-kotlinx-jvm-2.3.6.jar (io.ktor:ktor-serialization-kotlinx-jvm:2.3.6)' completed
2025-03-10T17:43:18.360+0800 [DEBUG] [org.gradle.internal.operations.DefaultBuildOperationRunner] Build operation 'Resolve kotlinx-serialization-core-jvm-1.5.1.jar (org.jetbrains.kotlinx:kotlinx-serialization-core-jvm:1.5.1)' started
2025-03-10T17:43:18.360+0800 [DEBUG] [org.gradle.internal.operations.DefaultBuildOperationRunner] Completing Build operation 'Resolve kotlinx-serialization-core-jvm-1.5.1.jar (org.jetbrains.kotlinx:kotlinx-serialization-core-jvm:1.5.1)'
2025-03-10T17:43:18.360+0800 [DEBUG] [sun.rmi.client.ref] RMI RenewClean-[127.0.0.1:17969,org.jetbrains.kotlin.daemon.common.LoopbackNetworkInterface$ClientLoopbackSocketFactory@4d6e1e1e]: free connection (reuse = true)
2025-03-10T17:43:18.360+0800 [DEBUG] [org.gradle.internal.operations.DefaultBuildOperationRunner] Completing Build operation 'Resolve ktor-serialization-jvm-2.3.6.jar (io.ktor:ktor-serialization-jvm:2.3.6)'
2025-03-10T17:43:18.360+0800 [DEBUG] [org.gradle.internal.operations.DefaultBuildOperationRunner] Build operation 'Resolve ktor-serialization-jvm-2.3.6.jar (io.ktor:ktor-serialization-jvm:2.3.6)' completed
2025-03-10T17:43:18.360+0800 [DEBUG] [org.gradle.internal.operations.DefaultBuildOperationRunner] Completing Build operation 'Resolve ktor-server-auth-jvm-2.3.6.jar (io.ktor:ktor-server-auth-jvm:2.3.6)'
2025-03-10T17:43:18.360+0800 [DEBUG] [org.gradle.internal.operations.DefaultBuildOperationRunner] Build operation 'Resolve ktor-server-auth-jvm-2.3.6.jar (io.ktor:ktor-server-auth-jvm:2.3.6)' completed
2025-03-10T17:43:18.360+0800 [DEBUG] [org.gradle.internal.operations.DefaultBuildOperationRunner] Build operation 'Resolve kotlinx-coroutines-jdk8-1.7.1.jar (org.jetbrains.kotlinx:kotlinx-coroutines-jdk8:1.7.1)' started
2025-03-10T17:43:18.360+0800 [DEBUG] [org.gradle.internal.resources.AbstractTrackedResourceLock] Unconstrained build operations Thread 30: acquired lock on worker lease
2025-03-10T17:43:18.360+0800 [DEBUG] [org.gradle.internal.operations.DefaultBuildOperationRunner] Build operation 'Resolve ktor-server-websockets-jvm-2.3.6.jar (io.ktor:ktor-server-websockets-jvm:2.3.6)' started
2025-03-10T17:43:18.360+0800 [DEBUG] [org.gradle.internal.resources.AbstractTrackedResourceLock] Unconstrained build operations Thread 29: acquired lock on worker lease
2025-03-10T17:43:18.360+0800 [DEBUG] [org.gradle.internal.operations.DefaultBuildOperationRunner] Build operation 'Resolve ktor-server-cors-jvm-2.3.6.jar (io.ktor:ktor-server-cors-jvm:2.3.6)' started
2025-03-10T17:43:18.360+0800 [DEBUG] [org.gradle.internal.operations.DefaultBuildOperationRunner] Completing Build operation 'Resolve kotlin-stdlib-jdk8-1.8.22.jar (org.jetbrains.kotlin:kotlin-stdlib-jdk8:1.8.22)'
2025-03-10T17:43:18.360+0800 [DEBUG] [org.gradle.internal.operations.DefaultBuildOperationRunner] Build operation 'Resolve kotlin-stdlib-jdk8-1.8.22.jar (org.jetbrains.kotlin:kotlin-stdlib-jdk8:1.8.22)' completed
2025-03-10T17:43:18.360+0800 [DEBUG] [org.gradle.internal.operations.DefaultBuildOperationRunner] Build operation 'Resolve kotlinx-coroutines-core-jvm-1.7.1.jar (org.jetbrains.kotlinx:kotlinx-coroutines-core-jvm:1.7.1)' started
2025-03-10T17:43:18.360+0800 [DEBUG] [org.gradle.internal.operations.DefaultBuildOperationRunner] Build operation 'Resolve ktor-io-jvm-2.3.6.jar (io.ktor:ktor-io-jvm:2.3.6)' started
2025-03-10T17:43:18.360+0800 [DEBUG] [org.gradle.internal.operations.DefaultBuildOperationRunner] Completing Build operation 'Resolve ktor-network-jvm-2.3.6.jar (io.ktor:ktor-network-jvm:2.3.6)'
2025-03-10T17:43:18.361+0800 [DEBUG] [org.gradle.internal.operations.DefaultBuildOperationRunner] Build operation 'Resolve ktor-network-jvm-2.3.6.jar (io.ktor:ktor-network-jvm:2.3.6)' completed
2025-03-10T17:43:18.361+0800 [DEBUG] [org.gradle.internal.operations.DefaultBuildOperationRunner] Build operation 'Resolve kotlin-stdlib-2.1.10.jar (org.jetbrains.kotlin:kotlin-stdlib:2.1.10)' started
2025-03-10T17:43:18.360+0800 [DEBUG] [org.gradle.internal.operations.DefaultBuildOperationRunner] Completing Build operation 'Resolve ktor-serialization-kotlinx-json-jvm-2.3.6.jar (io.ktor:ktor-serialization-kotlinx-json-jvm:2.3.6)'
2025-03-10T17:43:18.361+0800 [DEBUG] [org.gradle.internal.operations.DefaultBuildOperationRunner] Build operation 'Resolve ktor-serialization-kotlinx-json-jvm-2.3.6.jar (io.ktor:ktor-serialization-kotlinx-json-jvm:2.3.6)' completed
2025-03-10T17:43:18.361+0800 [DEBUG] [org.gradle.internal.operations.DefaultBuildOperationRunner] Build operation 'Resolve org.eclipse.paho.client.mqttv3-1.2.5.jar (org.eclipse.paho:org.eclipse.paho.client.mqttv3:1.2.5)' started
2025-03-10T17:43:18.361+0800 [DEBUG] [org.gradle.internal.operations.DefaultBuildOperationRunner] Completing Build operation 'Resolve kotlin-stdlib-2.1.10.jar (org.jetbrains.kotlin:kotlin-stdlib:2.1.10)'
2025-03-10T17:43:18.361+0800 [DEBUG] [org.gradle.internal.operations.DefaultBuildOperationRunner] Build operation 'Resolve kotlin-stdlib-2.1.10.jar (org.jetbrains.kotlin:kotlin-stdlib:2.1.10)' completed
2025-03-10T17:43:18.361+0800 [DEBUG] [org.gradle.internal.operations.DefaultBuildOperationRunner] Build operation 'Resolve postgresql-42.5.4.jar (org.postgresql:postgresql:42.5.4)' started
2025-03-10T17:43:18.361+0800 [DEBUG] [org.gradle.internal.operations.DefaultBuildOperationRunner] Completing Build operation 'Resolve ktor-io-jvm-2.3.6.jar (io.ktor:ktor-io-jvm:2.3.6)'
2025-03-10T17:43:18.361+0800 [DEBUG] [org.gradle.internal.operations.DefaultBuildOperationRunner] Build operation 'Resolve HikariCP-5.0.1.jar (com.zaxxer:HikariCP:5.0.1)' started
2025-03-10T17:43:18.361+0800 [DEBUG] [org.gradle.internal.operations.DefaultBuildOperationRunner] Completing Build operation 'Resolve kotlinx-coroutines-core-jvm-1.7.1.jar (org.jetbrains.kotlinx:kotlinx-coroutines-core-jvm:1.7.1)'
2025-03-10T17:43:18.361+0800 [DEBUG] [org.gradle.internal.operations.DefaultBuildOperationRunner] Build operation 'Resolve kotlinx-coroutines-core-jvm-1.7.1.jar (org.jetbrains.kotlinx:kotlinx-coroutines-core-jvm:1.7.1)' completed
2025-03-10T17:43:18.361+0800 [DEBUG] [org.gradle.internal.operations.DefaultBuildOperationRunner] Build operation 'Resolve logback-classic-1.4.11.jar (ch.qos.logback:logback-classic:1.4.11)' started
2025-03-10T17:43:18.361+0800 [DEBUG] [org.gradle.internal.operations.DefaultBuildOperationRunner] Completing Build operation 'Resolve ktor-server-cors-jvm-2.3.6.jar (io.ktor:ktor-server-cors-jvm:2.3.6)'
2025-03-10T17:43:18.361+0800 [DEBUG] [org.gradle.internal.operations.DefaultBuildOperationRunner] Build operation 'Resolve ktor-server-cors-jvm-2.3.6.jar (io.ktor:ktor-server-cors-jvm:2.3.6)' completed
2025-03-10T17:43:18.361+0800 [DEBUG] [org.gradle.internal.operations.DefaultBuildOperationRunner] Build operation 'Resolve annotations-23.0.0.jar (org.jetbrains:annotations:23.0.0)' started
2025-03-10T17:43:18.360+0800 [DEBUG] [org.gradle.internal.resources.AbstractTrackedResourceLock] Unconstrained build operations Thread 28: acquired lock on worker lease
2025-03-10T17:43:18.361+0800 [DEBUG] [org.gradle.internal.operations.DefaultBuildOperationRunner] Build operation 'Resolve exposed-java-time-0.41.1.jar (org.jetbrains.exposed:exposed-java-time:0.41.1)' started
2025-03-10T17:43:18.360+0800 [DEBUG] [org.gradle.internal.operations.DefaultBuildOperationRunner] Build operation 'Resolve exposed-core-0.41.1.jar (org.jetbrains.exposed:exposed-core:0.41.1)' started
2025-03-10T17:43:18.361+0800 [DEBUG] [org.gradle.internal.operations.DefaultBuildOperationRunner] Completing Build operation 'Resolve ktor-server-websockets-jvm-2.3.6.jar (io.ktor:ktor-server-websockets-jvm:2.3.6)'
2025-03-10T17:43:18.361+0800 [DEBUG] [org.gradle.internal.operations.DefaultBuildOperationRunner] Build operation 'Resolve ktor-server-websockets-jvm-2.3.6.jar (io.ktor:ktor-server-websockets-jvm:2.3.6)' completed
2025-03-10T17:43:18.361+0800 [DEBUG] [org.gradle.internal.operations.DefaultBuildOperationRunner] Completing Build operation 'Resolve kotlinx-coroutines-jdk8-1.7.1.jar (org.jetbrains.kotlinx:kotlinx-coroutines-jdk8:1.7.1)'
2025-03-10T17:43:18.361+0800 [DEBUG] [org.gradle.internal.operations.DefaultBuildOperationRunner] Build operation 'Resolve kotlinx-coroutines-jdk8-1.7.1.jar (org.jetbrains.kotlinx:kotlinx-coroutines-jdk8:1.7.1)' completed
2025-03-10T17:43:18.361+0800 [DEBUG] [org.gradle.internal.operations.DefaultBuildOperationRunner] Build operation 'Resolve logback-core-1.4.11.jar (ch.qos.logback:logback-core:1.4.11)' started
2025-03-10T17:43:18.360+0800 [DEBUG] [org.gradle.internal.operations.DefaultBuildOperationRunner] Build operation 'Resolve kotlinx-serialization-json-jvm-1.5.1.jar (org.jetbrains.kotlinx:kotlinx-serialization-json-jvm:1.5.1)' started
2025-03-10T17:43:18.360+0800 [DEBUG] [sun.rmi.transport.tcp] RMI RenewClean-[127.0.0.1:17969,org.jetbrains.kotlin.daemon.common.LoopbackNetworkInterface$ClientLoopbackSocketFactory@4d6e1e1e]: reuse connection
2025-03-10T17:43:18.360+0800 [DEBUG] [org.gradle.internal.operations.DefaultBuildOperationRunner] Build operation 'Resolve kotlinx-serialization-core-jvm-1.5.1.jar (org.jetbrains.kotlinx:kotlinx-serialization-core-jvm:1.5.1)' completed
2025-03-10T17:43:18.361+0800 [DEBUG] [org.gradle.internal.operations.DefaultBuildOperationRunner] Build operation 'Resolve config-1.4.2.jar (com.typesafe:config:1.4.2)' started
2025-03-10T17:43:18.360+0800 [DEBUG] [org.gradle.internal.operations.DefaultBuildOperationRunner] Completing Build operation 'Resolve kotlin-stdlib-jdk7-1.8.22.jar (org.jetbrains.kotlin:kotlin-stdlib-jdk7:1.8.22)'
2025-03-10T17:43:18.361+0800 [DEBUG] [org.gradle.internal.operations.DefaultBuildOperationRunner] Build operation 'Resolve kotlin-stdlib-jdk7-1.8.22.jar (org.jetbrains.kotlin:kotlin-stdlib-jdk7:1.8.22)' completed
2025-03-10T17:43:18.361+0800 [DEBUG] [org.gradle.internal.operations.DefaultBuildOperationRunner] Build operation 'Resolve netty-codec-http2-4.1.97.Final.jar (io.netty:netty-codec-http2:4.1.97.Final)' started
2025-03-10T17:43:18.361+0800 [DEBUG] [org.gradle.internal.operations.DefaultBuildOperationRunner] Completing Build operation 'Resolve config-1.4.2.jar (com.typesafe:config:1.4.2)'
2025-03-10T17:43:18.361+0800 [DEBUG] [org.gradle.internal.operations.DefaultBuildOperationRunner] Build operation 'Resolve config-1.4.2.jar (com.typesafe:config:1.4.2)' completed
2025-03-10T17:43:18.361+0800 [DEBUG] [org.gradle.internal.operations.DefaultBuildOperationRunner] Build operation 'Resolve alpn-api-1.1.3.v20160715.jar (org.eclipse.jetty.alpn:alpn-api:1.1.3.v20160715)' started
2025-03-10T17:43:18.361+0800 [DEBUG] [sun.rmi.transport.tcp] RMI RenewClean-[127.0.0.1:17969,org.jetbrains.kotlin.daemon.common.LoopbackNetworkInterface$ClientLoopbackSocketFactory@4d6e1e1e]: create reaper
2025-03-10T17:43:18.361+0800 [DEBUG] [org.gradle.internal.operations.DefaultBuildOperationRunner] Completing Build operation 'Resolve kotlinx-serialization-json-jvm-1.5.1.jar (org.jetbrains.kotlinx:kotlinx-serialization-json-jvm:1.5.1)'
2025-03-10T17:43:18.361+0800 [DEBUG] [org.gradle.internal.operations.DefaultBuildOperationRunner] Build operation 'Resolve kotlinx-serialization-json-jvm-1.5.1.jar (org.jetbrains.kotlinx:kotlinx-serialization-json-jvm:1.5.1)' completed
2025-03-10T17:43:18.361+0800 [DEBUG] [org.gradle.internal.operations.DefaultBuildOperationRunner] Completing Build operation 'Resolve logback-core-1.4.11.jar (ch.qos.logback:logback-core:1.4.11)'
2025-03-10T17:43:18.361+0800 [DEBUG] [org.gradle.internal.operations.DefaultBuildOperationRunner] Build operation 'Resolve logback-core-1.4.11.jar (ch.qos.logback:logback-core:1.4.11)' completed
2025-03-10T17:43:18.362+0800 [DEBUG] [org.gradle.internal.operations.DefaultBuildOperationRunner] Build operation 'Resolve netty-transport-native-epoll-4.1.97.Final.jar (io.netty:netty-transport-native-epoll:4.1.97.Final)' started
2025-03-10T17:43:18.361+0800 [DEBUG] [org.gradle.internal.operations.DefaultBuildOperationRunner] Build operation 'Resolve slf4j-api-2.0.7.jar (org.slf4j:slf4j-api:2.0.7)' started
2025-03-10T17:43:18.362+0800 [DEBUG] [org.gradle.internal.operations.DefaultBuildOperationRunner] Completing Build operation 'Resolve slf4j-api-2.0.7.jar (org.slf4j:slf4j-api:2.0.7)'
2025-03-10T17:43:18.362+0800 [DEBUG] [org.gradle.internal.operations.DefaultBuildOperationRunner] Build operation 'Resolve slf4j-api-2.0.7.jar (org.slf4j:slf4j-api:2.0.7)' completed
2025-03-10T17:43:18.362+0800 [DEBUG] [org.gradle.internal.operations.DefaultBuildOperationRunner] Build operation 'Resolve netty-codec-http-4.1.97.Final.jar (io.netty:netty-codec-http:4.1.97.Final)' started
2025-03-10T17:43:18.362+0800 [DEBUG] [org.gradle.internal.operations.DefaultBuildOperationRunner] Completing Build operation 'Resolve exposed-java-time-0.41.1.jar (org.jetbrains.exposed:exposed-java-time:0.41.1)'
2025-03-10T17:43:18.362+0800 [DEBUG] [org.gradle.internal.operations.DefaultBuildOperationRunner] Build operation 'Resolve exposed-java-time-0.41.1.jar (org.jetbrains.exposed:exposed-java-time:0.41.1)' completed
2025-03-10T17:43:18.362+0800 [DEBUG] [org.gradle.internal.operations.DefaultBuildOperationRunner] Build operation 'Resolve netty-handler-4.1.97.Final.jar (io.netty:netty-handler:4.1.97.Final)' started
2025-03-10T17:43:18.362+0800 [DEBUG] [org.gradle.internal.operations.DefaultBuildOperationRunner] Completing Build operation 'Resolve netty-handler-4.1.97.Final.jar (io.netty:netty-handler:4.1.97.Final)'
2025-03-10T17:43:18.362+0800 [DEBUG] [org.gradle.internal.operations.DefaultBuildOperationRunner] Build operation 'Resolve netty-handler-4.1.97.Final.jar (io.netty:netty-handler:4.1.97.Final)' completed
2025-03-10T17:43:18.362+0800 [DEBUG] [org.gradle.internal.operations.DefaultBuildOperationRunner] Build operation 'Resolve netty-codec-4.1.97.Final.jar (io.netty:netty-codec:4.1.97.Final)' started
2025-03-10T17:43:18.362+0800 [DEBUG] [org.gradle.internal.operations.DefaultBuildOperationRunner] Completing Build operation 'Resolve logback-classic-1.4.11.jar (ch.qos.logback:logback-classic:1.4.11)'
2025-03-10T17:43:18.362+0800 [DEBUG] [org.gradle.internal.operations.DefaultBuildOperationRunner] Build operation 'Resolve logback-classic-1.4.11.jar (ch.qos.logback:logback-classic:1.4.11)' completed
2025-03-10T17:43:18.362+0800 [DEBUG] [org.gradle.internal.operations.DefaultBuildOperationRunner] Build operation 'Resolve netty-transport-classes-kqueue-4.1.97.Final.jar (io.netty:netty-transport-classes-kqueue:4.1.97.Final)' started
2025-03-10T17:43:18.362+0800 [DEBUG] [org.gradle.internal.operations.DefaultBuildOperationRunner] Completing Build operation 'Resolve netty-transport-classes-kqueue-4.1.97.Final.jar (io.netty:netty-transport-classes-kqueue:4.1.97.Final)'
2025-03-10T17:43:18.362+0800 [DEBUG] [org.gradle.internal.operations.DefaultBuildOperationRunner] Build operation 'Resolve netty-transport-classes-kqueue-4.1.97.Final.jar (io.netty:netty-transport-classes-kqueue:4.1.97.Final)' completed
2025-03-10T17:43:18.362+0800 [DEBUG] [org.gradle.internal.operations.DefaultBuildOperationRunner] Build operation 'Resolve netty-transport-classes-epoll-4.1.97.Final.jar (io.netty:netty-transport-classes-epoll:4.1.97.Final)' started
2025-03-10T17:43:18.362+0800 [DEBUG] [org.gradle.internal.operations.DefaultBuildOperationRunner] Completing Build operation 'Resolve postgresql-42.5.4.jar (org.postgresql:postgresql:42.5.4)'
2025-03-10T17:43:18.362+0800 [DEBUG] [org.gradle.internal.operations.DefaultBuildOperationRunner] Build operation 'Resolve postgresql-42.5.4.jar (org.postgresql:postgresql:42.5.4)' completed
2025-03-10T17:43:18.362+0800 [DEBUG] [org.gradle.internal.operations.DefaultBuildOperationRunner] Build operation 'Resolve netty-transport-native-unix-common-4.1.97.Final.jar (io.netty:netty-transport-native-unix-common:4.1.97.Final)' started
2025-03-10T17:43:18.362+0800 [DEBUG] [org.gradle.internal.operations.DefaultBuildOperationRunner] Completing Build operation 'Resolve org.eclipse.paho.client.mqttv3-1.2.5.jar (org.eclipse.paho:org.eclipse.paho.client.mqttv3:1.2.5)'
2025-03-10T17:43:18.362+0800 [DEBUG] [org.gradle.internal.operations.DefaultBuildOperationRunner] Build operation 'Resolve org.eclipse.paho.client.mqttv3-1.2.5.jar (org.eclipse.paho:org.eclipse.paho.client.mqttv3:1.2.5)' completed
2025-03-10T17:43:18.362+0800 [DEBUG] [org.gradle.internal.operations.DefaultBuildOperationRunner] Build operation 'Resolve netty-transport-4.1.97.Final.jar (io.netty:netty-transport:4.1.97.Final)' started
2025-03-10T17:43:18.362+0800 [DEBUG] [org.gradle.internal.operations.DefaultBuildOperationRunner] Completing Build operation 'Resolve netty-transport-native-unix-common-4.1.97.Final.jar (io.netty:netty-transport-native-unix-common:4.1.97.Final)'
2025-03-10T17:43:18.362+0800 [DEBUG] [org.gradle.internal.operations.DefaultBuildOperationRunner] Build operation 'Resolve netty-transport-native-unix-common-4.1.97.Final.jar (io.netty:netty-transport-native-unix-common:4.1.97.Final)' completed
2025-03-10T17:43:18.362+0800 [DEBUG] [org.gradle.internal.operations.DefaultBuildOperationRunner] Build operation 'Resolve netty-buffer-4.1.97.Final.jar (io.netty:netty-buffer:4.1.97.Final)' started
2025-03-10T17:43:18.362+0800 [DEBUG] [org.gradle.internal.operations.DefaultBuildOperationRunner] Completing Build operation 'Resolve netty-transport-classes-epoll-4.1.97.Final.jar (io.netty:netty-transport-classes-epoll:4.1.97.Final)'
2025-03-10T17:43:18.362+0800 [DEBUG] [org.gradle.internal.operations.DefaultBuildOperationRunner] Build operation 'Resolve netty-transport-classes-epoll-4.1.97.Final.jar (io.netty:netty-transport-classes-epoll:4.1.97.Final)' completed
2025-03-10T17:43:18.362+0800 [DEBUG] [org.gradle.internal.operations.DefaultBuildOperationRunner] Build operation 'Resolve netty-resolver-4.1.97.Final.jar (io.netty:netty-resolver:4.1.97.Final)' started
2025-03-10T17:43:18.362+0800 [DEBUG] [org.gradle.internal.operations.DefaultBuildOperationRunner] Completing Build operation 'Resolve HikariCP-5.0.1.jar (com.zaxxer:HikariCP:5.0.1)'
2025-03-10T17:43:18.362+0800 [DEBUG] [org.gradle.internal.operations.DefaultBuildOperationRunner] Build operation 'Resolve netty-common-4.1.97.Final.jar (io.netty:netty-common:4.1.97.Final)' started
2025-03-10T17:43:18.362+0800 [DEBUG] [org.gradle.internal.operations.DefaultBuildOperationRunner] Completing Build operation 'Resolve netty-codec-4.1.97.Final.jar (io.netty:netty-codec:4.1.97.Final)'
2025-03-10T17:43:18.362+0800 [DEBUG] [org.gradle.internal.operations.DefaultBuildOperationRunner] Build operation 'Resolve netty-codec-4.1.97.Final.jar (io.netty:netty-codec:4.1.97.Final)' completed
2025-03-10T17:43:18.362+0800 [DEBUG] [org.gradle.internal.resources.AbstractTrackedResourceLock] Unconstrained build operations Thread 28: released lock on worker lease
2025-03-10T17:43:18.362+0800 [DEBUG] [org.gradle.internal.operations.DefaultBuildOperationRunner] Completing Build operation 'Resolve annotations-23.0.0.jar (org.jetbrains:annotations:23.0.0)'
2025-03-10T17:43:18.362+0800 [DEBUG] [org.gradle.internal.operations.DefaultBuildOperationRunner] Build operation 'Resolve annotations-23.0.0.jar (org.jetbrains:annotations:23.0.0)' completed
2025-03-10T17:43:18.362+0800 [DEBUG] [org.gradle.internal.operations.DefaultBuildOperationRunner] Completing Build operation 'Resolve netty-codec-http-4.1.97.Final.jar (io.netty:netty-codec-http:4.1.97.Final)'
2025-03-10T17:43:18.362+0800 [DEBUG] [org.gradle.internal.operations.DefaultBuildOperationRunner] Build operation 'Resolve netty-codec-http-4.1.97.Final.jar (io.netty:netty-codec-http:4.1.97.Final)' completed
2025-03-10T17:43:18.362+0800 [DEBUG] [org.gradle.internal.operations.DefaultBuildOperationRunner] Completing Build operation 'Resolve exposed-core-0.41.1.jar (org.jetbrains.exposed:exposed-core:0.41.1)'
2025-03-10T17:43:18.362+0800 [DEBUG] [org.gradle.internal.operations.DefaultBuildOperationRunner] Build operation 'Resolve exposed-core-0.41.1.jar (org.jetbrains.exposed:exposed-core:0.41.1)' completed
2025-03-10T17:43:18.363+0800 [DEBUG] [org.gradle.internal.operations.DefaultBuildOperationRunner] Completing Build operation 'Resolve netty-transport-native-epoll-4.1.97.Final.jar (io.netty:netty-transport-native-epoll:4.1.97.Final)'
2025-03-10T17:43:18.363+0800 [DEBUG] [org.gradle.internal.operations.DefaultBuildOperationRunner] Build operation 'Resolve netty-transport-native-epoll-4.1.97.Final.jar (io.netty:netty-transport-native-epoll:4.1.97.Final)' completed
2025-03-10T17:43:18.361+0800 [DEBUG] [org.gradle.internal.operations.DefaultBuildOperationRunner] Build operation 'Resolve netty-transport-native-kqueue-4.1.97.Final.jar (io.netty:netty-transport-native-kqueue:4.1.97.Final)' started
2025-03-10T17:43:18.363+0800 [DEBUG] [org.gradle.internal.operations.DefaultBuildOperationRunner] Completing Build operation 'Resolve netty-transport-native-kqueue-4.1.97.Final.jar (io.netty:netty-transport-native-kqueue:4.1.97.Final)'
2025-03-10T17:43:18.363+0800 [DEBUG] [org.gradle.internal.operations.DefaultBuildOperationRunner] Build operation 'Resolve netty-transport-native-kqueue-4.1.97.Final.jar (io.netty:netty-transport-native-kqueue:4.1.97.Final)' completed
2025-03-10T17:43:18.363+0800 [DEBUG] [org.gradle.internal.operations.DefaultBuildOperationRunner] Completing Build operation 'Resolve netty-codec-http2-4.1.97.Final.jar (io.netty:netty-codec-http2:4.1.97.Final)'
2025-03-10T17:43:18.363+0800 [DEBUG] [org.gradle.internal.operations.DefaultBuildOperationRunner] Build operation 'Resolve netty-codec-http2-4.1.97.Final.jar (io.netty:netty-codec-http2:4.1.97.Final)' completed
2025-03-10T17:43:18.363+0800 [DEBUG] [org.gradle.internal.operations.DefaultBuildOperationRunner] Completing Build operation 'Resolve alpn-api-1.1.3.v20160715.jar (org.eclipse.jetty.alpn:alpn-api:1.1.3.v20160715)'
2025-03-10T17:43:18.363+0800 [DEBUG] [org.gradle.internal.operations.DefaultBuildOperationRunner] Build operation 'Resolve alpn-api-1.1.3.v20160715.jar (org.eclipse.jetty.alpn:alpn-api:1.1.3.v20160715)' completed
2025-03-10T17:43:18.362+0800 [DEBUG] [org.gradle.internal.resources.AbstractTrackedResourceLock] Execution worker Thread 9: acquired lock on worker lease
2025-03-10T17:43:18.363+0800 [DEBUG] [org.gradle.internal.resources.AbstractTrackedResourceLock] Execution worker Thread 9: released lock on worker lease
2025-03-10T17:43:18.363+0800 [DEBUG] [org.gradle.internal.operations.DefaultBuildOperationRunner] Completing Build operation 'Resolve netty-common-4.1.97.Final.jar (io.netty:netty-common:4.1.97.Final)'
2025-03-10T17:43:18.363+0800 [DEBUG] [org.gradle.internal.operations.DefaultBuildOperationRunner] Completing Build operation 'Resolve netty-resolver-4.1.97.Final.jar (io.netty:netty-resolver:4.1.97.Final)'
2025-03-10T17:43:18.363+0800 [DEBUG] [org.gradle.internal.operations.DefaultBuildOperationRunner] Build operation 'Resolve netty-resolver-4.1.97.Final.jar (io.netty:netty-resolver:4.1.97.Final)' completed
2025-03-10T17:43:18.363+0800 [DEBUG] [org.gradle.internal.operations.DefaultBuildOperationRunner] Completing Build operation 'Resolve netty-buffer-4.1.97.Final.jar (io.netty:netty-buffer:4.1.97.Final)'
2025-03-10T17:43:18.363+0800 [DEBUG] [org.gradle.internal.operations.DefaultBuildOperationRunner] Build operation 'Resolve netty-buffer-4.1.97.Final.jar (io.netty:netty-buffer:4.1.97.Final)' completed
2025-03-10T17:43:18.363+0800 [DEBUG] [org.gradle.internal.operations.DefaultBuildOperationRunner] Completing Build operation 'Resolve netty-transport-4.1.97.Final.jar (io.netty:netty-transport:4.1.97.Final)'
2025-03-10T17:43:18.363+0800 [DEBUG] [org.gradle.internal.operations.DefaultBuildOperationRunner] Build operation 'Resolve netty-transport-4.1.97.Final.jar (io.netty:netty-transport:4.1.97.Final)' completed
2025-03-10T17:43:18.363+0800 [DEBUG] [org.gradle.internal.resources.AbstractTrackedResourceLock] Unconstrained build operations Thread 27: released lock on worker lease
2025-03-10T17:43:18.363+0800 [DEBUG] [org.gradle.internal.resources.AbstractTrackedResourceLock] Unconstrained build operations Thread 34: released lock on worker lease
2025-03-10T17:43:18.363+0800 [DEBUG] [org.gradle.internal.resources.AbstractTrackedResourceLock] Unconstrained build operations Thread 37: released lock on worker lease
2025-03-10T17:43:18.363+0800 [DEBUG] [org.gradle.internal.resources.AbstractTrackedResourceLock] Unconstrained build operations Thread 33: released lock on worker lease
2025-03-10T17:43:18.363+0800 [DEBUG] [org.gradle.internal.resources.AbstractTrackedResourceLock] Unconstrained build operations Thread 29: released lock on worker lease
2025-03-10T17:43:18.363+0800 [DEBUG] [org.gradle.internal.resources.AbstractTrackedResourceLock] Unconstrained build operations Thread 30: released lock on worker lease
2025-03-10T17:43:18.363+0800 [DEBUG] [org.gradle.internal.resources.AbstractTrackedResourceLock] Unconstrained build operations Thread 32: released lock on worker lease
2025-03-10T17:43:18.363+0800 [DEBUG] [org.gradle.internal.resources.AbstractTrackedResourceLock] Execution worker Thread 2: acquired lock on worker lease
2025-03-10T17:43:18.363+0800 [DEBUG] [org.gradle.internal.resources.AbstractTrackedResourceLock] Execution worker Thread 2: released lock on worker lease
2025-03-10T17:43:18.363+0800 [DEBUG] [org.gradle.internal.resources.AbstractTrackedResourceLock] Execution worker Thread 3: acquired lock on worker lease
2025-03-10T17:43:18.363+0800 [DEBUG] [org.gradle.internal.resources.AbstractTrackedResourceLock] Execution worker Thread 3: released lock on worker lease
2025-03-10T17:43:18.363+0800 [DEBUG] [org.gradle.internal.resources.AbstractTrackedResourceLock] Execution worker Thread 5: acquired lock on worker lease
2025-03-10T17:43:18.363+0800 [DEBUG] [org.gradle.internal.resources.AbstractTrackedResourceLock] Execution worker Thread 5: released lock on worker lease
2025-03-10T17:43:18.363+0800 [DEBUG] [org.gradle.internal.resources.AbstractTrackedResourceLock] Execution worker Thread 7: acquired lock on worker lease
2025-03-10T17:43:18.363+0800 [DEBUG] [org.gradle.internal.resources.AbstractTrackedResourceLock] Execution worker Thread 7: released lock on worker lease
2025-03-10T17:43:18.363+0800 [DEBUG] [org.gradle.internal.resources.AbstractTrackedResourceLock] Execution worker Thread 4: acquired lock on worker lease
2025-03-10T17:43:18.363+0800 [DEBUG] [org.gradle.internal.resources.AbstractTrackedResourceLock] Execution worker Thread 4: released lock on worker lease
2025-03-10T17:43:18.363+0800 [DEBUG] [org.gradle.internal.resources.AbstractTrackedResourceLock] Execution worker Thread 11: acquired lock on worker lease
2025-03-10T17:43:18.363+0800 [DEBUG] [org.gradle.internal.resources.AbstractTrackedResourceLock] Execution worker Thread 11: released lock on worker lease
2025-03-10T17:43:18.363+0800 [DEBUG] [org.gradle.internal.resources.AbstractTrackedResourceLock] included builds: acquired lock on worker lease
2025-03-10T17:43:18.363+0800 [DEBUG] [org.gradle.internal.resources.AbstractTrackedResourceLock] included builds: released lock on worker lease
2025-03-10T17:43:18.363+0800 [DEBUG] [org.gradle.internal.resources.AbstractTrackedResourceLock] Execution worker Thread 10: acquired lock on worker lease
2025-03-10T17:43:18.363+0800 [DEBUG] [org.gradle.internal.resources.AbstractTrackedResourceLock] Execution worker Thread 10: released lock on worker lease
2025-03-10T17:43:18.363+0800 [DEBUG] [org.gradle.internal.resources.AbstractTrackedResourceLock] Execution worker Thread 6: acquired lock on worker lease
2025-03-10T17:43:18.363+0800 [DEBUG] [org.gradle.internal.resources.AbstractTrackedResourceLock] Execution worker Thread 6: released lock on worker lease
2025-03-10T17:43:18.363+0800 [DEBUG] [org.gradle.internal.resources.AbstractTrackedResourceLock] Execution worker Thread 8: acquired lock on worker lease
2025-03-10T17:43:18.363+0800 [DEBUG] [org.gradle.internal.resources.AbstractTrackedResourceLock] Execution worker Thread 8: released lock on worker lease
2025-03-10T17:43:18.363+0800 [DEBUG] [org.gradle.internal.resources.AbstractTrackedResourceLock] Execution worker Thread 9: acquired lock on worker lease
2025-03-10T17:43:18.363+0800 [DEBUG] [org.gradle.internal.resources.AbstractTrackedResourceLock] Execution worker Thread 9: released lock on worker lease
2025-03-10T17:43:18.363+0800 [DEBUG] [org.gradle.internal.resources.AbstractTrackedResourceLock] Unconstrained build operations Thread 31: released lock on worker lease
2025-03-10T17:43:18.363+0800 [DEBUG] [org.gradle.internal.resources.AbstractTrackedResourceLock] Unconstrained build operations Thread 36: released lock on worker lease
2025-03-10T17:43:18.363+0800 [DEBUG] [org.gradle.internal.resources.AbstractTrackedResourceLock] Unconstrained build operations Thread 35: released lock on worker lease
2025-03-10T17:43:18.364+0800 [DEBUG] [org.gradle.internal.resources.AbstractTrackedResourceLock] Execution worker Thread 9: acquired lock on worker lease
2025-03-10T17:43:18.364+0800 [DEBUG] [org.gradle.internal.resources.AbstractTrackedResourceLock] Execution worker Thread 9: released lock on worker lease
2025-03-10T17:43:18.364+0800 [DEBUG] [org.gradle.internal.operations.DefaultBuildOperationRunner] Completing Build operation 'Resolve files of configuration ':compileClasspath''
2025-03-10T17:43:18.364+0800 [DEBUG] [org.gradle.internal.resources.AbstractTrackedResourceLock] Execution worker Thread 8: acquired lock on worker lease
2025-03-10T17:43:18.364+0800 [DEBUG] [org.gradle.internal.resources.AbstractTrackedResourceLock] Execution worker Thread 8: released lock on worker lease
2025-03-10T17:43:18.364+0800 [DEBUG] [org.gradle.internal.resources.AbstractTrackedResourceLock] Execution worker Thread 6: acquired lock on worker lease
2025-03-10T17:43:18.364+0800 [DEBUG] [org.gradle.internal.resources.AbstractTrackedResourceLock] Execution worker Thread 6: released lock on worker lease
2025-03-10T17:43:18.364+0800 [DEBUG] [org.gradle.internal.resources.AbstractTrackedResourceLock] Execution worker Thread 10: acquired lock on worker lease
2025-03-10T17:43:18.364+0800 [DEBUG] [org.gradle.internal.resources.AbstractTrackedResourceLock] Execution worker Thread 10: released lock on worker lease
2025-03-10T17:43:18.364+0800 [DEBUG] [org.gradle.internal.resources.AbstractTrackedResourceLock] included builds: acquired lock on worker lease
2025-03-10T17:43:18.364+0800 [DEBUG] [org.gradle.internal.resources.AbstractTrackedResourceLock] included builds: released lock on worker lease
2025-03-10T17:43:18.364+0800 [DEBUG] [org.gradle.internal.resources.AbstractTrackedResourceLock] Execution worker Thread 11: acquired lock on worker lease
2025-03-10T17:43:18.364+0800 [DEBUG] [org.gradle.internal.resources.AbstractTrackedResourceLock] Execution worker Thread 11: released lock on worker lease
2025-03-10T17:43:18.364+0800 [DEBUG] [org.gradle.internal.resources.AbstractTrackedResourceLock] Execution worker Thread 4: acquired lock on worker lease
2025-03-10T17:43:18.364+0800 [DEBUG] [org.gradle.internal.resources.AbstractTrackedResourceLock] Execution worker Thread 4: released lock on worker lease
2025-03-10T17:43:18.364+0800 [DEBUG] [org.gradle.internal.resources.AbstractTrackedResourceLock] Execution worker Thread 7: acquired lock on worker lease
2025-03-10T17:43:18.364+0800 [DEBUG] [org.gradle.internal.resources.AbstractTrackedResourceLock] Execution worker Thread 7: released lock on worker lease
2025-03-10T17:43:18.364+0800 [DEBUG] [org.gradle.internal.resources.AbstractTrackedResourceLock] Execution worker Thread 5: acquired lock on worker lease
2025-03-10T17:43:18.364+0800 [DEBUG] [org.gradle.internal.resources.AbstractTrackedResourceLock] Execution worker Thread 5: released lock on worker lease
2025-03-10T17:43:18.364+0800 [DEBUG] [org.gradle.internal.resources.AbstractTrackedResourceLock] Execution worker Thread 3: acquired lock on worker lease
2025-03-10T17:43:18.364+0800 [DEBUG] [org.gradle.internal.resources.AbstractTrackedResourceLock] Execution worker Thread 3: released lock on worker lease
2025-03-10T17:43:18.364+0800 [DEBUG] [org.gradle.internal.resources.AbstractTrackedResourceLock] Execution worker Thread 2: acquired lock on worker lease
2025-03-10T17:43:18.364+0800 [DEBUG] [org.gradle.internal.resources.AbstractTrackedResourceLock] Execution worker Thread 2: released lock on worker lease
2025-03-10T17:43:18.365+0800 [DEBUG] [org.gradle.internal.operations.DefaultBuildOperationRunner] Build operation 'Resolve dependencies of :kotlinBuildToolsApiClasspath' started
2025-03-10T17:43:18.369+0800 [DEBUG] [org.gradle.internal.operations.DefaultBuildOperationRunner] Completing Build operation 'Resolve dependencies of :kotlinBuildToolsApiClasspath'
2025-03-10T17:43:18.370+0800 [DEBUG] [org.gradle.internal.operations.DefaultBuildOperationRunner] Build operation 'Resolve files of configuration ':kotlinBuildToolsApiClasspath'' started
2025-03-10T17:43:18.371+0800 [DEBUG] [org.gradle.internal.operations.DefaultBuildOperationRunner] Build operation 'Resolve kotlin-build-tools-impl-2.1.10.jar (org.jetbrains.kotlin:kotlin-build-tools-impl:2.1.10)' started
2025-03-10T17:43:18.371+0800 [DEBUG] [org.gradle.internal.resources.AbstractTrackedResourceLock] Unconstrained build operations Thread 38: acquired lock on worker lease
2025-03-10T17:43:18.371+0800 [DEBUG] [org.gradle.internal.resources.AbstractTrackedResourceLock] Unconstrained build operations Thread 39: acquired lock on worker lease
2025-03-10T17:43:18.371+0800 [DEBUG] [org.gradle.internal.operations.DefaultBuildOperationRunner] Build operation 'Resolve kotlin-build-tools-api-2.1.10.jar (org.jetbrains.kotlin:kotlin-build-tools-api:2.1.10)' started
2025-03-10T17:43:18.371+0800 [DEBUG] [org.gradle.internal.resources.AbstractTrackedResourceLock] Unconstrained build operations Thread 47: acquired lock on worker lease
2025-03-10T17:43:18.371+0800 [DEBUG] [org.gradle.internal.operations.DefaultBuildOperationRunner] Build operation 'Resolve kotlin-compiler-embeddable-2.1.10.jar (org.jetbrains.kotlin:kotlin-compiler-embeddable:2.1.10)' started
2025-03-10T17:43:18.371+0800 [DEBUG] [org.gradle.internal.resources.AbstractTrackedResourceLock] Unconstrained build operations Thread 45: acquired lock on worker lease
2025-03-10T17:43:18.371+0800 [DEBUG] [org.gradle.internal.operations.DefaultBuildOperationRunner] Build operation 'Resolve annotations-13.0.jar (org.jetbrains:annotations:13.0)' started
2025-03-10T17:43:18.371+0800 [DEBUG] [org.gradle.internal.operations.DefaultBuildOperationRunner] Completing Build operation 'Resolve kotlin-build-tools-impl-2.1.10.jar (org.jetbrains.kotlin:kotlin-build-tools-impl:2.1.10)'
2025-03-10T17:43:18.372+0800 [DEBUG] [org.gradle.internal.operations.DefaultBuildOperationRunner] Build operation 'Resolve kotlin-daemon-embeddable-2.1.10.jar (org.jetbrains.kotlin:kotlin-daemon-embeddable:2.1.10)' started
2025-03-10T17:43:18.372+0800 [DEBUG] [org.gradle.internal.operations.DefaultBuildOperationRunner] Completing Build operation 'Resolve annotations-13.0.jar (org.jetbrains:annotations:13.0)'
2025-03-10T17:43:18.372+0800 [DEBUG] [org.gradle.internal.operations.DefaultBuildOperationRunner] Build operation 'Resolve annotations-13.0.jar (org.jetbrains:annotations:13.0)' completed
2025-03-10T17:43:18.372+0800 [DEBUG] [org.gradle.internal.operations.DefaultBuildOperationRunner] Build operation 'Resolve trove4j-1.0.20200330.jar (org.jetbrains.intellij.deps:trove4j:1.0.20200330)' started
2025-03-10T17:43:18.371+0800 [DEBUG] [org.gradle.internal.resources.AbstractTrackedResourceLock] Unconstrained build operations Thread 43: acquired lock on worker lease
2025-03-10T17:43:18.372+0800 [DEBUG] [org.gradle.internal.operations.DefaultBuildOperationRunner] Build operation 'Resolve kotlin-scripting-jvm-2.1.10.jar (org.jetbrains.kotlin:kotlin-scripting-jvm:2.1.10)' started
2025-03-10T17:43:18.371+0800 [DEBUG] [org.gradle.internal.operations.DefaultBuildOperationRunner] Build operation 'Resolve kotlin-reflect-1.6.10.jar (org.jetbrains.kotlin:kotlin-reflect:1.6.10)' started
2025-03-10T17:43:18.372+0800 [DEBUG] [org.gradle.internal.operations.DefaultBuildOperationRunner] Completing Build operation 'Resolve kotlin-build-tools-api-2.1.10.jar (org.jetbrains.kotlin:kotlin-build-tools-api:2.1.10)'
2025-03-10T17:43:18.372+0800 [DEBUG] [org.gradle.internal.operations.DefaultBuildOperationRunner] Build operation 'Resolve kotlin-build-tools-api-2.1.10.jar (org.jetbrains.kotlin:kotlin-build-tools-api:2.1.10)' completed
2025-03-10T17:43:18.372+0800 [DEBUG] [org.gradle.internal.operations.DefaultBuildOperationRunner] Build operation 'Resolve kotlinx-coroutines-core-jvm-1.6.4.jar (org.jetbrains.kotlinx:kotlinx-coroutines-core-jvm:1.6.4)' started
2025-03-10T17:43:18.372+0800 [DEBUG] [org.gradle.internal.operations.DefaultBuildOperationRunner] Completing Build operation 'Resolve kotlin-reflect-1.6.10.jar (org.jetbrains.kotlin:kotlin-reflect:1.6.10)'
2025-03-10T17:43:18.372+0800 [DEBUG] [org.gradle.internal.operations.DefaultBuildOperationRunner] Build operation 'Resolve kotlin-reflect-1.6.10.jar (org.jetbrains.kotlin:kotlin-reflect:1.6.10)' completed
2025-03-10T17:43:18.372+0800 [DEBUG] [org.gradle.internal.operations.DefaultBuildOperationRunner] Build operation 'Resolve kotlin-build-common-2.1.10.jar (org.jetbrains.kotlin:kotlin-build-common:2.1.10)' started
2025-03-10T17:43:18.372+0800 [DEBUG] [org.gradle.internal.operations.DefaultBuildOperationRunner] Completing Build operation 'Resolve kotlin-compiler-embeddable-2.1.10.jar (org.jetbrains.kotlin:kotlin-compiler-embeddable:2.1.10)'
2025-03-10T17:43:18.372+0800 [DEBUG] [org.gradle.internal.operations.DefaultBuildOperationRunner] Build operation 'Resolve kotlin-compiler-embeddable-2.1.10.jar (org.jetbrains.kotlin:kotlin-compiler-embeddable:2.1.10)' completed
2025-03-10T17:43:18.373+0800 [DEBUG] [org.gradle.internal.operations.DefaultBuildOperationRunner] Completing Build operation 'Resolve kotlin-scripting-jvm-2.1.10.jar (org.jetbrains.kotlin:kotlin-scripting-jvm:2.1.10)'
2025-03-10T17:43:18.373+0800 [DEBUG] [org.gradle.internal.operations.DefaultBuildOperationRunner] Build operation 'Resolve kotlin-scripting-jvm-2.1.10.jar (org.jetbrains.kotlin:kotlin-scripting-jvm:2.1.10)' completed
2025-03-10T17:43:18.372+0800 [DEBUG] [org.gradle.internal.resources.AbstractTrackedResourceLock] Unconstrained build operations Thread 42: acquired lock on worker lease
2025-03-10T17:43:18.373+0800 [DEBUG] [org.gradle.internal.operations.DefaultBuildOperationRunner] Build operation 'Resolve kotlin-daemon-client-2.1.10.jar (org.jetbrains.kotlin:kotlin-daemon-client:2.1.10)' started
2025-03-10T17:43:18.373+0800 [DEBUG] [org.gradle.internal.operations.DefaultBuildOperationRunner] Completing Build operation 'Resolve trove4j-1.0.20200330.jar (org.jetbrains.intellij.deps:trove4j:1.0.20200330)'
2025-03-10T17:43:18.373+0800 [DEBUG] [org.gradle.internal.operations.DefaultBuildOperationRunner] Build operation 'Resolve trove4j-1.0.20200330.jar (org.jetbrains.intellij.deps:trove4j:1.0.20200330)' completed
2025-03-10T17:43:18.373+0800 [DEBUG] [org.gradle.internal.operations.DefaultBuildOperationRunner] Completing Build operation 'Resolve kotlin-daemon-embeddable-2.1.10.jar (org.jetbrains.kotlin:kotlin-daemon-embeddable:2.1.10)'
2025-03-10T17:43:18.373+0800 [DEBUG] [org.gradle.internal.operations.DefaultBuildOperationRunner] Completing Build operation 'Resolve kotlin-daemon-client-2.1.10.jar (org.jetbrains.kotlin:kotlin-daemon-client:2.1.10)'
2025-03-10T17:43:18.373+0800 [DEBUG] [org.gradle.internal.operations.DefaultBuildOperationRunner] Build operation 'Resolve kotlin-daemon-client-2.1.10.jar (org.jetbrains.kotlin:kotlin-daemon-client:2.1.10)' completed
2025-03-10T17:43:18.373+0800 [DEBUG] [org.gradle.internal.resources.AbstractTrackedResourceLock] Unconstrained build operations Thread 48: acquired lock on worker lease
2025-03-10T17:43:18.373+0800 [DEBUG] [org.gradle.internal.operations.DefaultBuildOperationRunner] Build operation 'Resolve kotlin-compiler-runner-2.1.10.jar (org.jetbrains.kotlin:kotlin-compiler-runner:2.1.10)' started
2025-03-10T17:43:18.373+0800 [DEBUG] [org.gradle.internal.operations.DefaultBuildOperationRunner] Completing Build operation 'Resolve kotlin-build-common-2.1.10.jar (org.jetbrains.kotlin:kotlin-build-common:2.1.10)'
2025-03-10T17:43:18.373+0800 [DEBUG] [org.gradle.internal.operations.DefaultBuildOperationRunner] Build operation 'Resolve kotlin-build-common-2.1.10.jar (org.jetbrains.kotlin:kotlin-build-common:2.1.10)' completed
2025-03-10T17:43:18.373+0800 [DEBUG] [org.gradle.internal.operations.DefaultBuildOperationRunner] Completing Build operation 'Resolve kotlinx-coroutines-core-jvm-1.6.4.jar (org.jetbrains.kotlinx:kotlinx-coroutines-core-jvm:1.6.4)'
2025-03-10T17:43:18.373+0800 [DEBUG] [org.gradle.internal.operations.DefaultBuildOperationRunner] Build operation 'Resolve kotlinx-coroutines-core-jvm-1.6.4.jar (org.jetbrains.kotlinx:kotlinx-coroutines-core-jvm:1.6.4)' completed
2025-03-10T17:43:18.373+0800 [DEBUG] [org.gradle.internal.operations.DefaultBuildOperationRunner] Completing Build operation 'Resolve kotlin-compiler-runner-2.1.10.jar (org.jetbrains.kotlin:kotlin-compiler-runner:2.1.10)'
2025-03-10T17:43:18.373+0800 [DEBUG] [org.gradle.internal.operations.DefaultBuildOperationRunner] Build operation 'Resolve kotlin-compiler-runner-2.1.10.jar (org.jetbrains.kotlin:kotlin-compiler-runner:2.1.10)' completed
2025-03-10T17:43:18.373+0800 [DEBUG] [org.gradle.internal.resources.AbstractTrackedResourceLock] Unconstrained build operations Thread 41: acquired lock on worker lease
2025-03-10T17:43:18.373+0800 [DEBUG] [org.gradle.internal.operations.DefaultBuildOperationRunner] Build operation 'Resolve kotlin-scripting-compiler-impl-embeddable-2.1.10.jar (org.jetbrains.kotlin:kotlin-scripting-compiler-impl-embeddable:2.1.10)' started
2025-03-10T17:43:18.373+0800 [DEBUG] [org.gradle.internal.resources.AbstractTrackedResourceLock] Unconstrained build operations Thread 40: acquired lock on worker lease
2025-03-10T17:43:18.373+0800 [DEBUG] [org.gradle.internal.operations.DefaultBuildOperationRunner] Build operation 'Resolve kotlin-scripting-compiler-embeddable-2.1.10.jar (org.jetbrains.kotlin:kotlin-scripting-compiler-embeddable:2.1.10)' started
2025-03-10T17:43:18.373+0800 [DEBUG] [org.gradle.internal.operations.DefaultBuildOperationRunner] Completing Build operation 'Resolve kotlin-scripting-compiler-impl-embeddable-2.1.10.jar (org.jetbrains.kotlin:kotlin-scripting-compiler-impl-embeddable:2.1.10)'
2025-03-10T17:43:18.374+0800 [DEBUG] [org.gradle.internal.operations.DefaultBuildOperationRunner] Build operation 'Resolve kotlin-scripting-compiler-impl-embeddable-2.1.10.jar (org.jetbrains.kotlin:kotlin-scripting-compiler-impl-embeddable:2.1.10)' completed
2025-03-10T17:43:18.374+0800 [DEBUG] [org.gradle.internal.operations.DefaultBuildOperationRunner] Completing Build operation 'Resolve kotlin-scripting-compiler-embeddable-2.1.10.jar (org.jetbrains.kotlin:kotlin-scripting-compiler-embeddable:2.1.10)'
2025-03-10T17:43:18.374+0800 [DEBUG] [org.gradle.internal.operations.DefaultBuildOperationRunner] Build operation 'Resolve kotlin-scripting-compiler-embeddable-2.1.10.jar (org.jetbrains.kotlin:kotlin-scripting-compiler-embeddable:2.1.10)' completed
2025-03-10T17:43:18.373+0800 [DEBUG] [org.gradle.internal.resources.AbstractTrackedResourceLock] Unconstrained build operations Thread 48: released lock on worker lease
2025-03-10T17:43:18.374+0800 [DEBUG] [org.gradle.internal.resources.AbstractTrackedResourceLock] Unconstrained build operations Thread 38: released lock on worker lease
2025-03-10T17:43:18.374+0800 [DEBUG] [org.gradle.internal.resources.AbstractTrackedResourceLock] Unconstrained build operations Thread 47: released lock on worker lease
2025-03-10T17:43:18.374+0800 [DEBUG] [org.gradle.internal.resources.AbstractTrackedResourceLock] Unconstrained build operations Thread 42: released lock on worker lease
2025-03-10T17:43:18.374+0800 [DEBUG] [org.gradle.internal.resources.AbstractTrackedResourceLock] Unconstrained build operations Thread 45: released lock on worker lease
2025-03-10T17:43:18.374+0800 [DEBUG] [org.gradle.internal.resources.AbstractTrackedResourceLock] Unconstrained build operations Thread 43: released lock on worker lease
2025-03-10T17:43:18.374+0800 [DEBUG] [org.gradle.internal.resources.AbstractTrackedResourceLock] Unconstrained build operations Thread 39: released lock on worker lease
2025-03-10T17:43:18.374+0800 [DEBUG] [org.gradle.internal.resources.AbstractTrackedResourceLock] Unconstrained build operations Thread 44: acquired lock on worker lease
2025-03-10T17:43:18.374+0800 [DEBUG] [org.gradle.internal.operations.DefaultBuildOperationRunner] Build operation 'Resolve kotlin-scripting-common-2.1.10.jar (org.jetbrains.kotlin:kotlin-scripting-common:2.1.10)' started
2025-03-10T17:43:18.374+0800 [DEBUG] [org.gradle.internal.resources.AbstractTrackedResourceLock] Unconstrained build operations Thread 46: acquired lock on worker lease
2025-03-10T17:43:18.374+0800 [DEBUG] [org.gradle.internal.operations.DefaultBuildOperationRunner] Build operation 'Resolve kotlin-script-runtime-2.1.10.jar (org.jetbrains.kotlin:kotlin-script-runtime:2.1.10)' started
2025-03-10T17:43:18.374+0800 [DEBUG] [org.gradle.internal.operations.DefaultBuildOperationRunner] Completing Build operation 'Resolve kotlin-scripting-common-2.1.10.jar (org.jetbrains.kotlin:kotlin-scripting-common:2.1.10)'
2025-03-10T17:43:18.374+0800 [DEBUG] [org.gradle.internal.operations.DefaultBuildOperationRunner] Build operation 'Resolve kotlin-scripting-common-2.1.10.jar (org.jetbrains.kotlin:kotlin-scripting-common:2.1.10)' completed
2025-03-10T17:43:18.374+0800 [DEBUG] [org.gradle.internal.operations.DefaultBuildOperationRunner] Completing Build operation 'Resolve kotlin-script-runtime-2.1.10.jar (org.jetbrains.kotlin:kotlin-script-runtime:2.1.10)'
2025-03-10T17:43:18.374+0800 [DEBUG] [org.gradle.internal.operations.DefaultBuildOperationRunner] Build operation 'Resolve kotlin-script-runtime-2.1.10.jar (org.jetbrains.kotlin:kotlin-script-runtime:2.1.10)' completed
2025-03-10T17:43:18.374+0800 [DEBUG] [org.gradle.internal.resources.AbstractTrackedResourceLock] Execution worker Thread 2: acquired lock on worker lease
2025-03-10T17:43:18.375+0800 [DEBUG] [org.gradle.internal.resources.AbstractTrackedResourceLock] Execution worker Thread 2: released lock on worker lease
2025-03-10T17:43:18.375+0800 [DEBUG] [org.gradle.internal.resources.AbstractTrackedResourceLock] Execution worker Thread 3: acquired lock on worker lease
2025-03-10T17:43:18.375+0800 [DEBUG] [org.gradle.internal.resources.AbstractTrackedResourceLock] Execution worker Thread 3: released lock on worker lease
2025-03-10T17:43:18.375+0800 [DEBUG] [org.gradle.internal.resources.AbstractTrackedResourceLock] Execution worker Thread 5: acquired lock on worker lease
2025-03-10T17:43:18.375+0800 [DEBUG] [org.gradle.internal.resources.AbstractTrackedResourceLock] Execution worker Thread 5: released lock on worker lease
2025-03-10T17:43:18.375+0800 [DEBUG] [org.gradle.internal.resources.AbstractTrackedResourceLock] Execution worker Thread 7: acquired lock on worker lease
2025-03-10T17:43:18.375+0800 [DEBUG] [org.gradle.internal.resources.AbstractTrackedResourceLock] Execution worker Thread 7: released lock on worker lease
2025-03-10T17:43:18.375+0800 [DEBUG] [org.gradle.internal.resources.AbstractTrackedResourceLock] Execution worker Thread 4: acquired lock on worker lease
2025-03-10T17:43:18.375+0800 [DEBUG] [org.gradle.internal.resources.AbstractTrackedResourceLock] Execution worker Thread 4: released lock on worker lease
2025-03-10T17:43:18.375+0800 [DEBUG] [org.gradle.internal.resources.AbstractTrackedResourceLock] Execution worker Thread 11: acquired lock on worker lease
2025-03-10T17:43:18.375+0800 [DEBUG] [org.gradle.internal.resources.AbstractTrackedResourceLock] Execution worker Thread 11: released lock on worker lease
2025-03-10T17:43:18.375+0800 [DEBUG] [org.gradle.internal.resources.AbstractTrackedResourceLock] included builds: acquired lock on worker lease
2025-03-10T17:43:18.375+0800 [DEBUG] [org.gradle.internal.resources.AbstractTrackedResourceLock] included builds: released lock on worker lease
2025-03-10T17:43:18.375+0800 [DEBUG] [org.gradle.internal.resources.AbstractTrackedResourceLock] Execution worker Thread 10: acquired lock on worker lease
2025-03-10T17:43:18.375+0800 [DEBUG] [org.gradle.internal.resources.AbstractTrackedResourceLock] Execution worker Thread 10: released lock on worker lease
2025-03-10T17:43:18.375+0800 [DEBUG] [org.gradle.internal.resources.AbstractTrackedResourceLock] Execution worker Thread 6: acquired lock on worker lease
2025-03-10T17:43:18.375+0800 [DEBUG] [org.gradle.internal.resources.AbstractTrackedResourceLock] Execution worker Thread 6: released lock on worker lease
2025-03-10T17:43:18.375+0800 [DEBUG] [org.gradle.internal.resources.AbstractTrackedResourceLock] Execution worker Thread 8: acquired lock on worker lease
2025-03-10T17:43:18.375+0800 [DEBUG] [org.gradle.internal.resources.AbstractTrackedResourceLock] Execution worker Thread 8: released lock on worker lease
2025-03-10T17:43:18.375+0800 [DEBUG] [org.gradle.internal.resources.AbstractTrackedResourceLock] Execution worker Thread 9: acquired lock on worker lease
2025-03-10T17:43:18.375+0800 [DEBUG] [org.gradle.internal.resources.AbstractTrackedResourceLock] Execution worker Thread 9: released lock on worker lease
2025-03-10T17:43:18.375+0800 [DEBUG] [org.gradle.internal.resources.AbstractTrackedResourceLock] Unconstrained build operations Thread 40: released lock on worker lease
2025-03-10T17:43:18.375+0800 [DEBUG] [org.gradle.internal.resources.AbstractTrackedResourceLock] Unconstrained build operations Thread 41: released lock on worker lease
2025-03-10T17:43:18.375+0800 [DEBUG] [org.gradle.internal.resources.AbstractTrackedResourceLock] Execution worker Thread 9: acquired lock on worker lease
2025-03-10T17:43:18.375+0800 [DEBUG] [org.gradle.internal.resources.AbstractTrackedResourceLock] Execution worker Thread 9: released lock on worker lease
2025-03-10T17:43:18.375+0800 [DEBUG] [org.gradle.internal.resources.AbstractTrackedResourceLock] Execution worker Thread 8: acquired lock on worker lease
2025-03-10T17:43:18.376+0800 [DEBUG] [org.gradle.internal.resources.AbstractTrackedResourceLock] Execution worker Thread 8: released lock on worker lease
2025-03-10T17:43:18.376+0800 [DEBUG] [org.gradle.internal.resources.AbstractTrackedResourceLock] Execution worker Thread 6: acquired lock on worker lease
2025-03-10T17:43:18.376+0800 [DEBUG] [org.gradle.internal.resources.AbstractTrackedResourceLock] Execution worker Thread 6: released lock on worker lease
2025-03-10T17:43:18.376+0800 [DEBUG] [org.gradle.internal.resources.AbstractTrackedResourceLock] Execution worker Thread 10: acquired lock on worker lease
2025-03-10T17:43:18.376+0800 [DEBUG] [org.gradle.internal.resources.AbstractTrackedResourceLock] Execution worker Thread 10: released lock on worker lease
2025-03-10T17:43:18.376+0800 [DEBUG] [org.gradle.internal.resources.AbstractTrackedResourceLock] included builds: acquired lock on worker lease
2025-03-10T17:43:18.376+0800 [DEBUG] [org.gradle.internal.resources.AbstractTrackedResourceLock] included builds: released lock on worker lease
2025-03-10T17:43:18.376+0800 [DEBUG] [org.gradle.internal.resources.AbstractTrackedResourceLock] Execution worker Thread 11: acquired lock on worker lease
2025-03-10T17:43:18.376+0800 [DEBUG] [org.gradle.internal.resources.AbstractTrackedResourceLock] Execution worker Thread 11: released lock on worker lease
2025-03-10T17:43:18.376+0800 [DEBUG] [org.gradle.internal.resources.AbstractTrackedResourceLock] Execution worker Thread 4: acquired lock on worker lease
2025-03-10T17:43:18.376+0800 [DEBUG] [org.gradle.internal.resources.AbstractTrackedResourceLock] Execution worker Thread 4: released lock on worker lease
2025-03-10T17:43:18.376+0800 [DEBUG] [org.gradle.internal.resources.AbstractTrackedResourceLock] Execution worker Thread 7: acquired lock on worker lease
2025-03-10T17:43:18.376+0800 [DEBUG] [org.gradle.internal.resources.AbstractTrackedResourceLock] Execution worker Thread 7: released lock on worker lease
2025-03-10T17:43:18.376+0800 [DEBUG] [org.gradle.internal.resources.AbstractTrackedResourceLock] Execution worker Thread 5: acquired lock on worker lease
2025-03-10T17:43:18.376+0800 [DEBUG] [org.gradle.internal.resources.AbstractTrackedResourceLock] Execution worker Thread 5: released lock on worker lease
2025-03-10T17:43:18.376+0800 [DEBUG] [org.gradle.internal.resources.AbstractTrackedResourceLock] Execution worker Thread 3: acquired lock on worker lease
2025-03-10T17:43:18.376+0800 [DEBUG] [org.gradle.internal.resources.AbstractTrackedResourceLock] Execution worker Thread 3: released lock on worker lease
2025-03-10T17:43:18.376+0800 [DEBUG] [org.gradle.internal.resources.AbstractTrackedResourceLock] Execution worker Thread 2: acquired lock on worker lease
2025-03-10T17:43:18.376+0800 [DEBUG] [org.gradle.internal.resources.AbstractTrackedResourceLock] Execution worker Thread 2: released lock on worker lease
2025-03-10T17:43:18.376+0800 [DEBUG] [org.gradle.internal.resources.AbstractTrackedResourceLock] Unconstrained build operations Thread 46: released lock on worker lease
2025-03-10T17:43:18.376+0800 [DEBUG] [org.gradle.internal.resources.AbstractTrackedResourceLock] Unconstrained build operations Thread 44: released lock on worker lease
2025-03-10T17:43:18.376+0800 [DEBUG] [org.gradle.internal.resources.AbstractTrackedResourceLock] Execution worker Thread 2: acquired lock on worker lease
2025-03-10T17:43:18.376+0800 [DEBUG] [org.gradle.internal.resources.AbstractTrackedResourceLock] Execution worker Thread 2: released lock on worker lease
2025-03-10T17:43:18.376+0800 [DEBUG] [org.gradle.internal.resources.AbstractTrackedResourceLock] Execution worker Thread 3: acquired lock on worker lease
2025-03-10T17:43:18.376+0800 [DEBUG] [org.gradle.internal.resources.AbstractTrackedResourceLock] Execution worker Thread 3: released lock on worker lease
2025-03-10T17:43:18.376+0800 [DEBUG] [org.gradle.internal.resources.AbstractTrackedResourceLock] Execution worker Thread 5: acquired lock on worker lease
2025-03-10T17:43:18.377+0800 [DEBUG] [org.gradle.internal.resources.AbstractTrackedResourceLock] Execution worker Thread 5: released lock on worker lease
2025-03-10T17:43:18.377+0800 [DEBUG] [org.gradle.internal.resources.AbstractTrackedResourceLock] Execution worker Thread 7: acquired lock on worker lease
2025-03-10T17:43:18.377+0800 [DEBUG] [org.gradle.internal.resources.AbstractTrackedResourceLock] Execution worker Thread 7: released lock on worker lease
2025-03-10T17:43:18.377+0800 [DEBUG] [org.gradle.internal.resources.AbstractTrackedResourceLock] Execution worker Thread 4: acquired lock on worker lease
2025-03-10T17:43:18.377+0800 [DEBUG] [org.gradle.internal.resources.AbstractTrackedResourceLock] Execution worker Thread 4: released lock on worker lease
2025-03-10T17:43:18.377+0800 [DEBUG] [org.gradle.internal.resources.AbstractTrackedResourceLock] Execution worker Thread 11: acquired lock on worker lease
2025-03-10T17:43:18.377+0800 [DEBUG] [org.gradle.internal.resources.AbstractTrackedResourceLock] Execution worker Thread 11: released lock on worker lease
2025-03-10T17:43:18.377+0800 [DEBUG] [org.gradle.internal.resources.AbstractTrackedResourceLock] included builds: acquired lock on worker lease
2025-03-10T17:43:18.377+0800 [DEBUG] [org.gradle.internal.resources.AbstractTrackedResourceLock] included builds: released lock on worker lease
2025-03-10T17:43:18.377+0800 [DEBUG] [org.gradle.internal.resources.AbstractTrackedResourceLock] Execution worker Thread 10: acquired lock on worker lease
2025-03-10T17:43:18.377+0800 [DEBUG] [org.gradle.internal.resources.AbstractTrackedResourceLock] Execution worker Thread 10: released lock on worker lease
2025-03-10T17:43:18.377+0800 [DEBUG] [org.gradle.internal.resources.AbstractTrackedResourceLock] Execution worker Thread 6: acquired lock on worker lease
2025-03-10T17:43:18.377+0800 [DEBUG] [org.gradle.internal.resources.AbstractTrackedResourceLock] Execution worker Thread 6: released lock on worker lease
2025-03-10T17:43:18.377+0800 [DEBUG] [org.gradle.internal.resources.AbstractTrackedResourceLock] Execution worker Thread 8: acquired lock on worker lease
2025-03-10T17:43:18.377+0800 [DEBUG] [org.gradle.internal.resources.AbstractTrackedResourceLock] Execution worker Thread 8: released lock on worker lease
2025-03-10T17:43:18.377+0800 [DEBUG] [org.gradle.internal.resources.AbstractTrackedResourceLock] Execution worker Thread 9: acquired lock on worker lease
2025-03-10T17:43:18.377+0800 [DEBUG] [org.gradle.internal.resources.AbstractTrackedResourceLock] Execution worker Thread 9: released lock on worker lease
2025-03-10T17:43:18.377+0800 [DEBUG] [org.gradle.internal.operations.DefaultBuildOperationRunner] Completing Build operation 'Resolve files of configuration ':kotlinBuildToolsApiClasspath''
2025-03-10T17:43:18.378+0800 [DEBUG] [org.gradle.internal.operations.DefaultBuildOperationRunner] Build operation 'Fingerprint transform inputs' started
2025-03-10T17:43:18.378+0800 [DEBUG] [org.gradle.internal.operations.DefaultBuildOperationRunner] Completing Build operation 'Fingerprint transform inputs'
2025-03-10T17:43:18.378+0800 [DEBUG] [org.gradle.internal.operations.DefaultBuildOperationRunner] Build operation 'Identifying work' started
2025-03-10T17:43:18.378+0800 [DEBUG] [org.gradle.internal.operations.DefaultBuildOperationRunner] Completing Build operation 'Identifying work'
2025-03-10T17:43:18.378+0800 [DEBUG] [org.gradle.internal.operations.DefaultBuildOperationRunner] Build operation 'Identifying work' started
2025-03-10T17:43:18.378+0800 [DEBUG] [org.gradle.internal.operations.DefaultBuildOperationRunner] Completing Build operation 'Identifying work'
2025-03-10T17:43:18.378+0800 [DEBUG] [org.gradle.internal.operations.DefaultBuildOperationRunner] Build operation 'Identifying work' started
2025-03-10T17:43:18.378+0800 [DEBUG] [org.gradle.internal.operations.DefaultBuildOperationRunner] Completing Build operation 'Identifying work'
2025-03-10T17:43:18.378+0800 [DEBUG] [org.gradle.internal.operations.DefaultBuildOperationRunner] Build operation 'Identifying work' started
2025-03-10T17:43:18.378+0800 [DEBUG] [org.gradle.internal.operations.DefaultBuildOperationRunner] Completing Build operation 'Identifying work'
2025-03-10T17:43:18.378+0800 [DEBUG] [org.gradle.internal.operations.DefaultBuildOperationRunner] Build operation 'Identifying work' started
2025-03-10T17:43:18.378+0800 [DEBUG] [org.gradle.internal.operations.DefaultBuildOperationRunner] Completing Build operation 'Identifying work'
2025-03-10T17:43:18.379+0800 [DEBUG] [org.gradle.internal.operations.DefaultBuildOperationRunner] Build operation 'Identifying work' started
2025-03-10T17:43:18.379+0800 [DEBUG] [org.gradle.internal.operations.DefaultBuildOperationRunner] Completing Build operation 'Identifying work'
2025-03-10T17:43:18.379+0800 [DEBUG] [org.gradle.internal.operations.DefaultBuildOperationRunner] Build operation 'Identifying work' started
2025-03-10T17:43:18.379+0800 [DEBUG] [org.gradle.internal.operations.DefaultBuildOperationRunner] Completing Build operation 'Identifying work'
2025-03-10T17:43:18.379+0800 [DEBUG] [org.gradle.internal.operations.DefaultBuildOperationRunner] Build operation 'Identifying work' started
2025-03-10T17:43:18.379+0800 [DEBUG] [org.gradle.internal.operations.DefaultBuildOperationRunner] Completing Build operation 'Identifying work'
2025-03-10T17:43:18.379+0800 [DEBUG] [org.gradle.internal.operations.DefaultBuildOperationRunner] Build operation 'Identifying work' started
2025-03-10T17:43:18.379+0800 [DEBUG] [org.gradle.internal.operations.DefaultBuildOperationRunner] Completing Build operation 'Identifying work'
2025-03-10T17:43:18.379+0800 [DEBUG] [org.gradle.internal.operations.DefaultBuildOperationRunner] Build operation 'Identifying work' started
2025-03-10T17:43:18.379+0800 [DEBUG] [org.gradle.internal.operations.DefaultBuildOperationRunner] Completing Build operation 'Identifying work'
2025-03-10T17:43:18.379+0800 [DEBUG] [org.gradle.internal.operations.DefaultBuildOperationRunner] Build operation 'Identifying work' started
2025-03-10T17:43:18.379+0800 [DEBUG] [org.gradle.internal.operations.DefaultBuildOperationRunner] Completing Build operation 'Identifying work'
2025-03-10T17:43:18.379+0800 [DEBUG] [org.gradle.internal.operations.DefaultBuildOperationRunner] Build operation 'Identifying work' started
2025-03-10T17:43:18.379+0800 [DEBUG] [org.gradle.internal.operations.DefaultBuildOperationRunner] Completing Build operation 'Identifying work'
2025-03-10T17:43:18.379+0800 [DEBUG] [org.gradle.internal.operations.DefaultBuildOperationRunner] Build operation 'Identifying work' started
2025-03-10T17:43:18.379+0800 [DEBUG] [org.gradle.internal.operations.DefaultBuildOperationRunner] Completing Build operation 'Identifying work'
2025-03-10T17:43:18.379+0800 [DEBUG] [org.gradle.internal.operations.DefaultBuildOperationRunner] Build operation 'Identifying work' started
2025-03-10T17:43:18.379+0800 [DEBUG] [org.gradle.internal.operations.DefaultBuildOperationRunner] Completing Build operation 'Identifying work'
2025-03-10T17:43:18.379+0800 [DEBUG] [org.gradle.internal.operations.DefaultBuildOperationRunner] Build operation 'Identifying work' started
2025-03-10T17:43:18.379+0800 [DEBUG] [org.gradle.internal.operations.DefaultBuildOperationRunner] Completing Build operation 'Identifying work'
2025-03-10T17:43:18.379+0800 [DEBUG] [org.gradle.internal.operations.DefaultBuildOperationRunner] Build operation 'Identifying work' started
2025-03-10T17:43:18.379+0800 [DEBUG] [org.gradle.internal.operations.DefaultBuildOperationRunner] Completing Build operation 'Identifying work'
2025-03-10T17:43:18.379+0800 [DEBUG] [org.gradle.internal.operations.DefaultBuildOperationRunner] Build operation 'Identifying work' started
2025-03-10T17:43:18.379+0800 [DEBUG] [org.gradle.internal.operations.DefaultBuildOperationRunner] Completing Build operation 'Identifying work'
2025-03-10T17:43:18.379+0800 [DEBUG] [org.gradle.internal.operations.DefaultBuildOperationRunner] Build operation 'Identifying work' started
2025-03-10T17:43:18.379+0800 [DEBUG] [org.gradle.internal.operations.DefaultBuildOperationRunner] Completing Build operation 'Identifying work'
2025-03-10T17:43:18.379+0800 [DEBUG] [org.gradle.internal.operations.DefaultBuildOperationRunner] Build operation 'Identifying work' started
2025-03-10T17:43:18.379+0800 [DEBUG] [org.gradle.internal.operations.DefaultBuildOperationRunner] Completing Build operation 'Identifying work'
2025-03-10T17:43:18.380+0800 [DEBUG] [org.gradle.internal.operations.DefaultBuildOperationRunner] Build operation 'Identifying work' started
2025-03-10T17:43:18.380+0800 [DEBUG] [org.gradle.internal.operations.DefaultBuildOperationRunner] Completing Build operation 'Identifying work'
2025-03-10T17:43:18.380+0800 [DEBUG] [org.gradle.internal.operations.DefaultBuildOperationRunner] Build operation 'Identifying work' started
2025-03-10T17:43:18.380+0800 [DEBUG] [org.gradle.internal.operations.DefaultBuildOperationRunner] Completing Build operation 'Identifying work'
2025-03-10T17:43:18.380+0800 [DEBUG] [org.gradle.internal.operations.DefaultBuildOperationRunner] Build operation 'Identifying work' started
2025-03-10T17:43:18.380+0800 [DEBUG] [org.gradle.internal.operations.DefaultBuildOperationRunner] Completing Build operation 'Identifying work'
2025-03-10T17:43:18.380+0800 [DEBUG] [org.gradle.internal.operations.DefaultBuildOperationRunner] Build operation 'Identifying work' started
2025-03-10T17:43:18.380+0800 [DEBUG] [org.gradle.internal.operations.DefaultBuildOperationRunner] Completing Build operation 'Identifying work'
2025-03-10T17:43:18.380+0800 [DEBUG] [org.gradle.internal.operations.DefaultBuildOperationRunner] Build operation 'Identifying work' started
2025-03-10T17:43:18.380+0800 [DEBUG] [org.gradle.internal.operations.DefaultBuildOperationRunner] Completing Build operation 'Identifying work'
2025-03-10T17:43:18.380+0800 [DEBUG] [org.gradle.internal.operations.DefaultBuildOperationRunner] Build operation 'Identifying work' started
2025-03-10T17:43:18.380+0800 [DEBUG] [org.gradle.internal.operations.DefaultBuildOperationRunner] Completing Build operation 'Identifying work'
2025-03-10T17:43:18.380+0800 [DEBUG] [org.gradle.internal.operations.DefaultBuildOperationRunner] Build operation 'Identifying work' started
2025-03-10T17:43:18.380+0800 [DEBUG] [org.gradle.internal.operations.DefaultBuildOperationRunner] Completing Build operation 'Identifying work'
2025-03-10T17:43:18.380+0800 [DEBUG] [org.gradle.internal.operations.DefaultBuildOperationRunner] Build operation 'Identifying work' started
2025-03-10T17:43:18.380+0800 [DEBUG] [org.gradle.internal.operations.DefaultBuildOperationRunner] Completing Build operation 'Identifying work'
2025-03-10T17:43:18.380+0800 [DEBUG] [org.gradle.internal.operations.DefaultBuildOperationRunner] Build operation 'Identifying work' started
2025-03-10T17:43:18.380+0800 [DEBUG] [org.gradle.internal.operations.DefaultBuildOperationRunner] Completing Build operation 'Identifying work'
2025-03-10T17:43:18.380+0800 [DEBUG] [org.gradle.internal.operations.DefaultBuildOperationRunner] Build operation 'Identifying work' started
2025-03-10T17:43:18.380+0800 [DEBUG] [org.gradle.internal.operations.DefaultBuildOperationRunner] Completing Build operation 'Identifying work'
2025-03-10T17:43:18.380+0800 [DEBUG] [org.gradle.internal.operations.DefaultBuildOperationRunner] Build operation 'Identifying work' started
2025-03-10T17:43:18.380+0800 [DEBUG] [org.gradle.internal.operations.DefaultBuildOperationRunner] Completing Build operation 'Identifying work'
2025-03-10T17:43:18.380+0800 [DEBUG] [org.gradle.internal.operations.DefaultBuildOperationRunner] Build operation 'Identifying work' started
2025-03-10T17:43:18.380+0800 [DEBUG] [org.gradle.internal.operations.DefaultBuildOperationRunner] Completing Build operation 'Identifying work'
2025-03-10T17:43:18.380+0800 [DEBUG] [org.gradle.internal.operations.DefaultBuildOperationRunner] Build operation 'Identifying work' started
2025-03-10T17:43:18.380+0800 [DEBUG] [org.gradle.internal.operations.DefaultBuildOperationRunner] Completing Build operation 'Identifying work'
2025-03-10T17:43:18.380+0800 [DEBUG] [org.gradle.internal.operations.DefaultBuildOperationRunner] Build operation 'Identifying work' started
2025-03-10T17:43:18.380+0800 [DEBUG] [org.gradle.internal.operations.DefaultBuildOperationRunner] Completing Build operation 'Identifying work'
2025-03-10T17:43:18.381+0800 [DEBUG] [org.gradle.internal.operations.DefaultBuildOperationRunner] Build operation 'Identifying work' started
2025-03-10T17:43:18.381+0800 [DEBUG] [org.gradle.internal.operations.DefaultBuildOperationRunner] Completing Build operation 'Identifying work'
2025-03-10T17:43:18.381+0800 [DEBUG] [org.gradle.internal.operations.DefaultBuildOperationRunner] Build operation 'Identifying work' started
2025-03-10T17:43:18.381+0800 [DEBUG] [org.gradle.internal.operations.DefaultBuildOperationRunner] Completing Build operation 'Identifying work'
2025-03-10T17:43:18.381+0800 [DEBUG] [org.gradle.internal.operations.DefaultBuildOperationRunner] Build operation 'Identifying work' started
2025-03-10T17:43:18.381+0800 [DEBUG] [org.gradle.internal.operations.DefaultBuildOperationRunner] Completing Build operation 'Identifying work'
2025-03-10T17:43:18.381+0800 [DEBUG] [org.gradle.internal.operations.DefaultBuildOperationRunner] Build operation 'Identifying work' started
2025-03-10T17:43:18.381+0800 [DEBUG] [org.gradle.internal.operations.DefaultBuildOperationRunner] Completing Build operation 'Identifying work'
2025-03-10T17:43:18.381+0800 [DEBUG] [org.gradle.internal.operations.DefaultBuildOperationRunner] Build operation 'Identifying work' started
2025-03-10T17:43:18.381+0800 [DEBUG] [org.gradle.internal.operations.DefaultBuildOperationRunner] Completing Build operation 'Identifying work'
2025-03-10T17:43:18.381+0800 [DEBUG] [org.gradle.internal.operations.DefaultBuildOperationRunner] Build operation 'Identifying work' started
2025-03-10T17:43:18.381+0800 [DEBUG] [org.gradle.internal.operations.DefaultBuildOperationRunner] Completing Build operation 'Identifying work'
2025-03-10T17:43:18.381+0800 [DEBUG] [org.gradle.internal.operations.DefaultBuildOperationRunner] Build operation 'Identifying work' started
2025-03-10T17:43:18.381+0800 [DEBUG] [org.gradle.internal.operations.DefaultBuildOperationRunner] Completing Build operation 'Identifying work'
2025-03-10T17:43:18.381+0800 [DEBUG] [org.gradle.internal.operations.DefaultBuildOperationRunner] Build operation 'Identifying work' started
2025-03-10T17:43:18.381+0800 [DEBUG] [org.gradle.internal.operations.DefaultBuildOperationRunner] Completing Build operation 'Identifying work'
2025-03-10T17:43:18.381+0800 [DEBUG] [org.gradle.internal.operations.DefaultBuildOperationRunner] Build operation 'Identifying work' started
2025-03-10T17:43:18.381+0800 [DEBUG] [org.gradle.internal.operations.DefaultBuildOperationRunner] Completing Build operation 'Identifying work'
2025-03-10T17:43:18.381+0800 [DEBUG] [org.gradle.internal.operations.DefaultBuildOperationRunner] Build operation 'Identifying work' started
2025-03-10T17:43:18.381+0800 [DEBUG] [org.gradle.internal.operations.DefaultBuildOperationRunner] Completing Build operation 'Identifying work'
2025-03-10T17:43:18.381+0800 [DEBUG] [org.gradle.internal.operations.DefaultBuildOperationRunner] Build operation 'Identifying work' started
2025-03-10T17:43:18.381+0800 [DEBUG] [org.gradle.internal.operations.DefaultBuildOperationRunner] Completing Build operation 'Identifying work'
2025-03-10T17:43:18.381+0800 [DEBUG] [org.gradle.internal.operations.DefaultBuildOperationRunner] Build operation 'Identifying work' started
2025-03-10T17:43:18.381+0800 [DEBUG] [org.gradle.internal.operations.DefaultBuildOperationRunner] Completing Build operation 'Identifying work'
2025-03-10T17:43:18.381+0800 [DEBUG] [org.gradle.internal.operations.DefaultBuildOperationRunner] Build operation 'Identifying work' started
2025-03-10T17:43:18.381+0800 [DEBUG] [org.gradle.internal.operations.DefaultBuildOperationRunner] Completing Build operation 'Identifying work'
2025-03-10T17:43:18.381+0800 [DEBUG] [org.gradle.internal.operations.DefaultBuildOperationRunner] Build operation 'Identifying work' started
2025-03-10T17:43:18.381+0800 [DEBUG] [org.gradle.internal.operations.DefaultBuildOperationRunner] Completing Build operation 'Identifying work'
2025-03-10T17:43:18.382+0800 [DEBUG] [org.gradle.internal.operations.DefaultBuildOperationRunner] Build operation 'Identifying work' started
2025-03-10T17:43:18.382+0800 [DEBUG] [org.gradle.internal.operations.DefaultBuildOperationRunner] Completing Build operation 'Identifying work'
2025-03-10T17:43:18.382+0800 [DEBUG] [org.gradle.internal.operations.DefaultBuildOperationRunner] Build operation 'Identifying work' started
2025-03-10T17:43:18.382+0800 [DEBUG] [org.gradle.internal.operations.DefaultBuildOperationRunner] Completing Build operation 'Identifying work'
2025-03-10T17:43:18.382+0800 [DEBUG] [org.gradle.internal.operations.DefaultBuildOperationRunner] Build operation 'Identifying work' started
2025-03-10T17:43:18.382+0800 [DEBUG] [org.gradle.internal.operations.DefaultBuildOperationRunner] Completing Build operation 'Identifying work'
2025-03-10T17:43:18.382+0800 [DEBUG] [org.gradle.internal.operations.DefaultBuildOperationRunner] Build operation 'Identifying work' started
2025-03-10T17:43:18.382+0800 [DEBUG] [org.gradle.internal.operations.DefaultBuildOperationRunner] Completing Build operation 'Identifying work'
2025-03-10T17:43:18.382+0800 [DEBUG] [org.gradle.internal.operations.DefaultBuildOperationRunner] Build operation 'Identifying work' started
2025-03-10T17:43:18.382+0800 [DEBUG] [org.gradle.internal.operations.DefaultBuildOperationRunner] Completing Build operation 'Identifying work'
2025-03-10T17:43:18.382+0800 [DEBUG] [org.gradle.internal.operations.DefaultBuildOperationRunner] Build operation 'Identifying work' started
2025-03-10T17:43:18.382+0800 [DEBUG] [org.gradle.internal.operations.DefaultBuildOperationRunner] Completing Build operation 'Identifying work'
2025-03-10T17:43:18.382+0800 [DEBUG] [org.gradle.internal.operations.DefaultBuildOperationRunner] Build operation 'Identifying work' started
2025-03-10T17:43:18.382+0800 [DEBUG] [org.gradle.internal.operations.DefaultBuildOperationRunner] Completing Build operation 'Identifying work'
2025-03-10T17:43:18.382+0800 [DEBUG] [org.gradle.internal.operations.DefaultBuildOperationRunner] Completing Build operation 'Resolve files of configuration ':detachedConfiguration1''
2025-03-10T17:43:18.383+0800 [DEBUG] [org.gradle.internal.operations.DefaultBuildOperationRunner] Build operation 'Resolve dependencies of :kotlinCompilerClasspath' started
2025-03-10T17:43:18.385+0800 [DEBUG] [org.gradle.internal.operations.DefaultBuildOperationRunner] Completing Build operation 'Resolve dependencies of :kotlinCompilerClasspath'
2025-03-10T17:43:18.385+0800 [DEBUG] [org.gradle.internal.operations.DefaultBuildOperationRunner] Build operation 'Resolve files of configuration ':kotlinCompilerClasspath'' started
2025-03-10T17:43:18.385+0800 [DEBUG] [org.gradle.internal.operations.DefaultBuildOperationRunner] Completing Build operation 'Resolve files of configuration ':kotlinCompilerClasspath''
2025-03-10T17:43:18.385+0800 [DEBUG] [org.gradle.internal.operations.DefaultBuildOperationRunner] Build operation 'Resolve dependencies of :kotlinCompilerPluginClasspathMain' started
2025-03-10T17:43:18.388+0800 [DEBUG] [org.gradle.internal.operations.DefaultBuildOperationRunner] Completing Build operation 'Resolve dependencies of :kotlinCompilerPluginClasspathMain'
2025-03-10T17:43:18.389+0800 [DEBUG] [org.gradle.internal.operations.DefaultBuildOperationRunner] Build operation 'Resolve files of configuration ':kotlinCompilerPluginClasspathMain'' started
2025-03-10T17:43:18.389+0800 [DEBUG] [org.gradle.internal.operations.DefaultBuildOperationRunner] Build operation 'Resolve kotlin-serialization-compiler-plugin-embeddable-2.1.10.jar (org.jetbrains.kotlin:kotlin-serialization-compiler-plugin-embeddable:2.1.10)' started
2025-03-10T17:43:18.389+0800 [DEBUG] [org.gradle.internal.operations.DefaultBuildOperationRunner] Completing Build operation 'Resolve kotlin-serialization-compiler-plugin-embeddable-2.1.10.jar (org.jetbrains.kotlin:kotlin-serialization-compiler-plugin-embeddable:2.1.10)'
2025-03-10T17:43:18.389+0800 [DEBUG] [org.gradle.internal.operations.DefaultBuildOperationRunner] Completing Build operation 'Resolve files of configuration ':kotlinCompilerPluginClasspathMain''
2025-03-10T17:43:18.389+0800 [DEBUG] [org.gradle.internal.operations.DefaultBuildOperationRunner] Completing Build operation 'Snapshot inputs and outputs before executing task ':compileKotlin''
2025-03-10T17:43:18.390+0800 [DEBUG] [org.gradle.internal.operations.DefaultBuildOperationRunner] Completing Build operation 'Snapshot task inputs for :compileKotlin'
2025-03-10T17:43:18.391+0800 [DEBUG] [org.gradle.internal.operations.DefaultBuildOperationRunner] Build operation 'Executing task ':compileKotlin'' started
2025-03-10T17:43:18.391+0800 [DEBUG] [org.gradle.internal.operations.DefaultBuildOperationRunner] Build operation 'Execute execute for :compileKotlin' started
2025-03-10T17:43:18.392+0800 [DEBUG] [org.gradle.internal.operations.DefaultBuildOperationRunner] Build operation 'Resolve files of configuration ':compileClasspath'' started
2025-03-10T17:43:18.392+0800 [DEBUG] [org.gradle.internal.operations.DefaultBuildOperationRunner] Completing Build operation 'Resolve files of configuration ':compileClasspath''
2025-03-10T17:43:18.395+0800 [DEBUG] [org.gradle.internal.resources.AbstractTrackedResourceLock] Execution worker Thread 2: acquired lock on worker lease
2025-03-10T17:43:18.395+0800 [DEBUG] [org.gradle.internal.resources.AbstractTrackedResourceLock] Execution worker Thread 2: released lock on worker lease
2025-03-10T17:43:18.395+0800 [DEBUG] [org.gradle.internal.resources.AbstractTrackedResourceLock] Execution worker Thread 9: acquired lock on worker lease
2025-03-10T17:43:18.395+0800 [DEBUG] [org.gradle.internal.resources.AbstractTrackedResourceLock] Execution worker Thread 9: released lock on worker lease
2025-03-10T17:43:18.395+0800 [DEBUG] [org.gradle.internal.resources.AbstractTrackedResourceLock] Execution worker Thread 8: acquired lock on worker lease
2025-03-10T17:43:18.395+0800 [DEBUG] [org.gradle.internal.resources.AbstractTrackedResourceLock] Execution worker Thread 8: released lock on worker lease
2025-03-10T17:43:18.395+0800 [DEBUG] [org.gradle.internal.resources.AbstractTrackedResourceLock] Execution worker Thread 6: acquired lock on worker lease
2025-03-10T17:43:18.395+0800 [DEBUG] [org.gradle.internal.resources.AbstractTrackedResourceLock] Execution worker Thread 6: released lock on worker lease
2025-03-10T17:43:18.395+0800 [DEBUG] [org.gradle.internal.resources.AbstractTrackedResourceLock] Execution worker Thread 10: acquired lock on worker lease
2025-03-10T17:43:18.395+0800 [DEBUG] [org.gradle.internal.resources.AbstractTrackedResourceLock] Execution worker Thread 10: released lock on worker lease
2025-03-10T17:43:18.395+0800 [DEBUG] [org.gradle.internal.resources.AbstractTrackedResourceLock] included builds: acquired lock on worker lease
2025-03-10T17:43:18.395+0800 [DEBUG] [org.gradle.internal.resources.AbstractTrackedResourceLock] included builds: released lock on worker lease
2025-03-10T17:43:18.395+0800 [DEBUG] [org.gradle.internal.resources.AbstractTrackedResourceLock] Execution worker Thread 11: acquired lock on worker lease
2025-03-10T17:43:18.395+0800 [DEBUG] [org.gradle.internal.resources.AbstractTrackedResourceLock] Execution worker Thread 11: released lock on worker lease
2025-03-10T17:43:18.395+0800 [DEBUG] [org.gradle.internal.resources.AbstractTrackedResourceLock] Execution worker Thread 4: acquired lock on worker lease
2025-03-10T17:43:18.395+0800 [DEBUG] [org.gradle.internal.resources.AbstractTrackedResourceLock] Execution worker Thread 4: released lock on worker lease
2025-03-10T17:43:18.395+0800 [DEBUG] [org.gradle.internal.resources.AbstractTrackedResourceLock] Execution worker Thread 7: acquired lock on worker lease
2025-03-10T17:43:18.395+0800 [DEBUG] [org.gradle.internal.resources.AbstractTrackedResourceLock] Execution worker Thread 7: released lock on worker lease
2025-03-10T17:43:18.395+0800 [DEBUG] [org.gradle.internal.resources.AbstractTrackedResourceLock] Execution worker Thread 5: acquired lock on worker lease
2025-03-10T17:43:18.396+0800 [DEBUG] [org.gradle.internal.resources.AbstractTrackedResourceLock] Execution worker Thread 5: released lock on worker lease
2025-03-10T17:43:18.396+0800 [DEBUG] [org.gradle.internal.resources.AbstractTrackedResourceLock] Execution worker Thread 3: acquired lock on worker lease
2025-03-10T17:43:18.396+0800 [DEBUG] [org.gradle.internal.resources.AbstractTrackedResourceLock] Execution worker Thread 3: released lock on worker lease
2025-03-10T17:43:18.396+0800 [DEBUG] [org.gradle.internal.resources.AbstractTrackedResourceLock] WorkerExecutor Queue: acquired lock on worker lease
2025-03-10T17:43:18.396+0800 [DEBUG] [org.gradle.internal.operations.DefaultBuildOperationRunner] Build operation 'org.jetbrains.kotlin.compilerRunner.GradleCompilerRunnerWithWorkers$GradleKotlinCompilerWorkAction' started
2025-03-10T17:43:18.408+0800 [DEBUG] [sun.rmi.transport.tcp] RMI TCP Connection(40)-127.0.0.1: accepted socket from [127.0.0.1:51264]
2025-03-10T17:43:18.408+0800 [DEBUG] [sun.rmi.transport.tcp] RMI TCP Connection(40)-127.0.0.1: (port 49782) op = 80
2025-03-10T17:43:18.408+0800 [DEBUG] [sun.rmi.loader] RMI TCP Connection(40)-127.0.0.1: name = "[Ljava.rmi.server.ObjID;", codebase = "", defaultLoader = jdk.internal.loader.ClassLoaders$PlatformClassLoader@4d816e7b
2025-03-10T17:43:18.408+0800 [DEBUG] [sun.rmi.loader] RMI TCP Connection(40)-127.0.0.1: name = "java.rmi.server.ObjID", codebase = "", defaultLoader = jdk.internal.loader.ClassLoaders$PlatformClassLoader@4d816e7b
2025-03-10T17:43:18.408+0800 [DEBUG] [sun.rmi.loader] RMI TCP Connection(40)-127.0.0.1: name = "java.rmi.server.UID", codebase = "", defaultLoader = jdk.internal.loader.ClassLoaders$PlatformClassLoader@4d816e7b
2025-03-10T17:43:18.408+0800 [DEBUG] [sun.rmi.loader] RMI TCP Connection(40)-127.0.0.1: name = "java.rmi.dgc.Lease", codebase = "", defaultLoader = jdk.internal.loader.ClassLoaders$PlatformClassLoader@4d816e7b
2025-03-10T17:43:18.409+0800 [DEBUG] [sun.rmi.loader] RMI TCP Connection(40)-127.0.0.1: name = "java.rmi.dgc.VMID", codebase = "", defaultLoader = jdk.internal.loader.ClassLoaders$PlatformClassLoader@4d816e7b
2025-03-10T17:43:18.409+0800 [DEBUG] [sun.rmi.loader] RMI TCP Connection(40)-127.0.0.1: name = "[B", codebase = "", defaultLoader = jdk.internal.loader.ClassLoaders$PlatformClassLoader@4d816e7b
2025-03-10T17:43:18.411+0800 [DEBUG] [sun.rmi.transport.tcp] RMI TCP Connection(40)-127.0.0.1: (port 49782) op = 80
2025-03-10T17:43:18.412+0800 [DEBUG] [sun.rmi.transport.tcp] RMI TCP Connection(40)-127.0.0.1: (port 49782) op = 80
2025-03-10T17:43:18.412+0800 [DEBUG] [sun.rmi.transport.tcp] RMI TCP Connection(40)-127.0.0.1: (port 49782) op = 80
2025-03-10T17:43:18.413+0800 [DEBUG] [sun.rmi.transport.tcp] RMI TCP Connection(40)-127.0.0.1: (port 49782) op = 80
2025-03-10T17:43:18.413+0800 [DEBUG] [sun.rmi.transport.tcp] RMI TCP Connection(40)-127.0.0.1: (port 49782) op = 80
2025-03-10T17:43:18.413+0800 [DEBUG] [sun.rmi.transport.tcp] RMI TCP Connection(40)-127.0.0.1: (port 49782) op = 80
2025-03-10T17:43:18.414+0800 [DEBUG] [sun.rmi.transport.tcp] RMI TCP Connection(40)-127.0.0.1: (port 49782) op = 80
2025-03-10T17:43:18.421+0800 [DEBUG] [sun.rmi.transport.tcp] RMI TCP Connection(40)-127.0.0.1: (port 49782) op = 82
2025-03-10T17:43:18.421+0800 [DEBUG] [sun.rmi.transport.tcp] RMI TCP Connection(40)-127.0.0.1: (port 49782) op = 80
2025-03-10T17:43:18.421+0800 [DEBUG] [sun.rmi.transport.tcp] RMI TCP Connection(40)-127.0.0.1: (port 49782) op = 80
2025-03-10T17:43:18.422+0800 [DEBUG] [sun.rmi.transport.tcp] RMI TCP Connection(40)-127.0.0.1: (port 49782) op = 80
2025-03-10T17:43:18.428+0800 [DEBUG] [sun.rmi.transport.tcp] RMI TCP Connection(40)-127.0.0.1: (port 49782) op = 82
2025-03-10T17:43:18.428+0800 [DEBUG] [sun.rmi.transport.tcp] RMI TCP Connection(40)-127.0.0.1: (port 49782) op = 80
2025-03-10T17:43:18.429+0800 [DEBUG] [sun.rmi.transport.tcp] RMI TCP Connection(40)-127.0.0.1: (port 49782) op = 82
2025-03-10T17:43:18.429+0800 [DEBUG] [sun.rmi.transport.tcp] RMI TCP Connection(40)-127.0.0.1: (port 49782) op = 80
2025-03-10T17:43:18.429+0800 [DEBUG] [sun.rmi.transport.tcp] RMI TCP Connection(40)-127.0.0.1: (port 49782) op = 80
2025-03-10T17:43:18.432+0800 [DEBUG] [sun.rmi.transport.tcp] RMI TCP Connection(40)-127.0.0.1: (port 49782) op = 82
2025-03-10T17:43:18.432+0800 [DEBUG] [sun.rmi.transport.tcp] RMI TCP Connection(40)-127.0.0.1: (port 49782) op = 80
2025-03-10T17:43:18.432+0800 [DEBUG] [sun.rmi.transport.tcp] RMI TCP Connection(40)-127.0.0.1: (port 49782) op = 82
2025-03-10T17:43:18.432+0800 [DEBUG] [sun.rmi.transport.tcp] RMI TCP Connection(40)-127.0.0.1: (port 49782) op = 80
2025-03-10T17:43:18.432+0800 [DEBUG] [sun.rmi.transport.tcp] RMI TCP Connection(40)-127.0.0.1: (port 49782) op = 82
2025-03-10T17:43:18.433+0800 [DEBUG] [sun.rmi.transport.tcp] RMI TCP Connection(40)-127.0.0.1: (port 49782) op = 80
2025-03-10T17:43:18.433+0800 [DEBUG] [sun.rmi.transport.tcp] RMI TCP Connection(40)-127.0.0.1: (port 49782) op = 82
2025-03-10T17:43:18.433+0800 [DEBUG] [sun.rmi.transport.tcp] RMI TCP Connection(40)-127.0.0.1: (port 49782) op = 80
2025-03-10T17:43:18.433+0800 [DEBUG] [sun.rmi.transport.tcp] RMI TCP Connection(40)-127.0.0.1: (port 49782) op = 82
2025-03-10T17:43:18.433+0800 [DEBUG] [sun.rmi.transport.tcp] RMI TCP Connection(40)-127.0.0.1: (port 49782) op = 80
2025-03-10T17:43:18.433+0800 [DEBUG] [sun.rmi.transport.tcp] RMI TCP Connection(40)-127.0.0.1: (port 49782) op = 82
2025-03-10T17:43:18.434+0800 [DEBUG] [sun.rmi.transport.tcp] RMI TCP Connection(40)-127.0.0.1: (port 49782) op = 80
2025-03-10T17:43:18.631+0800 [DEBUG] [sun.rmi.transport.tcp] RMI TCP Connection(40)-127.0.0.1: (port 49782) op = 82
2025-03-10T17:43:18.631+0800 [DEBUG] [sun.rmi.transport.tcp] RMI TCP Connection(40)-127.0.0.1: (port 49782) op = 80
2025-03-10T17:43:18.632+0800 [DEBUG] [sun.rmi.transport.tcp] RMI TCP Connection(40)-127.0.0.1: (port 49782) op = 80
2025-03-10T17:43:18.632+0800 [DEBUG] [sun.rmi.loader] RMI TCP Connection(40)-127.0.0.1: name = "org.jetbrains.kotlin.daemon.common.CompileIterationResult", codebase = ""
2025-03-10T17:43:18.632+0800 [DEBUG] [sun.rmi.loader] RMI TCP Connection(40)-127.0.0.1: name = "java.util.ArrayList", codebase = ""
2025-03-10T17:43:18.632+0800 [DEBUG] [sun.rmi.loader] RMI TCP Connection(40)-127.0.0.1: name = "java.io.File", codebase = ""
2025-03-10T17:43:18.633+0800 [DEBUG] [sun.rmi.transport.tcp] RMI TCP Connection(40)-127.0.0.1: (port 49782) op = 80
2025-03-10T17:43:18.633+0800 [DEBUG] [sun.rmi.transport.tcp] RMI TCP Connection(40)-127.0.0.1: (port 49782) op = 80
2025-03-10T17:43:18.633+0800 [DEBUG] [sun.rmi.transport.tcp] RMI TCP Connection(40)-127.0.0.1: (port 49782) op = 80
2025-03-10T17:43:18.633+0800 [DEBUG] [sun.rmi.transport.tcp] RMI TCP Connection(40)-127.0.0.1: (port 49782) op = 80
2025-03-10T17:43:18.633+0800 [DEBUG] [sun.rmi.transport.tcp] RMI TCP Connection(40)-127.0.0.1: (port 49782) op = 80
2025-03-10T17:43:18.634+0800 [DEBUG] [sun.rmi.transport.tcp] RMI TCP Connection(40)-127.0.0.1: (port 49782) op = 80
2025-03-10T17:43:18.634+0800 [DEBUG] [sun.rmi.loader] RMI TCP Connection(40)-127.0.0.1: name = "org.jetbrains.kotlin.cli.common.messages.CompilerMessageLocationWithRange", codebase = ""
2025-03-10T17:43:18.634+0800 [DEBUG] [sun.rmi.transport.tcp] RMI TCP Connection(40)-127.0.0.1: (port 49782) op = 80
2025-03-10T17:43:18.634+0800 [DEBUG] [sun.rmi.loader] RMI TCP Connection(40)-127.0.0.1: name = "org.jetbrains.kotlin.cli.common.messages.CompilerMessageLocationWithRange", codebase = ""
2025-03-10T17:43:18.634+0800 [DEBUG] [sun.rmi.transport.tcp] RMI TCP Connection(40)-127.0.0.1: (port 49782) op = 80
2025-03-10T17:43:18.634+0800 [DEBUG] [sun.rmi.loader] RMI TCP Connection(40)-127.0.0.1: name = "org.jetbrains.kotlin.cli.common.messages.CompilerMessageLocationWithRange", codebase = ""
2025-03-10T17:43:18.634+0800 [DEBUG] [sun.rmi.transport.tcp] RMI TCP Connection(40)-127.0.0.1: (port 49782) op = 80
2025-03-10T17:43:18.636+0800 [DEBUG] [sun.rmi.transport.tcp] RMI TCP Connection(40)-127.0.0.1: (port 49782) op = 80
2025-03-10T17:43:18.636+0800 [DEBUG] [sun.rmi.transport.tcp] RMI TCP Connection(40)-127.0.0.1: (port 49782) op = 80
2025-03-10T17:43:18.637+0800 [DEBUG] [sun.rmi.transport.tcp] RMI TCP Connection(40)-127.0.0.1: (port 49782) op = 80
2025-03-10T17:43:18.639+0800 [DEBUG] [org.gradle.internal.operations.DefaultBuildOperationRunner] Completing Build operation 'org.jetbrains.kotlin.compilerRunner.GradleCompilerRunnerWithWorkers$GradleKotlinCompilerWorkAction'
2025-03-10T17:43:18.639+0800 [DEBUG] [org.gradle.internal.operations.DefaultBuildOperationRunner] Build operation 'org.jetbrains.kotlin.compilerRunner.GradleCompilerRunnerWithWorkers$GradleKotlinCompilerWorkAction' completed
2025-03-10T17:43:18.639+0800 [DEBUG] [org.gradle.internal.resources.AbstractTrackedResourceLock] WorkerExecutor Queue: released lock on worker lease
2025-03-10T17:43:18.639+0800 [DEBUG] [org.gradle.internal.resources.AbstractTrackedResourceLock] Execution worker Thread 2: acquired lock on worker lease
2025-03-10T17:43:18.639+0800 [DEBUG] [org.gradle.internal.resources.AbstractTrackedResourceLock] Execution worker Thread 2: released lock on worker lease
2025-03-10T17:43:18.639+0800 [DEBUG] [org.gradle.internal.resources.AbstractTrackedResourceLock] Execution worker Thread 3: acquired lock on worker lease
2025-03-10T17:43:18.639+0800 [DEBUG] [org.gradle.internal.resources.AbstractTrackedResourceLock] Execution worker Thread 3: released lock on worker lease
2025-03-10T17:43:18.639+0800 [DEBUG] [org.gradle.internal.operations.DefaultBuildOperationRunner] Completing Build operation 'Execute execute for :compileKotlin'
2025-03-10T17:43:18.639+0800 [DEBUG] [org.gradle.internal.resources.AbstractTrackedResourceLock] Execution worker Thread 5: acquired lock on worker lease
2025-03-10T17:43:18.639+0800 [DEBUG] [org.gradle.internal.resources.AbstractTrackedResourceLock] Execution worker Thread 5: released lock on worker lease
2025-03-10T17:43:18.639+0800 [DEBUG] [org.gradle.internal.resources.AbstractTrackedResourceLock] Execution worker Thread 7: acquired lock on worker lease
2025-03-10T17:43:18.639+0800 [DEBUG] [org.gradle.internal.resources.AbstractTrackedResourceLock] Execution worker Thread 7: released lock on worker lease
2025-03-10T17:43:18.639+0800 [DEBUG] [org.gradle.internal.resources.AbstractTrackedResourceLock] Execution worker Thread 4: acquired lock on worker lease
2025-03-10T17:43:18.640+0800 [DEBUG] [org.gradle.internal.resources.AbstractTrackedResourceLock] Execution worker Thread 4: released lock on worker lease
2025-03-10T17:43:18.639+0800 [DEBUG] [org.gradle.internal.operations.DefaultBuildOperationRunner] Completing Build operation 'Executing task ':compileKotlin''
2025-03-10T17:43:18.640+0800 [DEBUG] [org.gradle.internal.resources.AbstractTrackedResourceLock] Execution worker Thread 11: acquired lock on worker lease
2025-03-10T17:43:18.640+0800 [DEBUG] [org.gradle.internal.resources.AbstractTrackedResourceLock] Execution worker Thread 11: released lock on worker lease
2025-03-10T17:43:18.640+0800 [DEBUG] [org.gradle.internal.resources.AbstractTrackedResourceLock] included builds: acquired lock on worker lease
2025-03-10T17:43:18.640+0800 [DEBUG] [org.gradle.internal.resources.AbstractTrackedResourceLock] included builds: released lock on worker lease
2025-03-10T17:43:18.640+0800 [DEBUG] [org.gradle.internal.resources.AbstractTrackedResourceLock] Execution worker Thread 10: acquired lock on worker lease
2025-03-10T17:43:18.640+0800 [DEBUG] [org.gradle.internal.resources.AbstractTrackedResourceLock] Execution worker Thread 10: released lock on worker lease
2025-03-10T17:43:18.640+0800 [DEBUG] [org.gradle.internal.operations.DefaultBuildOperationRunner] Build operation 'Snapshot outputs after executing task ':compileKotlin'' started
2025-03-10T17:43:18.640+0800 [DEBUG] [org.gradle.internal.resources.AbstractTrackedResourceLock] Execution worker Thread 6: acquired lock on worker lease
2025-03-10T17:43:18.640+0800 [DEBUG] [org.gradle.internal.resources.AbstractTrackedResourceLock] Execution worker Thread 6: released lock on worker lease
2025-03-10T17:43:18.640+0800 [DEBUG] [org.gradle.internal.resources.AbstractTrackedResourceLock] Execution worker Thread 8: acquired lock on worker lease
2025-03-10T17:43:18.640+0800 [DEBUG] [org.gradle.internal.resources.AbstractTrackedResourceLock] Execution worker Thread 8: released lock on worker lease
2025-03-10T17:43:18.640+0800 [DEBUG] [org.gradle.internal.resources.AbstractTrackedResourceLock] Execution worker Thread 9: acquired lock on worker lease
2025-03-10T17:43:18.640+0800 [DEBUG] [org.gradle.internal.resources.AbstractTrackedResourceLock] Execution worker Thread 9: released lock on worker lease
2025-03-10T17:43:18.641+0800 [DEBUG] [org.gradle.internal.operations.DefaultBuildOperationRunner] Completing Build operation 'Snapshot outputs after executing task ':compileKotlin''
2025-03-10T17:43:18.641+0800 [DEBUG] [org.gradle.cache.internal.btree.BTreePersistentIndexedCache] Opening cache outputFiles.bin (/Users/sam/Desktop/MyApplicationBackend/MyApplicationBackend/.gradle/buildOutputCleanup/outputFiles.bin)
2025-03-10T17:43:18.329+0800 [LIFECYCLE] [class org.gradle.internal.buildevents.TaskExecutionLogger] 
2025-03-10T17:43:18.329+0800 [LIFECYCLE] [class org.gradle.internal.buildevents.TaskExecutionLogger] > Task :compileKotlin FAILED
2025-03-10T17:43:18.329+0800 [DEBUG] [org.gradle.api.internal.tasks.execution.ResolveTaskExecutionModeExecuter] Putting task artifact state for task ':compileKotlin' into context took 0.0 secs.
2025-03-10T17:43:18.330+0800 [DEBUG] [org.gradle.internal.operations.DefaultBuildOperationRunner] Build operation 'Identifying work' completed
2025-03-10T17:43:18.330+0800 [DEBUG] [org.gradle.internal.operations.DefaultBuildOperationRunner] Build operation 'Resolve dependencies of :kotlinScriptDefExtensions' completed
2025-03-10T17:43:18.330+0800 [DEBUG] [org.gradle.internal.execution.steps.AbstractCaptureStateBeforeExecutionStep] Implementation for task ':compileKotlin': org.jetbrains.kotlin.gradle.tasks.KotlinCompile_Decorated@5d1572c2c3ef7b8a1c31f7d3cd34fc8c
2025-03-10T17:43:18.330+0800 [DEBUG] [org.gradle.internal.execution.steps.AbstractCaptureStateBeforeExecutionStep] Additional implementations for task ':compileKotlin': [org.jetbrains.kotlin.gradle.tasks.KotlinCompile_Decorated@5d1572c2c3ef7b8a1c31f7d3cd34fc8c]
2025-03-10T17:43:18.331+0800 [DEBUG] [org.gradle.api.internal.artifacts.ivyservice.modulecache.ResolvedArtifactCaches] Creating new in-memory cache for repo 'MavenRepo' [26c913274550a0b2221f47a0fe2d2358].
2025-03-10T17:43:18.331+0800 [DEBUG] [org.gradle.api.internal.artifacts.ivyservice.resolveengine.graph.builder.DependencyGraphBuilder] Visiting configuration org.example:1.0-SNAPSHOT-detachedConfiguration1:1.0-SNAPSHOT(detachedConfiguration1).
2025-03-10T17:43:18.331+0800 [DEBUG] [org.gradle.api.internal.artifacts.ivyservice.resolveengine.oldresult.TransientConfigurationResultsBuilder] Flushing resolved configuration data in Binary store in /Users/sam/.gradle/.tmp/gradle9872735857155707061.bin. Wrote root 1060.
2025-03-10T17:43:18.331+0800 [DEBUG] [org.gradle.internal.operations.DefaultBuildOperationRunner] Build operation 'Resolve dependencies of :detachedConfiguration1' completed
2025-03-10T17:43:18.331+0800 [DEBUG] [org.gradle.api.internal.artifacts.ivyservice.modulecache.ResolvedArtifactCaches] Reusing in-memory cache for repo 'MavenRepo' [26c913274550a0b2221f47a0fe2d2358].
2025-03-10T17:43:18.331+0800 [DEBUG] [org.gradle.api.internal.artifacts.ivyservice.resolveengine.graph.builder.DependencyGraphBuilder] Visiting configuration org.example:MyApplicationBackend:1.0-SNAPSHOT(compileClasspath).
2025-03-10T17:43:18.332+0800 [DEBUG] [org.gradle.api.internal.artifacts.ivyservice.ivyresolve.RepositoryChainComponentMetaDataResolver] Attempting to resolve component for io.ktor:ktor-bom:2.3.6 using repositories [MavenRepo]
2025-03-10T17:43:18.332+0800 [DEBUG] [org.gradle.api.internal.artifacts.ivyservice.ivyresolve.CachingModuleComponentRepository] Using cached module metadata for module 'io.ktor:ktor-bom:2.3.6' in 'MavenRepo'
2025-03-10T17:43:18.332+0800 [DEBUG] [org.gradle.api.internal.artifacts.ivyservice.ivyresolve.RepositoryChainComponentMetaDataResolver] Using io.ktor:ktor-bom:2.3.6 from Maven repository 'MavenRepo'
2025-03-10T17:43:18.332+0800 [DEBUG] [org.gradle.internal.component.model.LoggingAttributeMatchingExplanationBuilder] Candidate org.gradle.internal.component.model.DefaultExternalComponentGraphResolveState$DefaultConfigurationGraphResolveState@4621f193 doesn't have attribute org.gradle.dependency.bundling
2025-03-10T17:43:18.332+0800 [DEBUG] [org.gradle.internal.component.model.LoggingAttributeMatchingExplanationBuilder] Candidate org.gradle.internal.component.model.DefaultExternalComponentGraphResolveState$DefaultConfigurationGraphResolveState@4621f193 doesn't have attribute org.gradle.jvm.environment
2025-03-10T17:43:18.332+0800 [DEBUG] [org.gradle.internal.component.model.LoggingAttributeMatchingExplanationBuilder] Candidate org.gradle.internal.component.model.DefaultExternalComponentGraphResolveState$DefaultConfigurationGraphResolveState@4621f193 doesn't have attribute org.jetbrains.kotlin.platform.type
2025-03-10T17:43:18.332+0800 [DEBUG] [org.gradle.internal.component.model.LoggingAttributeMatchingExplanationBuilder] Candidate org.gradle.internal.component.model.DefaultExternalComponentGraphResolveState$DefaultConfigurationGraphResolveState@4621f193 doesn't have attribute org.gradle.libraryelements
2025-03-10T17:43:18.332+0800 [DEBUG] [org.gradle.internal.component.model.LoggingAttributeMatchingExplanationBuilder] Candidate org.gradle.internal.component.model.DefaultExternalComponentGraphResolveState$DefaultConfigurationGraphResolveState@4621f193 doesn't have attribute org.gradle.jvm.version
2025-03-10T17:43:18.332+0800 [DEBUG] [org.gradle.internal.component.model.LoggingAttributeMatchingExplanationBuilder] Candidate org.gradle.internal.component.model.DefaultExternalComponentGraphResolveState$DefaultConfigurationGraphResolveState@1b53b9ee doesn't have attribute org.gradle.dependency.bundling
2025-03-10T17:43:18.332+0800 [DEBUG] [org.gradle.internal.component.model.LoggingAttributeMatchingExplanationBuilder] Candidate org.gradle.internal.component.model.DefaultExternalComponentGraphResolveState$DefaultConfigurationGraphResolveState@1b53b9ee doesn't have attribute org.gradle.jvm.environment
2025-03-10T17:43:18.332+0800 [DEBUG] [org.gradle.internal.component.model.LoggingAttributeMatchingExplanationBuilder] Candidate org.gradle.internal.component.model.DefaultExternalComponentGraphResolveState$DefaultConfigurationGraphResolveState@1b53b9ee doesn't have attribute org.jetbrains.kotlin.platform.type
2025-03-10T17:43:18.332+0800 [DEBUG] [org.gradle.internal.component.model.LoggingAttributeMatchingExplanationBuilder] Candidate org.gradle.internal.component.model.DefaultExternalComponentGraphResolveState$DefaultConfigurationGraphResolveState@1b53b9ee doesn't have attribute org.gradle.libraryelements
2025-03-10T17:43:18.332+0800 [DEBUG] [org.gradle.internal.component.model.LoggingAttributeMatchingExplanationBuilder] Candidate org.gradle.internal.component.model.DefaultExternalComponentGraphResolveState$DefaultConfigurationGraphResolveState@1b53b9ee doesn't have attribute org.gradle.jvm.version
2025-03-10T17:43:18.332+0800 [DEBUG] [org.gradle.internal.component.model.LoggingAttributeMatchingExplanationBuilder] Candidate org.gradle.internal.component.model.DefaultExternalComponentGraphResolveState$DefaultConfigurationGraphResolveState@646576a2 attribute org.gradle.category value {org.gradle.category=enforced-platform} doesn't requested value platform
2025-03-10T17:43:18.332+0800 [DEBUG] [org.gradle.internal.component.model.LoggingAttributeMatchingExplanationBuilder] Candidate org.gradle.internal.component.model.DefaultExternalComponentGraphResolveState$DefaultConfigurationGraphResolveState@5af22dbf attribute org.gradle.category value {org.gradle.category=enforced-platform} doesn't requested value platform
2025-03-10T17:43:18.332+0800 [DEBUG] [org.gradle.internal.component.model.DefaultAttributeMatcher] Selected matches [0] from candidates [org.gradle.internal.component.model.DefaultExternalComponentGraphResolveState$DefaultConfigurationGraphResolveState@4621f193, org.gradle.internal.component.model.DefaultExternalComponentGraphResolveState$DefaultConfigurationGraphResolveState@1b53b9ee, org.gradle.internal.component.model.DefaultExternalComponentGraphResolveState$DefaultConfigurationGraphResolveState@646576a2, org.gradle.internal.component.model.DefaultExternalComponentGraphResolveState$DefaultConfigurationGraphResolveState@5af22dbf] for {org.gradle.category=platform, org.gradle.dependency.bundling=external, org.gradle.jvm.environment=standard-jvm, org.gradle.jvm.version=11, org.gradle.libraryelements=classes, org.gradle.usage=java-api, org.jetbrains.kotlin.platform.type=jvm}
2025-03-10T17:43:18.334+0800 [DEBUG] [org.gradle.api.internal.artifacts.ivyservice.ivyresolve.RepositoryChainComponentMetaDataResolver] Attempting to resolve component for org.jetbrains.kotlin:kotlin-stdlib:2.1.10 using repositories [MavenRepo]
2025-03-10T17:43:18.334+0800 [DEBUG] [org.gradle.api.internal.artifacts.ivyservice.ivyresolve.CachingModuleComponentRepository] Using cached module metadata for module 'org.jetbrains.kotlin:kotlin-stdlib:2.1.10' in 'MavenRepo'
2025-03-10T17:43:18.334+0800 [DEBUG] [org.gradle.api.internal.artifacts.ivyservice.ivyresolve.RepositoryChainComponentMetaDataResolver] Using org.jetbrains.kotlin:kotlin-stdlib:2.1.10 from Maven repository 'MavenRepo'
2025-03-10T17:43:18.334+0800 [DEBUG] [org.gradle.internal.component.model.LoggingAttributeMatchingExplanationBuilder] Candidate org.gradle.internal.component.model.DefaultExternalComponentGraphResolveState$DefaultConfigurationGraphResolveState@67054157 doesn't have attribute org.gradle.dependency.bundling
2025-03-10T17:43:18.334+0800 [DEBUG] [org.gradle.internal.component.model.LoggingAttributeMatchingExplanationBuilder] Candidate org.gradle.internal.component.model.DefaultExternalComponentGraphResolveState$DefaultConfigurationGraphResolveState@67054157 doesn't have attribute org.gradle.jvm.version
2025-03-10T17:43:18.334+0800 [DEBUG] [org.gradle.internal.component.model.LoggingAttributeMatchingExplanationBuilder] Candidate org.gradle.internal.component.model.DefaultExternalComponentGraphResolveState$DefaultConfigurationGraphResolveState@201b502d doesn't have attribute org.gradle.dependency.bundling
2025-03-10T17:43:18.334+0800 [DEBUG] [org.gradle.internal.component.model.LoggingAttributeMatchingExplanationBuilder] Candidate org.gradle.internal.component.model.DefaultExternalComponentGraphResolveState$DefaultConfigurationGraphResolveState@201b502d doesn't have attribute org.gradle.jvm.version
2025-03-10T17:43:18.334+0800 [DEBUG] [org.gradle.internal.component.model.LoggingAttributeMatchingExplanationBuilder] Candidate org.gradle.internal.component.model.DefaultExternalComponentGraphResolveState$DefaultConfigurationGraphResolveState@276e9fa attribute org.gradle.category value {org.gradle.category=documentation} doesn't requested value library
2025-03-10T17:43:18.334+0800 [DEBUG] [org.gradle.internal.component.model.LoggingAttributeMatchingExplanationBuilder] Candidate org.gradle.internal.component.model.DefaultExternalComponentGraphResolveState$DefaultConfigurationGraphResolveState@3f617fd6 attribute org.gradle.usage value {org.gradle.category=library, org.gradle.jvm.environment=non-jvm, org.gradle.usage=kotlin-metadata} doesn't requested value java-api
2025-03-10T17:43:18.334+0800 [DEBUG] [org.gradle.internal.component.model.LoggingAttributeMatchingExplanationBuilder] Candidate org.gradle.internal.component.model.DefaultExternalComponentGraphResolveState$DefaultConfigurationGraphResolveState@72239e94 attribute org.gradle.category value {org.gradle.category=documentation} doesn't requested value library
2025-03-10T17:43:18.334+0800 [DEBUG] [org.gradle.internal.component.model.LoggingAttributeMatchingExplanationBuilder] Candidate org.gradle.internal.component.model.DefaultExternalComponentGraphResolveState$DefaultConfigurationGraphResolveState@8c322c5 attribute org.gradle.usage value {org.gradle.category=library, org.gradle.jvm.environment=non-jvm, org.gradle.usage=kotlin-api} doesn't requested value java-api
2025-03-10T17:43:18.334+0800 [DEBUG] [org.gradle.internal.component.model.LoggingAttributeMatchingExplanationBuilder] Candidate org.gradle.internal.component.model.DefaultExternalComponentGraphResolveState$DefaultConfigurationGraphResolveState@3d4f331e attribute org.gradle.usage value {org.gradle.category=library, org.gradle.jvm.environment=non-jvm, org.gradle.usage=kotlin-api} doesn't requested value java-api
2025-03-10T17:43:18.334+0800 [DEBUG] [org.gradle.internal.component.model.LoggingAttributeMatchingExplanationBuilder] Candidate org.gradle.internal.component.model.DefaultExternalComponentGraphResolveState$DefaultConfigurationGraphResolveState@96464ae attribute org.gradle.usage value {org.gradle.category=library, org.gradle.jvm.environment=non-jvm, org.gradle.usage=kotlin-runtime} doesn't requested value java-api
2025-03-10T17:43:18.334+0800 [DEBUG] [org.gradle.internal.component.model.LoggingAttributeMatchingExplanationBuilder] Candidate org.gradle.internal.component.model.DefaultExternalComponentGraphResolveState$DefaultConfigurationGraphResolveState@675d9c28 attribute org.gradle.category value {org.gradle.category=documentation} doesn't requested value library
2025-03-10T17:43:18.334+0800 [DEBUG] [org.gradle.internal.component.model.LoggingAttributeMatchingExplanationBuilder] Candidate org.gradle.internal.component.model.DefaultExternalComponentGraphResolveState$DefaultConfigurationGraphResolveState@76194f0c attribute org.gradle.usage value {org.gradle.category=library, org.gradle.jvm.environment=non-jvm, org.gradle.usage=kotlin-api} doesn't requested value java-api
2025-03-10T17:43:18.334+0800 [DEBUG] [org.gradle.internal.component.model.LoggingAttributeMatchingExplanationBuilder] Candidate org.gradle.internal.component.model.DefaultExternalComponentGraphResolveState$DefaultConfigurationGraphResolveState@328a4512 attribute org.gradle.usage value {org.gradle.category=library, org.gradle.jvm.environment=non-jvm, org.gradle.usage=kotlin-runtime} doesn't requested value java-api
2025-03-10T17:43:18.334+0800 [DEBUG] [org.gradle.internal.component.model.LoggingAttributeMatchingExplanationBuilder] Candidate org.gradle.internal.component.model.DefaultExternalComponentGraphResolveState$DefaultConfigurationGraphResolveState@186106f9 attribute org.gradle.category value {org.gradle.category=documentation} doesn't requested value library
2025-03-10T17:43:18.334+0800 [DEBUG] [org.gradle.internal.component.model.LoggingAttributeMatchingExplanationBuilder] Candidate org.gradle.internal.component.model.DefaultExternalComponentGraphResolveState$DefaultConfigurationGraphResolveState@13566501 attribute org.gradle.usage value {org.gradle.category=library, org.gradle.jvm.environment=non-jvm, org.gradle.usage=kotlin-api} doesn't requested value java-api
2025-03-10T17:43:18.334+0800 [DEBUG] [org.gradle.internal.component.model.LoggingAttributeMatchingExplanationBuilder] Candidate org.gradle.internal.component.model.DefaultExternalComponentGraphResolveState$DefaultConfigurationGraphResolveState@2f0b3948 attribute org.gradle.usage value {org.gradle.category=library, org.gradle.jvm.environment=non-jvm, org.gradle.usage=kotlin-runtime} doesn't requested value java-api
2025-03-10T17:43:18.334+0800 [DEBUG] [org.gradle.internal.component.model.LoggingAttributeMatchingExplanationBuilder] Candidate org.gradle.internal.component.model.DefaultExternalComponentGraphResolveState$DefaultConfigurationGraphResolveState@4f495b6e attribute org.gradle.category value {org.gradle.category=documentation} doesn't requested value library
2025-03-10T17:43:18.334+0800 [DEBUG] [org.gradle.internal.component.model.DefaultAttributeMatcher] Selected matches [0] from candidates [org.gradle.internal.component.model.DefaultExternalComponentGraphResolveState$DefaultConfigurationGraphResolveState@67054157, org.gradle.internal.component.model.DefaultExternalComponentGraphResolveState$DefaultConfigurationGraphResolveState@201b502d, org.gradle.internal.component.model.DefaultExternalComponentGraphResolveState$DefaultConfigurationGraphResolveState@276e9fa, org.gradle.internal.component.model.DefaultExternalComponentGraphResolveState$DefaultConfigurationGraphResolveState@3f617fd6, org.gradle.internal.component.model.DefaultExternalComponentGraphResolveState$DefaultConfigurationGraphResolveState@72239e94, org.gradle.internal.component.model.DefaultExternalComponentGraphResolveState$DefaultConfigurationGraphResolveState@8c322c5, org.gradle.internal.component.model.DefaultExternalComponentGraphResolveState$DefaultConfigurationGraphResolveState@3d4f331e, org.gradle.internal.component.model.DefaultExternalComponentGraphResolveState$DefaultConfigurationGraphResolveState@96464ae, org.gradle.internal.component.model.DefaultExternalComponentGraphResolveState$DefaultConfigurationGraphResolveState@675d9c28, org.gradle.internal.component.model.DefaultExternalComponentGraphResolveState$DefaultConfigurationGraphResolveState@76194f0c, org.gradle.internal.component.model.DefaultExternalComponentGraphResolveState$DefaultConfigurationGraphResolveState@328a4512, org.gradle.internal.component.model.DefaultExternalComponentGraphResolveState$DefaultConfigurationGraphResolveState@186106f9, org.gradle.internal.component.model.DefaultExternalComponentGraphResolveState$DefaultConfigurationGraphResolveState@13566501, org.gradle.internal.component.model.DefaultExternalComponentGraphResolveState$DefaultConfigurationGraphResolveState@2f0b3948, org.gradle.internal.component.model.DefaultExternalComponentGraphResolveState$DefaultConfigurationGraphResolveState@4f495b6e] for {org.gradle.category=library, org.gradle.dependency.bundling=external, org.gradle.jvm.environment=standard-jvm, org.gradle.jvm.version=11, org.gradle.libraryelements=classes, org.gradle.usage=java-api, org.jetbrains.kotlin.platform.type=jvm}
2025-03-10T17:43:18.334+0800 [DEBUG] [org.gradle.api.internal.artifacts.ivyservice.ivyresolve.RepositoryChainComponentMetaDataResolver] Attempting to resolve component for io.ktor:ktor-server-core:2.3.6 using repositories [MavenRepo]
2025-03-10T17:43:18.334+0800 [DEBUG] [org.gradle.api.internal.artifacts.ivyservice.ivyresolve.CachingModuleComponentRepository] Using cached module metadata for module 'io.ktor:ktor-server-core:2.3.6' in 'MavenRepo'
2025-03-10T17:43:18.334+0800 [DEBUG] [org.gradle.api.internal.artifacts.ivyservice.ivyresolve.RepositoryChainComponentMetaDataResolver] Using io.ktor:ktor-server-core:2.3.6 from Maven repository 'MavenRepo'
2025-03-10T17:43:18.334+0800 [DEBUG] [org.gradle.internal.component.model.LoggingAttributeMatchingExplanationBuilder] Candidate org.gradle.internal.component.model.DefaultExternalComponentGraphResolveState$DefaultConfigurationGraphResolveState@4f77ecd0 attribute org.gradle.usage value {org.gradle.category=library, org.gradle.usage=kotlin-metadata} doesn't requested value java-api
2025-03-10T17:43:18.334+0800 [DEBUG] [org.gradle.internal.component.model.LoggingAttributeMatchingExplanationBuilder] Candidate org.gradle.internal.component.model.DefaultExternalComponentGraphResolveState$DefaultConfigurationGraphResolveState@79e5279f attribute org.gradle.category value {org.gradle.category=documentation} doesn't requested value library
2025-03-10T17:43:18.334+0800 [DEBUG] [org.gradle.internal.component.model.LoggingAttributeMatchingExplanationBuilder] Candidate org.gradle.internal.component.model.DefaultExternalComponentGraphResolveState$DefaultConfigurationGraphResolveState@18dd8c62 attribute org.gradle.usage value {org.gradle.category=library, org.gradle.usage=kotlin-api} doesn't requested value java-api
2025-03-10T17:43:18.334+0800 [DEBUG] [org.gradle.internal.component.model.LoggingAttributeMatchingExplanationBuilder] Candidate org.gradle.internal.component.model.DefaultExternalComponentGraphResolveState$DefaultConfigurationGraphResolveState@60ba1fee attribute org.gradle.usage value {org.gradle.category=library, org.gradle.usage=kotlin-metadata} doesn't requested value java-api
2025-03-10T17:43:18.334+0800 [DEBUG] [org.gradle.internal.component.model.LoggingAttributeMatchingExplanationBuilder] Candidate org.gradle.internal.component.model.DefaultExternalComponentGraphResolveState$DefaultConfigurationGraphResolveState@10db6e45 attribute org.gradle.category value {org.gradle.category=documentation} doesn't requested value library
2025-03-10T17:43:18.334+0800 [DEBUG] [org.gradle.internal.component.model.LoggingAttributeMatchingExplanationBuilder] Candidate org.gradle.internal.component.model.DefaultExternalComponentGraphResolveState$DefaultConfigurationGraphResolveState@40526a1e attribute org.gradle.usage value {org.gradle.category=library, org.gradle.usage=kotlin-api} doesn't requested value java-api
2025-03-10T17:43:18.334+0800 [DEBUG] [org.gradle.internal.component.model.LoggingAttributeMatchingExplanationBuilder] Candidate org.gradle.internal.component.model.DefaultExternalComponentGraphResolveState$DefaultConfigurationGraphResolveState@341840ea attribute org.gradle.usage value {org.gradle.category=library, org.gradle.usage=kotlin-metadata} doesn't requested value java-api
2025-03-10T17:43:18.334+0800 [DEBUG] [org.gradle.internal.component.model.LoggingAttributeMatchingExplanationBuilder] Candidate org.gradle.internal.component.model.DefaultExternalComponentGraphResolveState$DefaultConfigurationGraphResolveState@4ed7ce8 attribute org.gradle.category value {org.gradle.category=documentation} doesn't requested value library
2025-03-10T17:43:18.334+0800 [DEBUG] [org.gradle.internal.component.model.LoggingAttributeMatchingExplanationBuilder] Candidate org.gradle.internal.component.model.DefaultExternalComponentGraphResolveState$DefaultConfigurationGraphResolveState@4f8f9376 attribute org.gradle.usage value {org.gradle.category=library, org.gradle.usage=kotlin-api} doesn't requested value java-api
2025-03-10T17:43:18.334+0800 [DEBUG] [org.gradle.internal.component.model.LoggingAttributeMatchingExplanationBuilder] Candidate org.gradle.internal.component.model.DefaultExternalComponentGraphResolveState$DefaultConfigurationGraphResolveState@1c5e1203 attribute org.gradle.usage value {org.gradle.category=library, org.gradle.usage=kotlin-metadata} doesn't requested value java-api
2025-03-10T17:43:18.334+0800 [DEBUG] [org.gradle.internal.component.model.LoggingAttributeMatchingExplanationBuilder] Candidate org.gradle.internal.component.model.DefaultExternalComponentGraphResolveState$DefaultConfigurationGraphResolveState@6a371e72 attribute org.gradle.category value {org.gradle.category=documentation} doesn't requested value library
2025-03-10T17:43:18.334+0800 [DEBUG] [org.gradle.internal.component.model.LoggingAttributeMatchingExplanationBuilder] Candidate org.gradle.internal.component.model.DefaultExternalComponentGraphResolveState$DefaultConfigurationGraphResolveState@55225e0 doesn't have attribute org.gradle.dependency.bundling
2025-03-10T17:43:18.334+0800 [DEBUG] [org.gradle.internal.component.model.LoggingAttributeMatchingExplanationBuilder] Candidate org.gradle.internal.component.model.DefaultExternalComponentGraphResolveState$DefaultConfigurationGraphResolveState@55225e0 doesn't have attribute org.gradle.jvm.environment
2025-03-10T17:43:18.334+0800 [DEBUG] [org.gradle.internal.component.model.LoggingAttributeMatchingExplanationBuilder] Candidate org.gradle.internal.component.model.DefaultExternalComponentGraphResolveState$DefaultConfigurationGraphResolveState@55225e0 doesn't have attribute org.gradle.jvm.version
2025-03-10T17:43:18.334+0800 [DEBUG] [org.gradle.internal.component.model.LoggingAttributeMatchingExplanationBuilder] Candidate org.gradle.internal.component.model.DefaultExternalComponentGraphResolveState$DefaultConfigurationGraphResolveState@36f5121f doesn't have attribute org.gradle.dependency.bundling
2025-03-10T17:43:18.334+0800 [DEBUG] [org.gradle.internal.component.model.LoggingAttributeMatchingExplanationBuilder] Candidate org.gradle.internal.component.model.DefaultExternalComponentGraphResolveState$DefaultConfigurationGraphResolveState@36f5121f doesn't have attribute org.gradle.jvm.environment
2025-03-10T17:43:18.334+0800 [DEBUG] [org.gradle.internal.component.model.LoggingAttributeMatchingExplanationBuilder] Candidate org.gradle.internal.component.model.DefaultExternalComponentGraphResolveState$DefaultConfigurationGraphResolveState@36f5121f doesn't have attribute org.gradle.jvm.version
2025-03-10T17:43:18.334+0800 [DEBUG] [org.gradle.internal.component.model.LoggingAttributeMatchingExplanationBuilder] Candidate org.gradle.internal.component.model.DefaultExternalComponentGraphResolveState$DefaultConfigurationGraphResolveState@5ad7c0c8 attribute org.gradle.category value {org.gradle.category=documentation} doesn't requested value library
2025-03-10T17:43:18.334+0800 [DEBUG] [org.gradle.internal.component.model.LoggingAttributeMatchingExplanationBuilder] Candidate org.gradle.internal.component.model.DefaultExternalComponentGraphResolveState$DefaultConfigurationGraphResolveState@8c1816e attribute org.gradle.usage value {artifactType=org.jetbrains.kotlin.klib, org.gradle.category=library, org.gradle.usage=kotlin-api} doesn't requested value java-api
2025-03-10T17:43:18.334+0800 [DEBUG] [org.gradle.internal.component.model.LoggingAttributeMatchingExplanationBuilder] Candidate org.gradle.internal.component.model.DefaultExternalComponentGraphResolveState$DefaultConfigurationGraphResolveState@1c28c8b3 attribute org.gradle.category value {org.gradle.category=documentation} doesn't requested value library
2025-03-10T17:43:18.334+0800 [DEBUG] [org.gradle.internal.component.model.LoggingAttributeMatchingExplanationBuilder] Candidate org.gradle.internal.component.model.DefaultExternalComponentGraphResolveState$DefaultConfigurationGraphResolveState@25344c3 attribute org.gradle.usage value {artifactType=org.jetbrains.kotlin.klib, org.gradle.category=library, org.gradle.usage=kotlin-api} doesn't requested value java-api
2025-03-10T17:43:18.334+0800 [DEBUG] [org.gradle.internal.component.model.LoggingAttributeMatchingExplanationBuilder] Candidate org.gradle.internal.component.model.DefaultExternalComponentGraphResolveState$DefaultConfigurationGraphResolveState@666615c1 attribute org.gradle.category value {org.gradle.category=documentation} doesn't requested value library
2025-03-10T17:43:18.334+0800 [DEBUG] [org.gradle.internal.component.model.LoggingAttributeMatchingExplanationBuilder] Candidate org.gradle.internal.component.model.DefaultExternalComponentGraphResolveState$DefaultConfigurationGraphResolveState@62283292 attribute org.gradle.usage value {org.gradle.category=library, org.gradle.usage=kotlin-api} doesn't requested value java-api
2025-03-10T17:43:18.334+0800 [DEBUG] [org.gradle.internal.component.model.LoggingAttributeMatchingExplanationBuilder] Candidate org.gradle.internal.component.model.DefaultExternalComponentGraphResolveState$DefaultConfigurationGraphResolveState@381f0334 attribute org.gradle.usage value {org.gradle.category=library, org.gradle.usage=kotlin-metadata} doesn't requested value java-api
2025-03-10T17:43:18.334+0800 [DEBUG] [org.gradle.internal.component.model.LoggingAttributeMatchingExplanationBuilder] Candidate org.gradle.internal.component.model.DefaultExternalComponentGraphResolveState$DefaultConfigurationGraphResolveState@20f22da8 attribute org.gradle.category value {org.gradle.category=documentation} doesn't requested value library
2025-03-10T17:43:18.334+0800 [DEBUG] [org.gradle.internal.component.model.LoggingAttributeMatchingExplanationBuilder] Candidate org.gradle.internal.component.model.DefaultExternalComponentGraphResolveState$DefaultConfigurationGraphResolveState@76ecec6a attribute org.gradle.usage value {org.gradle.category=library, org.gradle.usage=kotlin-api} doesn't requested value java-api
2025-03-10T17:43:18.334+0800 [DEBUG] [org.gradle.internal.component.model.LoggingAttributeMatchingExplanationBuilder] Candidate org.gradle.internal.component.model.DefaultExternalComponentGraphResolveState$DefaultConfigurationGraphResolveState@5573fc87 attribute org.gradle.usage value {org.gradle.category=library, org.gradle.usage=kotlin-metadata} doesn't requested value java-api
2025-03-10T17:43:18.334+0800 [DEBUG] [org.gradle.internal.component.model.LoggingAttributeMatchingExplanationBuilder] Candidate org.gradle.internal.component.model.DefaultExternalComponentGraphResolveState$DefaultConfigurationGraphResolveState@15b553be attribute org.gradle.category value {org.gradle.category=documentation} doesn't requested value library
2025-03-10T17:43:18.334+0800 [DEBUG] [org.gradle.internal.component.model.LoggingAttributeMatchingExplanationBuilder] Candidate org.gradle.internal.component.model.DefaultExternalComponentGraphResolveState$DefaultConfigurationGraphResolveState@241bb3cd attribute org.gradle.usage value {org.gradle.category=library, org.gradle.usage=kotlin-api} doesn't requested value java-api
2025-03-10T17:43:18.334+0800 [DEBUG] [org.gradle.internal.component.model.LoggingAttributeMatchingExplanationBuilder] Candidate org.gradle.internal.component.model.DefaultExternalComponentGraphResolveState$DefaultConfigurationGraphResolveState@35859498 attribute org.gradle.usage value {org.gradle.category=library, org.gradle.usage=kotlin-metadata} doesn't requested value java-api
2025-03-10T17:43:18.334+0800 [DEBUG] [org.gradle.internal.component.model.LoggingAttributeMatchingExplanationBuilder] Candidate org.gradle.internal.component.model.DefaultExternalComponentGraphResolveState$DefaultConfigurationGraphResolveState@7fd8d16b attribute org.gradle.category value {org.gradle.category=documentation} doesn't requested value library
2025-03-10T17:43:18.334+0800 [DEBUG] [org.gradle.internal.component.model.LoggingAttributeMatchingExplanationBuilder] Candidate org.gradle.internal.component.model.DefaultExternalComponentGraphResolveState$DefaultConfigurationGraphResolveState@40cf558d attribute org.gradle.usage value {org.gradle.category=library, org.gradle.usage=kotlin-api} doesn't requested value java-api
2025-03-10T17:43:18.334+0800 [DEBUG] [org.gradle.internal.component.model.LoggingAttributeMatchingExplanationBuilder] Candidate org.gradle.internal.component.model.DefaultExternalComponentGraphResolveState$DefaultConfigurationGraphResolveState@39330382 attribute org.gradle.usage value {org.gradle.category=library, org.gradle.usage=kotlin-metadata} doesn't requested value java-api
2025-03-10T17:43:18.334+0800 [DEBUG] [org.gradle.internal.component.model.LoggingAttributeMatchingExplanationBuilder] Candidate org.gradle.internal.component.model.DefaultExternalComponentGraphResolveState$DefaultConfigurationGraphResolveState@208b7168 attribute org.gradle.category value {org.gradle.category=documentation} doesn't requested value library
2025-03-10T17:43:18.334+0800 [DEBUG] [org.gradle.internal.component.model.LoggingAttributeMatchingExplanationBuilder] Candidate org.gradle.internal.component.model.DefaultExternalComponentGraphResolveState$DefaultConfigurationGraphResolveState@1961bf9b attribute org.gradle.usage value {org.gradle.category=library, org.gradle.usage=kotlin-api} doesn't requested value java-api
2025-03-10T17:43:18.335+0800 [DEBUG] [org.gradle.internal.component.model.LoggingAttributeMatchingExplanationBuilder] Candidate org.gradle.internal.component.model.DefaultExternalComponentGraphResolveState$DefaultConfigurationGraphResolveState@2338e207 attribute org.gradle.usage value {org.gradle.category=library, org.gradle.usage=kotlin-metadata} doesn't requested value java-api
2025-03-10T17:43:18.335+0800 [DEBUG] [org.gradle.internal.component.model.LoggingAttributeMatchingExplanationBuilder] Candidate org.gradle.internal.component.model.DefaultExternalComponentGraphResolveState$DefaultConfigurationGraphResolveState@2b6daf1 attribute org.gradle.category value {org.gradle.category=documentation} doesn't requested value library
2025-03-10T17:43:18.335+0800 [DEBUG] [org.gradle.internal.component.model.LoggingAttributeMatchingExplanationBuilder] Candidate org.gradle.internal.component.model.DefaultExternalComponentGraphResolveState$DefaultConfigurationGraphResolveState@794dfbfe attribute org.gradle.usage value {org.gradle.category=library, org.gradle.usage=kotlin-api} doesn't requested value java-api
2025-03-10T17:43:18.335+0800 [DEBUG] [org.gradle.internal.component.model.LoggingAttributeMatchingExplanationBuilder] Candidate org.gradle.internal.component.model.DefaultExternalComponentGraphResolveState$DefaultConfigurationGraphResolveState@6dc40e2b attribute org.gradle.usage value {org.gradle.category=library, org.gradle.usage=kotlin-metadata} doesn't requested value java-api
2025-03-10T17:43:18.335+0800 [DEBUG] [org.gradle.internal.component.model.LoggingAttributeMatchingExplanationBuilder] Candidate org.gradle.internal.component.model.DefaultExternalComponentGraphResolveState$DefaultConfigurationGraphResolveState@908f14e attribute org.gradle.category value {org.gradle.category=documentation} doesn't requested value library
2025-03-10T17:43:18.335+0800 [DEBUG] [org.gradle.internal.component.model.LoggingAttributeMatchingExplanationBuilder] Candidate org.gradle.internal.component.model.DefaultExternalComponentGraphResolveState$DefaultConfigurationGraphResolveState@3d5dd3cc attribute org.gradle.usage value {org.gradle.category=library, org.gradle.usage=kotlin-api} doesn't requested value java-api
2025-03-10T17:43:18.335+0800 [DEBUG] [org.gradle.internal.component.model.LoggingAttributeMatchingExplanationBuilder] Candidate org.gradle.internal.component.model.DefaultExternalComponentGraphResolveState$DefaultConfigurationGraphResolveState@2bd95d92 attribute org.gradle.usage value {org.gradle.category=library, org.gradle.usage=kotlin-metadata} doesn't requested value java-api
2025-03-10T17:43:18.335+0800 [DEBUG] [org.gradle.internal.component.model.LoggingAttributeMatchingExplanationBuilder] Candidate org.gradle.internal.component.model.DefaultExternalComponentGraphResolveState$DefaultConfigurationGraphResolveState@6621ab94 attribute org.gradle.category value {org.gradle.category=documentation} doesn't requested value library
2025-03-10T17:43:18.335+0800 [DEBUG] [org.gradle.internal.component.model.LoggingAttributeMatchingExplanationBuilder] Candidate org.gradle.internal.component.model.DefaultExternalComponentGraphResolveState$DefaultConfigurationGraphResolveState@286db49f attribute org.gradle.usage value {org.gradle.category=library, org.gradle.usage=kotlin-api} doesn't requested value java-api
2025-03-10T17:43:18.335+0800 [DEBUG] [org.gradle.internal.component.model.LoggingAttributeMatchingExplanationBuilder] Candidate org.gradle.internal.component.model.DefaultExternalComponentGraphResolveState$DefaultConfigurationGraphResolveState@7bfdc1ed attribute org.gradle.usage value {org.gradle.category=library, org.gradle.usage=kotlin-metadata} doesn't requested value java-api
2025-03-10T17:43:18.335+0800 [DEBUG] [org.gradle.internal.component.model.LoggingAttributeMatchingExplanationBuilder] Candidate org.gradle.internal.component.model.DefaultExternalComponentGraphResolveState$DefaultConfigurationGraphResolveState@1aa936cd attribute org.gradle.category value {org.gradle.category=documentation} doesn't requested value library
2025-03-10T17:43:18.335+0800 [DEBUG] [org.gradle.internal.component.model.LoggingAttributeMatchingExplanationBuilder] Candidate org.gradle.internal.component.model.DefaultExternalComponentGraphResolveState$DefaultConfigurationGraphResolveState@713f4307 attribute org.gradle.usage value {org.gradle.category=library, org.gradle.usage=kotlin-api} doesn't requested value java-api
2025-03-10T17:43:18.335+0800 [DEBUG] [org.gradle.internal.component.model.LoggingAttributeMatchingExplanationBuilder] Candidate org.gradle.internal.component.model.DefaultExternalComponentGraphResolveState$DefaultConfigurationGraphResolveState@34b3d8f3 attribute org.gradle.usage value {org.gradle.category=library, org.gradle.usage=kotlin-metadata} doesn't requested value java-api
2025-03-10T17:43:18.335+0800 [DEBUG] [org.gradle.internal.component.model.LoggingAttributeMatchingExplanationBuilder] Candidate org.gradle.internal.component.model.DefaultExternalComponentGraphResolveState$DefaultConfigurationGraphResolveState@21d49521 attribute org.gradle.category value {org.gradle.category=documentation} doesn't requested value library
2025-03-10T17:43:18.335+0800 [DEBUG] [org.gradle.internal.component.model.DefaultAttributeMatcher] Selected matches [11] from candidates [org.gradle.internal.component.model.DefaultExternalComponentGraphResolveState$DefaultConfigurationGraphResolveState@4f77ecd0, org.gradle.internal.component.model.DefaultExternalComponentGraphResolveState$DefaultConfigurationGraphResolveState@79e5279f, org.gradle.internal.component.model.DefaultExternalComponentGraphResolveState$DefaultConfigurationGraphResolveState@18dd8c62, org.gradle.internal.component.model.DefaultExternalComponentGraphResolveState$DefaultConfigurationGraphResolveState@60ba1fee, org.gradle.internal.component.model.DefaultExternalComponentGraphResolveState$DefaultConfigurationGraphResolveState@10db6e45, org.gradle.internal.component.model.DefaultExternalComponentGraphResolveState$DefaultConfigurationGraphResolveState@40526a1e, org.gradle.internal.component.model.DefaultExternalComponentGraphResolveState$DefaultConfigurationGraphResolveState@341840ea, org.gradle.internal.component.model.DefaultExternalComponentGraphResolveState$DefaultConfigurationGraphResolveState@4ed7ce8, org.gradle.internal.component.model.DefaultExternalComponentGraphResolveState$DefaultConfigurationGraphResolveState@4f8f9376, org.gradle.internal.component.model.DefaultExternalComponentGraphResolveState$DefaultConfigurationGraphResolveState@1c5e1203, org.gradle.internal.component.model.DefaultExternalComponentGraphResolveState$DefaultConfigurationGraphResolveState@6a371e72, org.gradle.internal.component.model.DefaultExternalComponentGraphResolveState$DefaultConfigurationGraphResolveState@55225e0, org.gradle.internal.component.model.DefaultExternalComponentGraphResolveState$DefaultConfigurationGraphResolveState@36f5121f, org.gradle.internal.component.model.DefaultExternalComponentGraphResolveState$DefaultConfigurationGraphResolveState@5ad7c0c8, org.gradle.internal.component.model.DefaultExternalComponentGraphResolveState$DefaultConfigurationGraphResolveState@8c1816e, org.gradle.internal.component.model.DefaultExternalComponentGraphResolveState$DefaultConfigurationGraphResolveState@1c28c8b3, org.gradle.internal.component.model.DefaultExternalComponentGraphResolveState$DefaultConfigurationGraphResolveState@25344c3, org.gradle.internal.component.model.DefaultExternalComponentGraphResolveState$DefaultConfigurationGraphResolveState@666615c1, org.gradle.internal.component.model.DefaultExternalComponentGraphResolveState$DefaultConfigurationGraphResolveState@62283292, org.gradle.internal.component.model.DefaultExternalComponentGraphResolveState$DefaultConfigurationGraphResolveState@381f0334, org.gradle.internal.component.model.DefaultExternalComponentGraphResolveState$DefaultConfigurationGraphResolveState@20f22da8, org.gradle.internal.component.model.DefaultExternalComponentGraphResolveState$DefaultConfigurationGraphResolveState@76ecec6a, org.gradle.internal.component.model.DefaultExternalComponentGraphResolveState$DefaultConfigurationGraphResolveState@5573fc87, org.gradle.internal.component.model.DefaultExternalComponentGraphResolveState$DefaultConfigurationGraphResolveState@15b553be, org.gradle.internal.component.model.DefaultExternalComponentGraphResolveState$DefaultConfigurationGraphResolveState@241bb3cd, org.gradle.internal.component.model.DefaultExternalComponentGraphResolveState$DefaultConfigurationGraphResolveState@35859498, org.gradle.internal.component.model.DefaultExternalComponentGraphResolveState$DefaultConfigurationGraphResolveState@7fd8d16b, org.gradle.internal.component.model.DefaultExternalComponentGraphResolveState$DefaultConfigurationGraphResolveState@40cf558d, org.gradle.internal.component.model.DefaultExternalComponentGraphResolveState$DefaultConfigurationGraphResolveState@39330382, org.gradle.internal.component.model.DefaultExternalComponentGraphResolveState$DefaultConfigurationGraphResolveState@208b7168, org.gradle.internal.component.model.DefaultExternalComponentGraphResolveState$DefaultConfigurationGraphResolveState@1961bf9b, org.gradle.internal.component.model.DefaultExternalComponentGraphResolveState$DefaultConfigurationGraphResolveState@2338e207, org.gradle.internal.component.model.DefaultExternalComponentGraphResolveState$DefaultConfigurationGraphResolveState@2b6daf1, org.gradle.internal.component.model.DefaultExternalComponentGraphResolveState$DefaultConfigurationGraphResolveState@794dfbfe, org.gradle.internal.component.model.DefaultExternalComponentGraphResolveState$DefaultConfigurationGraphResolveState@6dc40e2b, org.gradle.internal.component.model.DefaultExternalComponentGraphResolveState$DefaultConfigurationGraphResolveState@908f14e, org.gradle.internal.component.model.DefaultExternalComponentGraphResolveState$DefaultConfigurationGraphResolveState@3d5dd3cc, org.gradle.internal.component.model.DefaultExternalComponentGraphResolveState$DefaultConfigurationGraphResolveState@2bd95d92, org.gradle.internal.component.model.DefaultExternalComponentGraphResolveState$DefaultConfigurationGraphResolveState@6621ab94, org.gradle.internal.component.model.DefaultExternalComponentGraphResolveState$DefaultConfigurationGraphResolveState@286db49f, org.gradle.internal.component.model.DefaultExternalComponentGraphResolveState$DefaultConfigurationGraphResolveState@7bfdc1ed, org.gradle.internal.component.model.DefaultExternalComponentGraphResolveState$DefaultConfigurationGraphResolveState@1aa936cd, org.gradle.internal.component.model.DefaultExternalComponentGraphResolveState$DefaultConfigurationGraphResolveState@713f4307, org.gradle.internal.component.model.DefaultExternalComponentGraphResolveState$DefaultConfigurationGraphResolveState@34b3d8f3, org.gradle.internal.component.model.DefaultExternalComponentGraphResolveState$DefaultConfigurationGraphResolveState@21d49521] for {org.gradle.category=library, org.gradle.dependency.bundling=external, org.gradle.jvm.environment=standard-jvm, org.gradle.jvm.version=11, org.gradle.libraryelements=classes, org.gradle.usage=java-api, org.jetbrains.kotlin.platform.type=jvm}
2025-03-10T17:43:18.335+0800 [DEBUG] [org.gradle.api.internal.artifacts.ivyservice.ivyresolve.RepositoryChainComponentMetaDataResolver] Attempting to resolve component for io.ktor:ktor-server-netty:2.3.6 using repositories [MavenRepo]
2025-03-10T17:43:18.335+0800 [DEBUG] [org.gradle.api.internal.artifacts.ivyservice.ivyresolve.CachingModuleComponentRepository] Using cached module metadata for module 'io.ktor:ktor-server-netty:2.3.6' in 'MavenRepo'
2025-03-10T17:43:18.335+0800 [DEBUG] [org.gradle.api.internal.artifacts.ivyservice.ivyresolve.RepositoryChainComponentMetaDataResolver] Using io.ktor:ktor-server-netty:2.3.6 from Maven repository 'MavenRepo'
2025-03-10T17:43:18.335+0800 [DEBUG] [org.gradle.internal.component.model.LoggingAttributeMatchingExplanationBuilder] Candidate org.gradle.internal.component.model.DefaultExternalComponentGraphResolveState$DefaultConfigurationGraphResolveState@3fc6d273 attribute org.gradle.usage value {org.gradle.category=library, org.gradle.usage=kotlin-metadata} doesn't requested value java-api
2025-03-10T17:43:18.335+0800 [DEBUG] [org.gradle.internal.component.model.LoggingAttributeMatchingExplanationBuilder] Candidate org.gradle.internal.component.model.DefaultExternalComponentGraphResolveState$DefaultConfigurationGraphResolveState@39e34f00 attribute org.gradle.category value {org.gradle.category=documentation} doesn't requested value library
2025-03-10T17:43:18.335+0800 [DEBUG] [org.gradle.internal.component.model.LoggingAttributeMatchingExplanationBuilder] Candidate org.gradle.internal.component.model.DefaultExternalComponentGraphResolveState$DefaultConfigurationGraphResolveState@7d2a9e94 doesn't have attribute org.gradle.dependency.bundling
2025-03-10T17:43:18.335+0800 [DEBUG] [org.gradle.internal.component.model.LoggingAttributeMatchingExplanationBuilder] Candidate org.gradle.internal.component.model.DefaultExternalComponentGraphResolveState$DefaultConfigurationGraphResolveState@7d2a9e94 doesn't have attribute org.gradle.jvm.environment
2025-03-10T17:43:18.335+0800 [DEBUG] [org.gradle.internal.component.model.LoggingAttributeMatchingExplanationBuilder] Candidate org.gradle.internal.component.model.DefaultExternalComponentGraphResolveState$DefaultConfigurationGraphResolveState@7d2a9e94 doesn't have attribute org.gradle.jvm.version
2025-03-10T17:43:18.335+0800 [DEBUG] [org.gradle.internal.component.model.LoggingAttributeMatchingExplanationBuilder] Candidate org.gradle.internal.component.model.DefaultExternalComponentGraphResolveState$DefaultConfigurationGraphResolveState@490d1f05 doesn't have attribute org.gradle.dependency.bundling
2025-03-10T17:43:18.335+0800 [DEBUG] [org.gradle.internal.component.model.LoggingAttributeMatchingExplanationBuilder] Candidate org.gradle.internal.component.model.DefaultExternalComponentGraphResolveState$DefaultConfigurationGraphResolveState@490d1f05 doesn't have attribute org.gradle.jvm.environment
2025-03-10T17:43:18.335+0800 [DEBUG] [org.gradle.internal.component.model.LoggingAttributeMatchingExplanationBuilder] Candidate org.gradle.internal.component.model.DefaultExternalComponentGraphResolveState$DefaultConfigurationGraphResolveState@490d1f05 doesn't have attribute org.gradle.jvm.version
2025-03-10T17:43:18.335+0800 [DEBUG] [org.gradle.internal.component.model.LoggingAttributeMatchingExplanationBuilder] Candidate org.gradle.internal.component.model.DefaultExternalComponentGraphResolveState$DefaultConfigurationGraphResolveState@40d1091d attribute org.gradle.category value {org.gradle.category=documentation} doesn't requested value library
2025-03-10T17:43:18.335+0800 [DEBUG] [org.gradle.internal.component.model.DefaultAttributeMatcher] Selected matches [2] from candidates [org.gradle.internal.component.model.DefaultExternalComponentGraphResolveState$DefaultConfigurationGraphResolveState@3fc6d273, org.gradle.internal.component.model.DefaultExternalComponentGraphResolveState$DefaultConfigurationGraphResolveState@39e34f00, org.gradle.internal.component.model.DefaultExternalComponentGraphResolveState$DefaultConfigurationGraphResolveState@7d2a9e94, org.gradle.internal.component.model.DefaultExternalComponentGraphResolveState$DefaultConfigurationGraphResolveState@490d1f05, org.gradle.internal.component.model.DefaultExternalComponentGraphResolveState$DefaultConfigurationGraphResolveState@40d1091d] for {org.gradle.category=library, org.gradle.dependency.bundling=external, org.gradle.jvm.environment=standard-jvm, org.gradle.jvm.version=11, org.gradle.libraryelements=classes, org.gradle.usage=java-api, org.jetbrains.kotlin.platform.type=jvm}
2025-03-10T17:43:18.335+0800 [DEBUG] [org.gradle.api.internal.artifacts.ivyservice.ivyresolve.RepositoryChainComponentMetaDataResolver] Attempting to resolve component for io.ktor:ktor-server-websockets:2.3.6 using repositories [MavenRepo]
2025-03-10T17:43:18.335+0800 [DEBUG] [org.gradle.api.internal.artifacts.ivyservice.ivyresolve.CachingModuleComponentRepository] Using cached module metadata for module 'io.ktor:ktor-server-websockets:2.3.6' in 'MavenRepo'
2025-03-10T17:43:18.335+0800 [DEBUG] [org.gradle.api.internal.artifacts.ivyservice.ivyresolve.RepositoryChainComponentMetaDataResolver] Using io.ktor:ktor-server-websockets:2.3.6 from Maven repository 'MavenRepo'
2025-03-10T17:43:18.335+0800 [DEBUG] [org.gradle.api.internal.artifacts.ivyservice.ivyresolve.RepositoryChainComponentMetaDataResolver] Attempting to resolve component for io.ktor:ktor-server-content-negotiation:2.3.6 using repositories [MavenRepo]
2025-03-10T17:43:18.335+0800 [DEBUG] [org.gradle.api.internal.artifacts.ivyservice.ivyresolve.CachingModuleComponentRepository] Using cached module metadata for module 'io.ktor:ktor-server-content-negotiation:2.3.6' in 'MavenRepo'
2025-03-10T17:43:18.335+0800 [DEBUG] [org.gradle.api.internal.artifacts.ivyservice.ivyresolve.RepositoryChainComponentMetaDataResolver] Using io.ktor:ktor-server-content-negotiation:2.3.6 from Maven repository 'MavenRepo'
2025-03-10T17:43:18.335+0800 [DEBUG] [org.gradle.api.internal.artifacts.ivyservice.ivyresolve.RepositoryChainComponentMetaDataResolver] Attempting to resolve component for io.ktor:ktor-serialization-kotlinx-json:2.3.6 using repositories [MavenRepo]
2025-03-10T17:43:18.335+0800 [DEBUG] [org.gradle.api.internal.artifacts.ivyservice.ivyresolve.CachingModuleComponentRepository] Using cached module metadata for module 'io.ktor:ktor-serialization-kotlinx-json:2.3.6' in 'MavenRepo'
2025-03-10T17:43:18.335+0800 [DEBUG] [org.gradle.api.internal.artifacts.ivyservice.ivyresolve.RepositoryChainComponentMetaDataResolver] Using io.ktor:ktor-serialization-kotlinx-json:2.3.6 from Maven repository 'MavenRepo'
2025-03-10T17:43:18.335+0800 [DEBUG] [org.gradle.internal.component.model.LoggingAttributeMatchingExplanationBuilder] Candidate org.gradle.internal.component.model.DefaultExternalComponentGraphResolveState$DefaultConfigurationGraphResolveState@68174606 attribute org.gradle.usage value {org.gradle.category=library, org.gradle.usage=kotlin-metadata} doesn't requested value java-api
2025-03-10T17:43:18.335+0800 [DEBUG] [org.gradle.internal.component.model.LoggingAttributeMatchingExplanationBuilder] Candidate org.gradle.internal.component.model.DefaultExternalComponentGraphResolveState$DefaultConfigurationGraphResolveState@7a779e97 attribute org.gradle.category value {org.gradle.category=documentation} doesn't requested value library
2025-03-10T17:43:18.335+0800 [DEBUG] [org.gradle.internal.component.model.LoggingAttributeMatchingExplanationBuilder] Candidate org.gradle.internal.component.model.DefaultExternalComponentGraphResolveState$DefaultConfigurationGraphResolveState@69170ab7 attribute org.gradle.usage value {org.gradle.category=library, org.gradle.usage=kotlin-api} doesn't requested value java-api
2025-03-10T17:43:18.335+0800 [DEBUG] [org.gradle.internal.component.model.LoggingAttributeMatchingExplanationBuilder] Candidate org.gradle.internal.component.model.DefaultExternalComponentGraphResolveState$DefaultConfigurationGraphResolveState@2bdb3ea7 attribute org.gradle.usage value {org.gradle.category=library, org.gradle.usage=kotlin-metadata} doesn't requested value java-api
2025-03-10T17:43:18.335+0800 [DEBUG] [org.gradle.internal.component.model.LoggingAttributeMatchingExplanationBuilder] Candidate org.gradle.internal.component.model.DefaultExternalComponentGraphResolveState$DefaultConfigurationGraphResolveState@792e7aac attribute org.gradle.category value {org.gradle.category=documentation} doesn't requested value library
2025-03-10T17:43:18.335+0800 [DEBUG] [org.gradle.internal.component.model.LoggingAttributeMatchingExplanationBuilder] Candidate org.gradle.internal.component.model.DefaultExternalComponentGraphResolveState$DefaultConfigurationGraphResolveState@3f6bd038 attribute org.gradle.usage value {org.gradle.category=library, org.gradle.usage=kotlin-api} doesn't requested value java-api
2025-03-10T17:43:18.335+0800 [DEBUG] [org.gradle.internal.component.model.LoggingAttributeMatchingExplanationBuilder] Candidate org.gradle.internal.component.model.DefaultExternalComponentGraphResolveState$DefaultConfigurationGraphResolveState@6ef837d0 attribute org.gradle.usage value {org.gradle.category=library, org.gradle.usage=kotlin-metadata} doesn't requested value java-api
2025-03-10T17:43:18.335+0800 [DEBUG] [org.gradle.internal.component.model.LoggingAttributeMatchingExplanationBuilder] Candidate org.gradle.internal.component.model.DefaultExternalComponentGraphResolveState$DefaultConfigurationGraphResolveState@1ca412ae attribute org.gradle.category value {org.gradle.category=documentation} doesn't requested value library
2025-03-10T17:43:18.335+0800 [DEBUG] [org.gradle.internal.component.model.LoggingAttributeMatchingExplanationBuilder] Candidate org.gradle.internal.component.model.DefaultExternalComponentGraphResolveState$DefaultConfigurationGraphResolveState@1655f08c attribute org.gradle.usage value {org.gradle.category=library, org.gradle.usage=kotlin-api} doesn't requested value java-api
2025-03-10T17:43:18.335+0800 [DEBUG] [org.gradle.internal.component.model.LoggingAttributeMatchingExplanationBuilder] Candidate org.gradle.internal.component.model.DefaultExternalComponentGraphResolveState$DefaultConfigurationGraphResolveState@775e086e attribute org.gradle.usage value {org.gradle.category=library, org.gradle.usage=kotlin-metadata} doesn't requested value java-api
2025-03-10T17:43:18.335+0800 [DEBUG] [org.gradle.internal.component.model.LoggingAttributeMatchingExplanationBuilder] Candidate org.gradle.internal.component.model.DefaultExternalComponentGraphResolveState$DefaultConfigurationGraphResolveState@58b7e7e2 attribute org.gradle.category value {org.gradle.category=documentation} doesn't requested value library
2025-03-10T17:43:18.335+0800 [DEBUG] [org.gradle.internal.component.model.LoggingAttributeMatchingExplanationBuilder] Candidate org.gradle.internal.component.model.DefaultExternalComponentGraphResolveState$DefaultConfigurationGraphResolveState@64babf38 attribute org.gradle.usage value {org.gradle.category=library, org.gradle.usage=kotlin-api} doesn't requested value java-api
2025-03-10T17:43:18.335+0800 [DEBUG] [org.gradle.internal.component.model.LoggingAttributeMatchingExplanationBuilder] Candidate org.gradle.internal.component.model.DefaultExternalComponentGraphResolveState$DefaultConfigurationGraphResolveState@5dd2f2b3 attribute org.gradle.usage value {org.gradle.category=library, org.gradle.usage=kotlin-runtime} doesn't requested value java-api
2025-03-10T17:43:18.335+0800 [DEBUG] [org.gradle.internal.component.model.LoggingAttributeMatchingExplanationBuilder] Candidate org.gradle.internal.component.model.DefaultExternalComponentGraphResolveState$DefaultConfigurationGraphResolveState@5ac88c1f attribute org.gradle.category value {org.gradle.category=documentation} doesn't requested value library
2025-03-10T17:43:18.335+0800 [DEBUG] [org.gradle.internal.component.model.LoggingAttributeMatchingExplanationBuilder] Candidate org.gradle.internal.component.model.DefaultExternalComponentGraphResolveState$DefaultConfigurationGraphResolveState@3da7e853 doesn't have attribute org.gradle.dependency.bundling
2025-03-10T17:43:18.335+0800 [DEBUG] [org.gradle.internal.component.model.LoggingAttributeMatchingExplanationBuilder] Candidate org.gradle.internal.component.model.DefaultExternalComponentGraphResolveState$DefaultConfigurationGraphResolveState@3da7e853 doesn't have attribute org.gradle.jvm.environment
2025-03-10T17:43:18.335+0800 [DEBUG] [org.gradle.internal.component.model.LoggingAttributeMatchingExplanationBuilder] Candidate org.gradle.internal.component.model.DefaultExternalComponentGraphResolveState$DefaultConfigurationGraphResolveState@3da7e853 doesn't have attribute org.gradle.jvm.version
2025-03-10T17:43:18.335+0800 [DEBUG] [org.gradle.internal.component.model.LoggingAttributeMatchingExplanationBuilder] Candidate org.gradle.internal.component.model.DefaultExternalComponentGraphResolveState$DefaultConfigurationGraphResolveState@c55d3a0 doesn't have attribute org.gradle.dependency.bundling
2025-03-10T17:43:18.335+0800 [DEBUG] [org.gradle.internal.component.model.LoggingAttributeMatchingExplanationBuilder] Candidate org.gradle.internal.component.model.DefaultExternalComponentGraphResolveState$DefaultConfigurationGraphResolveState@c55d3a0 doesn't have attribute org.gradle.jvm.environment
2025-03-10T17:43:18.335+0800 [DEBUG] [org.gradle.internal.component.model.LoggingAttributeMatchingExplanationBuilder] Candidate org.gradle.internal.component.model.DefaultExternalComponentGraphResolveState$DefaultConfigurationGraphResolveState@c55d3a0 doesn't have attribute org.gradle.jvm.version
2025-03-10T17:43:18.335+0800 [DEBUG] [org.gradle.internal.component.model.LoggingAttributeMatchingExplanationBuilder] Candidate org.gradle.internal.component.model.DefaultExternalComponentGraphResolveState$DefaultConfigurationGraphResolveState@4658eff3 attribute org.gradle.category value {org.gradle.category=documentation} doesn't requested value library
2025-03-10T17:43:18.335+0800 [DEBUG] [org.gradle.internal.component.model.LoggingAttributeMatchingExplanationBuilder] Candidate org.gradle.internal.component.model.DefaultExternalComponentGraphResolveState$DefaultConfigurationGraphResolveState@586e2b53 attribute org.gradle.usage value {artifactType=org.jetbrains.kotlin.klib, org.gradle.category=library, org.gradle.usage=kotlin-api} doesn't requested value java-api
2025-03-10T17:43:18.336+0800 [DEBUG] [org.gradle.internal.component.model.LoggingAttributeMatchingExplanationBuilder] Candidate org.gradle.internal.component.model.DefaultExternalComponentGraphResolveState$DefaultConfigurationGraphResolveState@5a89b57d attribute org.gradle.category value {org.gradle.category=documentation} doesn't requested value library
2025-03-10T17:43:18.336+0800 [DEBUG] [org.gradle.internal.component.model.LoggingAttributeMatchingExplanationBuilder] Candidate org.gradle.internal.component.model.DefaultExternalComponentGraphResolveState$DefaultConfigurationGraphResolveState@7863a55f attribute org.gradle.usage value {artifactType=org.jetbrains.kotlin.klib, org.gradle.category=library, org.gradle.usage=kotlin-api} doesn't requested value java-api
2025-03-10T17:43:18.336+0800 [DEBUG] [org.gradle.internal.component.model.LoggingAttributeMatchingExplanationBuilder] Candidate org.gradle.internal.component.model.DefaultExternalComponentGraphResolveState$DefaultConfigurationGraphResolveState@7945fad7 attribute org.gradle.category value {org.gradle.category=documentation} doesn't requested value library
2025-03-10T17:43:18.336+0800 [DEBUG] [org.gradle.internal.component.model.LoggingAttributeMatchingExplanationBuilder] Candidate org.gradle.internal.component.model.DefaultExternalComponentGraphResolveState$DefaultConfigurationGraphResolveState@5058721f attribute org.gradle.usage value {org.gradle.category=library, org.gradle.usage=kotlin-api} doesn't requested value java-api
2025-03-10T17:43:18.336+0800 [DEBUG] [org.gradle.internal.component.model.LoggingAttributeMatchingExplanationBuilder] Candidate org.gradle.internal.component.model.DefaultExternalComponentGraphResolveState$DefaultConfigurationGraphResolveState@476d0734 attribute org.gradle.usage value {org.gradle.category=library, org.gradle.usage=kotlin-metadata} doesn't requested value java-api
2025-03-10T17:43:18.336+0800 [DEBUG] [org.gradle.internal.component.model.LoggingAttributeMatchingExplanationBuilder] Candidate org.gradle.internal.component.model.DefaultExternalComponentGraphResolveState$DefaultConfigurationGraphResolveState@22411bdb attribute org.gradle.category value {org.gradle.category=documentation} doesn't requested value library
2025-03-10T17:43:18.336+0800 [DEBUG] [org.gradle.internal.component.model.LoggingAttributeMatchingExplanationBuilder] Candidate org.gradle.internal.component.model.DefaultExternalComponentGraphResolveState$DefaultConfigurationGraphResolveState@7484ce06 attribute org.gradle.usage value {org.gradle.category=library, org.gradle.usage=kotlin-api} doesn't requested value java-api
2025-03-10T17:43:18.336+0800 [DEBUG] [org.gradle.internal.component.model.LoggingAttributeMatchingExplanationBuilder] Candidate org.gradle.internal.component.model.DefaultExternalComponentGraphResolveState$DefaultConfigurationGraphResolveState@67df8203 attribute org.gradle.usage value {org.gradle.category=library, org.gradle.usage=kotlin-metadata} doesn't requested value java-api
2025-03-10T17:43:18.336+0800 [DEBUG] [org.gradle.internal.component.model.LoggingAttributeMatchingExplanationBuilder] Candidate org.gradle.internal.component.model.DefaultExternalComponentGraphResolveState$DefaultConfigurationGraphResolveState@48a46d6b attribute org.gradle.category value {org.gradle.category=documentation} doesn't requested value library
2025-03-10T17:43:18.336+0800 [DEBUG] [org.gradle.internal.component.model.LoggingAttributeMatchingExplanationBuilder] Candidate org.gradle.internal.component.model.DefaultExternalComponentGraphResolveState$DefaultConfigurationGraphResolveState@62112867 attribute org.gradle.usage value {artifactType=org.jetbrains.kotlin.klib, org.gradle.category=library, org.gradle.usage=kotlin-api} doesn't requested value java-api
2025-03-10T17:43:18.336+0800 [DEBUG] [org.gradle.internal.component.model.LoggingAttributeMatchingExplanationBuilder] Candidate org.gradle.internal.component.model.DefaultExternalComponentGraphResolveState$DefaultConfigurationGraphResolveState@30b73edd attribute org.gradle.category value {org.gradle.category=documentation} doesn't requested value library
2025-03-10T17:43:18.336+0800 [DEBUG] [org.gradle.internal.component.model.LoggingAttributeMatchingExplanationBuilder] Candidate org.gradle.internal.component.model.DefaultExternalComponentGraphResolveState$DefaultConfigurationGraphResolveState@2b637d52 attribute org.gradle.usage value {org.gradle.category=library, org.gradle.usage=kotlin-api} doesn't requested value java-api
2025-03-10T17:43:18.336+0800 [DEBUG] [org.gradle.internal.component.model.LoggingAttributeMatchingExplanationBuilder] Candidate org.gradle.internal.component.model.DefaultExternalComponentGraphResolveState$DefaultConfigurationGraphResolveState@40479260 attribute org.gradle.usage value {org.gradle.category=library, org.gradle.usage=kotlin-metadata} doesn't requested value java-api
2025-03-10T17:43:18.336+0800 [DEBUG] [org.gradle.internal.component.model.LoggingAttributeMatchingExplanationBuilder] Candidate org.gradle.internal.component.model.DefaultExternalComponentGraphResolveState$DefaultConfigurationGraphResolveState@2b7ed81f attribute org.gradle.category value {org.gradle.category=documentation} doesn't requested value library
2025-03-10T17:43:18.336+0800 [DEBUG] [org.gradle.internal.component.model.LoggingAttributeMatchingExplanationBuilder] Candidate org.gradle.internal.component.model.DefaultExternalComponentGraphResolveState$DefaultConfigurationGraphResolveState@22364a7b attribute org.gradle.usage value {org.gradle.category=library, org.gradle.usage=kotlin-api} doesn't requested value java-api
2025-03-10T17:43:18.336+0800 [DEBUG] [org.gradle.internal.component.model.LoggingAttributeMatchingExplanationBuilder] Candidate org.gradle.internal.component.model.DefaultExternalComponentGraphResolveState$DefaultConfigurationGraphResolveState@120f2a82 attribute org.gradle.usage value {org.gradle.category=library, org.gradle.usage=kotlin-metadata} doesn't requested value java-api
2025-03-10T17:43:18.336+0800 [DEBUG] [org.gradle.internal.component.model.LoggingAttributeMatchingExplanationBuilder] Candidate org.gradle.internal.component.model.DefaultExternalComponentGraphResolveState$DefaultConfigurationGraphResolveState@6ea77e31 attribute org.gradle.category value {org.gradle.category=documentation} doesn't requested value library
2025-03-10T17:43:18.336+0800 [DEBUG] [org.gradle.internal.component.model.LoggingAttributeMatchingExplanationBuilder] Candidate org.gradle.internal.component.model.DefaultExternalComponentGraphResolveState$DefaultConfigurationGraphResolveState@33c4fdda attribute org.gradle.usage value {org.gradle.category=library, org.gradle.usage=kotlin-api} doesn't requested value java-api
2025-03-10T17:43:18.336+0800 [DEBUG] [org.gradle.internal.component.model.LoggingAttributeMatchingExplanationBuilder] Candidate org.gradle.internal.component.model.DefaultExternalComponentGraphResolveState$DefaultConfigurationGraphResolveState@23310c4b attribute org.gradle.usage value {org.gradle.category=library, org.gradle.usage=kotlin-metadata} doesn't requested value java-api
2025-03-10T17:43:18.336+0800 [DEBUG] [org.gradle.internal.component.model.LoggingAttributeMatchingExplanationBuilder] Candidate org.gradle.internal.component.model.DefaultExternalComponentGraphResolveState$DefaultConfigurationGraphResolveState@48817995 attribute org.gradle.category value {org.gradle.category=documentation} doesn't requested value library
2025-03-10T17:43:18.336+0800 [DEBUG] [org.gradle.internal.component.model.LoggingAttributeMatchingExplanationBuilder] Candidate org.gradle.internal.component.model.DefaultExternalComponentGraphResolveState$DefaultConfigurationGraphResolveState@1d02d042 attribute org.gradle.usage value {org.gradle.category=library, org.gradle.usage=kotlin-api} doesn't requested value java-api
2025-03-10T17:43:18.336+0800 [DEBUG] [org.gradle.internal.component.model.LoggingAttributeMatchingExplanationBuilder] Candidate org.gradle.internal.component.model.DefaultExternalComponentGraphResolveState$DefaultConfigurationGraphResolveState@93cc415 attribute org.gradle.usage value {org.gradle.category=library, org.gradle.usage=kotlin-metadata} doesn't requested value java-api
2025-03-10T17:43:18.336+0800 [DEBUG] [org.gradle.internal.component.model.LoggingAttributeMatchingExplanationBuilder] Candidate org.gradle.internal.component.model.DefaultExternalComponentGraphResolveState$DefaultConfigurationGraphResolveState@2244d22d attribute org.gradle.category value {org.gradle.category=documentation} doesn't requested value library
2025-03-10T17:43:18.336+0800 [DEBUG] [org.gradle.internal.component.model.LoggingAttributeMatchingExplanationBuilder] Candidate org.gradle.internal.component.model.DefaultExternalComponentGraphResolveState$DefaultConfigurationGraphResolveState@614a5a21 attribute org.gradle.usage value {org.gradle.category=library, org.gradle.usage=kotlin-api} doesn't requested value java-api
2025-03-10T17:43:18.336+0800 [DEBUG] [org.gradle.internal.component.model.LoggingAttributeMatchingExplanationBuilder] Candidate org.gradle.internal.component.model.DefaultExternalComponentGraphResolveState$DefaultConfigurationGraphResolveState@6a41068a attribute org.gradle.usage value {org.gradle.category=library, org.gradle.usage=kotlin-metadata} doesn't requested value java-api
2025-03-10T17:43:18.336+0800 [DEBUG] [org.gradle.internal.component.model.LoggingAttributeMatchingExplanationBuilder] Candidate org.gradle.internal.component.model.DefaultExternalComponentGraphResolveState$DefaultConfigurationGraphResolveState@5327bbb attribute org.gradle.category value {org.gradle.category=documentation} doesn't requested value library
2025-03-10T17:43:18.336+0800 [DEBUG] [org.gradle.internal.component.model.LoggingAttributeMatchingExplanationBuilder] Candidate org.gradle.internal.component.model.DefaultExternalComponentGraphResolveState$DefaultConfigurationGraphResolveState@163148a attribute org.gradle.usage value {org.gradle.category=library, org.gradle.usage=kotlin-api} doesn't requested value java-api
2025-03-10T17:43:18.336+0800 [DEBUG] [org.gradle.internal.component.model.LoggingAttributeMatchingExplanationBuilder] Candidate org.gradle.internal.component.model.DefaultExternalComponentGraphResolveState$DefaultConfigurationGraphResolveState@324bcdd5 attribute org.gradle.usage value {org.gradle.category=library, org.gradle.usage=kotlin-metadata} doesn't requested value java-api
2025-03-10T17:43:18.336+0800 [DEBUG] [org.gradle.internal.component.model.LoggingAttributeMatchingExplanationBuilder] Candidate org.gradle.internal.component.model.DefaultExternalComponentGraphResolveState$DefaultConfigurationGraphResolveState@505ce840 attribute org.gradle.category value {org.gradle.category=documentation} doesn't requested value library
2025-03-10T17:43:18.336+0800 [DEBUG] [org.gradle.internal.component.model.LoggingAttributeMatchingExplanationBuilder] Candidate org.gradle.internal.component.model.DefaultExternalComponentGraphResolveState$DefaultConfigurationGraphResolveState@4625ae53 attribute org.gradle.usage value {org.gradle.category=library, org.gradle.usage=kotlin-api} doesn't requested value java-api
2025-03-10T17:43:18.336+0800 [DEBUG] [org.gradle.internal.component.model.LoggingAttributeMatchingExplanationBuilder] Candidate org.gradle.internal.component.model.DefaultExternalComponentGraphResolveState$DefaultConfigurationGraphResolveState@5f7b3559 attribute org.gradle.usage value {org.gradle.category=library, org.gradle.usage=kotlin-metadata} doesn't requested value java-api
2025-03-10T17:43:18.336+0800 [DEBUG] [org.gradle.internal.component.model.LoggingAttributeMatchingExplanationBuilder] Candidate org.gradle.internal.component.model.DefaultExternalComponentGraphResolveState$DefaultConfigurationGraphResolveState@33327e06 attribute org.gradle.category value {org.gradle.category=documentation} doesn't requested value library
2025-03-10T17:43:18.336+0800 [DEBUG] [org.gradle.internal.component.model.DefaultAttributeMatcher] Selected matches [14] from candidates [org.gradle.internal.component.model.DefaultExternalComponentGraphResolveState$DefaultConfigurationGraphResolveState@68174606, org.gradle.internal.component.model.DefaultExternalComponentGraphResolveState$DefaultConfigurationGraphResolveState@7a779e97, org.gradle.internal.component.model.DefaultExternalComponentGraphResolveState$DefaultConfigurationGraphResolveState@69170ab7, org.gradle.internal.component.model.DefaultExternalComponentGraphResolveState$DefaultConfigurationGraphResolveState@2bdb3ea7, org.gradle.internal.component.model.DefaultExternalComponentGraphResolveState$DefaultConfigurationGraphResolveState@792e7aac, org.gradle.internal.component.model.DefaultExternalComponentGraphResolveState$DefaultConfigurationGraphResolveState@3f6bd038, org.gradle.internal.component.model.DefaultExternalComponentGraphResolveState$DefaultConfigurationGraphResolveState@6ef837d0, org.gradle.internal.component.model.DefaultExternalComponentGraphResolveState$DefaultConfigurationGraphResolveState@1ca412ae, org.gradle.internal.component.model.DefaultExternalComponentGraphResolveState$DefaultConfigurationGraphResolveState@1655f08c, org.gradle.internal.component.model.DefaultExternalComponentGraphResolveState$DefaultConfigurationGraphResolveState@775e086e, org.gradle.internal.component.model.DefaultExternalComponentGraphResolveState$DefaultConfigurationGraphResolveState@58b7e7e2, org.gradle.internal.component.model.DefaultExternalComponentGraphResolveState$DefaultConfigurationGraphResolveState@64babf38, org.gradle.internal.component.model.DefaultExternalComponentGraphResolveState$DefaultConfigurationGraphResolveState@5dd2f2b3, org.gradle.internal.component.model.DefaultExternalComponentGraphResolveState$DefaultConfigurationGraphResolveState@5ac88c1f, org.gradle.internal.component.model.DefaultExternalComponentGraphResolveState$DefaultConfigurationGraphResolveState@3da7e853, org.gradle.internal.component.model.DefaultExternalComponentGraphResolveState$DefaultConfigurationGraphResolveState@c55d3a0, org.gradle.internal.component.model.DefaultExternalComponentGraphResolveState$DefaultConfigurationGraphResolveState@4658eff3, org.gradle.internal.component.model.DefaultExternalComponentGraphResolveState$DefaultConfigurationGraphResolveState@586e2b53, org.gradle.internal.component.model.DefaultExternalComponentGraphResolveState$DefaultConfigurationGraphResolveState@5a89b57d, org.gradle.internal.component.model.DefaultExternalComponentGraphResolveState$DefaultConfigurationGraphResolveState@7863a55f, org.gradle.internal.component.model.DefaultExternalComponentGraphResolveState$DefaultConfigurationGraphResolveState@7945fad7, org.gradle.internal.component.model.DefaultExternalComponentGraphResolveState$DefaultConfigurationGraphResolveState@5058721f, org.gradle.internal.component.model.DefaultExternalComponentGraphResolveState$DefaultConfigurationGraphResolveState@476d0734, org.gradle.internal.component.model.DefaultExternalComponentGraphResolveState$DefaultConfigurationGraphResolveState@22411bdb, org.gradle.internal.component.model.DefaultExternalComponentGraphResolveState$DefaultConfigurationGraphResolveState@7484ce06, org.gradle.internal.component.model.DefaultExternalComponentGraphResolveState$DefaultConfigurationGraphResolveState@67df8203, org.gradle.internal.component.model.DefaultExternalComponentGraphResolveState$DefaultConfigurationGraphResolveState@48a46d6b, org.gradle.internal.component.model.DefaultExternalComponentGraphResolveState$DefaultConfigurationGraphResolveState@62112867, org.gradle.internal.component.model.DefaultExternalComponentGraphResolveState$DefaultConfigurationGraphResolveState@30b73edd, org.gradle.internal.component.model.DefaultExternalComponentGraphResolveState$DefaultConfigurationGraphResolveState@2b637d52, org.gradle.internal.component.model.DefaultExternalComponentGraphResolveState$DefaultConfigurationGraphResolveState@40479260, org.gradle.internal.component.model.DefaultExternalComponentGraphResolveState$DefaultConfigurationGraphResolveState@2b7ed81f, org.gradle.internal.component.model.DefaultExternalComponentGraphResolveState$DefaultConfigurationGraphResolveState@22364a7b, org.gradle.internal.component.model.DefaultExternalComponentGraphResolveState$DefaultConfigurationGraphResolveState@120f2a82, org.gradle.internal.component.model.DefaultExternalComponentGraphResolveState$DefaultConfigurationGraphResolveState@6ea77e31, org.gradle.internal.component.model.DefaultExternalComponentGraphResolveState$DefaultConfigurationGraphResolveState@33c4fdda, org.gradle.internal.component.model.DefaultExternalComponentGraphResolveState$DefaultConfigurationGraphResolveState@23310c4b, org.gradle.internal.component.model.DefaultExternalComponentGraphResolveState$DefaultConfigurationGraphResolveState@48817995, org.gradle.internal.component.model.DefaultExternalComponentGraphResolveState$DefaultConfigurationGraphResolveState@1d02d042, org.gradle.internal.component.model.DefaultExternalComponentGraphResolveState$DefaultConfigurationGraphResolveState@93cc415, org.gradle.internal.component.model.DefaultExternalComponentGraphResolveState$DefaultConfigurationGraphResolveState@2244d22d, org.gradle.internal.component.model.DefaultExternalComponentGraphResolveState$DefaultConfigurationGraphResolveState@614a5a21, org.gradle.internal.component.model.DefaultExternalComponentGraphResolveState$DefaultConfigurationGraphResolveState@6a41068a, org.gradle.internal.component.model.DefaultExternalComponentGraphResolveState$DefaultConfigurationGraphResolveState@5327bbb, org.gradle.internal.component.model.DefaultExternalComponentGraphResolveState$DefaultConfigurationGraphResolveState@163148a, org.gradle.internal.component.model.DefaultExternalComponentGraphResolveState$DefaultConfigurationGraphResolveState@324bcdd5, org.gradle.internal.component.model.DefaultExternalComponentGraphResolveState$DefaultConfigurationGraphResolveState@505ce840, org.gradle.internal.component.model.DefaultExternalComponentGraphResolveState$DefaultConfigurationGraphResolveState@4625ae53, org.gradle.internal.component.model.DefaultExternalComponentGraphResolveState$DefaultConfigurationGraphResolveState@5f7b3559, org.gradle.internal.component.model.DefaultExternalComponentGraphResolveState$DefaultConfigurationGraphResolveState@33327e06] for {org.gradle.category=library, org.gradle.dependency.bundling=external, org.gradle.jvm.environment=standard-jvm, org.gradle.jvm.version=11, org.gradle.libraryelements=classes, org.gradle.usage=java-api, org.jetbrains.kotlin.platform.type=jvm}
2025-03-10T17:43:18.336+0800 [DEBUG] [org.gradle.api.internal.artifacts.ivyservice.ivyresolve.RepositoryChainComponentMetaDataResolver] Attempting to resolve component for io.ktor:ktor-server-cors:2.3.6 using repositories [MavenRepo]
2025-03-10T17:43:18.336+0800 [DEBUG] [org.gradle.api.internal.artifacts.ivyservice.ivyresolve.CachingModuleComponentRepository] Using cached module metadata for module 'io.ktor:ktor-server-cors:2.3.6' in 'MavenRepo'
2025-03-10T17:43:18.336+0800 [DEBUG] [org.gradle.api.internal.artifacts.ivyservice.ivyresolve.RepositoryChainComponentMetaDataResolver] Using io.ktor:ktor-server-cors:2.3.6 from Maven repository 'MavenRepo'
2025-03-10T17:43:18.336+0800 [DEBUG] [org.gradle.api.internal.artifacts.ivyservice.ivyresolve.RepositoryChainComponentMetaDataResolver] Attempting to resolve component for io.ktor:ktor-server-auth:2.3.6 using repositories [MavenRepo]
2025-03-10T17:43:18.336+0800 [DEBUG] [org.gradle.api.internal.artifacts.ivyservice.ivyresolve.CachingModuleComponentRepository] Using cached module metadata for module 'io.ktor:ktor-server-auth:2.3.6' in 'MavenRepo'
2025-03-10T17:43:18.336+0800 [DEBUG] [org.gradle.api.internal.artifacts.ivyservice.ivyresolve.RepositoryChainComponentMetaDataResolver] Using io.ktor:ktor-server-auth:2.3.6 from Maven repository 'MavenRepo'
2025-03-10T17:43:18.336+0800 [DEBUG] [org.gradle.api.internal.artifacts.ivyservice.ivyresolve.RepositoryChainComponentMetaDataResolver] Attempting to resolve component for org.eclipse.paho:org.eclipse.paho.client.mqttv3:1.2.5 using repositories [MavenRepo]
2025-03-10T17:43:18.336+0800 [DEBUG] [org.gradle.api.internal.artifacts.ivyservice.ivyresolve.CachingModuleComponentRepository] Using cached module metadata for module 'org.eclipse.paho:org.eclipse.paho.client.mqttv3:1.2.5' in 'MavenRepo'
2025-03-10T17:43:18.336+0800 [DEBUG] [org.gradle.api.internal.artifacts.ivyservice.ivyresolve.RepositoryChainComponentMetaDataResolver] Using org.eclipse.paho:org.eclipse.paho.client.mqttv3:1.2.5 from Maven repository 'MavenRepo'
2025-03-10T17:43:18.336+0800 [DEBUG] [org.gradle.internal.component.model.LoggingAttributeMatchingExplanationBuilder] Candidate org.gradle.internal.component.model.DefaultExternalComponentGraphResolveState$DefaultConfigurationGraphResolveState@131f1de doesn't have attribute org.gradle.dependency.bundling
2025-03-10T17:43:18.336+0800 [DEBUG] [org.gradle.internal.component.model.LoggingAttributeMatchingExplanationBuilder] Candidate org.gradle.internal.component.model.DefaultExternalComponentGraphResolveState$DefaultConfigurationGraphResolveState@131f1de doesn't have attribute org.gradle.jvm.environment
2025-03-10T17:43:18.336+0800 [DEBUG] [org.gradle.internal.component.model.LoggingAttributeMatchingExplanationBuilder] Candidate org.gradle.internal.component.model.DefaultExternalComponentGraphResolveState$DefaultConfigurationGraphResolveState@131f1de doesn't have attribute org.jetbrains.kotlin.platform.type
2025-03-10T17:43:18.336+0800 [DEBUG] [org.gradle.internal.component.model.LoggingAttributeMatchingExplanationBuilder] Candidate org.gradle.internal.component.model.DefaultExternalComponentGraphResolveState$DefaultConfigurationGraphResolveState@131f1de doesn't have attribute org.gradle.jvm.version
2025-03-10T17:43:18.336+0800 [DEBUG] [org.gradle.internal.component.model.LoggingAttributeMatchingExplanationBuilder] Candidate org.gradle.internal.component.model.DefaultExternalComponentGraphResolveState$DefaultConfigurationGraphResolveState@5e2e6df3 doesn't have attribute org.gradle.dependency.bundling
2025-03-10T17:43:18.336+0800 [DEBUG] [org.gradle.internal.component.model.LoggingAttributeMatchingExplanationBuilder] Candidate org.gradle.internal.component.model.DefaultExternalComponentGraphResolveState$DefaultConfigurationGraphResolveState@5e2e6df3 doesn't have attribute org.gradle.jvm.environment
2025-03-10T17:43:18.336+0800 [DEBUG] [org.gradle.internal.component.model.LoggingAttributeMatchingExplanationBuilder] Candidate org.gradle.internal.component.model.DefaultExternalComponentGraphResolveState$DefaultConfigurationGraphResolveState@5e2e6df3 doesn't have attribute org.jetbrains.kotlin.platform.type
2025-03-10T17:43:18.336+0800 [DEBUG] [org.gradle.internal.component.model.LoggingAttributeMatchingExplanationBuilder] Candidate org.gradle.internal.component.model.DefaultExternalComponentGraphResolveState$DefaultConfigurationGraphResolveState@5e2e6df3 doesn't have attribute org.gradle.jvm.version
2025-03-10T17:43:18.336+0800 [DEBUG] [org.gradle.internal.component.model.LoggingAttributeMatchingExplanationBuilder] Candidate org.gradle.internal.component.model.DefaultExternalComponentGraphResolveState$DefaultConfigurationGraphResolveState@d096901 attribute org.gradle.category value {org.gradle.category=documentation, org.gradle.status=release} doesn't requested value library
2025-03-10T17:43:18.336+0800 [DEBUG] [org.gradle.internal.component.model.LoggingAttributeMatchingExplanationBuilder] Candidate org.gradle.internal.component.model.DefaultExternalComponentGraphResolveState$DefaultConfigurationGraphResolveState@47df1833 attribute org.gradle.category value {org.gradle.category=documentation, org.gradle.status=release} doesn't requested value library
2025-03-10T17:43:18.336+0800 [DEBUG] [org.gradle.internal.component.model.LoggingAttributeMatchingExplanationBuilder] Candidate org.gradle.internal.component.model.DefaultExternalComponentGraphResolveState$DefaultConfigurationGraphResolveState@496eae17 attribute org.gradle.category value {org.gradle.category=platform, org.gradle.status=release, org.gradle.usage=java-api} doesn't requested value library
2025-03-10T17:43:18.336+0800 [DEBUG] [org.gradle.internal.component.model.LoggingAttributeMatchingExplanationBuilder] Candidate org.gradle.internal.component.model.DefaultExternalComponentGraphResolveState$DefaultConfigurationGraphResolveState@6402133c attribute org.gradle.category value {org.gradle.category=platform, org.gradle.status=release, org.gradle.usage=java-runtime} doesn't requested value library
2025-03-10T17:43:18.336+0800 [DEBUG] [org.gradle.internal.component.model.LoggingAttributeMatchingExplanationBuilder] Candidate org.gradle.internal.component.model.DefaultExternalComponentGraphResolveState$DefaultConfigurationGraphResolveState@22853fdc attribute org.gradle.category value {org.gradle.category=enforced-platform, org.gradle.status=release, org.gradle.usage=java-api} doesn't requested value library
2025-03-10T17:43:18.336+0800 [DEBUG] [org.gradle.internal.component.model.LoggingAttributeMatchingExplanationBuilder] Candidate org.gradle.internal.component.model.DefaultExternalComponentGraphResolveState$DefaultConfigurationGraphResolveState@1d24b53f attribute org.gradle.category value {org.gradle.category=enforced-platform, org.gradle.status=release, org.gradle.usage=java-runtime} doesn't requested value library
2025-03-10T17:43:18.336+0800 [DEBUG] [org.gradle.internal.component.model.DefaultAttributeMatcher] Selected matches [0] from candidates [org.gradle.internal.component.model.DefaultExternalComponentGraphResolveState$DefaultConfigurationGraphResolveState@131f1de, org.gradle.internal.component.model.DefaultExternalComponentGraphResolveState$DefaultConfigurationGraphResolveState@5e2e6df3, org.gradle.internal.component.model.DefaultExternalComponentGraphResolveState$DefaultConfigurationGraphResolveState@d096901, org.gradle.internal.component.model.DefaultExternalComponentGraphResolveState$DefaultConfigurationGraphResolveState@47df1833, org.gradle.internal.component.model.DefaultExternalComponentGraphResolveState$DefaultConfigurationGraphResolveState@496eae17, org.gradle.internal.component.model.DefaultExternalComponentGraphResolveState$DefaultConfigurationGraphResolveState@6402133c, org.gradle.internal.component.model.DefaultExternalComponentGraphResolveState$DefaultConfigurationGraphResolveState@22853fdc, org.gradle.internal.component.model.DefaultExternalComponentGraphResolveState$DefaultConfigurationGraphResolveState@1d24b53f] for {org.gradle.category=library, org.gradle.dependency.bundling=external, org.gradle.jvm.environment=standard-jvm, org.gradle.jvm.version=11, org.gradle.libraryelements=classes, org.gradle.usage=java-api, org.jetbrains.kotlin.platform.type=jvm}
2025-03-10T17:43:18.336+0800 [DEBUG] [org.gradle.api.internal.artifacts.ivyservice.ivyresolve.RepositoryChainComponentMetaDataResolver] Attempting to resolve component for org.jetbrains.exposed:exposed-core:0.41.1 using repositories [MavenRepo]
2025-03-10T17:43:18.336+0800 [DEBUG] [org.gradle.api.internal.artifacts.ivyservice.ivyresolve.CachingModuleComponentRepository] Using cached module metadata for module 'org.jetbrains.exposed:exposed-core:0.41.1' in 'MavenRepo'
2025-03-10T17:43:18.336+0800 [DEBUG] [org.gradle.api.internal.artifacts.ivyservice.ivyresolve.RepositoryChainComponentMetaDataResolver] Using org.jetbrains.exposed:exposed-core:0.41.1 from Maven repository 'MavenRepo'
2025-03-10T17:43:18.337+0800 [DEBUG] [org.gradle.internal.component.model.LoggingAttributeMatchingExplanationBuilder] Candidate org.gradle.internal.component.model.DefaultExternalComponentGraphResolveState$DefaultConfigurationGraphResolveState@724a275b attribute org.gradle.category value {org.gradle.category=documentation} doesn't requested value library
2025-03-10T17:43:18.337+0800 [DEBUG] [org.gradle.internal.component.model.LoggingAttributeMatchingExplanationBuilder] Candidate org.gradle.internal.component.model.DefaultExternalComponentGraphResolveState$DefaultConfigurationGraphResolveState@692b391d attribute org.gradle.category value {org.gradle.category=documentation} doesn't requested value library
2025-03-10T17:43:18.337+0800 [DEBUG] [org.gradle.internal.component.model.DefaultAttributeMatcher] Selected matches [0] from candidates [org.gradle.internal.component.model.DefaultExternalComponentGraphResolveState$DefaultConfigurationGraphResolveState@7cc1ffd7, org.gradle.internal.component.model.DefaultExternalComponentGraphResolveState$DefaultConfigurationGraphResolveState@7fd50042, org.gradle.internal.component.model.DefaultExternalComponentGraphResolveState$DefaultConfigurationGraphResolveState@724a275b, org.gradle.internal.component.model.DefaultExternalComponentGraphResolveState$DefaultConfigurationGraphResolveState@692b391d] for {org.gradle.category=library, org.gradle.dependency.bundling=external, org.gradle.jvm.environment=standard-jvm, org.gradle.jvm.version=11, org.gradle.libraryelements=classes, org.gradle.usage=java-api, org.jetbrains.kotlin.platform.type=jvm}
2025-03-10T17:43:18.337+0800 [DEBUG] [org.gradle.api.internal.artifacts.ivyservice.ivyresolve.RepositoryChainComponentMetaDataResolver] Attempting to resolve component for org.jetbrains.exposed:exposed-dao:0.41.1 using repositories [MavenRepo]
2025-03-10T17:43:18.337+0800 [DEBUG] [org.gradle.api.internal.artifacts.ivyservice.ivyresolve.CachingModuleComponentRepository] Using cached module metadata for module 'org.jetbrains.exposed:exposed-dao:0.41.1' in 'MavenRepo'
2025-03-10T17:43:18.337+0800 [DEBUG] [org.gradle.api.internal.artifacts.ivyservice.ivyresolve.RepositoryChainComponentMetaDataResolver] Using org.jetbrains.exposed:exposed-dao:0.41.1 from Maven repository 'MavenRepo'
2025-03-10T17:43:18.337+0800 [DEBUG] [org.gradle.api.internal.artifacts.ivyservice.ivyresolve.RepositoryChainComponentMetaDataResolver] Attempting to resolve component for org.jetbrains.exposed:exposed-jdbc:0.41.1 using repositories [MavenRepo]
2025-03-10T17:43:18.337+0800 [DEBUG] [org.gradle.api.internal.artifacts.ivyservice.ivyresolve.CachingModuleComponentRepository] Using cached module metadata for module 'org.jetbrains.exposed:exposed-jdbc:0.41.1' in 'MavenRepo'
2025-03-10T17:43:18.337+0800 [DEBUG] [org.gradle.api.internal.artifacts.ivyservice.ivyresolve.RepositoryChainComponentMetaDataResolver] Using org.jetbrains.exposed:exposed-jdbc:0.41.1 from Maven repository 'MavenRepo'
2025-03-10T17:43:18.337+0800 [DEBUG] [org.gradle.api.internal.artifacts.ivyservice.ivyresolve.RepositoryChainComponentMetaDataResolver] Attempting to resolve component for org.jetbrains.exposed:exposed-java-time:0.41.1 using repositories [MavenRepo]
2025-03-10T17:43:18.337+0800 [DEBUG] [org.gradle.api.internal.artifacts.ivyservice.ivyresolve.CachingModuleComponentRepository] Using cached module metadata for module 'org.jetbrains.exposed:exposed-java-time:0.41.1' in 'MavenRepo'
2025-03-10T17:43:18.337+0800 [DEBUG] [org.gradle.api.internal.artifacts.ivyservice.ivyresolve.RepositoryChainComponentMetaDataResolver] Using org.jetbrains.exposed:exposed-java-time:0.41.1 from Maven repository 'MavenRepo'
2025-03-10T17:43:18.337+0800 [DEBUG] [org.gradle.api.internal.artifacts.ivyservice.ivyresolve.RepositoryChainComponentMetaDataResolver] Attempting to resolve component for org.postgresql:postgresql:42.5.4 using repositories [MavenRepo]
2025-03-10T17:43:18.337+0800 [DEBUG] [org.gradle.api.internal.artifacts.ivyservice.ivyresolve.CachingModuleComponentRepository] Using cached module metadata for module 'org.postgresql:postgresql:42.5.4' in 'MavenRepo'
2025-03-10T17:43:18.337+0800 [DEBUG] [org.gradle.api.internal.artifacts.ivyservice.ivyresolve.RepositoryChainComponentMetaDataResolver] Using org.postgresql:postgresql:42.5.4 from Maven repository 'MavenRepo'
2025-03-10T17:43:18.337+0800 [DEBUG] [org.gradle.api.internal.artifacts.ivyservice.ivyresolve.RepositoryChainComponentMetaDataResolver] Attempting to resolve component for com.zaxxer:HikariCP:5.0.1 using repositories [MavenRepo]
2025-03-10T17:43:18.337+0800 [DEBUG] [org.gradle.api.internal.artifacts.ivyservice.ivyresolve.CachingModuleComponentRepository] Using cached module metadata for module 'com.zaxxer:HikariCP:5.0.1' in 'MavenRepo'
2025-03-10T17:43:18.337+0800 [DEBUG] [org.gradle.api.internal.artifacts.ivyservice.ivyresolve.RepositoryChainComponentMetaDataResolver] Using com.zaxxer:HikariCP:5.0.1 from Maven repository 'MavenRepo'
2025-03-10T17:43:18.337+0800 [DEBUG] [org.gradle.api.internal.artifacts.ivyservice.ivyresolve.RepositoryChainComponentMetaDataResolver] Attempting to resolve component for ch.qos.logback:logback-classic:1.4.11 using repositories [MavenRepo]
2025-03-10T17:43:18.337+0800 [DEBUG] [org.gradle.api.internal.artifacts.ivyservice.ivyresolve.CachingModuleComponentRepository] Using cached module metadata for module 'ch.qos.logback:logback-classic:1.4.11' in 'MavenRepo'
2025-03-10T17:43:18.337+0800 [DEBUG] [org.gradle.api.internal.artifacts.ivyservice.ivyresolve.RepositoryChainComponentMetaDataResolver] Using ch.qos.logback:logback-classic:1.4.11 from Maven repository 'MavenRepo'
2025-03-10T17:43:18.337+0800 [DEBUG] [org.gradle.api.internal.artifacts.ivyservice.resolveengine.graph.builder.DependencyGraphBuilder] Visiting configuration io.ktor:ktor-bom:2.3.6(apiElements).
2025-03-10T17:43:18.337+0800 [DEBUG] [org.gradle.api.internal.artifacts.ivyservice.resolveengine.graph.builder.DependencyGraphBuilder] Visiting configuration org.jetbrains.kotlin:kotlin-stdlib:2.1.10(jvmApiElements).
2025-03-10T17:43:18.337+0800 [DEBUG] [org.gradle.api.internal.artifacts.ivyservice.ivyresolve.RepositoryChainComponentMetaDataResolver] Attempting to resolve component for org.jetbrains:annotations:13.0 using repositories [MavenRepo]
2025-03-10T17:43:18.337+0800 [DEBUG] [org.gradle.api.internal.artifacts.ivyservice.ivyresolve.CachingModuleComponentRepository] Using cached module metadata for module 'org.jetbrains:annotations:13.0' in 'MavenRepo'
2025-03-10T17:43:18.337+0800 [DEBUG] [org.gradle.api.internal.artifacts.ivyservice.ivyresolve.RepositoryChainComponentMetaDataResolver] Using org.jetbrains:annotations:13.0 from Maven repository 'MavenRepo'
2025-03-10T17:43:18.337+0800 [DEBUG] [org.gradle.api.internal.artifacts.ivyservice.resolveengine.graph.builder.DependencyGraphBuilder] Visiting configuration io.ktor:ktor-server-core:2.3.6(jvmApiElements-published).
2025-03-10T17:43:18.337+0800 [DEBUG] [org.gradle.api.internal.artifacts.ivyservice.resolveengine.graph.builder.DependencyGraphBuilder] Visiting configuration io.ktor:ktor-bom:2.3.6(apiElements).
2025-03-10T17:43:18.337+0800 [DEBUG] [org.gradle.api.internal.artifacts.ivyservice.ivyresolve.RepositoryChainComponentMetaDataResolver] Attempting to resolve component for io.ktor:ktor-server-core-jvm:2.3.6 using repositories [MavenRepo]
2025-03-10T17:43:18.337+0800 [DEBUG] [org.gradle.api.internal.artifacts.ivyservice.ivyresolve.CachingModuleComponentRepository] Using cached module metadata for module 'io.ktor:ktor-server-core-jvm:2.3.6' in 'MavenRepo'
2025-03-10T17:43:18.337+0800 [DEBUG] [org.gradle.api.internal.artifacts.ivyservice.ivyresolve.RepositoryChainComponentMetaDataResolver] Using io.ktor:ktor-server-core-jvm:2.3.6 from Maven repository 'MavenRepo'
2025-03-10T17:43:18.337+0800 [DEBUG] [org.gradle.internal.component.model.LoggingAttributeMatchingExplanationBuilder] Candidate org.gradle.internal.component.model.DefaultExternalComponentGraphResolveState$DefaultConfigurationGraphResolveState@237e4043 doesn't have attribute org.gradle.dependency.bundling
2025-03-10T17:43:18.337+0800 [DEBUG] [org.gradle.internal.component.model.LoggingAttributeMatchingExplanationBuilder] Candidate org.gradle.internal.component.model.DefaultExternalComponentGraphResolveState$DefaultConfigurationGraphResolveState@237e4043 doesn't have attribute org.gradle.jvm.environment
2025-03-10T17:43:18.337+0800 [DEBUG] [org.gradle.internal.component.model.LoggingAttributeMatchingExplanationBuilder] Candidate org.gradle.internal.component.model.DefaultExternalComponentGraphResolveState$DefaultConfigurationGraphResolveState@237e4043 doesn't have attribute org.gradle.jvm.version
2025-03-10T17:43:18.337+0800 [DEBUG] [org.gradle.internal.component.model.LoggingAttributeMatchingExplanationBuilder] Candidate org.gradle.internal.component.model.DefaultExternalComponentGraphResolveState$DefaultConfigurationGraphResolveState@3197fac7 doesn't have attribute org.gradle.dependency.bundling
2025-03-10T17:43:18.337+0800 [DEBUG] [org.gradle.internal.component.model.LoggingAttributeMatchingExplanationBuilder] Candidate org.gradle.internal.component.model.DefaultExternalComponentGraphResolveState$DefaultConfigurationGraphResolveState@3197fac7 doesn't have attribute org.gradle.jvm.environment
2025-03-10T17:43:18.337+0800 [DEBUG] [org.gradle.internal.component.model.LoggingAttributeMatchingExplanationBuilder] Candidate org.gradle.internal.component.model.DefaultExternalComponentGraphResolveState$DefaultConfigurationGraphResolveState@3197fac7 doesn't have attribute org.gradle.jvm.version
2025-03-10T17:43:18.337+0800 [DEBUG] [org.gradle.internal.component.model.LoggingAttributeMatchingExplanationBuilder] Candidate org.gradle.internal.component.model.DefaultExternalComponentGraphResolveState$DefaultConfigurationGraphResolveState@2e952c09 attribute org.gradle.category value {org.gradle.category=documentation} doesn't requested value library
2025-03-10T17:43:18.337+0800 [DEBUG] [org.gradle.internal.component.model.DefaultAttributeMatcher] Selected matches [0] from candidates [org.gradle.internal.component.model.DefaultExternalComponentGraphResolveState$DefaultConfigurationGraphResolveState@237e4043, org.gradle.internal.component.model.DefaultExternalComponentGraphResolveState$DefaultConfigurationGraphResolveState@3197fac7, org.gradle.internal.component.model.DefaultExternalComponentGraphResolveState$DefaultConfigurationGraphResolveState@2e952c09] for {org.gradle.category=library, org.gradle.dependency.bundling=external, org.gradle.jvm.environment=standard-jvm, org.gradle.jvm.version=11, org.gradle.libraryelements=classes, org.gradle.usage=java-api, org.jetbrains.kotlin.platform.type=jvm}
2025-03-10T17:43:18.337+0800 [DEBUG] [org.gradle.api.internal.artifacts.ivyservice.resolveengine.graph.builder.DependencyGraphBuilder] Visiting configuration io.ktor:ktor-server-netty:2.3.6(jvmApiElements-published).
2025-03-10T17:43:18.337+0800 [DEBUG] [org.gradle.api.internal.artifacts.ivyservice.resolveengine.graph.builder.DependencyGraphBuilder] Visiting configuration io.ktor:ktor-bom:2.3.6(apiElements).
2025-03-10T17:43:18.338+0800 [DEBUG] [org.gradle.api.internal.artifacts.ivyservice.ivyresolve.RepositoryChainComponentMetaDataResolver] Attempting to resolve component for io.ktor:ktor-server-netty-jvm:2.3.6 using repositories [MavenRepo]
2025-03-10T17:43:18.338+0800 [DEBUG] [org.gradle.api.internal.artifacts.ivyservice.ivyresolve.CachingModuleComponentRepository] Using cached module metadata for module 'io.ktor:ktor-server-netty-jvm:2.3.6' in 'MavenRepo'
2025-03-10T17:43:18.338+0800 [DEBUG] [org.gradle.api.internal.artifacts.ivyservice.ivyresolve.RepositoryChainComponentMetaDataResolver] Using io.ktor:ktor-server-netty-jvm:2.3.6 from Maven repository 'MavenRepo'
2025-03-10T17:43:18.338+0800 [DEBUG] [org.gradle.api.internal.artifacts.ivyservice.resolveengine.graph.builder.DependencyGraphBuilder] Visiting configuration io.ktor:ktor-server-websockets:2.3.6(jvmApiElements-published).
2025-03-10T17:43:18.338+0800 [DEBUG] [org.gradle.api.internal.artifacts.ivyservice.resolveengine.graph.builder.DependencyGraphBuilder] Visiting configuration io.ktor:ktor-bom:2.3.6(apiElements).
2025-03-10T17:43:18.338+0800 [DEBUG] [org.gradle.api.internal.artifacts.ivyservice.ivyresolve.RepositoryChainComponentMetaDataResolver] Attempting to resolve component for io.ktor:ktor-server-websockets-jvm:2.3.6 using repositories [MavenRepo]
2025-03-10T17:43:18.338+0800 [DEBUG] [org.gradle.api.internal.artifacts.ivyservice.ivyresolve.CachingModuleComponentRepository] Using cached module metadata for module 'io.ktor:ktor-server-websockets-jvm:2.3.6' in 'MavenRepo'
2025-03-10T17:43:18.338+0800 [DEBUG] [org.gradle.api.internal.artifacts.ivyservice.ivyresolve.RepositoryChainComponentMetaDataResolver] Using io.ktor:ktor-server-websockets-jvm:2.3.6 from Maven repository 'MavenRepo'
2025-03-10T17:43:18.338+0800 [DEBUG] [org.gradle.api.internal.artifacts.ivyservice.resolveengine.graph.builder.DependencyGraphBuilder] Visiting configuration io.ktor:ktor-server-content-negotiation:2.3.6(jvmApiElements-published).
2025-03-10T17:43:18.338+0800 [DEBUG] [org.gradle.api.internal.artifacts.ivyservice.resolveengine.graph.builder.DependencyGraphBuilder] Visiting configuration io.ktor:ktor-bom:2.3.6(apiElements).
2025-03-10T17:43:18.338+0800 [DEBUG] [org.gradle.api.internal.artifacts.ivyservice.ivyresolve.RepositoryChainComponentMetaDataResolver] Attempting to resolve component for io.ktor:ktor-server-content-negotiation-jvm:2.3.6 using repositories [MavenRepo]
2025-03-10T17:43:18.338+0800 [DEBUG] [org.gradle.api.internal.artifacts.ivyservice.ivyresolve.CachingModuleComponentRepository] Using cached module metadata for module 'io.ktor:ktor-server-content-negotiation-jvm:2.3.6' in 'MavenRepo'
2025-03-10T17:43:18.338+0800 [DEBUG] [org.gradle.api.internal.artifacts.ivyservice.ivyresolve.RepositoryChainComponentMetaDataResolver] Using io.ktor:ktor-server-content-negotiation-jvm:2.3.6 from Maven repository 'MavenRepo'
2025-03-10T17:43:18.338+0800 [DEBUG] [org.gradle.api.internal.artifacts.ivyservice.resolveengine.graph.builder.DependencyGraphBuilder] Visiting configuration io.ktor:ktor-serialization-kotlinx-json:2.3.6(jvmApiElements-published).
2025-03-10T17:43:18.338+0800 [DEBUG] [org.gradle.api.internal.artifacts.ivyservice.resolveengine.graph.builder.DependencyGraphBuilder] Visiting configuration io.ktor:ktor-bom:2.3.6(apiElements).
2025-03-10T17:43:18.338+0800 [DEBUG] [org.gradle.api.internal.artifacts.ivyservice.ivyresolve.RepositoryChainComponentMetaDataResolver] Attempting to resolve component for io.ktor:ktor-serialization-kotlinx-json-jvm:2.3.6 using repositories [MavenRepo]
2025-03-10T17:43:18.338+0800 [DEBUG] [org.gradle.api.internal.artifacts.ivyservice.ivyresolve.CachingModuleComponentRepository] Using cached module metadata for module 'io.ktor:ktor-serialization-kotlinx-json-jvm:2.3.6' in 'MavenRepo'
2025-03-10T17:43:18.338+0800 [DEBUG] [org.gradle.api.internal.artifacts.ivyservice.ivyresolve.RepositoryChainComponentMetaDataResolver] Using io.ktor:ktor-serialization-kotlinx-json-jvm:2.3.6 from Maven repository 'MavenRepo'
2025-03-10T17:43:18.338+0800 [DEBUG] [org.gradle.api.internal.artifacts.ivyservice.resolveengine.graph.builder.DependencyGraphBuilder] Visiting configuration io.ktor:ktor-server-cors:2.3.6(jvmApiElements-published).
2025-03-10T17:43:18.338+0800 [DEBUG] [org.gradle.api.internal.artifacts.ivyservice.resolveengine.graph.builder.DependencyGraphBuilder] Visiting configuration io.ktor:ktor-bom:2.3.6(apiElements).
2025-03-10T17:43:18.338+0800 [DEBUG] [org.gradle.api.internal.artifacts.ivyservice.ivyresolve.RepositoryChainComponentMetaDataResolver] Attempting to resolve component for io.ktor:ktor-server-cors-jvm:2.3.6 using repositories [MavenRepo]
2025-03-10T17:43:18.338+0800 [DEBUG] [org.gradle.api.internal.artifacts.ivyservice.ivyresolve.CachingModuleComponentRepository] Using cached module metadata for module 'io.ktor:ktor-server-cors-jvm:2.3.6' in 'MavenRepo'
2025-03-10T17:43:18.338+0800 [DEBUG] [org.gradle.api.internal.artifacts.ivyservice.ivyresolve.RepositoryChainComponentMetaDataResolver] Using io.ktor:ktor-server-cors-jvm:2.3.6 from Maven repository 'MavenRepo'
2025-03-10T17:43:18.338+0800 [DEBUG] [org.gradle.api.internal.artifacts.ivyservice.resolveengine.graph.builder.DependencyGraphBuilder] Visiting configuration io.ktor:ktor-server-auth:2.3.6(jvmApiElements-published).
2025-03-10T17:43:18.338+0800 [DEBUG] [org.gradle.api.internal.artifacts.ivyservice.resolveengine.graph.builder.DependencyGraphBuilder] Visiting configuration io.ktor:ktor-bom:2.3.6(apiElements).
2025-03-10T17:43:18.338+0800 [DEBUG] [org.gradle.api.internal.artifacts.ivyservice.ivyresolve.RepositoryChainComponentMetaDataResolver] Attempting to resolve component for io.ktor:ktor-server-auth-jvm:2.3.6 using repositories [MavenRepo]
2025-03-10T17:43:18.338+0800 [DEBUG] [org.gradle.api.internal.artifacts.ivyservice.ivyresolve.CachingModuleComponentRepository] Using cached module metadata for module 'io.ktor:ktor-server-auth-jvm:2.3.6' in 'MavenRepo'
2025-03-10T17:43:18.338+0800 [DEBUG] [org.gradle.api.internal.artifacts.ivyservice.ivyresolve.RepositoryChainComponentMetaDataResolver] Using io.ktor:ktor-server-auth-jvm:2.3.6 from Maven repository 'MavenRepo'
2025-03-10T17:43:18.338+0800 [DEBUG] [org.gradle.api.internal.artifacts.ivyservice.resolveengine.graph.builder.DependencyGraphBuilder] Visiting configuration org.eclipse.paho:org.eclipse.paho.client.mqttv3:1.2.5(compile).
2025-03-10T17:43:18.338+0800 [DEBUG] [org.gradle.api.internal.artifacts.ivyservice.resolveengine.graph.builder.DependencyGraphBuilder] Visiting configuration org.jetbrains.exposed:exposed-core:0.41.1(apiElements).
2025-03-10T17:43:18.338+0800 [DEBUG] [org.gradle.api.internal.artifacts.ivyservice.ivyresolve.RepositoryChainComponentMetaDataResolver] Attempting to resolve component for org.jetbrains.kotlin:kotlin-reflect:1.7.21 using repositories [MavenRepo]
2025-03-10T17:43:18.338+0800 [DEBUG] [org.gradle.api.internal.artifacts.ivyservice.ivyresolve.CachingModuleComponentRepository] Using cached module metadata for module 'org.jetbrains.kotlin:kotlin-reflect:1.7.21' in 'MavenRepo'
2025-03-10T17:43:18.338+0800 [DEBUG] [org.gradle.api.internal.artifacts.ivyservice.ivyresolve.RepositoryChainComponentMetaDataResolver] Using org.jetbrains.kotlin:kotlin-reflect:1.7.21 from Maven repository 'MavenRepo'
2025-03-10T17:43:18.338+0800 [DEBUG] [org.gradle.api.internal.artifacts.ivyservice.ivyresolve.RepositoryChainComponentMetaDataResolver] Attempting to resolve component for org.jetbrains.kotlinx:kotlinx-coroutines-core:1.6.4 using repositories [MavenRepo]
2025-03-10T17:43:18.338+0800 [DEBUG] [org.gradle.api.internal.artifacts.ivyservice.ivyresolve.CachingModuleComponentRepository] Using cached module metadata for module 'org.jetbrains.kotlinx:kotlinx-coroutines-core:1.6.4' in 'MavenRepo'
2025-03-10T17:43:18.338+0800 [DEBUG] [org.gradle.api.internal.artifacts.ivyservice.ivyresolve.RepositoryChainComponentMetaDataResolver] Using org.jetbrains.kotlinx:kotlinx-coroutines-core:1.6.4 from Maven repository 'MavenRepo'
2025-03-10T17:43:18.338+0800 [DEBUG] [org.gradle.internal.component.model.LoggingAttributeMatchingExplanationBuilder] Candidate org.gradle.internal.component.model.DefaultExternalComponentGraphResolveState$DefaultConfigurationGraphResolveState@61946954 attribute org.gradle.usage value {org.gradle.category=library, org.gradle.usage=kotlin-metadata} doesn't requested value java-api
2025-03-10T17:43:18.338+0800 [DEBUG] [org.gradle.internal.component.model.LoggingAttributeMatchingExplanationBuilder] Candidate org.gradle.internal.component.model.DefaultExternalComponentGraphResolveState$DefaultConfigurationGraphResolveState@52023efe attribute org.gradle.usage value {org.gradle.category=library, org.gradle.usage=kotlin-api} doesn't requested value java-api
2025-03-10T17:43:18.338+0800 [DEBUG] [org.gradle.internal.component.model.LoggingAttributeMatchingExplanationBuilder] Candidate org.gradle.internal.component.model.DefaultExternalComponentGraphResolveState$DefaultConfigurationGraphResolveState@5feb65e4 attribute org.gradle.usage value {org.gradle.category=library, org.gradle.usage=kotlin-api} doesn't requested value java-api
2025-03-10T17:43:18.339+0800 [DEBUG] [org.gradle.internal.component.model.LoggingAttributeMatchingExplanationBuilder] Candidate org.gradle.internal.component.model.DefaultExternalComponentGraphResolveState$DefaultConfigurationGraphResolveState@1fd8aff7 attribute org.gradle.usage value {org.gradle.category=library, org.gradle.usage=kotlin-metadata} doesn't requested value java-api
2025-03-10T17:43:18.339+0800 [DEBUG] [org.gradle.internal.component.model.LoggingAttributeMatchingExplanationBuilder] Candidate org.gradle.internal.component.model.DefaultExternalComponentGraphResolveState$DefaultConfigurationGraphResolveState@5d44bb91 attribute org.gradle.usage value {org.gradle.category=library, org.gradle.usage=kotlin-api} doesn't requested value java-api
2025-03-10T17:43:18.339+0800 [DEBUG] [org.gradle.internal.component.model.LoggingAttributeMatchingExplanationBuilder] Candidate org.gradle.internal.component.model.DefaultExternalComponentGraphResolveState$DefaultConfigurationGraphResolveState@1e728b09 attribute org.gradle.usage value {org.gradle.category=library, org.gradle.usage=kotlin-metadata} doesn't requested value java-api
2025-03-10T17:43:18.339+0800 [DEBUG] [org.gradle.internal.component.model.LoggingAttributeMatchingExplanationBuilder] Candidate org.gradle.internal.component.model.DefaultExternalComponentGraphResolveState$DefaultConfigurationGraphResolveState@1ab21966 attribute org.gradle.usage value {org.gradle.category=library, org.gradle.usage=kotlin-api} doesn't requested value java-api
2025-03-10T17:43:18.339+0800 [DEBUG] [org.gradle.internal.component.model.LoggingAttributeMatchingExplanationBuilder] Candidate org.gradle.internal.component.model.DefaultExternalComponentGraphResolveState$DefaultConfigurationGraphResolveState@40cfbad0 attribute org.gradle.usage value {org.gradle.category=library, org.gradle.usage=kotlin-metadata} doesn't requested value java-api
2025-03-10T17:43:18.339+0800 [DEBUG] [org.gradle.internal.component.model.LoggingAttributeMatchingExplanationBuilder] Candidate org.gradle.internal.component.model.DefaultExternalComponentGraphResolveState$DefaultConfigurationGraphResolveState@382f196b attribute org.gradle.usage value {org.gradle.category=library, org.gradle.usage=kotlin-api} doesn't requested value java-api
2025-03-10T17:43:18.339+0800 [DEBUG] [org.gradle.internal.component.model.LoggingAttributeMatchingExplanationBuilder] Candidate org.gradle.internal.component.model.DefaultExternalComponentGraphResolveState$DefaultConfigurationGraphResolveState@320ff7a4 attribute org.gradle.usage value {org.gradle.category=library, org.gradle.usage=kotlin-metadata} doesn't requested value java-api
2025-03-10T17:43:18.339+0800 [DEBUG] [org.gradle.internal.component.model.LoggingAttributeMatchingExplanationBuilder] Candidate org.gradle.internal.component.model.DefaultExternalComponentGraphResolveState$DefaultConfigurationGraphResolveState@387ca1aa attribute org.gradle.usage value {org.gradle.category=library, org.gradle.usage=kotlin-api} doesn't requested value java-api
2025-03-10T17:43:18.339+0800 [DEBUG] [org.gradle.internal.component.model.LoggingAttributeMatchingExplanationBuilder] Candidate org.gradle.internal.component.model.DefaultExternalComponentGraphResolveState$DefaultConfigurationGraphResolveState@558854f attribute org.gradle.usage value {org.gradle.category=library, org.gradle.usage=kotlin-runtime} doesn't requested value java-api
2025-03-10T17:43:18.339+0800 [DEBUG] [org.gradle.internal.component.model.LoggingAttributeMatchingExplanationBuilder] Candidate org.gradle.internal.component.model.DefaultExternalComponentGraphResolveState$DefaultConfigurationGraphResolveState@45fc20ce attribute org.gradle.usage value {org.gradle.category=library, org.gradle.usage=kotlin-api} doesn't requested value java-api
2025-03-10T17:43:18.339+0800 [DEBUG] [org.gradle.internal.component.model.LoggingAttributeMatchingExplanationBuilder] Candidate org.gradle.internal.component.model.DefaultExternalComponentGraphResolveState$DefaultConfigurationGraphResolveState@8034d02 attribute org.gradle.usage value {org.gradle.category=library, org.gradle.usage=kotlin-runtime} doesn't requested value java-api
2025-03-10T17:43:18.339+0800 [DEBUG] [org.gradle.internal.component.model.LoggingAttributeMatchingExplanationBuilder] Candidate org.gradle.internal.component.model.DefaultExternalComponentGraphResolveState$DefaultConfigurationGraphResolveState@55afcc59 doesn't have attribute org.gradle.dependency.bundling
2025-03-10T17:43:18.339+0800 [DEBUG] [org.gradle.internal.component.model.LoggingAttributeMatchingExplanationBuilder] Candidate org.gradle.internal.component.model.DefaultExternalComponentGraphResolveState$DefaultConfigurationGraphResolveState@55afcc59 doesn't have attribute org.gradle.jvm.environment
2025-03-10T17:43:18.339+0800 [DEBUG] [org.gradle.internal.component.model.LoggingAttributeMatchingExplanationBuilder] Candidate org.gradle.internal.component.model.DefaultExternalComponentGraphResolveState$DefaultConfigurationGraphResolveState@55afcc59 doesn't have attribute org.gradle.jvm.version
2025-03-10T17:43:18.339+0800 [DEBUG] [org.gradle.internal.component.model.LoggingAttributeMatchingExplanationBuilder] Candidate org.gradle.internal.component.model.DefaultExternalComponentGraphResolveState$DefaultConfigurationGraphResolveState@141c595e doesn't have attribute org.gradle.dependency.bundling
2025-03-10T17:43:18.339+0800 [DEBUG] [org.gradle.internal.component.model.LoggingAttributeMatchingExplanationBuilder] Candidate org.gradle.internal.component.model.DefaultExternalComponentGraphResolveState$DefaultConfigurationGraphResolveState@141c595e doesn't have attribute org.gradle.jvm.environment
2025-03-10T17:43:18.339+0800 [DEBUG] [org.gradle.internal.component.model.LoggingAttributeMatchingExplanationBuilder] Candidate org.gradle.internal.component.model.DefaultExternalComponentGraphResolveState$DefaultConfigurationGraphResolveState@141c595e doesn't have attribute org.gradle.jvm.version
2025-03-10T17:43:18.339+0800 [DEBUG] [org.gradle.internal.component.model.LoggingAttributeMatchingExplanationBuilder] Candidate org.gradle.internal.component.model.DefaultExternalComponentGraphResolveState$DefaultConfigurationGraphResolveState@3042f143 attribute org.gradle.usage value {artifactType=org.jetbrains.kotlin.klib, org.gradle.category=library, org.gradle.usage=kotlin-api} doesn't requested value java-api
2025-03-10T17:43:18.339+0800 [DEBUG] [org.gradle.internal.component.model.LoggingAttributeMatchingExplanationBuilder] Candidate org.gradle.internal.component.model.DefaultExternalComponentGraphResolveState$DefaultConfigurationGraphResolveState@223bd114 attribute org.gradle.usage value {org.gradle.category=library, org.gradle.usage=kotlin-api} doesn't requested value java-api
2025-03-10T17:43:18.339+0800 [DEBUG] [org.gradle.internal.component.model.LoggingAttributeMatchingExplanationBuilder] Candidate org.gradle.internal.component.model.DefaultExternalComponentGraphResolveState$DefaultConfigurationGraphResolveState@95d0c0e attribute org.gradle.usage value {org.gradle.category=library, org.gradle.usage=kotlin-metadata} doesn't requested value java-api
2025-03-10T17:43:18.339+0800 [DEBUG] [org.gradle.internal.component.model.LoggingAttributeMatchingExplanationBuilder] Candidate org.gradle.internal.component.model.DefaultExternalComponentGraphResolveState$DefaultConfigurationGraphResolveState@7f7d72d2 attribute org.gradle.usage value {org.gradle.category=library, org.gradle.usage=kotlin-api} doesn't requested value java-api
2025-03-10T17:43:18.339+0800 [DEBUG] [org.gradle.internal.component.model.LoggingAttributeMatchingExplanationBuilder] Candidate org.gradle.internal.component.model.DefaultExternalComponentGraphResolveState$DefaultConfigurationGraphResolveState@58124c97 attribute org.gradle.usage value {org.gradle.category=library, org.gradle.usage=kotlin-metadata} doesn't requested value java-api
2025-03-10T17:43:18.339+0800 [DEBUG] [org.gradle.internal.component.model.LoggingAttributeMatchingExplanationBuilder] Candidate org.gradle.internal.component.model.DefaultExternalComponentGraphResolveState$DefaultConfigurationGraphResolveState@24dd85f0 attribute org.gradle.usage value {artifactType=org.jetbrains.kotlin.klib, org.gradle.category=library, org.gradle.usage=kotlin-api} doesn't requested value java-api
2025-03-10T17:43:18.339+0800 [DEBUG] [org.gradle.internal.component.model.LoggingAttributeMatchingExplanationBuilder] Candidate org.gradle.internal.component.model.DefaultExternalComponentGraphResolveState$DefaultConfigurationGraphResolveState@4501c019 attribute org.gradle.usage value {org.gradle.category=library, org.gradle.usage=kotlin-api} doesn't requested value java-api
2025-03-10T17:43:18.339+0800 [DEBUG] [org.gradle.internal.component.model.LoggingAttributeMatchingExplanationBuilder] Candidate org.gradle.internal.component.model.DefaultExternalComponentGraphResolveState$DefaultConfigurationGraphResolveState@51fed189 attribute org.gradle.usage value {org.gradle.category=library, org.gradle.usage=kotlin-metadata} doesn't requested value java-api
2025-03-10T17:43:18.339+0800 [DEBUG] [org.gradle.internal.component.model.LoggingAttributeMatchingExplanationBuilder] Candidate org.gradle.internal.component.model.DefaultExternalComponentGraphResolveState$DefaultConfigurationGraphResolveState@1b4249d5 attribute org.gradle.usage value {org.gradle.category=library, org.gradle.usage=kotlin-api} doesn't requested value java-api
2025-03-10T17:43:18.339+0800 [DEBUG] [org.gradle.internal.component.model.LoggingAttributeMatchingExplanationBuilder] Candidate org.gradle.internal.component.model.DefaultExternalComponentGraphResolveState$DefaultConfigurationGraphResolveState@5378bd48 attribute org.gradle.usage value {org.gradle.category=library, org.gradle.usage=kotlin-metadata} doesn't requested value java-api
2025-03-10T17:43:18.339+0800 [DEBUG] [org.gradle.internal.component.model.LoggingAttributeMatchingExplanationBuilder] Candidate org.gradle.internal.component.model.DefaultExternalComponentGraphResolveState$DefaultConfigurationGraphResolveState@18b2ae36 attribute org.gradle.usage value {org.gradle.category=library, org.gradle.usage=kotlin-api} doesn't requested value java-api
2025-03-10T17:43:18.339+0800 [DEBUG] [org.gradle.internal.component.model.LoggingAttributeMatchingExplanationBuilder] Candidate org.gradle.internal.component.model.DefaultExternalComponentGraphResolveState$DefaultConfigurationGraphResolveState@3fe74630 attribute org.gradle.usage value {org.gradle.category=library, org.gradle.usage=kotlin-metadata} doesn't requested value java-api
2025-03-10T17:43:18.339+0800 [DEBUG] [org.gradle.internal.component.model.LoggingAttributeMatchingExplanationBuilder] Candidate org.gradle.internal.component.model.DefaultExternalComponentGraphResolveState$DefaultConfigurationGraphResolveState@36e2acf8 attribute org.gradle.usage value {org.gradle.category=library, org.gradle.usage=kotlin-api} doesn't requested value java-api
2025-03-10T17:43:18.339+0800 [DEBUG] [org.gradle.internal.component.model.LoggingAttributeMatchingExplanationBuilder] Candidate org.gradle.internal.component.model.DefaultExternalComponentGraphResolveState$DefaultConfigurationGraphResolveState@2066c591 attribute org.gradle.usage value {org.gradle.category=library, org.gradle.usage=kotlin-metadata} doesn't requested value java-api
2025-03-10T17:43:18.339+0800 [DEBUG] [org.gradle.internal.component.model.LoggingAttributeMatchingExplanationBuilder] Candidate org.gradle.internal.component.model.DefaultExternalComponentGraphResolveState$DefaultConfigurationGraphResolveState@2d281cb5 attribute org.gradle.usage value {org.gradle.category=library, org.gradle.usage=kotlin-api} doesn't requested value java-api
2025-03-10T17:43:18.339+0800 [DEBUG] [org.gradle.internal.component.model.LoggingAttributeMatchingExplanationBuilder] Candidate org.gradle.internal.component.model.DefaultExternalComponentGraphResolveState$DefaultConfigurationGraphResolveState@28fb19e6 attribute org.gradle.usage value {org.gradle.category=library, org.gradle.usage=kotlin-metadata} doesn't requested value java-api
2025-03-10T17:43:18.339+0800 [DEBUG] [org.gradle.internal.component.model.LoggingAttributeMatchingExplanationBuilder] Candidate org.gradle.internal.component.model.DefaultExternalComponentGraphResolveState$DefaultConfigurationGraphResolveState@b5de56d attribute org.gradle.usage value {org.gradle.category=library, org.gradle.usage=kotlin-api} doesn't requested value java-api
2025-03-10T17:43:18.339+0800 [DEBUG] [org.gradle.internal.component.model.LoggingAttributeMatchingExplanationBuilder] Candidate org.gradle.internal.component.model.DefaultExternalComponentGraphResolveState$DefaultConfigurationGraphResolveState@1d01f3da attribute org.gradle.usage value {org.gradle.category=library, org.gradle.usage=kotlin-metadata} doesn't requested value java-api
2025-03-10T17:43:18.339+0800 [DEBUG] [org.gradle.internal.component.model.LoggingAttributeMatchingExplanationBuilder] Candidate org.gradle.internal.component.model.DefaultExternalComponentGraphResolveState$DefaultConfigurationGraphResolveState@7021997b attribute org.gradle.usage value {org.gradle.category=library, org.gradle.usage=kotlin-api} doesn't requested value java-api
2025-03-10T17:43:18.339+0800 [DEBUG] [org.gradle.internal.component.model.LoggingAttributeMatchingExplanationBuilder] Candidate org.gradle.internal.component.model.DefaultExternalComponentGraphResolveState$DefaultConfigurationGraphResolveState@658ab0 attribute org.gradle.usage value {org.gradle.category=library, org.gradle.usage=kotlin-metadata} doesn't requested value java-api
2025-03-10T17:43:18.339+0800 [DEBUG] [org.gradle.internal.component.model.LoggingAttributeMatchingExplanationBuilder] Candidate org.gradle.internal.component.model.DefaultExternalComponentGraphResolveState$DefaultConfigurationGraphResolveState@6477715c attribute org.gradle.usage value {org.gradle.category=library, org.gradle.usage=kotlin-api} doesn't requested value java-api
2025-03-10T17:43:18.339+0800 [DEBUG] [org.gradle.internal.component.model.LoggingAttributeMatchingExplanationBuilder] Candidate org.gradle.internal.component.model.DefaultExternalComponentGraphResolveState$DefaultConfigurationGraphResolveState@767ac12b attribute org.gradle.usage value {org.gradle.category=library, org.gradle.usage=kotlin-metadata} doesn't requested value java-api
2025-03-10T17:43:18.339+0800 [DEBUG] [org.gradle.internal.component.model.DefaultAttributeMatcher] Selected matches [14] from candidates [org.gradle.internal.component.model.DefaultExternalComponentGraphResolveState$DefaultConfigurationGraphResolveState@61946954, org.gradle.internal.component.model.DefaultExternalComponentGraphResolveState$DefaultConfigurationGraphResolveState@52023efe, org.gradle.internal.component.model.DefaultExternalComponentGraphResolveState$DefaultConfigurationGraphResolveState@5feb65e4, org.gradle.internal.component.model.DefaultExternalComponentGraphResolveState$DefaultConfigurationGraphResolveState@1fd8aff7, org.gradle.internal.component.model.DefaultExternalComponentGraphResolveState$DefaultConfigurationGraphResolveState@5d44bb91, org.gradle.internal.component.model.DefaultExternalComponentGraphResolveState$DefaultConfigurationGraphResolveState@1e728b09, org.gradle.internal.component.model.DefaultExternalComponentGraphResolveState$DefaultConfigurationGraphResolveState@1ab21966, org.gradle.internal.component.model.DefaultExternalComponentGraphResolveState$DefaultConfigurationGraphResolveState@40cfbad0, org.gradle.internal.component.model.DefaultExternalComponentGraphResolveState$DefaultConfigurationGraphResolveState@382f196b, org.gradle.internal.component.model.DefaultExternalComponentGraphResolveState$DefaultConfigurationGraphResolveState@320ff7a4, org.gradle.internal.component.model.DefaultExternalComponentGraphResolveState$DefaultConfigurationGraphResolveState@387ca1aa, org.gradle.internal.component.model.DefaultExternalComponentGraphResolveState$DefaultConfigurationGraphResolveState@558854f, org.gradle.internal.component.model.DefaultExternalComponentGraphResolveState$DefaultConfigurationGraphResolveState@45fc20ce, org.gradle.internal.component.model.DefaultExternalComponentGraphResolveState$DefaultConfigurationGraphResolveState@8034d02, org.gradle.internal.component.model.DefaultExternalComponentGraphResolveState$DefaultConfigurationGraphResolveState@55afcc59, org.gradle.internal.component.model.DefaultExternalComponentGraphResolveState$DefaultConfigurationGraphResolveState@141c595e, org.gradle.internal.component.model.DefaultExternalComponentGraphResolveState$DefaultConfigurationGraphResolveState@3042f143, org.gradle.internal.component.model.DefaultExternalComponentGraphResolveState$DefaultConfigurationGraphResolveState@223bd114, org.gradle.internal.component.model.DefaultExternalComponentGraphResolveState$DefaultConfigurationGraphResolveState@95d0c0e, org.gradle.internal.component.model.DefaultExternalComponentGraphResolveState$DefaultConfigurationGraphResolveState@7f7d72d2, org.gradle.internal.component.model.DefaultExternalComponentGraphResolveState$DefaultConfigurationGraphResolveState@58124c97, org.gradle.internal.component.model.DefaultExternalComponentGraphResolveState$DefaultConfigurationGraphResolveState@24dd85f0, org.gradle.internal.component.model.DefaultExternalComponentGraphResolveState$DefaultConfigurationGraphResolveState@4501c019, org.gradle.internal.component.model.DefaultExternalComponentGraphResolveState$DefaultConfigurationGraphResolveState@51fed189, org.gradle.internal.component.model.DefaultExternalComponentGraphResolveState$DefaultConfigurationGraphResolveState@1b4249d5, org.gradle.internal.component.model.DefaultExternalComponentGraphResolveState$DefaultConfigurationGraphResolveState@5378bd48, org.gradle.internal.component.model.DefaultExternalComponentGraphResolveState$DefaultConfigurationGraphResolveState@18b2ae36, org.gradle.internal.component.model.DefaultExternalComponentGraphResolveState$DefaultConfigurationGraphResolveState@3fe74630, org.gradle.internal.component.model.DefaultExternalComponentGraphResolveState$DefaultConfigurationGraphResolveState@36e2acf8, org.gradle.internal.component.model.DefaultExternalComponentGraphResolveState$DefaultConfigurationGraphResolveState@2066c591, org.gradle.internal.component.model.DefaultExternalComponentGraphResolveState$DefaultConfigurationGraphResolveState@2d281cb5, org.gradle.internal.component.model.DefaultExternalComponentGraphResolveState$DefaultConfigurationGraphResolveState@28fb19e6, org.gradle.internal.component.model.DefaultExternalComponentGraphResolveState$DefaultConfigurationGraphResolveState@b5de56d, org.gradle.internal.component.model.DefaultExternalComponentGraphResolveState$DefaultConfigurationGraphResolveState@1d01f3da, org.gradle.internal.component.model.DefaultExternalComponentGraphResolveState$DefaultConfigurationGraphResolveState@7021997b, org.gradle.internal.component.model.DefaultExternalComponentGraphResolveState$DefaultConfigurationGraphResolveState@658ab0, org.gradle.internal.component.model.DefaultExternalComponentGraphResolveState$DefaultConfigurationGraphResolveState@6477715c, org.gradle.internal.component.model.DefaultExternalComponentGraphResolveState$DefaultConfigurationGraphResolveState@767ac12b] for {org.gradle.category=library, org.gradle.dependency.bundling=external, org.gradle.jvm.environment=standard-jvm, org.gradle.jvm.version=11, org.gradle.libraryelements=classes, org.gradle.usage=java-api, org.jetbrains.kotlin.platform.type=jvm}
2025-03-10T17:43:18.339+0800 [DEBUG] [org.gradle.api.internal.artifacts.ivyservice.ivyresolve.RepositoryChainComponentMetaDataResolver] Attempting to resolve component for org.slf4j:slf4j-api:1.7.25 using repositories [MavenRepo]
2025-03-10T17:43:18.339+0800 [DEBUG] [org.gradle.api.internal.artifacts.ivyservice.ivyresolve.CachingModuleComponentRepository] Using cached module metadata for module 'org.slf4j:slf4j-api:1.7.25' in 'MavenRepo'
2025-03-10T17:43:18.339+0800 [DEBUG] [org.gradle.api.internal.artifacts.ivyservice.ivyresolve.RepositoryChainComponentMetaDataResolver] Using org.slf4j:slf4j-api:1.7.25 from Maven repository 'MavenRepo'
2025-03-10T17:43:18.339+0800 [DEBUG] [org.gradle.api.internal.artifacts.ivyservice.resolveengine.graph.builder.DependencyGraphBuilder] Visiting configuration org.jetbrains.exposed:exposed-dao:0.41.1(apiElements).
2025-03-10T17:43:18.339+0800 [DEBUG] [org.gradle.api.internal.artifacts.ivyservice.resolveengine.graph.builder.DependencyGraphBuilder] Visiting configuration org.jetbrains.exposed:exposed-jdbc:0.41.1(apiElements).
2025-03-10T17:43:18.339+0800 [DEBUG] [org.gradle.api.internal.artifacts.ivyservice.ivyresolve.RepositoryChainComponentMetaDataResolver] Attempting to resolve component for org.jetbrains.kotlin:kotlin-stdlib-jdk8:1.7.21 using repositories [MavenRepo]
2025-03-10T17:43:18.339+0800 [DEBUG] [org.gradle.api.internal.artifacts.ivyservice.ivyresolve.CachingModuleComponentRepository] Using cached module metadata for module 'org.jetbrains.kotlin:kotlin-stdlib-jdk8:1.7.21' in 'MavenRepo'
2025-03-10T17:43:18.339+0800 [DEBUG] [org.gradle.api.internal.artifacts.ivyservice.ivyresolve.RepositoryChainComponentMetaDataResolver] Using org.jetbrains.kotlin:kotlin-stdlib-jdk8:1.7.21 from Maven repository 'MavenRepo'
2025-03-10T17:43:18.339+0800 [DEBUG] [org.gradle.api.internal.artifacts.ivyservice.resolveengine.graph.builder.DependencyGraphBuilder] Visiting configuration org.jetbrains.exposed:exposed-java-time:0.41.1(apiElements).
2025-03-10T17:43:18.339+0800 [DEBUG] [org.gradle.api.internal.artifacts.ivyservice.resolveengine.graph.builder.DependencyGraphBuilder] Visiting configuration org.postgresql:postgresql:42.5.4(compile).
2025-03-10T17:43:18.339+0800 [DEBUG] [org.gradle.api.internal.artifacts.ivyservice.resolveengine.graph.builder.DependencyGraphBuilder] Visiting configuration com.zaxxer:HikariCP:5.0.1(compile).
2025-03-10T17:43:18.339+0800 [DEBUG] [org.gradle.api.internal.artifacts.ivyservice.ivyresolve.RepositoryChainComponentMetaDataResolver] Attempting to resolve component for org.slf4j:slf4j-api:1.7.30 using repositories [MavenRepo]
2025-03-10T17:43:18.339+0800 [DEBUG] [org.gradle.api.internal.artifacts.ivyservice.ivyresolve.CachingModuleComponentRepository] Using cached module metadata for module 'org.slf4j:slf4j-api:1.7.30' in 'MavenRepo'
2025-03-10T17:43:18.339+0800 [DEBUG] [org.gradle.api.internal.artifacts.ivyservice.ivyresolve.RepositoryChainComponentMetaDataResolver] Using org.slf4j:slf4j-api:1.7.30 from Maven repository 'MavenRepo'
2025-03-10T17:43:18.339+0800 [DEBUG] [org.gradle.api.internal.artifacts.ivyservice.resolveengine.graph.builder.DependencyGraphBuilder] Visiting configuration ch.qos.logback:logback-classic:1.4.11(compile).
2025-03-10T17:43:18.339+0800 [DEBUG] [org.gradle.api.internal.artifacts.ivyservice.ivyresolve.RepositoryChainComponentMetaDataResolver] Attempting to resolve component for org.slf4j:slf4j-api:2.0.7 using repositories [MavenRepo]
2025-03-10T17:43:18.339+0800 [DEBUG] [org.gradle.api.internal.artifacts.ivyservice.ivyresolve.CachingModuleComponentRepository] Using cached module metadata for module 'org.slf4j:slf4j-api:2.0.7' in 'MavenRepo'
2025-03-10T17:43:18.340+0800 [DEBUG] [org.gradle.api.internal.artifacts.ivyservice.ivyresolve.RepositoryChainComponentMetaDataResolver] Using org.slf4j:slf4j-api:2.0.7 from Maven repository 'MavenRepo'
2025-03-10T17:43:18.340+0800 [DEBUG] [org.gradle.api.internal.artifacts.ivyservice.ivyresolve.RepositoryChainComponentMetaDataResolver] Attempting to resolve component for ch.qos.logback:logback-core:1.4.11 using repositories [MavenRepo]
2025-03-10T17:43:18.340+0800 [DEBUG] [org.gradle.api.internal.artifacts.ivyservice.ivyresolve.CachingModuleComponentRepository] Using cached module metadata for module 'ch.qos.logback:logback-core:1.4.11' in 'MavenRepo'
2025-03-10T17:43:18.340+0800 [DEBUG] [org.gradle.api.internal.artifacts.ivyservice.ivyresolve.RepositoryChainComponentMetaDataResolver] Using ch.qos.logback:logback-core:1.4.11 from Maven repository 'MavenRepo'
2025-03-10T17:43:18.340+0800 [DEBUG] [org.gradle.api.internal.artifacts.ivyservice.resolveengine.graph.builder.DependencyGraphBuilder] Visiting configuration org.jetbrains:annotations:13.0(compile).
2025-03-10T17:43:18.340+0800 [DEBUG] [org.gradle.api.internal.artifacts.ivyservice.resolveengine.graph.builder.DependencyGraphBuilder] Visiting configuration io.ktor:ktor-server-core-jvm:2.3.6(jvmApiElements-published).
2025-03-10T17:43:18.340+0800 [DEBUG] [org.gradle.api.internal.artifacts.ivyservice.ivyresolve.RepositoryChainComponentMetaDataResolver] Attempting to resolve component for org.jetbrains.kotlin:kotlin-stdlib-jdk8:1.8.22 using repositories [MavenRepo]
2025-03-10T17:43:18.340+0800 [DEBUG] [org.gradle.api.internal.artifacts.ivyservice.ivyresolve.CachingModuleComponentRepository] Using cached module metadata for module 'org.jetbrains.kotlin:kotlin-stdlib-jdk8:1.8.22' in 'MavenRepo'
2025-03-10T17:43:18.340+0800 [DEBUG] [org.gradle.api.internal.artifacts.ivyservice.ivyresolve.RepositoryChainComponentMetaDataResolver] Using org.jetbrains.kotlin:kotlin-stdlib-jdk8:1.8.22 from Maven repository 'MavenRepo'
2025-03-10T17:43:18.340+0800 [DEBUG] [org.gradle.api.internal.artifacts.ivyservice.ivyresolve.RepositoryChainComponentMetaDataResolver] Attempting to resolve component for org.jetbrains.kotlinx:kotlinx-coroutines-core:1.7.1 using repositories [MavenRepo]
2025-03-10T17:43:18.340+0800 [DEBUG] [org.gradle.api.internal.artifacts.ivyservice.ivyresolve.CachingModuleComponentRepository] Using cached module metadata for module 'org.jetbrains.kotlinx:kotlinx-coroutines-core:1.7.1' in 'MavenRepo'
2025-03-10T17:43:18.340+0800 [DEBUG] [org.gradle.api.internal.artifacts.ivyservice.ivyresolve.RepositoryChainComponentMetaDataResolver] Using org.jetbrains.kotlinx:kotlinx-coroutines-core:1.7.1 from Maven repository 'MavenRepo'
2025-03-10T17:43:18.340+0800 [DEBUG] [org.gradle.internal.component.model.LoggingAttributeMatchingExplanationBuilder] Candidate org.gradle.internal.component.model.DefaultExternalComponentGraphResolveState$DefaultConfigurationGraphResolveState@49aeac2a attribute org.gradle.usage value {org.gradle.category=library, org.gradle.usage=kotlin-metadata} doesn't requested value java-api
2025-03-10T17:43:18.340+0800 [DEBUG] [org.gradle.internal.component.model.LoggingAttributeMatchingExplanationBuilder] Candidate org.gradle.internal.component.model.DefaultExternalComponentGraphResolveState$DefaultConfigurationGraphResolveState@694895b2 attribute org.gradle.usage value {org.gradle.category=library, org.gradle.usage=kotlin-api} doesn't requested value java-api
2025-03-10T17:43:18.340+0800 [DEBUG] [org.gradle.internal.component.model.LoggingAttributeMatchingExplanationBuilder] Candidate org.gradle.internal.component.model.DefaultExternalComponentGraphResolveState$DefaultConfigurationGraphResolveState@3b370c87 attribute org.gradle.category value {org.gradle.category=documentation} doesn't requested value library
2025-03-10T17:43:18.340+0800 [DEBUG] [org.gradle.internal.component.model.LoggingAttributeMatchingExplanationBuilder] Candidate org.gradle.internal.component.model.DefaultExternalComponentGraphResolveState$DefaultConfigurationGraphResolveState@ea9d643 attribute org.gradle.usage value {artifactType=org.jetbrains.kotlin.klib, org.gradle.category=library, org.gradle.usage=kotlin-api} doesn't requested value java-api
2025-03-10T17:43:18.340+0800 [DEBUG] [org.gradle.internal.component.model.LoggingAttributeMatchingExplanationBuilder] Candidate org.gradle.internal.component.model.DefaultExternalComponentGraphResolveState$DefaultConfigurationGraphResolveState@32dae440 attribute org.gradle.category value {org.gradle.category=documentation} doesn't requested value library
2025-03-10T17:43:18.340+0800 [DEBUG] [org.gradle.internal.component.model.LoggingAttributeMatchingExplanationBuilder] Candidate org.gradle.internal.component.model.DefaultExternalComponentGraphResolveState$DefaultConfigurationGraphResolveState@1f9212ac attribute org.gradle.usage value {artifactType=org.jetbrains.kotlin.klib, org.gradle.category=library, org.gradle.usage=kotlin-api} doesn't requested value java-api
2025-03-10T17:43:18.340+0800 [DEBUG] [org.gradle.internal.component.model.LoggingAttributeMatchingExplanationBuilder] Candidate org.gradle.internal.component.model.DefaultExternalComponentGraphResolveState$DefaultConfigurationGraphResolveState@1c4276ed attribute org.gradle.category value {org.gradle.category=documentation} doesn't requested value library
2025-03-10T17:43:18.340+0800 [DEBUG] [org.gradle.internal.component.model.LoggingAttributeMatchingExplanationBuilder] Candidate org.gradle.internal.component.model.DefaultExternalComponentGraphResolveState$DefaultConfigurationGraphResolveState@5c19b0e8 attribute org.gradle.usage value {artifactType=org.jetbrains.kotlin.klib, org.gradle.category=library, org.gradle.usage=kotlin-api} doesn't requested value java-api
2025-03-10T17:43:18.340+0800 [DEBUG] [org.gradle.internal.component.model.LoggingAttributeMatchingExplanationBuilder] Candidate org.gradle.internal.component.model.DefaultExternalComponentGraphResolveState$DefaultConfigurationGraphResolveState@3984b7cf attribute org.gradle.category value {org.gradle.category=documentation} doesn't requested value library
2025-03-10T17:43:18.340+0800 [DEBUG] [org.gradle.internal.component.model.LoggingAttributeMatchingExplanationBuilder] Candidate org.gradle.internal.component.model.DefaultExternalComponentGraphResolveState$DefaultConfigurationGraphResolveState@360cd521 attribute org.gradle.usage value {artifactType=org.jetbrains.kotlin.klib, org.gradle.category=library, org.gradle.usage=kotlin-api} doesn't requested value java-api
2025-03-10T17:43:18.340+0800 [DEBUG] [org.gradle.internal.component.model.LoggingAttributeMatchingExplanationBuilder] Candidate org.gradle.internal.component.model.DefaultExternalComponentGraphResolveState$DefaultConfigurationGraphResolveState@39763813 attribute org.gradle.category value {org.gradle.category=documentation} doesn't requested value library
2025-03-10T17:43:18.340+0800 [DEBUG] [org.gradle.internal.component.model.LoggingAttributeMatchingExplanationBuilder] Candidate org.gradle.internal.component.model.DefaultExternalComponentGraphResolveState$DefaultConfigurationGraphResolveState@28f94125 attribute org.gradle.usage value {org.gradle.category=library, org.gradle.usage=kotlin-api} doesn't requested value java-api
2025-03-10T17:43:18.340+0800 [DEBUG] [org.gradle.internal.component.model.LoggingAttributeMatchingExplanationBuilder] Candidate org.gradle.internal.component.model.DefaultExternalComponentGraphResolveState$DefaultConfigurationGraphResolveState@345fa13a attribute org.gradle.usage value {org.gradle.category=library, org.gradle.usage=kotlin-metadata} doesn't requested value java-api
2025-03-10T17:43:18.340+0800 [DEBUG] [org.gradle.internal.component.model.LoggingAttributeMatchingExplanationBuilder] Candidate org.gradle.internal.component.model.DefaultExternalComponentGraphResolveState$DefaultConfigurationGraphResolveState@64aadf4d attribute org.gradle.category value {org.gradle.category=documentation} doesn't requested value library
2025-03-10T17:43:18.340+0800 [DEBUG] [org.gradle.internal.component.model.LoggingAttributeMatchingExplanationBuilder] Candidate org.gradle.internal.component.model.DefaultExternalComponentGraphResolveState$DefaultConfigurationGraphResolveState@6c14c56b attribute org.gradle.usage value {org.gradle.category=library, org.gradle.usage=kotlin-api} doesn't requested value java-api
2025-03-10T17:43:18.340+0800 [DEBUG] [org.gradle.internal.component.model.LoggingAttributeMatchingExplanationBuilder] Candidate org.gradle.internal.component.model.DefaultExternalComponentGraphResolveState$DefaultConfigurationGraphResolveState@e8651a5 attribute org.gradle.usage value {org.gradle.category=library, org.gradle.usage=kotlin-metadata} doesn't requested value java-api
2025-03-10T17:43:18.340+0800 [DEBUG] [org.gradle.internal.component.model.LoggingAttributeMatchingExplanationBuilder] Candidate org.gradle.internal.component.model.DefaultExternalComponentGraphResolveState$DefaultConfigurationGraphResolveState@4719773e attribute org.gradle.category value {org.gradle.category=documentation} doesn't requested value library
2025-03-10T17:43:18.340+0800 [DEBUG] [org.gradle.internal.component.model.LoggingAttributeMatchingExplanationBuilder] Candidate org.gradle.internal.component.model.DefaultExternalComponentGraphResolveState$DefaultConfigurationGraphResolveState@757b8827 attribute org.gradle.usage value {org.gradle.category=library, org.gradle.usage=kotlin-api} doesn't requested value java-api
2025-03-10T17:43:18.340+0800 [DEBUG] [org.gradle.internal.component.model.LoggingAttributeMatchingExplanationBuilder] Candidate org.gradle.internal.component.model.DefaultExternalComponentGraphResolveState$DefaultConfigurationGraphResolveState@3f8e347e attribute org.gradle.usage value {org.gradle.category=library, org.gradle.usage=kotlin-metadata} doesn't requested value java-api
2025-03-10T17:43:18.340+0800 [DEBUG] [org.gradle.internal.component.model.LoggingAttributeMatchingExplanationBuilder] Candidate org.gradle.internal.component.model.DefaultExternalComponentGraphResolveState$DefaultConfigurationGraphResolveState@3b94153 attribute org.gradle.category value {org.gradle.category=documentation} doesn't requested value library
2025-03-10T17:43:18.340+0800 [DEBUG] [org.gradle.internal.component.model.LoggingAttributeMatchingExplanationBuilder] Candidate org.gradle.internal.component.model.DefaultExternalComponentGraphResolveState$DefaultConfigurationGraphResolveState@f15669d attribute org.gradle.usage value {org.gradle.category=library, org.gradle.usage=kotlin-api} doesn't requested value java-api
2025-03-10T17:43:18.340+0800 [DEBUG] [org.gradle.internal.component.model.LoggingAttributeMatchingExplanationBuilder] Candidate org.gradle.internal.component.model.DefaultExternalComponentGraphResolveState$DefaultConfigurationGraphResolveState@2606ede8 attribute org.gradle.usage value {org.gradle.category=library, org.gradle.usage=kotlin-metadata} doesn't requested value java-api
2025-03-10T17:43:18.340+0800 [DEBUG] [org.gradle.internal.component.model.LoggingAttributeMatchingExplanationBuilder] Candidate org.gradle.internal.component.model.DefaultExternalComponentGraphResolveState$DefaultConfigurationGraphResolveState@68650092 attribute org.gradle.category value {org.gradle.category=documentation} doesn't requested value library
2025-03-10T17:43:18.340+0800 [DEBUG] [org.gradle.internal.component.model.LoggingAttributeMatchingExplanationBuilder] Candidate org.gradle.internal.component.model.DefaultExternalComponentGraphResolveState$DefaultConfigurationGraphResolveState@211f6714 attribute org.gradle.usage value {org.gradle.category=library, org.gradle.usage=kotlin-api} doesn't requested value java-api
2025-03-10T17:43:18.340+0800 [DEBUG] [org.gradle.internal.component.model.LoggingAttributeMatchingExplanationBuilder] Candidate org.gradle.internal.component.model.DefaultExternalComponentGraphResolveState$DefaultConfigurationGraphResolveState@59adc24 attribute org.gradle.usage value {org.gradle.category=library, org.gradle.usage=kotlin-runtime} doesn't requested value java-api
2025-03-10T17:43:18.340+0800 [DEBUG] [org.gradle.internal.component.model.LoggingAttributeMatchingExplanationBuilder] Candidate org.gradle.internal.component.model.DefaultExternalComponentGraphResolveState$DefaultConfigurationGraphResolveState@14e218d2 attribute org.gradle.usage value {org.gradle.category=library, org.gradle.usage=kotlin-api} doesn't requested value java-api
2025-03-10T17:43:18.340+0800 [DEBUG] [org.gradle.internal.component.model.LoggingAttributeMatchingExplanationBuilder] Candidate org.gradle.internal.component.model.DefaultExternalComponentGraphResolveState$DefaultConfigurationGraphResolveState@54c3eb4c attribute org.gradle.usage value {org.gradle.category=library, org.gradle.usage=kotlin-runtime} doesn't requested value java-api
2025-03-10T17:43:18.340+0800 [DEBUG] [org.gradle.internal.component.model.LoggingAttributeMatchingExplanationBuilder] Candidate org.gradle.internal.component.model.DefaultExternalComponentGraphResolveState$DefaultConfigurationGraphResolveState@ebe0107 attribute org.gradle.category value {org.gradle.category=documentation} doesn't requested value library
2025-03-10T17:43:18.340+0800 [DEBUG] [org.gradle.internal.component.model.LoggingAttributeMatchingExplanationBuilder] Candidate org.gradle.internal.component.model.DefaultExternalComponentGraphResolveState$DefaultConfigurationGraphResolveState@5d168708 doesn't have attribute org.gradle.dependency.bundling
2025-03-10T17:43:18.340+0800 [DEBUG] [org.gradle.internal.component.model.LoggingAttributeMatchingExplanationBuilder] Candidate org.gradle.internal.component.model.DefaultExternalComponentGraphResolveState$DefaultConfigurationGraphResolveState@5d168708 doesn't have attribute org.gradle.jvm.environment
2025-03-10T17:43:18.340+0800 [DEBUG] [org.gradle.internal.component.model.LoggingAttributeMatchingExplanationBuilder] Candidate org.gradle.internal.component.model.DefaultExternalComponentGraphResolveState$DefaultConfigurationGraphResolveState@5d168708 doesn't have attribute org.gradle.jvm.version
2025-03-10T17:43:18.340+0800 [DEBUG] [org.gradle.internal.component.model.LoggingAttributeMatchingExplanationBuilder] Candidate org.gradle.internal.component.model.DefaultExternalComponentGraphResolveState$DefaultConfigurationGraphResolveState@593630f0 doesn't have attribute org.gradle.dependency.bundling
2025-03-10T17:43:18.340+0800 [DEBUG] [org.gradle.internal.component.model.LoggingAttributeMatchingExplanationBuilder] Candidate org.gradle.internal.component.model.DefaultExternalComponentGraphResolveState$DefaultConfigurationGraphResolveState@593630f0 doesn't have attribute org.gradle.jvm.environment
2025-03-10T17:43:18.340+0800 [DEBUG] [org.gradle.internal.component.model.LoggingAttributeMatchingExplanationBuilder] Candidate org.gradle.internal.component.model.DefaultExternalComponentGraphResolveState$DefaultConfigurationGraphResolveState@593630f0 doesn't have attribute org.gradle.jvm.version
2025-03-10T17:43:18.340+0800 [DEBUG] [org.gradle.internal.component.model.LoggingAttributeMatchingExplanationBuilder] Candidate org.gradle.internal.component.model.DefaultExternalComponentGraphResolveState$DefaultConfigurationGraphResolveState@12e43911 attribute org.gradle.category value {org.gradle.category=documentation} doesn't requested value library
2025-03-10T17:43:18.340+0800 [DEBUG] [org.gradle.internal.component.model.LoggingAttributeMatchingExplanationBuilder] Candidate org.gradle.internal.component.model.DefaultExternalComponentGraphResolveState$DefaultConfigurationGraphResolveState@6caca473 attribute org.gradle.usage value {artifactType=org.jetbrains.kotlin.klib, org.gradle.category=library, org.gradle.usage=kotlin-api} doesn't requested value java-api
2025-03-10T17:43:18.340+0800 [DEBUG] [org.gradle.internal.component.model.LoggingAttributeMatchingExplanationBuilder] Candidate org.gradle.internal.component.model.DefaultExternalComponentGraphResolveState$DefaultConfigurationGraphResolveState@5eb4029 attribute org.gradle.category value {org.gradle.category=documentation} doesn't requested value library
2025-03-10T17:43:18.340+0800 [DEBUG] [org.gradle.internal.component.model.LoggingAttributeMatchingExplanationBuilder] Candidate org.gradle.internal.component.model.DefaultExternalComponentGraphResolveState$DefaultConfigurationGraphResolveState@6d3241d4 attribute org.gradle.usage value {artifactType=org.jetbrains.kotlin.klib, org.gradle.category=library, org.gradle.usage=kotlin-api} doesn't requested value java-api
2025-03-10T17:43:18.340+0800 [DEBUG] [org.gradle.internal.component.model.LoggingAttributeMatchingExplanationBuilder] Candidate org.gradle.internal.component.model.DefaultExternalComponentGraphResolveState$DefaultConfigurationGraphResolveState@5eadd1d2 attribute org.gradle.category value {org.gradle.category=documentation} doesn't requested value library
2025-03-10T17:43:18.340+0800 [DEBUG] [org.gradle.internal.component.model.LoggingAttributeMatchingExplanationBuilder] Candidate org.gradle.internal.component.model.DefaultExternalComponentGraphResolveState$DefaultConfigurationGraphResolveState@572b7948 attribute org.gradle.usage value {org.gradle.category=library, org.gradle.usage=kotlin-api} doesn't requested value java-api
2025-03-10T17:43:18.340+0800 [DEBUG] [org.gradle.internal.component.model.LoggingAttributeMatchingExplanationBuilder] Candidate org.gradle.internal.component.model.DefaultExternalComponentGraphResolveState$DefaultConfigurationGraphResolveState@89e818c attribute org.gradle.usage value {org.gradle.category=library, org.gradle.usage=kotlin-metadata} doesn't requested value java-api
2025-03-10T17:43:18.340+0800 [DEBUG] [org.gradle.internal.component.model.LoggingAttributeMatchingExplanationBuilder] Candidate org.gradle.internal.component.model.DefaultExternalComponentGraphResolveState$DefaultConfigurationGraphResolveState@775d4daa attribute org.gradle.category value {org.gradle.category=documentation} doesn't requested value library
2025-03-10T17:43:18.340+0800 [DEBUG] [org.gradle.internal.component.model.LoggingAttributeMatchingExplanationBuilder] Candidate org.gradle.internal.component.model.DefaultExternalComponentGraphResolveState$DefaultConfigurationGraphResolveState@47ce21d2 attribute org.gradle.usage value {org.gradle.category=library, org.gradle.usage=kotlin-api} doesn't requested value java-api
2025-03-10T17:43:18.340+0800 [DEBUG] [org.gradle.internal.component.model.LoggingAttributeMatchingExplanationBuilder] Candidate org.gradle.internal.component.model.DefaultExternalComponentGraphResolveState$DefaultConfigurationGraphResolveState@4ba3e15a attribute org.gradle.usage value {org.gradle.category=library, org.gradle.usage=kotlin-metadata} doesn't requested value java-api
2025-03-10T17:43:18.340+0800 [DEBUG] [org.gradle.internal.component.model.LoggingAttributeMatchingExplanationBuilder] Candidate org.gradle.internal.component.model.DefaultExternalComponentGraphResolveState$DefaultConfigurationGraphResolveState@374d9b43 attribute org.gradle.category value {org.gradle.category=documentation} doesn't requested value library
2025-03-10T17:43:18.340+0800 [DEBUG] [org.gradle.internal.component.model.LoggingAttributeMatchingExplanationBuilder] Candidate org.gradle.internal.component.model.DefaultExternalComponentGraphResolveState$DefaultConfigurationGraphResolveState@2ae0b01d attribute org.gradle.usage value {artifactType=org.jetbrains.kotlin.klib, org.gradle.category=library, org.gradle.usage=kotlin-api} doesn't requested value java-api
2025-03-10T17:43:18.340+0800 [DEBUG] [org.gradle.internal.component.model.LoggingAttributeMatchingExplanationBuilder] Candidate org.gradle.internal.component.model.DefaultExternalComponentGraphResolveState$DefaultConfigurationGraphResolveState@1c96d422 attribute org.gradle.category value {org.gradle.category=documentation} doesn't requested value library
2025-03-10T17:43:18.340+0800 [DEBUG] [org.gradle.internal.component.model.LoggingAttributeMatchingExplanationBuilder] Candidate org.gradle.internal.component.model.DefaultExternalComponentGraphResolveState$DefaultConfigurationGraphResolveState@486b4fdb attribute org.gradle.usage value {org.gradle.category=library, org.gradle.usage=kotlin-api} doesn't requested value java-api
2025-03-10T17:43:18.341+0800 [DEBUG] [org.gradle.internal.component.model.LoggingAttributeMatchingExplanationBuilder] Candidate org.gradle.internal.component.model.DefaultExternalComponentGraphResolveState$DefaultConfigurationGraphResolveState@13a75216 attribute org.gradle.usage value {org.gradle.category=library, org.gradle.usage=kotlin-metadata} doesn't requested value java-api
2025-03-10T17:43:18.341+0800 [DEBUG] [org.gradle.internal.component.model.LoggingAttributeMatchingExplanationBuilder] Candidate org.gradle.internal.component.model.DefaultExternalComponentGraphResolveState$DefaultConfigurationGraphResolveState@3c686827 attribute org.gradle.category value {org.gradle.category=documentation} doesn't requested value library
2025-03-10T17:43:18.341+0800 [DEBUG] [org.gradle.internal.component.model.LoggingAttributeMatchingExplanationBuilder] Candidate org.gradle.internal.component.model.DefaultExternalComponentGraphResolveState$DefaultConfigurationGraphResolveState@16f58c4c attribute org.gradle.usage value {org.gradle.category=library, org.gradle.usage=kotlin-api} doesn't requested value java-api
2025-03-10T17:43:18.341+0800 [DEBUG] [org.gradle.internal.component.model.LoggingAttributeMatchingExplanationBuilder] Candidate org.gradle.internal.component.model.DefaultExternalComponentGraphResolveState$DefaultConfigurationGraphResolveState@4f20cde attribute org.gradle.usage value {org.gradle.category=library, org.gradle.usage=kotlin-metadata} doesn't requested value java-api
2025-03-10T17:43:18.341+0800 [DEBUG] [org.gradle.internal.component.model.LoggingAttributeMatchingExplanationBuilder] Candidate org.gradle.internal.component.model.DefaultExternalComponentGraphResolveState$DefaultConfigurationGraphResolveState@2decd9b4 attribute org.gradle.category value {org.gradle.category=documentation} doesn't requested value library
2025-03-10T17:43:18.341+0800 [DEBUG] [org.gradle.internal.component.model.LoggingAttributeMatchingExplanationBuilder] Candidate org.gradle.internal.component.model.DefaultExternalComponentGraphResolveState$DefaultConfigurationGraphResolveState@523aa57e attribute org.gradle.usage value {org.gradle.category=library, org.gradle.usage=kotlin-api} doesn't requested value java-api
2025-03-10T17:43:18.341+0800 [DEBUG] [org.gradle.internal.component.model.LoggingAttributeMatchingExplanationBuilder] Candidate org.gradle.internal.component.model.DefaultExternalComponentGraphResolveState$DefaultConfigurationGraphResolveState@6817c499 attribute org.gradle.usage value {org.gradle.category=library, org.gradle.usage=kotlin-metadata} doesn't requested value java-api
2025-03-10T17:43:18.341+0800 [DEBUG] [org.gradle.internal.component.model.LoggingAttributeMatchingExplanationBuilder] Candidate org.gradle.internal.component.model.DefaultExternalComponentGraphResolveState$DefaultConfigurationGraphResolveState@7c17a1b9 attribute org.gradle.category value {org.gradle.category=documentation} doesn't requested value library
2025-03-10T17:43:18.341+0800 [DEBUG] [org.gradle.internal.component.model.LoggingAttributeMatchingExplanationBuilder] Candidate org.gradle.internal.component.model.DefaultExternalComponentGraphResolveState$DefaultConfigurationGraphResolveState@377de6f6 attribute org.gradle.usage value {org.gradle.category=library, org.gradle.usage=kotlin-api} doesn't requested value java-api
2025-03-10T17:43:18.341+0800 [DEBUG] [org.gradle.internal.component.model.LoggingAttributeMatchingExplanationBuilder] Candidate org.gradle.internal.component.model.DefaultExternalComponentGraphResolveState$DefaultConfigurationGraphResolveState@306bb432 attribute org.gradle.usage value {org.gradle.category=library, org.gradle.usage=kotlin-metadata} doesn't requested value java-api
2025-03-10T17:43:18.341+0800 [DEBUG] [org.gradle.internal.component.model.LoggingAttributeMatchingExplanationBuilder] Candidate org.gradle.internal.component.model.DefaultExternalComponentGraphResolveState$DefaultConfigurationGraphResolveState@668e9daa attribute org.gradle.category value {org.gradle.category=documentation} doesn't requested value library
2025-03-10T17:43:18.341+0800 [DEBUG] [org.gradle.internal.component.model.LoggingAttributeMatchingExplanationBuilder] Candidate org.gradle.internal.component.model.DefaultExternalComponentGraphResolveState$DefaultConfigurationGraphResolveState@27d5e2ab attribute org.gradle.usage value {org.gradle.category=library, org.gradle.usage=kotlin-api} doesn't requested value java-api
2025-03-10T17:43:18.341+0800 [DEBUG] [org.gradle.internal.component.model.LoggingAttributeMatchingExplanationBuilder] Candidate org.gradle.internal.component.model.DefaultExternalComponentGraphResolveState$DefaultConfigurationGraphResolveState@7fc7faf1 attribute org.gradle.usage value {org.gradle.category=library, org.gradle.usage=kotlin-metadata} doesn't requested value java-api
2025-03-10T17:43:18.341+0800 [DEBUG] [org.gradle.internal.component.model.LoggingAttributeMatchingExplanationBuilder] Candidate org.gradle.internal.component.model.DefaultExternalComponentGraphResolveState$DefaultConfigurationGraphResolveState@12e01b1f attribute org.gradle.category value {org.gradle.category=documentation} doesn't requested value library
2025-03-10T17:43:18.341+0800 [DEBUG] [org.gradle.internal.component.model.LoggingAttributeMatchingExplanationBuilder] Candidate org.gradle.internal.component.model.DefaultExternalComponentGraphResolveState$DefaultConfigurationGraphResolveState@91a724 attribute org.gradle.usage value {org.gradle.category=library, org.gradle.usage=kotlin-api} doesn't requested value java-api
2025-03-10T17:43:18.341+0800 [DEBUG] [org.gradle.internal.component.model.LoggingAttributeMatchingExplanationBuilder] Candidate org.gradle.internal.component.model.DefaultExternalComponentGraphResolveState$DefaultConfigurationGraphResolveState@8d9cd27 attribute org.gradle.usage value {org.gradle.category=library, org.gradle.usage=kotlin-metadata} doesn't requested value java-api
2025-03-10T17:43:18.341+0800 [DEBUG] [org.gradle.internal.component.model.LoggingAttributeMatchingExplanationBuilder] Candidate org.gradle.internal.component.model.DefaultExternalComponentGraphResolveState$DefaultConfigurationGraphResolveState@4889aebf attribute org.gradle.category value {org.gradle.category=documentation} doesn't requested value library
2025-03-10T17:43:18.341+0800 [DEBUG] [org.gradle.internal.component.model.LoggingAttributeMatchingExplanationBuilder] Candidate org.gradle.internal.component.model.DefaultExternalComponentGraphResolveState$DefaultConfigurationGraphResolveState@5a237c52 attribute org.gradle.usage value {org.gradle.category=library, org.gradle.usage=kotlin-api} doesn't requested value java-api
2025-03-10T17:43:18.341+0800 [DEBUG] [org.gradle.internal.component.model.LoggingAttributeMatchingExplanationBuilder] Candidate org.gradle.internal.component.model.DefaultExternalComponentGraphResolveState$DefaultConfigurationGraphResolveState@578648b5 attribute org.gradle.usage value {org.gradle.category=library, org.gradle.usage=kotlin-metadata} doesn't requested value java-api
2025-03-10T17:43:18.341+0800 [DEBUG] [org.gradle.internal.component.model.LoggingAttributeMatchingExplanationBuilder] Candidate org.gradle.internal.component.model.DefaultExternalComponentGraphResolveState$DefaultConfigurationGraphResolveState@11f01797 attribute org.gradle.category value {org.gradle.category=documentation} doesn't requested value library
2025-03-10T17:43:18.341+0800 [DEBUG] [org.gradle.internal.component.model.LoggingAttributeMatchingExplanationBuilder] Candidate org.gradle.internal.component.model.DefaultExternalComponentGraphResolveState$DefaultConfigurationGraphResolveState@1409bf40 attribute org.gradle.usage value {org.gradle.category=library, org.gradle.usage=kotlin-api} doesn't requested value java-api
2025-03-10T17:43:18.341+0800 [DEBUG] [org.gradle.internal.component.model.LoggingAttributeMatchingExplanationBuilder] Candidate org.gradle.internal.component.model.DefaultExternalComponentGraphResolveState$DefaultConfigurationGraphResolveState@5509907f attribute org.gradle.usage value {org.gradle.category=library, org.gradle.usage=kotlin-metadata} doesn't requested value java-api
2025-03-10T17:43:18.341+0800 [DEBUG] [org.gradle.internal.component.model.LoggingAttributeMatchingExplanationBuilder] Candidate org.gradle.internal.component.model.DefaultExternalComponentGraphResolveState$DefaultConfigurationGraphResolveState@302fa98b attribute org.gradle.category value {org.gradle.category=documentation} doesn't requested value library
2025-03-10T17:43:18.341+0800 [DEBUG] [org.gradle.internal.component.model.LoggingAttributeMatchingExplanationBuilder] Candidate org.gradle.internal.component.model.DefaultExternalComponentGraphResolveState$DefaultConfigurationGraphResolveState@21f24cb6 attribute org.gradle.usage value {org.gradle.category=library, org.gradle.usage=kotlin-api} doesn't requested value java-api
2025-03-10T17:43:18.341+0800 [DEBUG] [org.gradle.internal.component.model.LoggingAttributeMatchingExplanationBuilder] Candidate org.gradle.internal.component.model.DefaultExternalComponentGraphResolveState$DefaultConfigurationGraphResolveState@78581477 attribute org.gradle.usage value {org.gradle.category=library, org.gradle.usage=kotlin-metadata} doesn't requested value java-api
2025-03-10T17:43:18.341+0800 [DEBUG] [org.gradle.internal.component.model.LoggingAttributeMatchingExplanationBuilder] Candidate org.gradle.internal.component.model.DefaultExternalComponentGraphResolveState$DefaultConfigurationGraphResolveState@614be96b attribute org.gradle.category value {org.gradle.category=documentation} doesn't requested value library
2025-03-10T17:43:18.341+0800 [DEBUG] [org.gradle.internal.component.model.DefaultAttributeMatcher] Selected matches [28] from candidates [org.gradle.internal.component.model.DefaultExternalComponentGraphResolveState$DefaultConfigurationGraphResolveState@49aeac2a, org.gradle.internal.component.model.DefaultExternalComponentGraphResolveState$DefaultConfigurationGraphResolveState@694895b2, org.gradle.internal.component.model.DefaultExternalComponentGraphResolveState$DefaultConfigurationGraphResolveState@3b370c87, org.gradle.internal.component.model.DefaultExternalComponentGraphResolveState$DefaultConfigurationGraphResolveState@ea9d643, org.gradle.internal.component.model.DefaultExternalComponentGraphResolveState$DefaultConfigurationGraphResolveState@32dae440, org.gradle.internal.component.model.DefaultExternalComponentGraphResolveState$DefaultConfigurationGraphResolveState@1f9212ac, org.gradle.internal.component.model.DefaultExternalComponentGraphResolveState$DefaultConfigurationGraphResolveState@1c4276ed, org.gradle.internal.component.model.DefaultExternalComponentGraphResolveState$DefaultConfigurationGraphResolveState@5c19b0e8, org.gradle.internal.component.model.DefaultExternalComponentGraphResolveState$DefaultConfigurationGraphResolveState@3984b7cf, org.gradle.internal.component.model.DefaultExternalComponentGraphResolveState$DefaultConfigurationGraphResolveState@360cd521, org.gradle.internal.component.model.DefaultExternalComponentGraphResolveState$DefaultConfigurationGraphResolveState@39763813, org.gradle.internal.component.model.DefaultExternalComponentGraphResolveState$DefaultConfigurationGraphResolveState@28f94125, org.gradle.internal.component.model.DefaultExternalComponentGraphResolveState$DefaultConfigurationGraphResolveState@345fa13a, org.gradle.internal.component.model.DefaultExternalComponentGraphResolveState$DefaultConfigurationGraphResolveState@64aadf4d, org.gradle.internal.component.model.DefaultExternalComponentGraphResolveState$DefaultConfigurationGraphResolveState@6c14c56b, org.gradle.internal.component.model.DefaultExternalComponentGraphResolveState$DefaultConfigurationGraphResolveState@e8651a5, org.gradle.internal.component.model.DefaultExternalComponentGraphResolveState$DefaultConfigurationGraphResolveState@4719773e, org.gradle.internal.component.model.DefaultExternalComponentGraphResolveState$DefaultConfigurationGraphResolveState@757b8827, org.gradle.internal.component.model.DefaultExternalComponentGraphResolveState$DefaultConfigurationGraphResolveState@3f8e347e, org.gradle.internal.component.model.DefaultExternalComponentGraphResolveState$DefaultConfigurationGraphResolveState@3b94153, org.gradle.internal.component.model.DefaultExternalComponentGraphResolveState$DefaultConfigurationGraphResolveState@f15669d, org.gradle.internal.component.model.DefaultExternalComponentGraphResolveState$DefaultConfigurationGraphResolveState@2606ede8, org.gradle.internal.component.model.DefaultExternalComponentGraphResolveState$DefaultConfigurationGraphResolveState@68650092, org.gradle.internal.component.model.DefaultExternalComponentGraphResolveState$DefaultConfigurationGraphResolveState@211f6714, org.gradle.internal.component.model.DefaultExternalComponentGraphResolveState$DefaultConfigurationGraphResolveState@59adc24, org.gradle.internal.component.model.DefaultExternalComponentGraphResolveState$DefaultConfigurationGraphResolveState@14e218d2, org.gradle.internal.component.model.DefaultExternalComponentGraphResolveState$DefaultConfigurationGraphResolveState@54c3eb4c, org.gradle.internal.component.model.DefaultExternalComponentGraphResolveState$DefaultConfigurationGraphResolveState@ebe0107, org.gradle.internal.component.model.DefaultExternalComponentGraphResolveState$DefaultConfigurationGraphResolveState@5d168708, org.gradle.internal.component.model.DefaultExternalComponentGraphResolveState$DefaultConfigurationGraphResolveState@593630f0, org.gradle.internal.component.model.DefaultExternalComponentGraphResolveState$DefaultConfigurationGraphResolveState@12e43911, org.gradle.internal.component.model.DefaultExternalComponentGraphResolveState$DefaultConfigurationGraphResolveState@6caca473, org.gradle.internal.component.model.DefaultExternalComponentGraphResolveState$DefaultConfigurationGraphResolveState@5eb4029, org.gradle.internal.component.model.DefaultExternalComponentGraphResolveState$DefaultConfigurationGraphResolveState@6d3241d4, org.gradle.internal.component.model.DefaultExternalComponentGraphResolveState$DefaultConfigurationGraphResolveState@5eadd1d2, org.gradle.internal.component.model.DefaultExternalComponentGraphResolveState$DefaultConfigurationGraphResolveState@572b7948, org.gradle.internal.component.model.DefaultExternalComponentGraphResolveState$DefaultConfigurationGraphResolveState@89e818c, org.gradle.internal.component.model.DefaultExternalComponentGraphResolveState$DefaultConfigurationGraphResolveState@775d4daa, org.gradle.internal.component.model.DefaultExternalComponentGraphResolveState$DefaultConfigurationGraphResolveState@47ce21d2, org.gradle.internal.component.model.DefaultExternalComponentGraphResolveState$DefaultConfigurationGraphResolveState@4ba3e15a, org.gradle.internal.component.model.DefaultExternalComponentGraphResolveState$DefaultConfigurationGraphResolveState@374d9b43, org.gradle.internal.component.model.DefaultExternalComponentGraphResolveState$DefaultConfigurationGraphResolveState@2ae0b01d, org.gradle.internal.component.model.DefaultExternalComponentGraphResolveState$DefaultConfigurationGraphResolveState@1c96d422, org.gradle.internal.component.model.DefaultExternalComponentGraphResolveState$DefaultConfigurationGraphResolveState@486b4fdb, org.gradle.internal.component.model.DefaultExternalComponentGraphResolveState$DefaultConfigurationGraphResolveState@13a75216, org.gradle.internal.component.model.DefaultExternalComponentGraphResolveState$DefaultConfigurationGraphResolveState@3c686827, org.gradle.internal.component.model.DefaultExternalComponentGraphResolveState$DefaultConfigurationGraphResolveState@16f58c4c, org.gradle.internal.component.model.DefaultExternalComponentGraphResolveState$DefaultConfigurationGraphResolveState@4f20cde, org.gradle.internal.component.model.DefaultExternalComponentGraphResolveState$DefaultConfigurationGraphResolveState@2decd9b4, org.gradle.internal.component.model.DefaultExternalComponentGraphResolveState$DefaultConfigurationGraphResolveState@523aa57e, org.gradle.internal.component.model.DefaultExternalComponentGraphResolveState$DefaultConfigurationGraphResolveState@6817c499, org.gradle.internal.component.model.DefaultExternalComponentGraphResolveState$DefaultConfigurationGraphResolveState@7c17a1b9, org.gradle.internal.component.model.DefaultExternalComponentGraphResolveState$DefaultConfigurationGraphResolveState@377de6f6, org.gradle.internal.component.model.DefaultExternalComponentGraphResolveState$DefaultConfigurationGraphResolveState@306bb432, org.gradle.internal.component.model.DefaultExternalComponentGraphResolveState$DefaultConfigurationGraphResolveState@668e9daa, org.gradle.internal.component.model.DefaultExternalComponentGraphResolveState$DefaultConfigurationGraphResolveState@27d5e2ab, org.gradle.internal.component.model.DefaultExternalComponentGraphResolveState$DefaultConfigurationGraphResolveState@7fc7faf1, org.gradle.internal.component.model.DefaultExternalComponentGraphResolveState$DefaultConfigurationGraphResolveState@12e01b1f, org.gradle.internal.component.model.DefaultExternalComponentGraphResolveState$DefaultConfigurationGraphResolveState@91a724, org.gradle.internal.component.model.DefaultExternalComponentGraphResolveState$DefaultConfigurationGraphResolveState@8d9cd27, org.gradle.internal.component.model.DefaultExternalComponentGraphResolveState$DefaultConfigurationGraphResolveState@4889aebf, org.gradle.internal.component.model.DefaultExternalComponentGraphResolveState$DefaultConfigurationGraphResolveState@5a237c52, org.gradle.internal.component.model.DefaultExternalComponentGraphResolveState$DefaultConfigurationGraphResolveState@578648b5, org.gradle.internal.component.model.DefaultExternalComponentGraphResolveState$DefaultConfigurationGraphResolveState@11f01797, org.gradle.internal.component.model.DefaultExternalComponentGraphResolveState$DefaultConfigurationGraphResolveState@1409bf40, org.gradle.internal.component.model.DefaultExternalComponentGraphResolveState$DefaultConfigurationGraphResolveState@5509907f, org.gradle.internal.component.model.DefaultExternalComponentGraphResolveState$DefaultConfigurationGraphResolveState@302fa98b, org.gradle.internal.component.model.DefaultExternalComponentGraphResolveState$DefaultConfigurationGraphResolveState@21f24cb6, org.gradle.internal.component.model.DefaultExternalComponentGraphResolveState$DefaultConfigurationGraphResolveState@78581477, org.gradle.internal.component.model.DefaultExternalComponentGraphResolveState$DefaultConfigurationGraphResolveState@614be96b] for {org.gradle.category=library, org.gradle.dependency.bundling=external, org.gradle.jvm.environment=standard-jvm, org.gradle.jvm.version=11, org.gradle.libraryelements=classes, org.gradle.usage=java-api, org.jetbrains.kotlin.platform.type=jvm}
2025-03-10T17:43:18.341+0800 [DEBUG] [org.gradle.api.internal.artifacts.ivyservice.ivyresolve.RepositoryChainComponentMetaDataResolver] Attempting to resolve component for org.jetbrains.kotlin:kotlin-reflect:1.8.22 using repositories [MavenRepo]
2025-03-10T17:43:18.341+0800 [DEBUG] [org.gradle.api.internal.artifacts.ivyservice.ivyresolve.CachingModuleComponentRepository] Using cached module metadata for module 'org.jetbrains.kotlin:kotlin-reflect:1.8.22' in 'MavenRepo'
2025-03-10T17:43:18.341+0800 [DEBUG] [org.gradle.api.internal.artifacts.ivyservice.ivyresolve.RepositoryChainComponentMetaDataResolver] Using org.jetbrains.kotlin:kotlin-reflect:1.8.22 from Maven repository 'MavenRepo'
2025-03-10T17:43:18.341+0800 [DEBUG] [org.gradle.api.internal.artifacts.ivyservice.ivyresolve.RepositoryChainComponentMetaDataResolver] Attempting to resolve component for org.jetbrains.kotlinx:kotlinx-coroutines-jdk8:1.7.1 using repositories [MavenRepo]
2025-03-10T17:43:18.341+0800 [DEBUG] [org.gradle.api.internal.artifacts.ivyservice.ivyresolve.CachingModuleComponentRepository] Using cached module metadata for module 'org.jetbrains.kotlinx:kotlinx-coroutines-jdk8:1.7.1' in 'MavenRepo'
2025-03-10T17:43:18.341+0800 [DEBUG] [org.gradle.api.internal.artifacts.ivyservice.ivyresolve.RepositoryChainComponentMetaDataResolver] Using org.jetbrains.kotlinx:kotlinx-coroutines-jdk8:1.7.1 from Maven repository 'MavenRepo'
2025-03-10T17:43:18.341+0800 [DEBUG] [org.gradle.internal.component.model.DefaultAttributeMatcher] Selected matches [0] from candidates [org.gradle.internal.component.model.DefaultExternalComponentGraphResolveState$DefaultConfigurationGraphResolveState@5bfb8a33, org.gradle.internal.component.model.DefaultExternalComponentGraphResolveState$DefaultConfigurationGraphResolveState@56eede2d] for {org.gradle.category=library, org.gradle.dependency.bundling=external, org.gradle.jvm.environment=standard-jvm, org.gradle.jvm.version=11, org.gradle.libraryelements=classes, org.gradle.usage=java-api, org.jetbrains.kotlin.platform.type=jvm}
2025-03-10T17:43:18.341+0800 [DEBUG] [org.gradle.api.internal.artifacts.ivyservice.ivyresolve.RepositoryChainComponentMetaDataResolver] Attempting to resolve component for com.typesafe:config:1.4.2 using repositories [MavenRepo]
2025-03-10T17:43:18.341+0800 [DEBUG] [org.gradle.api.internal.artifacts.ivyservice.ivyresolve.CachingModuleComponentRepository] Using cached module metadata for module 'com.typesafe:config:1.4.2' in 'MavenRepo'
2025-03-10T17:43:18.341+0800 [DEBUG] [org.gradle.api.internal.artifacts.ivyservice.ivyresolve.RepositoryChainComponentMetaDataResolver] Using com.typesafe:config:1.4.2 from Maven repository 'MavenRepo'
2025-03-10T17:43:18.341+0800 [DEBUG] [org.gradle.api.internal.artifacts.ivyservice.resolveengine.graph.builder.DependencyGraphBuilder] Visiting configuration io.ktor:ktor-bom:2.3.6(apiElements).
2025-03-10T17:43:18.342+0800 [DEBUG] [org.gradle.api.internal.artifacts.ivyservice.ivyresolve.RepositoryChainComponentMetaDataResolver] Attempting to resolve component for io.ktor:ktor-utils:2.3.6 using repositories [MavenRepo]
2025-03-10T17:43:18.342+0800 [DEBUG] [org.gradle.api.internal.artifacts.ivyservice.ivyresolve.CachingModuleComponentRepository] Using cached module metadata for module 'io.ktor:ktor-utils:2.3.6' in 'MavenRepo'
2025-03-10T17:43:18.342+0800 [DEBUG] [org.gradle.api.internal.artifacts.ivyservice.ivyresolve.RepositoryChainComponentMetaDataResolver] Using io.ktor:ktor-utils:2.3.6 from Maven repository 'MavenRepo'
2025-03-10T17:43:18.342+0800 [DEBUG] [org.gradle.api.internal.artifacts.ivyservice.ivyresolve.RepositoryChainComponentMetaDataResolver] Attempting to resolve component for io.ktor:ktor-http:2.3.6 using repositories [MavenRepo]
2025-03-10T17:43:18.342+0800 [DEBUG] [org.gradle.api.internal.artifacts.ivyservice.ivyresolve.CachingModuleComponentRepository] Using cached module metadata for module 'io.ktor:ktor-http:2.3.6' in 'MavenRepo'
2025-03-10T17:43:18.342+0800 [DEBUG] [org.gradle.api.internal.artifacts.ivyservice.ivyresolve.RepositoryChainComponentMetaDataResolver] Using io.ktor:ktor-http:2.3.6 from Maven repository 'MavenRepo'
2025-03-10T17:43:18.342+0800 [DEBUG] [org.gradle.api.internal.artifacts.ivyservice.ivyresolve.RepositoryChainComponentMetaDataResolver] Attempting to resolve component for io.ktor:ktor-serialization:2.3.6 using repositories [MavenRepo]
2025-03-10T17:43:18.342+0800 [DEBUG] [org.gradle.api.internal.artifacts.ivyservice.ivyresolve.CachingModuleComponentRepository] Using cached module metadata for module 'io.ktor:ktor-serialization:2.3.6' in 'MavenRepo'
2025-03-10T17:43:18.342+0800 [DEBUG] [org.gradle.api.internal.artifacts.ivyservice.ivyresolve.RepositoryChainComponentMetaDataResolver] Using io.ktor:ktor-serialization:2.3.6 from Maven repository 'MavenRepo'
2025-03-10T17:43:18.342+0800 [DEBUG] [org.gradle.api.internal.artifacts.ivyservice.ivyresolve.RepositoryChainComponentMetaDataResolver] Attempting to resolve component for io.ktor:ktor-events:2.3.6 using repositories [MavenRepo]
2025-03-10T17:43:18.342+0800 [DEBUG] [org.gradle.api.internal.artifacts.ivyservice.ivyresolve.CachingModuleComponentRepository] Using cached module metadata for module 'io.ktor:ktor-events:2.3.6' in 'MavenRepo'
2025-03-10T17:43:18.342+0800 [DEBUG] [org.gradle.api.internal.artifacts.ivyservice.ivyresolve.RepositoryChainComponentMetaDataResolver] Using io.ktor:ktor-events:2.3.6 from Maven repository 'MavenRepo'
2025-03-10T17:43:18.342+0800 [DEBUG] [org.gradle.api.internal.artifacts.ivyservice.resolveengine.graph.builder.DependencyGraphBuilder] Visiting configuration io.ktor:ktor-server-netty-jvm:2.3.6(jvmApiElements-published).
2025-03-10T17:43:18.342+0800 [DEBUG] [org.gradle.api.internal.artifacts.ivyservice.ivyresolve.RepositoryChainComponentMetaDataResolver] Attempting to resolve component for org.jetbrains.kotlin:kotlin-stdlib-jdk7:1.8.22 using repositories [MavenRepo]
2025-03-10T17:43:18.342+0800 [DEBUG] [org.gradle.api.internal.artifacts.ivyservice.ivyresolve.CachingModuleComponentRepository] Using cached module metadata for module 'org.jetbrains.kotlin:kotlin-stdlib-jdk7:1.8.22' in 'MavenRepo'
2025-03-10T17:43:18.342+0800 [DEBUG] [org.gradle.api.internal.artifacts.ivyservice.ivyresolve.RepositoryChainComponentMetaDataResolver] Using org.jetbrains.kotlin:kotlin-stdlib-jdk7:1.8.22 from Maven repository 'MavenRepo'
2025-03-10T17:43:18.342+0800 [DEBUG] [org.gradle.api.internal.artifacts.ivyservice.ivyresolve.RepositoryChainComponentMetaDataResolver] Attempting to resolve component for io.netty:netty-codec-http2:4.1.97.Final using repositories [MavenRepo]
2025-03-10T17:43:18.342+0800 [DEBUG] [org.gradle.api.internal.artifacts.ivyservice.ivyresolve.CachingModuleComponentRepository] Using cached module metadata for module 'io.netty:netty-codec-http2:4.1.97.Final' in 'MavenRepo'
2025-03-10T17:43:18.342+0800 [DEBUG] [org.gradle.api.internal.artifacts.ivyservice.ivyresolve.RepositoryChainComponentMetaDataResolver] Using io.netty:netty-codec-http2:4.1.97.Final from Maven repository 'MavenRepo'
2025-03-10T17:43:18.342+0800 [DEBUG] [org.gradle.api.internal.artifacts.ivyservice.ivyresolve.RepositoryChainComponentMetaDataResolver] Attempting to resolve component for org.eclipse.jetty.alpn:alpn-api:1.1.3.v20160715 using repositories [MavenRepo]
2025-03-10T17:43:18.342+0800 [DEBUG] [org.gradle.api.internal.artifacts.ivyservice.ivyresolve.CachingModuleComponentRepository] Using cached module metadata for module 'org.eclipse.jetty.alpn:alpn-api:1.1.3.v20160715' in 'MavenRepo'
2025-03-10T17:43:18.342+0800 [DEBUG] [org.gradle.api.internal.artifacts.ivyservice.ivyresolve.RepositoryChainComponentMetaDataResolver] Using org.eclipse.jetty.alpn:alpn-api:1.1.3.v20160715 from Maven repository 'MavenRepo'
2025-03-10T17:43:18.342+0800 [DEBUG] [org.gradle.api.internal.artifacts.ivyservice.ivyresolve.RepositoryChainComponentMetaDataResolver] Attempting to resolve component for io.netty:netty-transport-native-kqueue:4.1.97.Final using repositories [MavenRepo]
2025-03-10T17:43:18.342+0800 [DEBUG] [org.gradle.api.internal.artifacts.ivyservice.ivyresolve.CachingModuleComponentRepository] Using cached module metadata for module 'io.netty:netty-transport-native-kqueue:4.1.97.Final' in 'MavenRepo'
2025-03-10T17:43:18.342+0800 [DEBUG] [org.gradle.api.internal.artifacts.ivyservice.ivyresolve.RepositoryChainComponentMetaDataResolver] Using io.netty:netty-transport-native-kqueue:4.1.97.Final from Maven repository 'MavenRepo'
2025-03-10T17:43:18.342+0800 [DEBUG] [org.gradle.api.internal.artifacts.ivyservice.ivyresolve.RepositoryChainComponentMetaDataResolver] Attempting to resolve component for io.netty:netty-transport-native-epoll:4.1.97.Final using repositories [MavenRepo]
2025-03-10T17:43:18.342+0800 [DEBUG] [org.gradle.api.internal.artifacts.ivyservice.ivyresolve.CachingModuleComponentRepository] Using cached module metadata for module 'io.netty:netty-transport-native-epoll:4.1.97.Final' in 'MavenRepo'
2025-03-10T17:43:18.342+0800 [DEBUG] [org.gradle.api.internal.artifacts.ivyservice.ivyresolve.RepositoryChainComponentMetaDataResolver] Using io.netty:netty-transport-native-epoll:4.1.97.Final from Maven repository 'MavenRepo'
2025-03-10T17:43:18.342+0800 [DEBUG] [org.gradle.api.internal.artifacts.ivyservice.ivyresolve.RepositoryChainComponentMetaDataResolver] Attempting to resolve component for org.jetbrains.kotlin:kotlin-stdlib-common:1.8.22 using repositories [MavenRepo]
2025-03-10T17:43:18.342+0800 [DEBUG] [org.gradle.api.internal.artifacts.ivyservice.ivyresolve.CachingModuleComponentRepository] Using cached module metadata for module 'org.jetbrains.kotlin:kotlin-stdlib-common:1.8.22' in 'MavenRepo'
2025-03-10T17:43:18.342+0800 [DEBUG] [org.gradle.api.internal.artifacts.ivyservice.ivyresolve.RepositoryChainComponentMetaDataResolver] Using org.jetbrains.kotlin:kotlin-stdlib-common:1.8.22 from Maven repository 'MavenRepo'
2025-03-10T17:43:18.342+0800 [DEBUG] [org.gradle.api.internal.artifacts.ivyservice.resolveengine.graph.builder.DependencyGraphBuilder] Visiting configuration io.ktor:ktor-bom:2.3.6(apiElements).
2025-03-10T17:43:18.342+0800 [DEBUG] [org.gradle.api.internal.artifacts.ivyservice.ivyresolve.RepositoryChainComponentMetaDataResolver] Attempting to resolve component for io.ktor:ktor-server-host-common:2.3.6 using repositories [MavenRepo]
2025-03-10T17:43:18.343+0800 [DEBUG] [org.gradle.api.internal.artifacts.ivyservice.ivyresolve.CachingModuleComponentRepository] Using cached module metadata for module 'io.ktor:ktor-server-host-common:2.3.6' in 'MavenRepo'
2025-03-10T17:43:18.343+0800 [DEBUG] [org.gradle.api.internal.artifacts.ivyservice.ivyresolve.RepositoryChainComponentMetaDataResolver] Using io.ktor:ktor-server-host-common:2.3.6 from Maven repository 'MavenRepo'
2025-03-10T17:43:18.343+0800 [DEBUG] [org.gradle.api.internal.artifacts.ivyservice.resolveengine.graph.builder.DependencyGraphBuilder] Visiting configuration io.ktor:ktor-server-websockets-jvm:2.3.6(jvmApiElements-published).
2025-03-10T17:43:18.343+0800 [DEBUG] [org.gradle.api.internal.artifacts.ivyservice.resolveengine.graph.builder.DependencyGraphBuilder] Visiting configuration io.ktor:ktor-bom:2.3.6(apiElements).
2025-03-10T17:43:18.343+0800 [DEBUG] [org.gradle.api.internal.artifacts.ivyservice.ivyresolve.RepositoryChainComponentMetaDataResolver] Attempting to resolve component for io.ktor:ktor-websockets:2.3.6 using repositories [MavenRepo]
2025-03-10T17:43:18.343+0800 [DEBUG] [org.gradle.api.internal.artifacts.ivyservice.ivyresolve.CachingModuleComponentRepository] Using cached module metadata for module 'io.ktor:ktor-websockets:2.3.6' in 'MavenRepo'
2025-03-10T17:43:18.343+0800 [DEBUG] [org.gradle.api.internal.artifacts.ivyservice.ivyresolve.RepositoryChainComponentMetaDataResolver] Using io.ktor:ktor-websockets:2.3.6 from Maven repository 'MavenRepo'
2025-03-10T17:43:18.343+0800 [DEBUG] [org.gradle.api.internal.artifacts.ivyservice.ivyresolve.RepositoryChainComponentMetaDataResolver] Attempting to resolve component for io.ktor:ktor-websocket-serialization:2.3.6 using repositories [MavenRepo]
2025-03-10T17:43:18.343+0800 [DEBUG] [org.gradle.api.internal.artifacts.ivyservice.ivyresolve.CachingModuleComponentRepository] Using cached module metadata for module 'io.ktor:ktor-websocket-serialization:2.3.6' in 'MavenRepo'
2025-03-10T17:43:18.343+0800 [DEBUG] [org.gradle.api.internal.artifacts.ivyservice.ivyresolve.RepositoryChainComponentMetaDataResolver] Using io.ktor:ktor-websocket-serialization:2.3.6 from Maven repository 'MavenRepo'
2025-03-10T17:43:18.343+0800 [DEBUG] [org.gradle.api.internal.artifacts.ivyservice.resolveengine.graph.builder.DependencyGraphBuilder] Visiting configuration io.ktor:ktor-server-content-negotiation-jvm:2.3.6(jvmApiElements-published).
2025-03-10T17:43:18.343+0800 [DEBUG] [org.gradle.api.internal.artifacts.ivyservice.resolveengine.graph.builder.DependencyGraphBuilder] Visiting configuration io.ktor:ktor-serialization-kotlinx-json-jvm:2.3.6(jvmApiElements-published).
2025-03-10T17:43:18.343+0800 [DEBUG] [org.gradle.api.internal.artifacts.ivyservice.ivyresolve.RepositoryChainComponentMetaDataResolver] Attempting to resolve component for org.jetbrains.kotlinx:kotlinx-serialization-json:1.5.1 using repositories [MavenRepo]
2025-03-10T17:43:18.343+0800 [DEBUG] [org.gradle.api.internal.artifacts.ivyservice.ivyresolve.CachingModuleComponentRepository] Using cached module metadata for module 'org.jetbrains.kotlinx:kotlinx-serialization-json:1.5.1' in 'MavenRepo'
2025-03-10T17:43:18.343+0800 [DEBUG] [org.gradle.api.internal.artifacts.ivyservice.ivyresolve.RepositoryChainComponentMetaDataResolver] Using org.jetbrains.kotlinx:kotlinx-serialization-json:1.5.1 from Maven repository 'MavenRepo'
2025-03-10T17:43:18.343+0800 [DEBUG] [org.gradle.internal.component.model.LoggingAttributeMatchingExplanationBuilder] Candidate org.gradle.internal.component.model.DefaultExternalComponentGraphResolveState$DefaultConfigurationGraphResolveState@6b4218e9 attribute org.gradle.usage value {org.gradle.category=library, org.gradle.usage=kotlin-metadata} doesn't requested value java-api
2025-03-10T17:43:18.343+0800 [DEBUG] [org.gradle.internal.component.model.LoggingAttributeMatchingExplanationBuilder] Candidate org.gradle.internal.component.model.DefaultExternalComponentGraphResolveState$DefaultConfigurationGraphResolveState@761f1857 attribute org.gradle.usage value {org.gradle.category=library, org.gradle.usage=kotlin-api} doesn't requested value java-api
2025-03-10T17:43:18.343+0800 [DEBUG] [org.gradle.internal.component.model.LoggingAttributeMatchingExplanationBuilder] Candidate org.gradle.internal.component.model.DefaultExternalComponentGraphResolveState$DefaultConfigurationGraphResolveState@e4eccd attribute org.gradle.category value {org.gradle.category=documentation} doesn't requested value library
2025-03-10T17:43:18.343+0800 [DEBUG] [org.gradle.internal.component.model.LoggingAttributeMatchingExplanationBuilder] Candidate org.gradle.internal.component.model.DefaultExternalComponentGraphResolveState$DefaultConfigurationGraphResolveState@b8b299d attribute org.gradle.usage value {artifactType=org.jetbrains.kotlin.klib, org.gradle.category=library, org.gradle.usage=kotlin-api} doesn't requested value java-api
2025-03-10T17:43:18.343+0800 [DEBUG] [org.gradle.internal.component.model.LoggingAttributeMatchingExplanationBuilder] Candidate org.gradle.internal.component.model.DefaultExternalComponentGraphResolveState$DefaultConfigurationGraphResolveState@70f5ed55 attribute org.gradle.category value {org.gradle.category=documentation} doesn't requested value library
2025-03-10T17:43:18.343+0800 [DEBUG] [org.gradle.internal.component.model.LoggingAttributeMatchingExplanationBuilder] Candidate org.gradle.internal.component.model.DefaultExternalComponentGraphResolveState$DefaultConfigurationGraphResolveState@7ea69ebc attribute org.gradle.usage value {artifactType=org.jetbrains.kotlin.klib, org.gradle.category=library, org.gradle.usage=kotlin-api} doesn't requested value java-api
2025-03-10T17:43:18.343+0800 [DEBUG] [org.gradle.internal.component.model.LoggingAttributeMatchingExplanationBuilder] Candidate org.gradle.internal.component.model.DefaultExternalComponentGraphResolveState$DefaultConfigurationGraphResolveState@59038721 attribute org.gradle.category value {org.gradle.category=documentation} doesn't requested value library
2025-03-10T17:43:18.343+0800 [DEBUG] [org.gradle.internal.component.model.LoggingAttributeMatchingExplanationBuilder] Candidate org.gradle.internal.component.model.DefaultExternalComponentGraphResolveState$DefaultConfigurationGraphResolveState@b169a5d attribute org.gradle.usage value {artifactType=org.jetbrains.kotlin.klib, org.gradle.category=library, org.gradle.usage=kotlin-api} doesn't requested value java-api
2025-03-10T17:43:18.343+0800 [DEBUG] [org.gradle.internal.component.model.LoggingAttributeMatchingExplanationBuilder] Candidate org.gradle.internal.component.model.DefaultExternalComponentGraphResolveState$DefaultConfigurationGraphResolveState@5456412f attribute org.gradle.category value {org.gradle.category=documentation} doesn't requested value library
2025-03-10T17:43:18.343+0800 [DEBUG] [org.gradle.internal.component.model.LoggingAttributeMatchingExplanationBuilder] Candidate org.gradle.internal.component.model.DefaultExternalComponentGraphResolveState$DefaultConfigurationGraphResolveState@1ecf7667 attribute org.gradle.usage value {artifactType=org.jetbrains.kotlin.klib, org.gradle.category=library, org.gradle.usage=kotlin-api} doesn't requested value java-api
2025-03-10T17:43:18.343+0800 [DEBUG] [org.gradle.internal.component.model.LoggingAttributeMatchingExplanationBuilder] Candidate org.gradle.internal.component.model.DefaultExternalComponentGraphResolveState$DefaultConfigurationGraphResolveState@5b30c010 attribute org.gradle.category value {org.gradle.category=documentation} doesn't requested value library
2025-03-10T17:43:18.343+0800 [DEBUG] [org.gradle.internal.component.model.LoggingAttributeMatchingExplanationBuilder] Candidate org.gradle.internal.component.model.DefaultExternalComponentGraphResolveState$DefaultConfigurationGraphResolveState@644b6d59 attribute org.gradle.usage value {artifactType=org.jetbrains.kotlin.klib, org.gradle.category=library, org.gradle.usage=kotlin-api} doesn't requested value java-api
2025-03-10T17:43:18.343+0800 [DEBUG] [org.gradle.internal.component.model.LoggingAttributeMatchingExplanationBuilder] Candidate org.gradle.internal.component.model.DefaultExternalComponentGraphResolveState$DefaultConfigurationGraphResolveState@27207c6 attribute org.gradle.category value {org.gradle.category=documentation} doesn't requested value library
2025-03-10T17:43:18.343+0800 [DEBUG] [org.gradle.internal.component.model.LoggingAttributeMatchingExplanationBuilder] Candidate org.gradle.internal.component.model.DefaultExternalComponentGraphResolveState$DefaultConfigurationGraphResolveState@676b35a1 attribute org.gradle.usage value {artifactType=org.jetbrains.kotlin.klib, org.gradle.category=library, org.gradle.usage=kotlin-metadata} doesn't requested value java-api
2025-03-10T17:43:18.343+0800 [DEBUG] [org.gradle.internal.component.model.LoggingAttributeMatchingExplanationBuilder] Candidate org.gradle.internal.component.model.DefaultExternalComponentGraphResolveState$DefaultConfigurationGraphResolveState@3a06491c attribute org.gradle.usage value {artifactType=org.jetbrains.kotlin.klib, org.gradle.category=library, org.gradle.usage=kotlin-api} doesn't requested value java-api
2025-03-10T17:43:18.343+0800 [DEBUG] [org.gradle.internal.component.model.LoggingAttributeMatchingExplanationBuilder] Candidate org.gradle.internal.component.model.DefaultExternalComponentGraphResolveState$DefaultConfigurationGraphResolveState@518caa0 attribute org.gradle.category value {org.gradle.category=documentation} doesn't requested value library
2025-03-10T17:43:18.343+0800 [DEBUG] [org.gradle.internal.component.model.LoggingAttributeMatchingExplanationBuilder] Candidate org.gradle.internal.component.model.DefaultExternalComponentGraphResolveState$DefaultConfigurationGraphResolveState@17c6b1f2 attribute org.gradle.usage value {artifactType=org.jetbrains.kotlin.klib, org.gradle.category=library, org.gradle.usage=kotlin-metadata} doesn't requested value java-api
2025-03-10T17:43:18.344+0800 [DEBUG] [org.gradle.internal.component.model.LoggingAttributeMatchingExplanationBuilder] Candidate org.gradle.internal.component.model.DefaultExternalComponentGraphResolveState$DefaultConfigurationGraphResolveState@293e5896 attribute org.gradle.usage value {artifactType=org.jetbrains.kotlin.klib, org.gradle.category=library, org.gradle.usage=kotlin-api} doesn't requested value java-api
2025-03-10T17:43:18.344+0800 [DEBUG] [org.gradle.internal.component.model.LoggingAttributeMatchingExplanationBuilder] Candidate org.gradle.internal.component.model.DefaultExternalComponentGraphResolveState$DefaultConfigurationGraphResolveState@2178aa04 attribute org.gradle.category value {org.gradle.category=documentation} doesn't requested value library
2025-03-10T17:43:18.344+0800 [DEBUG] [org.gradle.internal.component.model.LoggingAttributeMatchingExplanationBuilder] Candidate org.gradle.internal.component.model.DefaultExternalComponentGraphResolveState$DefaultConfigurationGraphResolveState@62f63941 attribute org.gradle.usage value {artifactType=org.jetbrains.kotlin.klib, org.gradle.category=library, org.gradle.usage=kotlin-metadata} doesn't requested value java-api
2025-03-10T17:43:18.344+0800 [DEBUG] [org.gradle.internal.component.model.LoggingAttributeMatchingExplanationBuilder] Candidate org.gradle.internal.component.model.DefaultExternalComponentGraphResolveState$DefaultConfigurationGraphResolveState@401d5dcc attribute org.gradle.usage value {artifactType=org.jetbrains.kotlin.klib, org.gradle.category=library, org.gradle.usage=kotlin-api} doesn't requested value java-api
2025-03-10T17:43:18.344+0800 [DEBUG] [org.gradle.internal.component.model.LoggingAttributeMatchingExplanationBuilder] Candidate org.gradle.internal.component.model.DefaultExternalComponentGraphResolveState$DefaultConfigurationGraphResolveState@1bbc57b1 attribute org.gradle.category value {org.gradle.category=documentation} doesn't requested value library
2025-03-10T17:43:18.344+0800 [DEBUG] [org.gradle.internal.component.model.LoggingAttributeMatchingExplanationBuilder] Candidate org.gradle.internal.component.model.DefaultExternalComponentGraphResolveState$DefaultConfigurationGraphResolveState@7ff0e648 attribute org.gradle.usage value {artifactType=org.jetbrains.kotlin.klib, org.gradle.category=library, org.gradle.usage=kotlin-metadata} doesn't requested value java-api
2025-03-10T17:43:18.344+0800 [DEBUG] [org.gradle.internal.component.model.LoggingAttributeMatchingExplanationBuilder] Candidate org.gradle.internal.component.model.DefaultExternalComponentGraphResolveState$DefaultConfigurationGraphResolveState@2c1ff4c6 attribute org.gradle.usage value {org.gradle.category=library, org.gradle.usage=kotlin-api} doesn't requested value java-api
2025-03-10T17:43:18.344+0800 [DEBUG] [org.gradle.internal.component.model.LoggingAttributeMatchingExplanationBuilder] Candidate org.gradle.internal.component.model.DefaultExternalComponentGraphResolveState$DefaultConfigurationGraphResolveState@6c63fb4 attribute org.gradle.usage value {org.gradle.category=library, org.gradle.usage=kotlin-runtime} doesn't requested value java-api
2025-03-10T17:43:18.344+0800 [DEBUG] [org.gradle.internal.component.model.LoggingAttributeMatchingExplanationBuilder] Candidate org.gradle.internal.component.model.DefaultExternalComponentGraphResolveState$DefaultConfigurationGraphResolveState@7fbee102 attribute org.gradle.usage value {org.gradle.category=library, org.gradle.usage=kotlin-api} doesn't requested value java-api
2025-03-10T17:43:18.344+0800 [DEBUG] [org.gradle.internal.component.model.LoggingAttributeMatchingExplanationBuilder] Candidate org.gradle.internal.component.model.DefaultExternalComponentGraphResolveState$DefaultConfigurationGraphResolveState@7048a1b attribute org.gradle.usage value {org.gradle.category=library, org.gradle.usage=kotlin-runtime} doesn't requested value java-api
2025-03-10T17:43:18.344+0800 [DEBUG] [org.gradle.internal.component.model.LoggingAttributeMatchingExplanationBuilder] Candidate org.gradle.internal.component.model.DefaultExternalComponentGraphResolveState$DefaultConfigurationGraphResolveState@546ef7f9 attribute org.gradle.category value {org.gradle.category=documentation} doesn't requested value library
2025-03-10T17:43:18.344+0800 [DEBUG] [org.gradle.internal.component.model.LoggingAttributeMatchingExplanationBuilder] Candidate org.gradle.internal.component.model.DefaultExternalComponentGraphResolveState$DefaultConfigurationGraphResolveState@6362495f doesn't have attribute org.gradle.dependency.bundling
2025-03-10T17:43:18.344+0800 [DEBUG] [org.gradle.internal.component.model.LoggingAttributeMatchingExplanationBuilder] Candidate org.gradle.internal.component.model.DefaultExternalComponentGraphResolveState$DefaultConfigurationGraphResolveState@6362495f doesn't have attribute org.gradle.jvm.environment
2025-03-10T17:43:18.344+0800 [DEBUG] [org.gradle.internal.component.model.LoggingAttributeMatchingExplanationBuilder] Candidate org.gradle.internal.component.model.DefaultExternalComponentGraphResolveState$DefaultConfigurationGraphResolveState@6362495f doesn't have attribute org.gradle.jvm.version
2025-03-10T17:43:18.344+0800 [DEBUG] [org.gradle.internal.component.model.LoggingAttributeMatchingExplanationBuilder] Candidate org.gradle.internal.component.model.DefaultExternalComponentGraphResolveState$DefaultConfigurationGraphResolveState@6b5c12c0 doesn't have attribute org.gradle.dependency.bundling
2025-03-10T17:43:18.344+0800 [DEBUG] [org.gradle.internal.component.model.LoggingAttributeMatchingExplanationBuilder] Candidate org.gradle.internal.component.model.DefaultExternalComponentGraphResolveState$DefaultConfigurationGraphResolveState@6b5c12c0 doesn't have attribute org.gradle.jvm.environment
2025-03-10T17:43:18.344+0800 [DEBUG] [org.gradle.internal.component.model.LoggingAttributeMatchingExplanationBuilder] Candidate org.gradle.internal.component.model.DefaultExternalComponentGraphResolveState$DefaultConfigurationGraphResolveState@6b5c12c0 doesn't have attribute org.gradle.jvm.version
2025-03-10T17:43:18.344+0800 [DEBUG] [org.gradle.internal.component.model.LoggingAttributeMatchingExplanationBuilder] Candidate org.gradle.internal.component.model.DefaultExternalComponentGraphResolveState$DefaultConfigurationGraphResolveState@482b19e2 attribute org.gradle.category value {org.gradle.category=documentation} doesn't requested value library
2025-03-10T17:43:18.344+0800 [DEBUG] [org.gradle.internal.component.model.LoggingAttributeMatchingExplanationBuilder] Candidate org.gradle.internal.component.model.DefaultExternalComponentGraphResolveState$DefaultConfigurationGraphResolveState@6b59fe21 attribute org.gradle.usage value {artifactType=org.jetbrains.kotlin.klib, org.gradle.category=library, org.gradle.usage=kotlin-api} doesn't requested value java-api
2025-03-10T17:43:18.344+0800 [DEBUG] [org.gradle.internal.component.model.LoggingAttributeMatchingExplanationBuilder] Candidate org.gradle.internal.component.model.DefaultExternalComponentGraphResolveState$DefaultConfigurationGraphResolveState@1a807aa4 attribute org.gradle.category value {org.gradle.category=documentation} doesn't requested value library
2025-03-10T17:43:18.344+0800 [DEBUG] [org.gradle.internal.component.model.LoggingAttributeMatchingExplanationBuilder] Candidate org.gradle.internal.component.model.DefaultExternalComponentGraphResolveState$DefaultConfigurationGraphResolveState@11c1a126 attribute org.gradle.usage value {artifactType=org.jetbrains.kotlin.klib, org.gradle.category=library, org.gradle.usage=kotlin-api} doesn't requested value java-api
2025-03-10T17:43:18.344+0800 [DEBUG] [org.gradle.internal.component.model.LoggingAttributeMatchingExplanationBuilder] Candidate org.gradle.internal.component.model.DefaultExternalComponentGraphResolveState$DefaultConfigurationGraphResolveState@1355ef5 attribute org.gradle.category value {org.gradle.category=documentation} doesn't requested value library
2025-03-10T17:43:18.344+0800 [DEBUG] [org.gradle.internal.component.model.LoggingAttributeMatchingExplanationBuilder] Candidate org.gradle.internal.component.model.DefaultExternalComponentGraphResolveState$DefaultConfigurationGraphResolveState@25b91004 attribute org.gradle.usage value {artifactType=org.jetbrains.kotlin.klib, org.gradle.category=library, org.gradle.usage=kotlin-api} doesn't requested value java-api
2025-03-10T17:43:18.344+0800 [DEBUG] [org.gradle.internal.component.model.LoggingAttributeMatchingExplanationBuilder] Candidate org.gradle.internal.component.model.DefaultExternalComponentGraphResolveState$DefaultConfigurationGraphResolveState@3cf50b4d attribute org.gradle.category value {org.gradle.category=documentation} doesn't requested value library
2025-03-10T17:43:18.344+0800 [DEBUG] [org.gradle.internal.component.model.LoggingAttributeMatchingExplanationBuilder] Candidate org.gradle.internal.component.model.DefaultExternalComponentGraphResolveState$DefaultConfigurationGraphResolveState@20a14564 attribute org.gradle.usage value {artifactType=org.jetbrains.kotlin.klib, org.gradle.category=library, org.gradle.usage=kotlin-api} doesn't requested value java-api
2025-03-10T17:43:18.344+0800 [DEBUG] [org.gradle.internal.component.model.LoggingAttributeMatchingExplanationBuilder] Candidate org.gradle.internal.component.model.DefaultExternalComponentGraphResolveState$DefaultConfigurationGraphResolveState@b487573 attribute org.gradle.category value {org.gradle.category=documentation} doesn't requested value library
2025-03-10T17:43:18.344+0800 [DEBUG] [org.gradle.internal.component.model.LoggingAttributeMatchingExplanationBuilder] Candidate org.gradle.internal.component.model.DefaultExternalComponentGraphResolveState$DefaultConfigurationGraphResolveState@661c7d2e attribute org.gradle.usage value {artifactType=org.jetbrains.kotlin.klib, org.gradle.category=library, org.gradle.usage=kotlin-metadata} doesn't requested value java-api
2025-03-10T17:43:18.344+0800 [DEBUG] [org.gradle.internal.component.model.LoggingAttributeMatchingExplanationBuilder] Candidate org.gradle.internal.component.model.DefaultExternalComponentGraphResolveState$DefaultConfigurationGraphResolveState@72a7bdc3 attribute org.gradle.usage value {artifactType=org.jetbrains.kotlin.klib, org.gradle.category=library, org.gradle.usage=kotlin-api} doesn't requested value java-api
2025-03-10T17:43:18.344+0800 [DEBUG] [org.gradle.internal.component.model.LoggingAttributeMatchingExplanationBuilder] Candidate org.gradle.internal.component.model.DefaultExternalComponentGraphResolveState$DefaultConfigurationGraphResolveState@58075c96 attribute org.gradle.category value {org.gradle.category=documentation} doesn't requested value library
2025-03-10T17:43:18.344+0800 [DEBUG] [org.gradle.internal.component.model.LoggingAttributeMatchingExplanationBuilder] Candidate org.gradle.internal.component.model.DefaultExternalComponentGraphResolveState$DefaultConfigurationGraphResolveState@10ac5908 attribute org.gradle.usage value {artifactType=org.jetbrains.kotlin.klib, org.gradle.category=library, org.gradle.usage=kotlin-metadata} doesn't requested value java-api
2025-03-10T17:43:18.344+0800 [DEBUG] [org.gradle.internal.component.model.LoggingAttributeMatchingExplanationBuilder] Candidate org.gradle.internal.component.model.DefaultExternalComponentGraphResolveState$DefaultConfigurationGraphResolveState@15dca33e attribute org.gradle.usage value {artifactType=org.jetbrains.kotlin.klib, org.gradle.category=library, org.gradle.usage=kotlin-api} doesn't requested value java-api
2025-03-10T17:43:18.344+0800 [DEBUG] [org.gradle.internal.component.model.LoggingAttributeMatchingExplanationBuilder] Candidate org.gradle.internal.component.model.DefaultExternalComponentGraphResolveState$DefaultConfigurationGraphResolveState@5ada5de3 attribute org.gradle.category value {org.gradle.category=documentation} doesn't requested value library
2025-03-10T17:43:18.344+0800 [DEBUG] [org.gradle.internal.component.model.LoggingAttributeMatchingExplanationBuilder] Candidate org.gradle.internal.component.model.DefaultExternalComponentGraphResolveState$DefaultConfigurationGraphResolveState@385b49c2 attribute org.gradle.usage value {artifactType=org.jetbrains.kotlin.klib, org.gradle.category=library, org.gradle.usage=kotlin-api} doesn't requested value java-api
2025-03-10T17:43:18.344+0800 [DEBUG] [org.gradle.internal.component.model.LoggingAttributeMatchingExplanationBuilder] Candidate org.gradle.internal.component.model.DefaultExternalComponentGraphResolveState$DefaultConfigurationGraphResolveState@4a4d23d8 attribute org.gradle.category value {org.gradle.category=documentation} doesn't requested value library
2025-03-10T17:43:18.344+0800 [DEBUG] [org.gradle.internal.component.model.LoggingAttributeMatchingExplanationBuilder] Candidate org.gradle.internal.component.model.DefaultExternalComponentGraphResolveState$DefaultConfigurationGraphResolveState@3af8acfc attribute org.gradle.usage value {artifactType=org.jetbrains.kotlin.klib, org.gradle.category=library, org.gradle.usage=kotlin-api} doesn't requested value java-api
2025-03-10T17:43:18.344+0800 [DEBUG] [org.gradle.internal.component.model.LoggingAttributeMatchingExplanationBuilder] Candidate org.gradle.internal.component.model.DefaultExternalComponentGraphResolveState$DefaultConfigurationGraphResolveState@32c5cb05 attribute org.gradle.category value {org.gradle.category=documentation} doesn't requested value library
2025-03-10T17:43:18.344+0800 [DEBUG] [org.gradle.internal.component.model.LoggingAttributeMatchingExplanationBuilder] Candidate org.gradle.internal.component.model.DefaultExternalComponentGraphResolveState$DefaultConfigurationGraphResolveState@50b291c6 attribute org.gradle.usage value {artifactType=org.jetbrains.kotlin.klib, org.gradle.category=library, org.gradle.usage=kotlin-metadata} doesn't requested value java-api
2025-03-10T17:43:18.344+0800 [DEBUG] [org.gradle.internal.component.model.LoggingAttributeMatchingExplanationBuilder] Candidate org.gradle.internal.component.model.DefaultExternalComponentGraphResolveState$DefaultConfigurationGraphResolveState@73423beb attribute org.gradle.usage value {artifactType=org.jetbrains.kotlin.klib, org.gradle.category=library, org.gradle.usage=kotlin-api} doesn't requested value java-api
2025-03-10T17:43:18.344+0800 [DEBUG] [org.gradle.internal.component.model.LoggingAttributeMatchingExplanationBuilder] Candidate org.gradle.internal.component.model.DefaultExternalComponentGraphResolveState$DefaultConfigurationGraphResolveState@ca2e633 attribute org.gradle.category value {org.gradle.category=documentation} doesn't requested value library
2025-03-10T17:43:18.344+0800 [DEBUG] [org.gradle.internal.component.model.LoggingAttributeMatchingExplanationBuilder] Candidate org.gradle.internal.component.model.DefaultExternalComponentGraphResolveState$DefaultConfigurationGraphResolveState@10a39941 attribute org.gradle.usage value {artifactType=org.jetbrains.kotlin.klib, org.gradle.category=library, org.gradle.usage=kotlin-metadata} doesn't requested value java-api
2025-03-10T17:43:18.344+0800 [DEBUG] [org.gradle.internal.component.model.LoggingAttributeMatchingExplanationBuilder] Candidate org.gradle.internal.component.model.DefaultExternalComponentGraphResolveState$DefaultConfigurationGraphResolveState@54db1632 attribute org.gradle.usage value {artifactType=org.jetbrains.kotlin.klib, org.gradle.category=library, org.gradle.usage=kotlin-api} doesn't requested value java-api
2025-03-10T17:43:18.344+0800 [DEBUG] [org.gradle.internal.component.model.LoggingAttributeMatchingExplanationBuilder] Candidate org.gradle.internal.component.model.DefaultExternalComponentGraphResolveState$DefaultConfigurationGraphResolveState@3624f221 attribute org.gradle.category value {org.gradle.category=documentation} doesn't requested value library
2025-03-10T17:43:18.344+0800 [DEBUG] [org.gradle.internal.component.model.LoggingAttributeMatchingExplanationBuilder] Candidate org.gradle.internal.component.model.DefaultExternalComponentGraphResolveState$DefaultConfigurationGraphResolveState@2dac09a8 attribute org.gradle.usage value {artifactType=org.jetbrains.kotlin.klib, org.gradle.category=library, org.gradle.usage=kotlin-metadata} doesn't requested value java-api
2025-03-10T17:43:18.344+0800 [DEBUG] [org.gradle.internal.component.model.LoggingAttributeMatchingExplanationBuilder] Candidate org.gradle.internal.component.model.DefaultExternalComponentGraphResolveState$DefaultConfigurationGraphResolveState@2149e4cd attribute org.gradle.usage value {artifactType=org.jetbrains.kotlin.klib, org.gradle.category=library, org.gradle.usage=kotlin-api} doesn't requested value java-api
2025-03-10T17:43:18.344+0800 [DEBUG] [org.gradle.internal.component.model.LoggingAttributeMatchingExplanationBuilder] Candidate org.gradle.internal.component.model.DefaultExternalComponentGraphResolveState$DefaultConfigurationGraphResolveState@2d2f0c50 attribute org.gradle.category value {org.gradle.category=documentation} doesn't requested value library
2025-03-10T17:43:18.344+0800 [DEBUG] [org.gradle.internal.component.model.LoggingAttributeMatchingExplanationBuilder] Candidate org.gradle.internal.component.model.DefaultExternalComponentGraphResolveState$DefaultConfigurationGraphResolveState@3c0b462e attribute org.gradle.usage value {artifactType=org.jetbrains.kotlin.klib, org.gradle.category=library, org.gradle.usage=kotlin-metadata} doesn't requested value java-api
2025-03-10T17:43:18.344+0800 [DEBUG] [org.gradle.internal.component.model.LoggingAttributeMatchingExplanationBuilder] Candidate org.gradle.internal.component.model.DefaultExternalComponentGraphResolveState$DefaultConfigurationGraphResolveState@7127f94e attribute org.gradle.usage value {artifactType=org.jetbrains.kotlin.klib, org.gradle.category=library, org.gradle.usage=kotlin-api} doesn't requested value java-api
2025-03-10T17:43:18.344+0800 [DEBUG] [org.gradle.internal.component.model.LoggingAttributeMatchingExplanationBuilder] Candidate org.gradle.internal.component.model.DefaultExternalComponentGraphResolveState$DefaultConfigurationGraphResolveState@1f26142b attribute org.gradle.category value {org.gradle.category=documentation} doesn't requested value library
2025-03-10T17:43:18.344+0800 [DEBUG] [org.gradle.internal.component.model.LoggingAttributeMatchingExplanationBuilder] Candidate org.gradle.internal.component.model.DefaultExternalComponentGraphResolveState$DefaultConfigurationGraphResolveState@4a3ed613 attribute org.gradle.usage value {artifactType=org.jetbrains.kotlin.klib, org.gradle.category=library, org.gradle.usage=kotlin-metadata} doesn't requested value java-api
2025-03-10T17:43:18.344+0800 [DEBUG] [org.gradle.internal.component.model.LoggingAttributeMatchingExplanationBuilder] Candidate org.gradle.internal.component.model.DefaultExternalComponentGraphResolveState$DefaultConfigurationGraphResolveState@2ce2d34c attribute org.gradle.usage value {artifactType=org.jetbrains.kotlin.klib, org.gradle.category=library, org.gradle.usage=kotlin-api} doesn't requested value java-api
2025-03-10T17:43:18.344+0800 [DEBUG] [org.gradle.internal.component.model.LoggingAttributeMatchingExplanationBuilder] Candidate org.gradle.internal.component.model.DefaultExternalComponentGraphResolveState$DefaultConfigurationGraphResolveState@6241a217 attribute org.gradle.category value {org.gradle.category=documentation} doesn't requested value library
2025-03-10T17:43:18.344+0800 [DEBUG] [org.gradle.internal.component.model.LoggingAttributeMatchingExplanationBuilder] Candidate org.gradle.internal.component.model.DefaultExternalComponentGraphResolveState$DefaultConfigurationGraphResolveState@4de97538 attribute org.gradle.usage value {artifactType=org.jetbrains.kotlin.klib, org.gradle.category=library, org.gradle.usage=kotlin-metadata} doesn't requested value java-api
2025-03-10T17:43:18.344+0800 [DEBUG] [org.gradle.internal.component.model.LoggingAttributeMatchingExplanationBuilder] Candidate org.gradle.internal.component.model.DefaultExternalComponentGraphResolveState$DefaultConfigurationGraphResolveState@71dbacd8 attribute org.gradle.usage value {artifactType=org.jetbrains.kotlin.klib, org.gradle.category=library, org.gradle.usage=kotlin-api} doesn't requested value java-api
2025-03-10T17:43:18.344+0800 [DEBUG] [org.gradle.internal.component.model.LoggingAttributeMatchingExplanationBuilder] Candidate org.gradle.internal.component.model.DefaultExternalComponentGraphResolveState$DefaultConfigurationGraphResolveState@4b19691c attribute org.gradle.category value {org.gradle.category=documentation} doesn't requested value library
2025-03-10T17:43:18.344+0800 [DEBUG] [org.gradle.internal.component.model.LoggingAttributeMatchingExplanationBuilder] Candidate org.gradle.internal.component.model.DefaultExternalComponentGraphResolveState$DefaultConfigurationGraphResolveState@24a73b72 attribute org.gradle.usage value {artifactType=org.jetbrains.kotlin.klib, org.gradle.category=library, org.gradle.usage=kotlin-metadata} doesn't requested value java-api
2025-03-10T17:43:18.344+0800 [DEBUG] [org.gradle.internal.component.model.LoggingAttributeMatchingExplanationBuilder] Candidate org.gradle.internal.component.model.DefaultExternalComponentGraphResolveState$DefaultConfigurationGraphResolveState@2261ca6b attribute org.gradle.usage value {artifactType=org.jetbrains.kotlin.klib, org.gradle.category=library, org.gradle.usage=kotlin-api} doesn't requested value java-api
2025-03-10T17:43:18.344+0800 [DEBUG] [org.gradle.internal.component.model.LoggingAttributeMatchingExplanationBuilder] Candidate org.gradle.internal.component.model.DefaultExternalComponentGraphResolveState$DefaultConfigurationGraphResolveState@e700f93 attribute org.gradle.category value {org.gradle.category=documentation} doesn't requested value library
2025-03-10T17:43:18.344+0800 [DEBUG] [org.gradle.internal.component.model.LoggingAttributeMatchingExplanationBuilder] Candidate org.gradle.internal.component.model.DefaultExternalComponentGraphResolveState$DefaultConfigurationGraphResolveState@e21d6c8 attribute org.gradle.usage value {artifactType=org.jetbrains.kotlin.klib, org.gradle.category=library, org.gradle.usage=kotlin-metadata} doesn't requested value java-api
2025-03-10T17:43:18.344+0800 [DEBUG] [org.gradle.internal.component.model.LoggingAttributeMatchingExplanationBuilder] Candidate org.gradle.internal.component.model.DefaultExternalComponentGraphResolveState$DefaultConfigurationGraphResolveState@134000d5 attribute org.gradle.usage value {artifactType=org.jetbrains.kotlin.klib, org.gradle.category=library, org.gradle.usage=kotlin-api} doesn't requested value java-api
2025-03-10T17:43:18.344+0800 [DEBUG] [org.gradle.internal.component.model.LoggingAttributeMatchingExplanationBuilder] Candidate org.gradle.internal.component.model.DefaultExternalComponentGraphResolveState$DefaultConfigurationGraphResolveState@3fdea244 attribute org.gradle.category value {org.gradle.category=documentation} doesn't requested value library
2025-03-10T17:43:18.344+0800 [DEBUG] [org.gradle.internal.component.model.LoggingAttributeMatchingExplanationBuilder] Candidate org.gradle.internal.component.model.DefaultExternalComponentGraphResolveState$DefaultConfigurationGraphResolveState@315c2ebb attribute org.gradle.usage value {artifactType=org.jetbrains.kotlin.klib, org.gradle.category=library, org.gradle.usage=kotlin-metadata} doesn't requested value java-api
2025-03-10T17:43:18.344+0800 [DEBUG] [org.gradle.internal.component.model.DefaultAttributeMatcher] Selected matches [28] from candidates [org.gradle.internal.component.model.DefaultExternalComponentGraphResolveState$DefaultConfigurationGraphResolveState@6b4218e9, org.gradle.internal.component.model.DefaultExternalComponentGraphResolveState$DefaultConfigurationGraphResolveState@761f1857, org.gradle.internal.component.model.DefaultExternalComponentGraphResolveState$DefaultConfigurationGraphResolveState@e4eccd, org.gradle.internal.component.model.DefaultExternalComponentGraphResolveState$DefaultConfigurationGraphResolveState@b8b299d, org.gradle.internal.component.model.DefaultExternalComponentGraphResolveState$DefaultConfigurationGraphResolveState@70f5ed55, org.gradle.internal.component.model.DefaultExternalComponentGraphResolveState$DefaultConfigurationGraphResolveState@7ea69ebc, org.gradle.internal.component.model.DefaultExternalComponentGraphResolveState$DefaultConfigurationGraphResolveState@59038721, org.gradle.internal.component.model.DefaultExternalComponentGraphResolveState$DefaultConfigurationGraphResolveState@b169a5d, org.gradle.internal.component.model.DefaultExternalComponentGraphResolveState$DefaultConfigurationGraphResolveState@5456412f, org.gradle.internal.component.model.DefaultExternalComponentGraphResolveState$DefaultConfigurationGraphResolveState@1ecf7667, org.gradle.internal.component.model.DefaultExternalComponentGraphResolveState$DefaultConfigurationGraphResolveState@5b30c010, org.gradle.internal.component.model.DefaultExternalComponentGraphResolveState$DefaultConfigurationGraphResolveState@644b6d59, org.gradle.internal.component.model.DefaultExternalComponentGraphResolveState$DefaultConfigurationGraphResolveState@27207c6, org.gradle.internal.component.model.DefaultExternalComponentGraphResolveState$DefaultConfigurationGraphResolveState@676b35a1, org.gradle.internal.component.model.DefaultExternalComponentGraphResolveState$DefaultConfigurationGraphResolveState@3a06491c, org.gradle.internal.component.model.DefaultExternalComponentGraphResolveState$DefaultConfigurationGraphResolveState@518caa0, org.gradle.internal.component.model.DefaultExternalComponentGraphResolveState$DefaultConfigurationGraphResolveState@17c6b1f2, org.gradle.internal.component.model.DefaultExternalComponentGraphResolveState$DefaultConfigurationGraphResolveState@293e5896, org.gradle.internal.component.model.DefaultExternalComponentGraphResolveState$DefaultConfigurationGraphResolveState@2178aa04, org.gradle.internal.component.model.DefaultExternalComponentGraphResolveState$DefaultConfigurationGraphResolveState@62f63941, org.gradle.internal.component.model.DefaultExternalComponentGraphResolveState$DefaultConfigurationGraphResolveState@401d5dcc, org.gradle.internal.component.model.DefaultExternalComponentGraphResolveState$DefaultConfigurationGraphResolveState@1bbc57b1, org.gradle.internal.component.model.DefaultExternalComponentGraphResolveState$DefaultConfigurationGraphResolveState@7ff0e648, org.gradle.internal.component.model.DefaultExternalComponentGraphResolveState$DefaultConfigurationGraphResolveState@2c1ff4c6, org.gradle.internal.component.model.DefaultExternalComponentGraphResolveState$DefaultConfigurationGraphResolveState@6c63fb4, org.gradle.internal.component.model.DefaultExternalComponentGraphResolveState$DefaultConfigurationGraphResolveState@7fbee102, org.gradle.internal.component.model.DefaultExternalComponentGraphResolveState$DefaultConfigurationGraphResolveState@7048a1b, org.gradle.internal.component.model.DefaultExternalComponentGraphResolveState$DefaultConfigurationGraphResolveState@546ef7f9, org.gradle.internal.component.model.DefaultExternalComponentGraphResolveState$DefaultConfigurationGraphResolveState@6362495f, org.gradle.internal.component.model.DefaultExternalComponentGraphResolveState$DefaultConfigurationGraphResolveState@6b5c12c0, org.gradle.internal.component.model.DefaultExternalComponentGraphResolveState$DefaultConfigurationGraphResolveState@482b19e2, org.gradle.internal.component.model.DefaultExternalComponentGraphResolveState$DefaultConfigurationGraphResolveState@6b59fe21, org.gradle.internal.component.model.DefaultExternalComponentGraphResolveState$DefaultConfigurationGraphResolveState@1a807aa4, org.gradle.internal.component.model.DefaultExternalComponentGraphResolveState$DefaultConfigurationGraphResolveState@11c1a126, org.gradle.internal.component.model.DefaultExternalComponentGraphResolveState$DefaultConfigurationGraphResolveState@1355ef5, org.gradle.internal.component.model.DefaultExternalComponentGraphResolveState$DefaultConfigurationGraphResolveState@25b91004, org.gradle.internal.component.model.DefaultExternalComponentGraphResolveState$DefaultConfigurationGraphResolveState@3cf50b4d, org.gradle.internal.component.model.DefaultExternalComponentGraphResolveState$DefaultConfigurationGraphResolveState@20a14564, org.gradle.internal.component.model.DefaultExternalComponentGraphResolveState$DefaultConfigurationGraphResolveState@b487573, org.gradle.internal.component.model.DefaultExternalComponentGraphResolveState$DefaultConfigurationGraphResolveState@661c7d2e, org.gradle.internal.component.model.DefaultExternalComponentGraphResolveState$DefaultConfigurationGraphResolveState@72a7bdc3, org.gradle.internal.component.model.DefaultExternalComponentGraphResolveState$DefaultConfigurationGraphResolveState@58075c96, org.gradle.internal.component.model.DefaultExternalComponentGraphResolveState$DefaultConfigurationGraphResolveState@10ac5908, org.gradle.internal.component.model.DefaultExternalComponentGraphResolveState$DefaultConfigurationGraphResolveState@15dca33e, org.gradle.internal.component.model.DefaultExternalComponentGraphResolveState$DefaultConfigurationGraphResolveState@5ada5de3, org.gradle.internal.component.model.DefaultExternalComponentGraphResolveState$DefaultConfigurationGraphResolveState@385b49c2, org.gradle.internal.component.model.DefaultExternalComponentGraphResolveState$DefaultConfigurationGraphResolveState@4a4d23d8, org.gradle.internal.component.model.DefaultExternalComponentGraphResolveState$DefaultConfigurationGraphResolveState@3af8acfc, org.gradle.internal.component.model.DefaultExternalComponentGraphResolveState$DefaultConfigurationGraphResolveState@32c5cb05, org.gradle.internal.component.model.DefaultExternalComponentGraphResolveState$DefaultConfigurationGraphResolveState@50b291c6, org.gradle.internal.component.model.DefaultExternalComponentGraphResolveState$DefaultConfigurationGraphResolveState@73423beb, org.gradle.internal.component.model.DefaultExternalComponentGraphResolveState$DefaultConfigurationGraphResolveState@ca2e633, org.gradle.internal.component.model.DefaultExternalComponentGraphResolveState$DefaultConfigurationGraphResolveState@10a39941, org.gradle.internal.component.model.DefaultExternalComponentGraphResolveState$DefaultConfigurationGraphResolveState@54db1632, org.gradle.internal.component.model.DefaultExternalComponentGraphResolveState$DefaultConfigurationGraphResolveState@3624f221, org.gradle.internal.component.model.DefaultExternalComponentGraphResolveState$DefaultConfigurationGraphResolveState@2dac09a8, org.gradle.internal.component.model.DefaultExternalComponentGraphResolveState$DefaultConfigurationGraphResolveState@2149e4cd, org.gradle.internal.component.model.DefaultExternalComponentGraphResolveState$DefaultConfigurationGraphResolveState@2d2f0c50, org.gradle.internal.component.model.DefaultExternalComponentGraphResolveState$DefaultConfigurationGraphResolveState@3c0b462e, org.gradle.internal.component.model.DefaultExternalComponentGraphResolveState$DefaultConfigurationGraphResolveState@7127f94e, org.gradle.internal.component.model.DefaultExternalComponentGraphResolveState$DefaultConfigurationGraphResolveState@1f26142b, org.gradle.internal.component.model.DefaultExternalComponentGraphResolveState$DefaultConfigurationGraphResolveState@4a3ed613, org.gradle.internal.component.model.DefaultExternalComponentGraphResolveState$DefaultConfigurationGraphResolveState@2ce2d34c, org.gradle.internal.component.model.DefaultExternalComponentGraphResolveState$DefaultConfigurationGraphResolveState@6241a217, org.gradle.internal.component.model.DefaultExternalComponentGraphResolveState$DefaultConfigurationGraphResolveState@4de97538, org.gradle.internal.component.model.DefaultExternalComponentGraphResolveState$DefaultConfigurationGraphResolveState@71dbacd8, org.gradle.internal.component.model.DefaultExternalComponentGraphResolveState$DefaultConfigurationGraphResolveState@4b19691c, org.gradle.internal.component.model.DefaultExternalComponentGraphResolveState$DefaultConfigurationGraphResolveState@24a73b72, org.gradle.internal.component.model.DefaultExternalComponentGraphResolveState$DefaultConfigurationGraphResolveState@2261ca6b, org.gradle.internal.component.model.DefaultExternalComponentGraphResolveState$DefaultConfigurationGraphResolveState@e700f93, org.gradle.internal.component.model.DefaultExternalComponentGraphResolveState$DefaultConfigurationGraphResolveState@e21d6c8, org.gradle.internal.component.model.DefaultExternalComponentGraphResolveState$DefaultConfigurationGraphResolveState@134000d5, org.gradle.internal.component.model.DefaultExternalComponentGraphResolveState$DefaultConfigurationGraphResolveState@3fdea244, org.gradle.internal.component.model.DefaultExternalComponentGraphResolveState$DefaultConfigurationGraphResolveState@315c2ebb] for {org.gradle.category=library, org.gradle.dependency.bundling=external, org.gradle.jvm.environment=standard-jvm, org.gradle.jvm.version=11, org.gradle.libraryelements=classes, org.gradle.usage=java-api, org.jetbrains.kotlin.platform.type=jvm}
2025-03-10T17:43:18.344+0800 [DEBUG] [org.gradle.api.internal.artifacts.ivyservice.resolveengine.graph.builder.DependencyGraphBuilder] Visiting configuration io.ktor:ktor-bom:2.3.6(apiElements).
2025-03-10T17:43:18.345+0800 [DEBUG] [org.gradle.api.internal.artifacts.ivyservice.ivyresolve.RepositoryChainComponentMetaDataResolver] Attempting to resolve component for io.ktor:ktor-serialization-kotlinx:2.3.6 using repositories [MavenRepo]
2025-03-10T17:43:18.345+0800 [DEBUG] [org.gradle.api.internal.artifacts.ivyservice.ivyresolve.CachingModuleComponentRepository] Using cached module metadata for module 'io.ktor:ktor-serialization-kotlinx:2.3.6' in 'MavenRepo'
2025-03-10T17:43:18.345+0800 [DEBUG] [org.gradle.api.internal.artifacts.ivyservice.ivyresolve.RepositoryChainComponentMetaDataResolver] Using io.ktor:ktor-serialization-kotlinx:2.3.6 from Maven repository 'MavenRepo'
2025-03-10T17:43:18.345+0800 [DEBUG] [org.gradle.api.internal.artifacts.ivyservice.resolveengine.graph.builder.DependencyGraphBuilder] Visiting configuration io.ktor:ktor-server-cors-jvm:2.3.6(jvmApiElements-published).
2025-03-10T17:43:18.345+0800 [DEBUG] [org.gradle.api.internal.artifacts.ivyservice.resolveengine.graph.builder.DependencyGraphBuilder] Visiting configuration io.ktor:ktor-server-auth-jvm:2.3.6(jvmApiElements-published).
2025-03-10T17:43:18.345+0800 [DEBUG] [org.gradle.api.internal.artifacts.ivyservice.resolveengine.graph.builder.DependencyGraphBuilder] Visiting configuration io.ktor:ktor-bom:2.3.6(apiElements).
2025-03-10T17:43:18.345+0800 [DEBUG] [org.gradle.api.internal.artifacts.ivyservice.ivyresolve.RepositoryChainComponentMetaDataResolver] Attempting to resolve component for io.ktor:ktor-client-core:2.3.6 using repositories [MavenRepo]
2025-03-10T17:43:18.345+0800 [DEBUG] [org.gradle.api.internal.artifacts.ivyservice.ivyresolve.CachingModuleComponentRepository] Using cached module metadata for module 'io.ktor:ktor-client-core:2.3.6' in 'MavenRepo'
2025-03-10T17:43:18.345+0800 [DEBUG] [org.gradle.api.internal.artifacts.ivyservice.ivyresolve.RepositoryChainComponentMetaDataResolver] Using io.ktor:ktor-client-core:2.3.6 from Maven repository 'MavenRepo'
2025-03-10T17:43:18.345+0800 [DEBUG] [org.gradle.api.internal.artifacts.ivyservice.ivyresolve.RepositoryChainComponentMetaDataResolver] Attempting to resolve component for io.ktor:ktor-server-sessions:2.3.6 using repositories [MavenRepo]
2025-03-10T17:43:18.345+0800 [DEBUG] [org.gradle.api.internal.artifacts.ivyservice.ivyresolve.CachingModuleComponentRepository] Using cached module metadata for module 'io.ktor:ktor-server-sessions:2.3.6' in 'MavenRepo'
2025-03-10T17:43:18.345+0800 [DEBUG] [org.gradle.api.internal.artifacts.ivyservice.ivyresolve.RepositoryChainComponentMetaDataResolver] Using io.ktor:ktor-server-sessions:2.3.6 from Maven repository 'MavenRepo'
2025-03-10T17:43:18.345+0800 [DEBUG] [org.gradle.api.internal.artifacts.ivyservice.resolveengine.graph.builder.DependencyGraphBuilder] Visiting configuration org.jetbrains.kotlin:kotlin-stdlib:2.1.10(jvmApiElements).
2025-03-10T17:43:18.345+0800 [DEBUG] [org.gradle.api.internal.artifacts.ivyservice.ivyresolve.RepositoryChainComponentMetaDataResolver] Attempting to resolve component for org.jetbrains.kotlin:kotlin-stdlib-common:2.1.10 using repositories [MavenRepo]
2025-03-10T17:43:18.345+0800 [DEBUG] [org.gradle.api.internal.artifacts.ivyservice.ivyresolve.CachingModuleComponentRepository] Using cached module metadata for module 'org.jetbrains.kotlin:kotlin-stdlib-common:2.1.10' in 'MavenRepo'
2025-03-10T17:43:18.345+0800 [DEBUG] [org.gradle.api.internal.artifacts.ivyservice.ivyresolve.RepositoryChainComponentMetaDataResolver] Using org.jetbrains.kotlin:kotlin-stdlib-common:2.1.10 from Maven repository 'MavenRepo'
2025-03-10T17:43:18.345+0800 [DEBUG] [org.gradle.internal.component.model.LoggingAttributeMatchingExplanationBuilder] Selected match org.gradle.internal.component.model.DefaultExternalComponentGraphResolveState$DefaultConfigurationGraphResolveState@38a17ebd from candidates [org.gradle.internal.component.model.DefaultExternalComponentGraphResolveState$DefaultConfigurationGraphResolveState@38a17ebd] for {org.gradle.category=library, org.gradle.dependency.bundling=external, org.gradle.jvm.environment=standard-jvm, org.gradle.jvm.version=11, org.gradle.libraryelements=classes, org.gradle.usage=java-api, org.jetbrains.kotlin.platform.type=jvm}
2025-03-10T17:43:18.345+0800 [DEBUG] [org.gradle.internal.component.model.LoggingAttributeMatchingExplanationBuilder] Selected match org.gradle.internal.component.model.DefaultExternalComponentGraphResolveState$DefaultConfigurationGraphResolveState@38a17ebd from candidates [org.gradle.internal.component.model.DefaultExternalComponentGraphResolveState$DefaultConfigurationGraphResolveState@38a17ebd] for {org.gradle.category=library, org.gradle.dependency.bundling=external, org.gradle.jvm.environment=standard-jvm, org.gradle.jvm.version=11, org.gradle.libraryelements=classes, org.gradle.usage=java-api, org.jetbrains.kotlin.platform.type=jvm}
2025-03-10T17:43:18.345+0800 [DEBUG] [org.gradle.internal.component.model.LoggingAttributeMatchingExplanationBuilder] Selected match org.gradle.internal.component.model.DefaultExternalComponentGraphResolveState$DefaultConfigurationGraphResolveState@38a17ebd from candidates [org.gradle.internal.component.model.DefaultExternalComponentGraphResolveState$DefaultConfigurationGraphResolveState@38a17ebd] for {org.gradle.category=library, org.gradle.dependency.bundling=external, org.gradle.jvm.environment=standard-jvm, org.gradle.jvm.version=11, org.gradle.libraryelements=classes, org.gradle.usage=java-api, org.jetbrains.kotlin.platform.type=jvm}
2025-03-10T17:43:18.345+0800 [DEBUG] [org.gradle.internal.component.model.LoggingAttributeMatchingExplanationBuilder] Selected match org.gradle.internal.component.model.DefaultExternalComponentGraphResolveState$DefaultConfigurationGraphResolveState@38a17ebd from candidates [org.gradle.internal.component.model.DefaultExternalComponentGraphResolveState$DefaultConfigurationGraphResolveState@38a17ebd] for {org.gradle.category=library, org.gradle.dependency.bundling=external, org.gradle.jvm.environment=standard-jvm, org.gradle.jvm.version=11, org.gradle.libraryelements=classes, org.gradle.usage=java-api, org.jetbrains.kotlin.platform.type=jvm}
2025-03-10T17:43:18.345+0800 [DEBUG] [org.gradle.internal.component.model.LoggingAttributeMatchingExplanationBuilder] Selected match org.gradle.internal.component.model.DefaultExternalComponentGraphResolveState$DefaultConfigurationGraphResolveState@38a17ebd from candidates [org.gradle.internal.component.model.DefaultExternalComponentGraphResolveState$DefaultConfigurationGraphResolveState@38a17ebd] for {org.gradle.category=library, org.gradle.dependency.bundling=external, org.gradle.jvm.environment=standard-jvm, org.gradle.jvm.version=11, org.gradle.libraryelements=classes, org.gradle.usage=java-api, org.jetbrains.kotlin.platform.type=jvm}
2025-03-10T17:43:18.345+0800 [DEBUG] [org.gradle.internal.component.model.LoggingAttributeMatchingExplanationBuilder] Selected match org.gradle.internal.component.model.DefaultExternalComponentGraphResolveState$DefaultConfigurationGraphResolveState@38a17ebd from candidates [org.gradle.internal.component.model.DefaultExternalComponentGraphResolveState$DefaultConfigurationGraphResolveState@38a17ebd] for {org.gradle.category=library, org.gradle.dependency.bundling=external, org.gradle.jvm.environment=standard-jvm, org.gradle.jvm.version=11, org.gradle.libraryelements=classes, org.gradle.usage=java-api, org.jetbrains.kotlin.platform.type=jvm}
2025-03-10T17:43:18.345+0800 [DEBUG] [org.gradle.internal.component.model.LoggingAttributeMatchingExplanationBuilder] Selected match org.gradle.internal.component.model.DefaultExternalComponentGraphResolveState$DefaultConfigurationGraphResolveState@38a17ebd from candidates [org.gradle.internal.component.model.DefaultExternalComponentGraphResolveState$DefaultConfigurationGraphResolveState@38a17ebd] for {org.gradle.category=library, org.gradle.dependency.bundling=external, org.gradle.jvm.environment=standard-jvm, org.gradle.jvm.version=11, org.gradle.libraryelements=classes, org.gradle.usage=java-api, org.jetbrains.kotlin.platform.type=jvm}
2025-03-10T17:43:18.345+0800 [DEBUG] [org.gradle.api.internal.artifacts.ivyservice.resolveengine.graph.builder.DependencyGraphBuilder] Visiting configuration org.jetbrains.kotlin:kotlin-reflect:1.7.21(compile).
2025-03-10T17:43:18.345+0800 [DEBUG] [org.gradle.api.internal.artifacts.ivyservice.resolveengine.graph.builder.NodeState] version for org.jetbrains.kotlin:kotlin-reflect:1.7.21(compile) is not selected. ignoring.
2025-03-10T17:43:18.345+0800 [DEBUG] [org.gradle.api.internal.artifacts.ivyservice.resolveengine.graph.builder.DependencyGraphBuilder] Visiting configuration org.jetbrains.kotlinx:kotlinx-coroutines-core:1.6.4(jvmApiElements-published).
2025-03-10T17:43:18.345+0800 [DEBUG] [org.gradle.api.internal.artifacts.ivyservice.resolveengine.graph.builder.NodeState] version for org.jetbrains.kotlinx:kotlinx-coroutines-core:1.6.4(jvmApiElements-published) is not selected. ignoring.
2025-03-10T17:43:18.345+0800 [DEBUG] [org.gradle.api.internal.artifacts.ivyservice.resolveengine.graph.builder.DependencyGraphBuilder] Visiting configuration org.slf4j:slf4j-api:1.7.25(compile).
2025-03-10T17:43:18.345+0800 [DEBUG] [org.gradle.api.internal.artifacts.ivyservice.resolveengine.graph.builder.NodeState] version for org.slf4j:slf4j-api:1.7.25(compile) is not selected. ignoring.
2025-03-10T17:43:18.345+0800 [DEBUG] [org.gradle.api.internal.artifacts.ivyservice.resolveengine.graph.builder.DependencyGraphBuilder] Visiting configuration org.jetbrains.exposed:exposed-core:0.41.1(apiElements).
2025-03-10T17:43:18.345+0800 [DEBUG] [org.gradle.api.internal.artifacts.ivyservice.resolveengine.graph.builder.NodeState] Changed edges for org.jetbrains.exposed:exposed-core:0.41.1(apiElements) selects same versions as previous traversal. ignoring
2025-03-10T17:43:18.345+0800 [DEBUG] [org.gradle.api.internal.artifacts.ivyservice.resolveengine.graph.builder.DependencyGraphBuilder] Visiting configuration org.jetbrains.kotlin:kotlin-stdlib-jdk8:1.7.21(compile).
2025-03-10T17:43:18.345+0800 [DEBUG] [org.gradle.api.internal.artifacts.ivyservice.resolveengine.graph.builder.NodeState] version for org.jetbrains.kotlin:kotlin-stdlib-jdk8:1.7.21(compile) is not selected. ignoring.
2025-03-10T17:43:18.345+0800 [DEBUG] [org.gradle.api.internal.artifacts.ivyservice.resolveengine.graph.builder.DependencyGraphBuilder] Visiting configuration org.slf4j:slf4j-api:1.7.30(compile).
2025-03-10T17:43:18.346+0800 [DEBUG] [org.gradle.api.internal.artifacts.ivyservice.resolveengine.graph.builder.NodeState] version for org.slf4j:slf4j-api:1.7.30(compile) is not selected. ignoring.
2025-03-10T17:43:18.346+0800 [DEBUG] [org.gradle.api.internal.artifacts.ivyservice.resolveengine.graph.builder.DependencyGraphBuilder] Visiting configuration org.slf4j:slf4j-api:2.0.7(compile).
2025-03-10T17:43:18.346+0800 [DEBUG] [org.gradle.api.internal.artifacts.ivyservice.resolveengine.graph.builder.DependencyGraphBuilder] Visiting configuration ch.qos.logback:logback-core:1.4.11(compile).
2025-03-10T17:43:18.346+0800 [DEBUG] [org.gradle.api.internal.artifacts.ivyservice.resolveengine.graph.builder.DependencyGraphBuilder] Visiting configuration org.jetbrains.kotlin:kotlin-stdlib-jdk8:1.8.22(compile).
2025-03-10T17:43:18.346+0800 [DEBUG] [org.gradle.api.internal.artifacts.ivyservice.resolveengine.graph.builder.DependencyGraphBuilder] Visiting configuration org.jetbrains.kotlinx:kotlinx-coroutines-core:1.7.1(jvmApiElements-published).
2025-03-10T17:43:18.346+0800 [DEBUG] [org.gradle.api.internal.artifacts.ivyservice.ivyresolve.RepositoryChainComponentMetaDataResolver] Attempting to resolve component for org.jetbrains.kotlinx:kotlinx-coroutines-core-jvm:1.7.1 using repositories [MavenRepo]
2025-03-10T17:43:18.346+0800 [DEBUG] [org.gradle.api.internal.artifacts.ivyservice.ivyresolve.CachingModuleComponentRepository] Using cached module metadata for module 'org.jetbrains.kotlinx:kotlinx-coroutines-core-jvm:1.7.1' in 'MavenRepo'
2025-03-10T17:43:18.346+0800 [DEBUG] [org.gradle.api.internal.artifacts.ivyservice.ivyresolve.RepositoryChainComponentMetaDataResolver] Using org.jetbrains.kotlinx:kotlinx-coroutines-core-jvm:1.7.1 from Maven repository 'MavenRepo'
2025-03-10T17:43:18.346+0800 [DEBUG] [org.gradle.api.internal.artifacts.ivyservice.resolveengine.graph.builder.DependencyGraphBuilder] Visiting configuration org.jetbrains.kotlin:kotlin-reflect:1.8.22(compile).
2025-03-10T17:43:18.346+0800 [DEBUG] [org.gradle.api.internal.artifacts.ivyservice.resolveengine.graph.builder.DependencyGraphBuilder] Visiting configuration org.jetbrains.kotlinx:kotlinx-coroutines-jdk8:1.7.1(apiElements).
2025-03-10T17:43:18.346+0800 [DEBUG] [org.gradle.api.internal.artifacts.ivyservice.resolveengine.excludes.factories.LoggingExcludeFactory] {"operation": { "name": "anyOf", "operands": [{"exclude module" : "kotlin-stdlib-jvm"}, {"exclude module" : "kotlin-stdlib-jdk8"}, {"exclude module" : "kotlin-stdlib-jdk7"}, {"exclude module" : "kotlin-stdlib"}], "result": { "module names" : ["kotlin-stdlib-jvm", "kotlin-stdlib-jdk8", "kotlin-stdlib-jdk7", "kotlin-stdlib"]} } }
2025-03-10T17:43:18.346+0800 [DEBUG] [org.gradle.api.internal.artifacts.ivyservice.resolveengine.graph.builder.NodeState] org.jetbrains.kotlin:kotlin-stdlib-jdk8 is excluded from org.jetbrains.kotlinx:kotlinx-coroutines-jdk8:1.7.1(apiElements) by { "module names" : ["kotlin-stdlib-jvm", "kotlin-stdlib-jdk8", "kotlin-stdlib-jdk7", "kotlin-stdlib"]}.
2025-03-10T17:43:18.346+0800 [DEBUG] [org.gradle.api.internal.artifacts.ivyservice.ivyresolve.RepositoryChainComponentMetaDataResolver] Attempting to resolve component for org.jetbrains.kotlinx:kotlinx-coroutines-bom:1.7.1 using repositories [MavenRepo]
2025-03-10T17:43:18.346+0800 [DEBUG] [org.gradle.api.internal.artifacts.ivyservice.ivyresolve.CachingModuleComponentRepository] Using cached module metadata for module 'org.jetbrains.kotlinx:kotlinx-coroutines-bom:1.7.1' in 'MavenRepo'
2025-03-10T17:43:18.346+0800 [DEBUG] [org.gradle.api.internal.artifacts.ivyservice.ivyresolve.RepositoryChainComponentMetaDataResolver] Using org.jetbrains.kotlinx:kotlinx-coroutines-bom:1.7.1 from Maven repository 'MavenRepo'
2025-03-10T17:43:18.346+0800 [DEBUG] [org.gradle.internal.component.model.LoggingAttributeMatchingExplanationBuilder] Candidate org.gradle.internal.component.model.DefaultExternalComponentGraphResolveState$DefaultConfigurationGraphResolveState@2003dbff attribute org.gradle.category value {org.gradle.category=library, org.gradle.libraryelements=jar, org.gradle.status=release, org.gradle.usage=java-api} doesn't requested value platform
2025-03-10T17:43:18.346+0800 [DEBUG] [org.gradle.internal.component.model.LoggingAttributeMatchingExplanationBuilder] Candidate org.gradle.internal.component.model.DefaultExternalComponentGraphResolveState$DefaultConfigurationGraphResolveState@6d3d081c attribute org.gradle.category value {org.gradle.category=library, org.gradle.libraryelements=jar, org.gradle.status=release, org.gradle.usage=java-runtime} doesn't requested value platform
2025-03-10T17:43:18.346+0800 [DEBUG] [org.gradle.internal.component.model.LoggingAttributeMatchingExplanationBuilder] Candidate org.gradle.internal.component.model.DefaultExternalComponentGraphResolveState$DefaultConfigurationGraphResolveState@4e3898f attribute org.gradle.category value {org.gradle.category=documentation, org.gradle.status=release} doesn't requested value platform
2025-03-10T17:43:18.346+0800 [DEBUG] [org.gradle.internal.component.model.LoggingAttributeMatchingExplanationBuilder] Candidate org.gradle.internal.component.model.DefaultExternalComponentGraphResolveState$DefaultConfigurationGraphResolveState@458ab149 attribute org.gradle.category value {org.gradle.category=documentation, org.gradle.status=release} doesn't requested value platform
2025-03-10T17:43:18.346+0800 [DEBUG] [org.gradle.internal.component.model.LoggingAttributeMatchingExplanationBuilder] Candidate org.gradle.internal.component.model.DefaultExternalComponentGraphResolveState$DefaultConfigurationGraphResolveState@7b685624 doesn't have attribute org.gradle.dependency.bundling
2025-03-10T17:43:18.346+0800 [DEBUG] [org.gradle.internal.component.model.LoggingAttributeMatchingExplanationBuilder] Candidate org.gradle.internal.component.model.DefaultExternalComponentGraphResolveState$DefaultConfigurationGraphResolveState@7b685624 doesn't have attribute org.gradle.jvm.environment
2025-03-10T17:43:18.346+0800 [DEBUG] [org.gradle.internal.component.model.LoggingAttributeMatchingExplanationBuilder] Candidate org.gradle.internal.component.model.DefaultExternalComponentGraphResolveState$DefaultConfigurationGraphResolveState@7b685624 doesn't have attribute org.jetbrains.kotlin.platform.type
2025-03-10T17:43:18.346+0800 [DEBUG] [org.gradle.internal.component.model.LoggingAttributeMatchingExplanationBuilder] Candidate org.gradle.internal.component.model.DefaultExternalComponentGraphResolveState$DefaultConfigurationGraphResolveState@7b685624 doesn't have attribute org.gradle.libraryelements
2025-03-10T17:43:18.346+0800 [DEBUG] [org.gradle.internal.component.model.LoggingAttributeMatchingExplanationBuilder] Candidate org.gradle.internal.component.model.DefaultExternalComponentGraphResolveState$DefaultConfigurationGraphResolveState@7b685624 doesn't have attribute org.gradle.jvm.version
2025-03-10T17:43:18.346+0800 [DEBUG] [org.gradle.internal.component.model.LoggingAttributeMatchingExplanationBuilder] Candidate org.gradle.internal.component.model.DefaultExternalComponentGraphResolveState$DefaultConfigurationGraphResolveState@7e10dcbd doesn't have attribute org.gradle.dependency.bundling
2025-03-10T17:43:18.346+0800 [DEBUG] [org.gradle.internal.component.model.LoggingAttributeMatchingExplanationBuilder] Candidate org.gradle.internal.component.model.DefaultExternalComponentGraphResolveState$DefaultConfigurationGraphResolveState@7e10dcbd doesn't have attribute org.gradle.jvm.environment
2025-03-10T17:43:18.346+0800 [DEBUG] [org.gradle.internal.component.model.LoggingAttributeMatchingExplanationBuilder] Candidate org.gradle.internal.component.model.DefaultExternalComponentGraphResolveState$DefaultConfigurationGraphResolveState@7e10dcbd doesn't have attribute org.jetbrains.kotlin.platform.type
2025-03-10T17:43:18.346+0800 [DEBUG] [org.gradle.internal.component.model.LoggingAttributeMatchingExplanationBuilder] Candidate org.gradle.internal.component.model.DefaultExternalComponentGraphResolveState$DefaultConfigurationGraphResolveState@7e10dcbd doesn't have attribute org.gradle.libraryelements
2025-03-10T17:43:18.346+0800 [DEBUG] [org.gradle.internal.component.model.LoggingAttributeMatchingExplanationBuilder] Candidate org.gradle.internal.component.model.DefaultExternalComponentGraphResolveState$DefaultConfigurationGraphResolveState@7e10dcbd doesn't have attribute org.gradle.jvm.version
2025-03-10T17:43:18.346+0800 [DEBUG] [org.gradle.internal.component.model.LoggingAttributeMatchingExplanationBuilder] Candidate org.gradle.internal.component.model.DefaultExternalComponentGraphResolveState$DefaultConfigurationGraphResolveState@66a79d01 attribute org.gradle.category value {org.gradle.category=enforced-platform, org.gradle.status=release, org.gradle.usage=java-api} doesn't requested value platform
2025-03-10T17:43:18.346+0800 [DEBUG] [org.gradle.internal.component.model.LoggingAttributeMatchingExplanationBuilder] Candidate org.gradle.internal.component.model.DefaultExternalComponentGraphResolveState$DefaultConfigurationGraphResolveState@76377865 attribute org.gradle.category value {org.gradle.category=enforced-platform, org.gradle.status=release, org.gradle.usage=java-runtime} doesn't requested value platform
2025-03-10T17:43:18.346+0800 [DEBUG] [org.gradle.internal.component.model.DefaultAttributeMatcher] Selected matches [4] from candidates [org.gradle.internal.component.model.DefaultExternalComponentGraphResolveState$DefaultConfigurationGraphResolveState@2003dbff, org.gradle.internal.component.model.DefaultExternalComponentGraphResolveState$DefaultConfigurationGraphResolveState@6d3d081c, org.gradle.internal.component.model.DefaultExternalComponentGraphResolveState$DefaultConfigurationGraphResolveState@4e3898f, org.gradle.internal.component.model.DefaultExternalComponentGraphResolveState$DefaultConfigurationGraphResolveState@458ab149, org.gradle.internal.component.model.DefaultExternalComponentGraphResolveState$DefaultConfigurationGraphResolveState@7b685624, org.gradle.internal.component.model.DefaultExternalComponentGraphResolveState$DefaultConfigurationGraphResolveState@7e10dcbd, org.gradle.internal.component.model.DefaultExternalComponentGraphResolveState$DefaultConfigurationGraphResolveState@66a79d01, org.gradle.internal.component.model.DefaultExternalComponentGraphResolveState$DefaultConfigurationGraphResolveState@76377865] for {org.gradle.category=platform, org.gradle.dependency.bundling=external, org.gradle.jvm.environment=standard-jvm, org.gradle.jvm.version=11, org.gradle.libraryelements=classes, org.gradle.usage=java-api, org.jetbrains.kotlin.platform.type=jvm}
2025-03-10T17:43:18.346+0800 [DEBUG] [org.gradle.api.internal.artifacts.ivyservice.resolveengine.graph.builder.DependencyGraphBuilder] Visiting configuration com.typesafe:config:1.4.2(compile).
2025-03-10T17:43:18.346+0800 [DEBUG] [org.gradle.api.internal.artifacts.ivyservice.resolveengine.graph.builder.DependencyGraphBuilder] Visiting configuration io.ktor:ktor-utils:2.3.6(jvmApiElements-published).
2025-03-10T17:43:18.347+0800 [DEBUG] [org.gradle.api.internal.artifacts.ivyservice.resolveengine.graph.builder.DependencyGraphBuilder] Visiting configuration io.ktor:ktor-bom:2.3.6(apiElements).
2025-03-10T17:43:18.347+0800 [DEBUG] [org.gradle.api.internal.artifacts.ivyservice.ivyresolve.RepositoryChainComponentMetaDataResolver] Attempting to resolve component for io.ktor:ktor-utils-jvm:2.3.6 using repositories [MavenRepo]
2025-03-10T17:43:18.347+0800 [DEBUG] [org.gradle.api.internal.artifacts.ivyservice.ivyresolve.CachingModuleComponentRepository] Using cached module metadata for module 'io.ktor:ktor-utils-jvm:2.3.6' in 'MavenRepo'
2025-03-10T17:43:18.347+0800 [DEBUG] [org.gradle.api.internal.artifacts.ivyservice.ivyresolve.RepositoryChainComponentMetaDataResolver] Using io.ktor:ktor-utils-jvm:2.3.6 from Maven repository 'MavenRepo'
2025-03-10T17:43:18.347+0800 [DEBUG] [org.gradle.api.internal.artifacts.ivyservice.resolveengine.graph.builder.DependencyGraphBuilder] Visiting configuration io.ktor:ktor-http:2.3.6(jvmApiElements-published).
2025-03-10T17:43:18.347+0800 [DEBUG] [org.gradle.api.internal.artifacts.ivyservice.resolveengine.graph.builder.DependencyGraphBuilder] Visiting configuration io.ktor:ktor-bom:2.3.6(apiElements).
2025-03-10T17:43:18.347+0800 [DEBUG] [org.gradle.api.internal.artifacts.ivyservice.ivyresolve.RepositoryChainComponentMetaDataResolver] Attempting to resolve component for io.ktor:ktor-http-jvm:2.3.6 using repositories [MavenRepo]
2025-03-10T17:43:18.347+0800 [DEBUG] [org.gradle.api.internal.artifacts.ivyservice.ivyresolve.CachingModuleComponentRepository] Using cached module metadata for module 'io.ktor:ktor-http-jvm:2.3.6' in 'MavenRepo'
2025-03-10T17:43:18.347+0800 [DEBUG] [org.gradle.api.internal.artifacts.ivyservice.ivyresolve.RepositoryChainComponentMetaDataResolver] Using io.ktor:ktor-http-jvm:2.3.6 from Maven repository 'MavenRepo'
2025-03-10T17:43:18.347+0800 [DEBUG] [org.gradle.api.internal.artifacts.ivyservice.resolveengine.graph.builder.DependencyGraphBuilder] Visiting configuration io.ktor:ktor-serialization:2.3.6(jvmApiElements-published).
2025-03-10T17:43:18.347+0800 [DEBUG] [org.gradle.api.internal.artifacts.ivyservice.resolveengine.graph.builder.DependencyGraphBuilder] Visiting configuration io.ktor:ktor-bom:2.3.6(apiElements).
2025-03-10T17:43:18.347+0800 [DEBUG] [org.gradle.api.internal.artifacts.ivyservice.ivyresolve.RepositoryChainComponentMetaDataResolver] Attempting to resolve component for io.ktor:ktor-serialization-jvm:2.3.6 using repositories [MavenRepo]
2025-03-10T17:43:18.347+0800 [DEBUG] [org.gradle.api.internal.artifacts.ivyservice.ivyresolve.CachingModuleComponentRepository] Using cached module metadata for module 'io.ktor:ktor-serialization-jvm:2.3.6' in 'MavenRepo'
2025-03-10T17:43:18.347+0800 [DEBUG] [org.gradle.api.internal.artifacts.ivyservice.ivyresolve.RepositoryChainComponentMetaDataResolver] Using io.ktor:ktor-serialization-jvm:2.3.6 from Maven repository 'MavenRepo'
2025-03-10T17:43:18.347+0800 [DEBUG] [org.gradle.api.internal.artifacts.ivyservice.resolveengine.graph.builder.DependencyGraphBuilder] Visiting configuration io.ktor:ktor-events:2.3.6(jvmApiElements-published).
2025-03-10T17:43:18.347+0800 [DEBUG] [org.gradle.api.internal.artifacts.ivyservice.resolveengine.graph.builder.DependencyGraphBuilder] Visiting configuration io.ktor:ktor-bom:2.3.6(apiElements).
2025-03-10T17:43:18.347+0800 [DEBUG] [org.gradle.api.internal.artifacts.ivyservice.ivyresolve.RepositoryChainComponentMetaDataResolver] Attempting to resolve component for io.ktor:ktor-events-jvm:2.3.6 using repositories [MavenRepo]
2025-03-10T17:43:18.347+0800 [DEBUG] [org.gradle.api.internal.artifacts.ivyservice.ivyresolve.CachingModuleComponentRepository] Using cached module metadata for module 'io.ktor:ktor-events-jvm:2.3.6' in 'MavenRepo'
2025-03-10T17:43:18.347+0800 [DEBUG] [org.gradle.api.internal.artifacts.ivyservice.ivyresolve.RepositoryChainComponentMetaDataResolver] Using io.ktor:ktor-events-jvm:2.3.6 from Maven repository 'MavenRepo'
2025-03-10T17:43:18.347+0800 [DEBUG] [org.gradle.api.internal.artifacts.ivyservice.resolveengine.graph.builder.DependencyGraphBuilder] Visiting configuration org.jetbrains.kotlin:kotlin-stdlib-jdk7:1.8.22(compile).
2025-03-10T17:43:18.347+0800 [DEBUG] [org.gradle.api.internal.artifacts.ivyservice.resolveengine.graph.builder.DependencyGraphBuilder] Visiting configuration io.netty:netty-codec-http2:4.1.97.Final(compile).
2025-03-10T17:43:18.347+0800 [DEBUG] [org.gradle.api.internal.artifacts.ivyservice.ivyresolve.RepositoryChainComponentMetaDataResolver] Attempting to resolve component for io.netty:netty-common:4.1.97.Final using repositories [MavenRepo]
2025-03-10T17:43:18.347+0800 [DEBUG] [org.gradle.api.internal.artifacts.ivyservice.ivyresolve.CachingModuleComponentRepository] Using cached module metadata for module 'io.netty:netty-common:4.1.97.Final' in 'MavenRepo'
2025-03-10T17:43:18.347+0800 [DEBUG] [org.gradle.api.internal.artifacts.ivyservice.ivyresolve.RepositoryChainComponentMetaDataResolver] Using io.netty:netty-common:4.1.97.Final from Maven repository 'MavenRepo'
2025-03-10T17:43:18.347+0800 [DEBUG] [org.gradle.api.internal.artifacts.ivyservice.ivyresolve.RepositoryChainComponentMetaDataResolver] Attempting to resolve component for io.netty:netty-buffer:4.1.97.Final using repositories [MavenRepo]
2025-03-10T17:43:18.348+0800 [DEBUG] [org.gradle.api.internal.artifacts.ivyservice.ivyresolve.CachingModuleComponentRepository] Using cached module metadata for module 'io.netty:netty-buffer:4.1.97.Final' in 'MavenRepo'
2025-03-10T17:43:18.348+0800 [DEBUG] [org.gradle.api.internal.artifacts.ivyservice.ivyresolve.RepositoryChainComponentMetaDataResolver] Using io.netty:netty-buffer:4.1.97.Final from Maven repository 'MavenRepo'
2025-03-10T17:43:18.348+0800 [DEBUG] [org.gradle.api.internal.artifacts.ivyservice.ivyresolve.RepositoryChainComponentMetaDataResolver] Attempting to resolve component for io.netty:netty-transport:4.1.97.Final using repositories [MavenRepo]
2025-03-10T17:43:18.348+0800 [DEBUG] [org.gradle.api.internal.artifacts.ivyservice.ivyresolve.CachingModuleComponentRepository] Using cached module metadata for module 'io.netty:netty-transport:4.1.97.Final' in 'MavenRepo'
2025-03-10T17:43:18.348+0800 [DEBUG] [org.gradle.api.internal.artifacts.ivyservice.ivyresolve.RepositoryChainComponentMetaDataResolver] Using io.netty:netty-transport:4.1.97.Final from Maven repository 'MavenRepo'
2025-03-10T17:43:18.348+0800 [DEBUG] [org.gradle.api.internal.artifacts.ivyservice.ivyresolve.RepositoryChainComponentMetaDataResolver] Attempting to resolve component for io.netty:netty-codec:4.1.97.Final using repositories [MavenRepo]
2025-03-10T17:43:18.348+0800 [DEBUG] [org.gradle.api.internal.artifacts.ivyservice.ivyresolve.CachingModuleComponentRepository] Using cached module metadata for module 'io.netty:netty-codec:4.1.97.Final' in 'MavenRepo'
2025-03-10T17:43:18.348+0800 [DEBUG] [org.gradle.api.internal.artifacts.ivyservice.ivyresolve.RepositoryChainComponentMetaDataResolver] Using io.netty:netty-codec:4.1.97.Final from Maven repository 'MavenRepo'
2025-03-10T17:43:18.348+0800 [DEBUG] [org.gradle.api.internal.artifacts.ivyservice.ivyresolve.RepositoryChainComponentMetaDataResolver] Attempting to resolve component for io.netty:netty-handler:4.1.97.Final using repositories [MavenRepo]
2025-03-10T17:43:18.348+0800 [DEBUG] [org.gradle.api.internal.artifacts.ivyservice.ivyresolve.CachingModuleComponentRepository] Using cached module metadata for module 'io.netty:netty-handler:4.1.97.Final' in 'MavenRepo'
2025-03-10T17:43:18.348+0800 [DEBUG] [org.gradle.api.internal.artifacts.ivyservice.ivyresolve.RepositoryChainComponentMetaDataResolver] Using io.netty:netty-handler:4.1.97.Final from Maven repository 'MavenRepo'
2025-03-10T17:43:18.348+0800 [DEBUG] [org.gradle.api.internal.artifacts.ivyservice.ivyresolve.RepositoryChainComponentMetaDataResolver] Attempting to resolve component for io.netty:netty-codec-http:4.1.97.Final using repositories [MavenRepo]
2025-03-10T17:43:18.348+0800 [DEBUG] [org.gradle.api.internal.artifacts.ivyservice.ivyresolve.CachingModuleComponentRepository] Using cached module metadata for module 'io.netty:netty-codec-http:4.1.97.Final' in 'MavenRepo'
2025-03-10T17:43:18.348+0800 [DEBUG] [org.gradle.api.internal.artifacts.ivyservice.ivyresolve.RepositoryChainComponentMetaDataResolver] Using io.netty:netty-codec-http:4.1.97.Final from Maven repository 'MavenRepo'
2025-03-10T17:43:18.348+0800 [DEBUG] [org.gradle.api.internal.artifacts.ivyservice.resolveengine.graph.builder.DependencyGraphBuilder] Visiting configuration org.eclipse.jetty.alpn:alpn-api:1.1.3.v20160715(compile).
2025-03-10T17:43:18.348+0800 [DEBUG] [org.gradle.api.internal.artifacts.ivyservice.resolveengine.graph.builder.DependencyGraphBuilder] Visiting configuration io.netty:netty-transport-native-kqueue:4.1.97.Final(compile).
2025-03-10T17:43:18.348+0800 [DEBUG] [org.gradle.api.internal.artifacts.ivyservice.ivyresolve.RepositoryChainComponentMetaDataResolver] Attempting to resolve component for io.netty:netty-transport-native-unix-common:4.1.97.Final using repositories [MavenRepo]
2025-03-10T17:43:18.348+0800 [DEBUG] [org.gradle.api.internal.artifacts.ivyservice.ivyresolve.CachingModuleComponentRepository] Using cached module metadata for module 'io.netty:netty-transport-native-unix-common:4.1.97.Final' in 'MavenRepo'
2025-03-10T17:43:18.348+0800 [DEBUG] [org.gradle.api.internal.artifacts.ivyservice.ivyresolve.RepositoryChainComponentMetaDataResolver] Using io.netty:netty-transport-native-unix-common:4.1.97.Final from Maven repository 'MavenRepo'
2025-03-10T17:43:18.348+0800 [DEBUG] [org.gradle.api.internal.artifacts.ivyservice.ivyresolve.RepositoryChainComponentMetaDataResolver] Attempting to resolve component for io.netty:netty-transport-classes-kqueue:4.1.97.Final using repositories [MavenRepo]
2025-03-10T17:43:18.348+0800 [DEBUG] [org.gradle.api.internal.artifacts.ivyservice.ivyresolve.CachingModuleComponentRepository] Using cached module metadata for module 'io.netty:netty-transport-classes-kqueue:4.1.97.Final' in 'MavenRepo'
2025-03-10T17:43:18.348+0800 [DEBUG] [org.gradle.api.internal.artifacts.ivyservice.ivyresolve.RepositoryChainComponentMetaDataResolver] Using io.netty:netty-transport-classes-kqueue:4.1.97.Final from Maven repository 'MavenRepo'
2025-03-10T17:43:18.348+0800 [DEBUG] [org.gradle.api.internal.artifacts.ivyservice.resolveengine.graph.builder.DependencyGraphBuilder] Visiting configuration io.netty:netty-transport-native-epoll:4.1.97.Final(compile).
2025-03-10T17:43:18.348+0800 [DEBUG] [org.gradle.api.internal.artifacts.ivyservice.ivyresolve.RepositoryChainComponentMetaDataResolver] Attempting to resolve component for io.netty:netty-transport-classes-epoll:4.1.97.Final using repositories [MavenRepo]
2025-03-10T17:43:18.348+0800 [DEBUG] [org.gradle.api.internal.artifacts.ivyservice.ivyresolve.CachingModuleComponentRepository] Using cached module metadata for module 'io.netty:netty-transport-classes-epoll:4.1.97.Final' in 'MavenRepo'
2025-03-10T17:43:18.348+0800 [DEBUG] [org.gradle.api.internal.artifacts.ivyservice.ivyresolve.RepositoryChainComponentMetaDataResolver] Using io.netty:netty-transport-classes-epoll:4.1.97.Final from Maven repository 'MavenRepo'
2025-03-10T17:43:18.348+0800 [DEBUG] [org.gradle.api.internal.artifacts.ivyservice.resolveengine.graph.builder.DependencyGraphBuilder] Visiting configuration org.jetbrains.kotlin:kotlin-stdlib-common:1.8.22(compile).
2025-03-10T17:43:18.348+0800 [DEBUG] [org.gradle.api.internal.artifacts.ivyservice.resolveengine.graph.builder.NodeState] version for org.jetbrains.kotlin:kotlin-stdlib-common:1.8.22(compile) is not selected. ignoring.
2025-03-10T17:43:18.348+0800 [DEBUG] [org.gradle.api.internal.artifacts.ivyservice.resolveengine.graph.builder.DependencyGraphBuilder] Visiting configuration io.ktor:ktor-server-host-common:2.3.6(jvmApiElements-published).
2025-03-10T17:43:18.348+0800 [DEBUG] [org.gradle.api.internal.artifacts.ivyservice.resolveengine.graph.builder.DependencyGraphBuilder] Visiting configuration io.ktor:ktor-bom:2.3.6(apiElements).
2025-03-10T17:43:18.348+0800 [DEBUG] [org.gradle.api.internal.artifacts.ivyservice.ivyresolve.RepositoryChainComponentMetaDataResolver] Attempting to resolve component for io.ktor:ktor-server-host-common-jvm:2.3.6 using repositories [MavenRepo]
2025-03-10T17:43:18.348+0800 [DEBUG] [org.gradle.api.internal.artifacts.ivyservice.ivyresolve.CachingModuleComponentRepository] Using cached module metadata for module 'io.ktor:ktor-server-host-common-jvm:2.3.6' in 'MavenRepo'
2025-03-10T17:43:18.348+0800 [DEBUG] [org.gradle.api.internal.artifacts.ivyservice.ivyresolve.RepositoryChainComponentMetaDataResolver] Using io.ktor:ktor-server-host-common-jvm:2.3.6 from Maven repository 'MavenRepo'
2025-03-10T17:43:18.348+0800 [DEBUG] [org.gradle.api.internal.artifacts.ivyservice.resolveengine.graph.builder.DependencyGraphBuilder] Visiting configuration io.ktor:ktor-server-core:2.3.6(jvmApiElements-published).
2025-03-10T17:43:18.348+0800 [DEBUG] [org.gradle.api.internal.artifacts.ivyservice.resolveengine.graph.builder.NodeState] Changed edges for io.ktor:ktor-server-core:2.3.6(jvmApiElements-published) selects same versions as previous traversal. ignoring
2025-03-10T17:43:18.348+0800 [DEBUG] [org.gradle.api.internal.artifacts.ivyservice.resolveengine.graph.builder.DependencyGraphBuilder] Visiting configuration io.ktor:ktor-websockets:2.3.6(jvmApiElements-published).
2025-03-10T17:43:18.348+0800 [DEBUG] [org.gradle.api.internal.artifacts.ivyservice.resolveengine.graph.builder.DependencyGraphBuilder] Visiting configuration io.ktor:ktor-bom:2.3.6(apiElements).
2025-03-10T17:43:18.348+0800 [DEBUG] [org.gradle.api.internal.artifacts.ivyservice.ivyresolve.RepositoryChainComponentMetaDataResolver] Attempting to resolve component for io.ktor:ktor-websockets-jvm:2.3.6 using repositories [MavenRepo]
2025-03-10T17:43:18.348+0800 [DEBUG] [org.gradle.api.internal.artifacts.ivyservice.ivyresolve.CachingModuleComponentRepository] Using cached module metadata for module 'io.ktor:ktor-websockets-jvm:2.3.6' in 'MavenRepo'
2025-03-10T17:43:18.348+0800 [DEBUG] [org.gradle.api.internal.artifacts.ivyservice.ivyresolve.RepositoryChainComponentMetaDataResolver] Using io.ktor:ktor-websockets-jvm:2.3.6 from Maven repository 'MavenRepo'
2025-03-10T17:43:18.348+0800 [DEBUG] [org.gradle.api.internal.artifacts.ivyservice.resolveengine.graph.builder.DependencyGraphBuilder] Visiting configuration io.ktor:ktor-websocket-serialization:2.3.6(jvmApiElements-published).
2025-03-10T17:43:18.348+0800 [DEBUG] [org.gradle.api.internal.artifacts.ivyservice.resolveengine.graph.builder.DependencyGraphBuilder] Visiting configuration io.ktor:ktor-bom:2.3.6(apiElements).
2025-03-10T17:43:18.348+0800 [DEBUG] [org.gradle.api.internal.artifacts.ivyservice.ivyresolve.RepositoryChainComponentMetaDataResolver] Attempting to resolve component for io.ktor:ktor-websocket-serialization-jvm:2.3.6 using repositories [MavenRepo]
2025-03-10T17:43:18.348+0800 [DEBUG] [org.gradle.api.internal.artifacts.ivyservice.ivyresolve.CachingModuleComponentRepository] Using cached module metadata for module 'io.ktor:ktor-websocket-serialization-jvm:2.3.6' in 'MavenRepo'
2025-03-10T17:43:18.348+0800 [DEBUG] [org.gradle.api.internal.artifacts.ivyservice.ivyresolve.RepositoryChainComponentMetaDataResolver] Using io.ktor:ktor-websocket-serialization-jvm:2.3.6 from Maven repository 'MavenRepo'
2025-03-10T17:43:18.348+0800 [DEBUG] [org.gradle.api.internal.artifacts.ivyservice.resolveengine.graph.builder.DependencyGraphBuilder] Visiting configuration org.jetbrains.kotlinx:kotlinx-serialization-json:1.5.1(jvmApiElements-published).
2025-03-10T17:43:18.348+0800 [DEBUG] [org.gradle.api.internal.artifacts.ivyservice.ivyresolve.RepositoryChainComponentMetaDataResolver] Attempting to resolve component for org.jetbrains.kotlinx:kotlinx-serialization-json-jvm:1.5.1 using repositories [MavenRepo]
2025-03-10T17:43:18.348+0800 [DEBUG] [org.gradle.api.internal.artifacts.ivyservice.ivyresolve.CachingModuleComponentRepository] Using cached module metadata for module 'org.jetbrains.kotlinx:kotlinx-serialization-json-jvm:1.5.1' in 'MavenRepo'
2025-03-10T17:43:18.349+0800 [DEBUG] [org.gradle.api.internal.artifacts.ivyservice.ivyresolve.RepositoryChainComponentMetaDataResolver] Using org.jetbrains.kotlinx:kotlinx-serialization-json-jvm:1.5.1 from Maven repository 'MavenRepo'
2025-03-10T17:43:18.349+0800 [DEBUG] [org.gradle.api.internal.artifacts.ivyservice.resolveengine.graph.builder.DependencyGraphBuilder] Visiting configuration io.ktor:ktor-serialization-kotlinx:2.3.6(jvmApiElements-published).
2025-03-10T17:43:18.349+0800 [DEBUG] [org.gradle.api.internal.artifacts.ivyservice.resolveengine.graph.builder.DependencyGraphBuilder] Visiting configuration io.ktor:ktor-bom:2.3.6(apiElements).
2025-03-10T17:43:18.349+0800 [DEBUG] [org.gradle.api.internal.artifacts.ivyservice.ivyresolve.RepositoryChainComponentMetaDataResolver] Attempting to resolve component for io.ktor:ktor-serialization-kotlinx-jvm:2.3.6 using repositories [MavenRepo]
2025-03-10T17:43:18.349+0800 [DEBUG] [org.gradle.api.internal.artifacts.ivyservice.ivyresolve.CachingModuleComponentRepository] Using cached module metadata for module 'io.ktor:ktor-serialization-kotlinx-jvm:2.3.6' in 'MavenRepo'
2025-03-10T17:43:18.349+0800 [DEBUG] [org.gradle.api.internal.artifacts.ivyservice.ivyresolve.RepositoryChainComponentMetaDataResolver] Using io.ktor:ktor-serialization-kotlinx-jvm:2.3.6 from Maven repository 'MavenRepo'
2025-03-10T17:43:18.349+0800 [DEBUG] [org.gradle.api.internal.artifacts.ivyservice.resolveengine.graph.builder.DependencyGraphBuilder] Visiting configuration io.ktor:ktor-client-core:2.3.6(jvmApiElements-published).
2025-03-10T17:43:18.349+0800 [DEBUG] [org.gradle.api.internal.artifacts.ivyservice.resolveengine.graph.builder.DependencyGraphBuilder] Visiting configuration io.ktor:ktor-bom:2.3.6(apiElements).
2025-03-10T17:43:18.349+0800 [DEBUG] [org.gradle.api.internal.artifacts.ivyservice.ivyresolve.RepositoryChainComponentMetaDataResolver] Attempting to resolve component for io.ktor:ktor-client-core-jvm:2.3.6 using repositories [MavenRepo]
2025-03-10T17:43:18.349+0800 [DEBUG] [org.gradle.api.internal.artifacts.ivyservice.ivyresolve.CachingModuleComponentRepository] Using cached module metadata for module 'io.ktor:ktor-client-core-jvm:2.3.6' in 'MavenRepo'
2025-03-10T17:43:18.349+0800 [DEBUG] [org.gradle.api.internal.artifacts.ivyservice.ivyresolve.RepositoryChainComponentMetaDataResolver] Using io.ktor:ktor-client-core-jvm:2.3.6 from Maven repository 'MavenRepo'
2025-03-10T17:43:18.349+0800 [DEBUG] [org.gradle.api.internal.artifacts.ivyservice.resolveengine.graph.builder.DependencyGraphBuilder] Visiting configuration io.ktor:ktor-server-sessions:2.3.6(jvmApiElements-published).
2025-03-10T17:43:18.349+0800 [DEBUG] [org.gradle.api.internal.artifacts.ivyservice.resolveengine.graph.builder.DependencyGraphBuilder] Visiting configuration io.ktor:ktor-bom:2.3.6(apiElements).
2025-03-10T17:43:18.349+0800 [DEBUG] [org.gradle.api.internal.artifacts.ivyservice.ivyresolve.RepositoryChainComponentMetaDataResolver] Attempting to resolve component for io.ktor:ktor-server-sessions-jvm:2.3.6 using repositories [MavenRepo]
2025-03-10T17:43:18.349+0800 [DEBUG] [org.gradle.api.internal.artifacts.ivyservice.ivyresolve.CachingModuleComponentRepository] Using cached module metadata for module 'io.ktor:ktor-server-sessions-jvm:2.3.6' in 'MavenRepo'
2025-03-10T17:43:18.349+0800 [DEBUG] [org.gradle.api.internal.artifacts.ivyservice.ivyresolve.RepositoryChainComponentMetaDataResolver] Using io.ktor:ktor-server-sessions-jvm:2.3.6 from Maven repository 'MavenRepo'
2025-03-10T17:43:18.349+0800 [DEBUG] [org.gradle.api.internal.artifacts.ivyservice.resolveengine.graph.builder.DependencyGraphBuilder] Visiting configuration org.jetbrains.kotlin:kotlin-stdlib-common:2.1.10(stdlibCommonElements).
2025-03-10T17:43:18.349+0800 [DEBUG] [org.gradle.api.internal.artifacts.ivyservice.resolveengine.graph.builder.DependencyGraphBuilder] Visiting configuration org.jetbrains.kotlin:kotlin-stdlib:2.1.10(jvmApiElements).
2025-03-10T17:43:18.349+0800 [DEBUG] [org.gradle.api.internal.artifacts.ivyservice.resolveengine.graph.builder.NodeState] Changed edges for org.jetbrains.kotlin:kotlin-stdlib:2.1.10(jvmApiElements) selects same versions as previous traversal. ignoring
2025-03-10T17:43:18.349+0800 [DEBUG] [org.gradle.api.internal.artifacts.ivyservice.resolveengine.graph.builder.DependencyGraphBuilder] Visiting configuration org.jetbrains.kotlinx:kotlinx-coroutines-core-jvm:1.7.1(jvmApiElements-published).
2025-03-10T17:43:18.349+0800 [DEBUG] [org.gradle.api.internal.artifacts.ivyservice.ivyresolve.RepositoryChainComponentMetaDataResolver] Attempting to resolve component for org.jetbrains:annotations:23.0.0 using repositories [MavenRepo]
2025-03-10T17:43:18.349+0800 [DEBUG] [org.gradle.api.internal.artifacts.ivyservice.ivyresolve.CachingModuleComponentRepository] Using cached module metadata for module 'org.jetbrains:annotations:23.0.0' in 'MavenRepo'
2025-03-10T17:43:18.349+0800 [DEBUG] [org.gradle.api.internal.artifacts.ivyservice.ivyresolve.RepositoryChainComponentMetaDataResolver] Using org.jetbrains:annotations:23.0.0 from Maven repository 'MavenRepo'
2025-03-10T17:43:18.349+0800 [DEBUG] [org.gradle.internal.component.model.LoggingAttributeMatchingExplanationBuilder] Selected match org.gradle.internal.component.model.DefaultExternalComponentGraphResolveState$DefaultConfigurationGraphResolveState@38a17ebd from candidates [org.gradle.internal.component.model.DefaultExternalComponentGraphResolveState$DefaultConfigurationGraphResolveState@38a17ebd] for {org.gradle.category=library, org.gradle.dependency.bundling=external, org.gradle.jvm.environment=standard-jvm, org.gradle.jvm.version=11, org.gradle.libraryelements=classes, org.gradle.usage=java-api, org.jetbrains.kotlin.platform.type=jvm}
2025-03-10T17:43:18.349+0800 [DEBUG] [org.gradle.api.internal.artifacts.ivyservice.resolveengine.graph.builder.DependencyGraphBuilder] Visiting configuration org.jetbrains:annotations:13.0(compile).
2025-03-10T17:43:18.349+0800 [DEBUG] [org.gradle.api.internal.artifacts.ivyservice.resolveengine.graph.builder.NodeState] version for org.jetbrains:annotations:13.0(compile) is not selected. ignoring.
2025-03-10T17:43:18.349+0800 [DEBUG] [org.gradle.api.internal.artifacts.ivyservice.resolveengine.graph.builder.DependencyGraphBuilder] Visiting configuration org.jetbrains.kotlinx:kotlinx-coroutines-bom:1.7.1(platform-compile).
2025-03-10T17:43:18.349+0800 [DEBUG] [org.gradle.api.internal.artifacts.ivyservice.resolveengine.graph.builder.DependencyGraphBuilder] Visiting configuration org.jetbrains.kotlinx:kotlinx-coroutines-core:1.7.1(jvmApiElements-published).
2025-03-10T17:43:18.349+0800 [DEBUG] [org.gradle.api.internal.artifacts.ivyservice.resolveengine.excludes.factories.LoggingExcludeFactory] {"operation": { "name": "anyOf", "operands": ["excludes none", { "module names" : ["kotlin-stdlib-jvm", "kotlin-stdlib-jdk8", "kotlin-stdlib-jdk7", "kotlin-stdlib"]}], "result": { "module names" : ["kotlin-stdlib-jvm", "kotlin-stdlib-jdk8", "kotlin-stdlib-jdk7", "kotlin-stdlib"]} } }
2025-03-10T17:43:18.349+0800 [DEBUG] [org.gradle.api.internal.artifacts.ivyservice.resolveengine.graph.builder.NodeState] Filter { "module names" : ["kotlin-stdlib-jvm", "kotlin-stdlib-jdk8", "kotlin-stdlib-jdk7", "kotlin-stdlib"]} excludes same dependencies as previous "excludes none". Dependencies left = [org.gradle.api.internal.artifacts.ivyservice.resolveengine.graph.builder.DependencyState@39c3c275]
2025-03-10T17:43:18.349+0800 [DEBUG] [org.gradle.api.internal.artifacts.ivyservice.resolveengine.graph.builder.NodeState] Changed edges for org.jetbrains.kotlinx:kotlinx-coroutines-core:1.7.1(jvmApiElements-published) selects same versions as previous traversal. ignoring
2025-03-10T17:43:18.349+0800 [DEBUG] [org.gradle.api.internal.artifacts.ivyservice.resolveengine.graph.builder.DependencyGraphBuilder] Visiting configuration io.ktor:ktor-utils-jvm:2.3.6(jvmApiElements-published).
2025-03-10T17:43:18.349+0800 [DEBUG] [org.gradle.internal.component.model.LoggingAttributeMatchingExplanationBuilder] Selected match org.gradle.internal.component.model.DefaultExternalComponentGraphResolveState$DefaultConfigurationGraphResolveState@38a17ebd from candidates [org.gradle.internal.component.model.DefaultExternalComponentGraphResolveState$DefaultConfigurationGraphResolveState@38a17ebd] for {org.gradle.category=library, org.gradle.dependency.bundling=external, org.gradle.jvm.environment=standard-jvm, org.gradle.jvm.version=11, org.gradle.libraryelements=classes, org.gradle.usage=java-api, org.jetbrains.kotlin.platform.type=jvm}
2025-03-10T17:43:18.349+0800 [DEBUG] [org.gradle.api.internal.artifacts.ivyservice.resolveengine.graph.builder.DependencyGraphBuilder] Visiting configuration io.ktor:ktor-bom:2.3.6(apiElements).
2025-03-10T17:43:18.350+0800 [DEBUG] [org.gradle.api.internal.artifacts.ivyservice.ivyresolve.RepositoryChainComponentMetaDataResolver] Attempting to resolve component for io.ktor:ktor-io:2.3.6 using repositories [MavenRepo]
2025-03-10T17:43:18.350+0800 [DEBUG] [org.gradle.api.internal.artifacts.ivyservice.ivyresolve.CachingModuleComponentRepository] Using cached module metadata for module 'io.ktor:ktor-io:2.3.6' in 'MavenRepo'
2025-03-10T17:43:18.350+0800 [DEBUG] [org.gradle.api.internal.artifacts.ivyservice.ivyresolve.RepositoryChainComponentMetaDataResolver] Using io.ktor:ktor-io:2.3.6 from Maven repository 'MavenRepo'
2025-03-10T17:43:18.350+0800 [DEBUG] [org.gradle.api.internal.artifacts.ivyservice.resolveengine.graph.builder.DependencyGraphBuilder] Visiting configuration io.ktor:ktor-http-jvm:2.3.6(jvmApiElements-published).
2025-03-10T17:43:18.350+0800 [DEBUG] [org.gradle.internal.component.model.LoggingAttributeMatchingExplanationBuilder] Selected match org.gradle.internal.component.model.DefaultExternalComponentGraphResolveState$DefaultConfigurationGraphResolveState@38a17ebd from candidates [org.gradle.internal.component.model.DefaultExternalComponentGraphResolveState$DefaultConfigurationGraphResolveState@38a17ebd] for {org.gradle.category=library, org.gradle.dependency.bundling=external, org.gradle.jvm.environment=standard-jvm, org.gradle.jvm.version=11, org.gradle.libraryelements=classes, org.gradle.usage=java-api, org.jetbrains.kotlin.platform.type=jvm}
2025-03-10T17:43:18.350+0800 [DEBUG] [org.gradle.api.internal.artifacts.ivyservice.resolveengine.graph.builder.DependencyGraphBuilder] Visiting configuration io.ktor:ktor-serialization-jvm:2.3.6(jvmApiElements-published).
2025-03-10T17:43:18.350+0800 [DEBUG] [org.gradle.internal.component.model.LoggingAttributeMatchingExplanationBuilder] Selected match org.gradle.internal.component.model.DefaultExternalComponentGraphResolveState$DefaultConfigurationGraphResolveState@38a17ebd from candidates [org.gradle.internal.component.model.DefaultExternalComponentGraphResolveState$DefaultConfigurationGraphResolveState@38a17ebd] for {org.gradle.category=library, org.gradle.dependency.bundling=external, org.gradle.jvm.environment=standard-jvm, org.gradle.jvm.version=11, org.gradle.libraryelements=classes, org.gradle.usage=java-api, org.jetbrains.kotlin.platform.type=jvm}
2025-03-10T17:43:18.350+0800 [DEBUG] [org.gradle.api.internal.artifacts.ivyservice.resolveengine.graph.builder.DependencyGraphBuilder] Visiting configuration io.ktor:ktor-events-jvm:2.3.6(jvmApiElements-published).
2025-03-10T17:43:18.350+0800 [DEBUG] [org.gradle.internal.component.model.LoggingAttributeMatchingExplanationBuilder] Selected match org.gradle.internal.component.model.DefaultExternalComponentGraphResolveState$DefaultConfigurationGraphResolveState@38a17ebd from candidates [org.gradle.internal.component.model.DefaultExternalComponentGraphResolveState$DefaultConfigurationGraphResolveState@38a17ebd] for {org.gradle.category=library, org.gradle.dependency.bundling=external, org.gradle.jvm.environment=standard-jvm, org.gradle.jvm.version=11, org.gradle.libraryelements=classes, org.gradle.usage=java-api, org.jetbrains.kotlin.platform.type=jvm}
2025-03-10T17:43:18.350+0800 [DEBUG] [org.gradle.api.internal.artifacts.ivyservice.resolveengine.graph.builder.DependencyGraphBuilder] Visiting configuration io.netty:netty-common:4.1.97.Final(compile).
2025-03-10T17:43:18.350+0800 [DEBUG] [org.gradle.api.internal.artifacts.ivyservice.resolveengine.graph.builder.DependencyGraphBuilder] Visiting configuration io.netty:netty-buffer:4.1.97.Final(compile).
2025-03-10T17:43:18.350+0800 [DEBUG] [org.gradle.api.internal.artifacts.ivyservice.resolveengine.graph.builder.DependencyGraphBuilder] Visiting configuration io.netty:netty-transport:4.1.97.Final(compile).
2025-03-10T17:43:18.350+0800 [DEBUG] [org.gradle.api.internal.artifacts.ivyservice.ivyresolve.RepositoryChainComponentMetaDataResolver] Attempting to resolve component for io.netty:netty-resolver:4.1.97.Final using repositories [MavenRepo]
2025-03-10T17:43:18.350+0800 [DEBUG] [org.gradle.api.internal.artifacts.ivyservice.ivyresolve.CachingModuleComponentRepository] Using cached module metadata for module 'io.netty:netty-resolver:4.1.97.Final' in 'MavenRepo'
2025-03-10T17:43:18.350+0800 [DEBUG] [org.gradle.api.internal.artifacts.ivyservice.ivyresolve.RepositoryChainComponentMetaDataResolver] Using io.netty:netty-resolver:4.1.97.Final from Maven repository 'MavenRepo'
2025-03-10T17:43:18.350+0800 [DEBUG] [org.gradle.api.internal.artifacts.ivyservice.resolveengine.graph.builder.DependencyGraphBuilder] Visiting configuration io.netty:netty-codec:4.1.97.Final(compile).
2025-03-10T17:43:18.350+0800 [DEBUG] [org.gradle.api.internal.artifacts.ivyservice.resolveengine.graph.builder.DependencyGraphBuilder] Visiting configuration io.netty:netty-handler:4.1.97.Final(compile).
2025-03-10T17:43:18.350+0800 [DEBUG] [org.gradle.api.internal.artifacts.ivyservice.resolveengine.graph.builder.DependencyGraphBuilder] Visiting configuration io.netty:netty-codec-http:4.1.97.Final(compile).
2025-03-10T17:43:18.350+0800 [DEBUG] [org.gradle.api.internal.artifacts.ivyservice.resolveengine.graph.builder.DependencyGraphBuilder] Visiting configuration io.netty:netty-transport-native-unix-common:4.1.97.Final(compile).
2025-03-10T17:43:18.350+0800 [DEBUG] [org.gradle.api.internal.artifacts.ivyservice.resolveengine.graph.builder.DependencyGraphBuilder] Visiting configuration io.netty:netty-transport-classes-kqueue:4.1.97.Final(compile).
2025-03-10T17:43:18.350+0800 [DEBUG] [org.gradle.api.internal.artifacts.ivyservice.resolveengine.graph.builder.DependencyGraphBuilder] Visiting configuration io.netty:netty-transport-classes-epoll:4.1.97.Final(compile).
2025-03-10T17:43:18.350+0800 [DEBUG] [org.gradle.api.internal.artifacts.ivyservice.resolveengine.graph.builder.DependencyGraphBuilder] Visiting configuration io.ktor:ktor-server-host-common-jvm:2.3.6(jvmApiElements-published).
2025-03-10T17:43:18.350+0800 [DEBUG] [org.gradle.internal.component.model.LoggingAttributeMatchingExplanationBuilder] Selected match org.gradle.internal.component.model.DefaultExternalComponentGraphResolveState$DefaultConfigurationGraphResolveState@38a17ebd from candidates [org.gradle.internal.component.model.DefaultExternalComponentGraphResolveState$DefaultConfigurationGraphResolveState@38a17ebd] for {org.gradle.category=library, org.gradle.dependency.bundling=external, org.gradle.jvm.environment=standard-jvm, org.gradle.jvm.version=11, org.gradle.libraryelements=classes, org.gradle.usage=java-api, org.jetbrains.kotlin.platform.type=jvm}
2025-03-10T17:43:18.350+0800 [DEBUG] [org.gradle.api.internal.artifacts.ivyservice.resolveengine.graph.builder.DependencyGraphBuilder] Visiting configuration io.ktor:ktor-bom:2.3.6(apiElements).
2025-03-10T17:43:18.350+0800 [DEBUG] [org.gradle.api.internal.artifacts.ivyservice.ivyresolve.RepositoryChainComponentMetaDataResolver] Attempting to resolve component for io.ktor:ktor-http-cio:2.3.6 using repositories [MavenRepo]
2025-03-10T17:43:18.350+0800 [DEBUG] [org.gradle.api.internal.artifacts.ivyservice.ivyresolve.CachingModuleComponentRepository] Using cached module metadata for module 'io.ktor:ktor-http-cio:2.3.6' in 'MavenRepo'
2025-03-10T17:43:18.350+0800 [DEBUG] [org.gradle.api.internal.artifacts.ivyservice.ivyresolve.RepositoryChainComponentMetaDataResolver] Using io.ktor:ktor-http-cio:2.3.6 from Maven repository 'MavenRepo'
2025-03-10T17:43:18.350+0800 [DEBUG] [org.gradle.api.internal.artifacts.ivyservice.resolveengine.graph.builder.DependencyGraphBuilder] Visiting configuration io.ktor:ktor-websockets-jvm:2.3.6(jvmApiElements-published).
2025-03-10T17:43:18.350+0800 [DEBUG] [org.gradle.internal.component.model.LoggingAttributeMatchingExplanationBuilder] Selected match org.gradle.internal.component.model.DefaultExternalComponentGraphResolveState$DefaultConfigurationGraphResolveState@38a17ebd from candidates [org.gradle.internal.component.model.DefaultExternalComponentGraphResolveState$DefaultConfigurationGraphResolveState@38a17ebd] for {org.gradle.category=library, org.gradle.dependency.bundling=external, org.gradle.jvm.environment=standard-jvm, org.gradle.jvm.version=11, org.gradle.libraryelements=classes, org.gradle.usage=java-api, org.jetbrains.kotlin.platform.type=jvm}
2025-03-10T17:43:18.350+0800 [DEBUG] [org.gradle.api.internal.artifacts.ivyservice.resolveengine.graph.builder.DependencyGraphBuilder] Visiting configuration io.ktor:ktor-websocket-serialization-jvm:2.3.6(jvmApiElements-published).
2025-03-10T17:43:18.350+0800 [DEBUG] [org.gradle.internal.component.model.LoggingAttributeMatchingExplanationBuilder] Selected match org.gradle.internal.component.model.DefaultExternalComponentGraphResolveState$DefaultConfigurationGraphResolveState@38a17ebd from candidates [org.gradle.internal.component.model.DefaultExternalComponentGraphResolveState$DefaultConfigurationGraphResolveState@38a17ebd] for {org.gradle.category=library, org.gradle.dependency.bundling=external, org.gradle.jvm.environment=standard-jvm, org.gradle.jvm.version=11, org.gradle.libraryelements=classes, org.gradle.usage=java-api, org.jetbrains.kotlin.platform.type=jvm}
2025-03-10T17:43:18.350+0800 [DEBUG] [org.gradle.api.internal.artifacts.ivyservice.resolveengine.graph.builder.DependencyGraphBuilder] Visiting configuration org.jetbrains.kotlinx:kotlinx-serialization-json-jvm:1.5.1(jvmApiElements-published).
2025-03-10T17:43:18.350+0800 [DEBUG] [org.gradle.api.internal.artifacts.ivyservice.ivyresolve.RepositoryChainComponentMetaDataResolver] Attempting to resolve component for org.jetbrains.kotlinx:kotlinx-serialization-bom:1.5.1 using repositories [MavenRepo]
2025-03-10T17:43:18.350+0800 [DEBUG] [org.gradle.api.internal.artifacts.ivyservice.ivyresolve.CachingModuleComponentRepository] Using cached module metadata for module 'org.jetbrains.kotlinx:kotlinx-serialization-bom:1.5.1' in 'MavenRepo'
2025-03-10T17:43:18.350+0800 [DEBUG] [org.gradle.api.internal.artifacts.ivyservice.ivyresolve.RepositoryChainComponentMetaDataResolver] Using org.jetbrains.kotlinx:kotlinx-serialization-bom:1.5.1 from Maven repository 'MavenRepo'
2025-03-10T17:43:18.351+0800 [DEBUG] [org.gradle.internal.component.model.LoggingAttributeMatchingExplanationBuilder] Selected match org.gradle.internal.component.model.DefaultExternalComponentGraphResolveState$DefaultConfigurationGraphResolveState@38a17ebd from candidates [org.gradle.internal.component.model.DefaultExternalComponentGraphResolveState$DefaultConfigurationGraphResolveState@38a17ebd] for {org.gradle.category=library, org.gradle.dependency.bundling=external, org.gradle.jvm.environment=standard-jvm, org.gradle.jvm.version=11, org.gradle.libraryelements=classes, org.gradle.usage=java-api, org.jetbrains.kotlin.platform.type=jvm}
2025-03-10T17:43:18.351+0800 [DEBUG] [org.gradle.api.internal.artifacts.ivyservice.ivyresolve.RepositoryChainComponentMetaDataResolver] Attempting to resolve component for org.jetbrains.kotlinx:kotlinx-serialization-core:1.5.1 using repositories [MavenRepo]
2025-03-10T17:43:18.351+0800 [DEBUG] [org.gradle.api.internal.artifacts.ivyservice.ivyresolve.CachingModuleComponentRepository] Using cached module metadata for module 'org.jetbrains.kotlinx:kotlinx-serialization-core:1.5.1' in 'MavenRepo'
2025-03-10T17:43:18.351+0800 [DEBUG] [org.gradle.api.internal.artifacts.ivyservice.ivyresolve.RepositoryChainComponentMetaDataResolver] Using org.jetbrains.kotlinx:kotlinx-serialization-core:1.5.1 from Maven repository 'MavenRepo'
2025-03-10T17:43:18.351+0800 [DEBUG] [org.gradle.api.internal.artifacts.ivyservice.resolveengine.graph.builder.DependencyGraphBuilder] Visiting configuration io.ktor:ktor-serialization-kotlinx-jvm:2.3.6(jvmApiElements-published).
2025-03-10T17:43:18.351+0800 [DEBUG] [org.gradle.internal.component.model.LoggingAttributeMatchingExplanationBuilder] Selected match org.gradle.internal.component.model.DefaultExternalComponentGraphResolveState$DefaultConfigurationGraphResolveState@38a17ebd from candidates [org.gradle.internal.component.model.DefaultExternalComponentGraphResolveState$DefaultConfigurationGraphResolveState@38a17ebd] for {org.gradle.category=library, org.gradle.dependency.bundling=external, org.gradle.jvm.environment=standard-jvm, org.gradle.jvm.version=11, org.gradle.libraryelements=classes, org.gradle.usage=java-api, org.jetbrains.kotlin.platform.type=jvm}
2025-03-10T17:43:18.351+0800 [DEBUG] [org.gradle.api.internal.artifacts.ivyservice.resolveengine.graph.builder.DependencyGraphBuilder] Visiting configuration io.ktor:ktor-client-core-jvm:2.3.6(jvmApiElements-published).
2025-03-10T17:43:18.351+0800 [DEBUG] [org.gradle.internal.component.model.LoggingAttributeMatchingExplanationBuilder] Selected match org.gradle.internal.component.model.DefaultExternalComponentGraphResolveState$DefaultConfigurationGraphResolveState@38a17ebd from candidates [org.gradle.internal.component.model.DefaultExternalComponentGraphResolveState$DefaultConfigurationGraphResolveState@38a17ebd] for {org.gradle.category=library, org.gradle.dependency.bundling=external, org.gradle.jvm.environment=standard-jvm, org.gradle.jvm.version=11, org.gradle.libraryelements=classes, org.gradle.usage=java-api, org.jetbrains.kotlin.platform.type=jvm}
2025-03-10T17:43:18.351+0800 [DEBUG] [org.gradle.api.internal.artifacts.ivyservice.resolveengine.graph.builder.DependencyGraphBuilder] Visiting configuration io.ktor:ktor-server-sessions-jvm:2.3.6(jvmApiElements-published).
2025-03-10T17:43:18.351+0800 [DEBUG] [org.gradle.internal.component.model.LoggingAttributeMatchingExplanationBuilder] Selected match org.gradle.internal.component.model.DefaultExternalComponentGraphResolveState$DefaultConfigurationGraphResolveState@38a17ebd from candidates [org.gradle.internal.component.model.DefaultExternalComponentGraphResolveState$DefaultConfigurationGraphResolveState@38a17ebd] for {org.gradle.category=library, org.gradle.dependency.bundling=external, org.gradle.jvm.environment=standard-jvm, org.gradle.jvm.version=11, org.gradle.libraryelements=classes, org.gradle.usage=java-api, org.jetbrains.kotlin.platform.type=jvm}
2025-03-10T17:43:18.351+0800 [DEBUG] [org.gradle.api.internal.artifacts.ivyservice.resolveengine.graph.builder.DependencyGraphBuilder] Visiting configuration org.jetbrains:annotations:23.0.0(compile).
2025-03-10T17:43:18.351+0800 [DEBUG] [org.gradle.api.internal.artifacts.ivyservice.resolveengine.graph.builder.DependencyGraphBuilder] Visiting configuration org.jetbrains.kotlin:kotlin-stdlib-common:2.1.10(stdlibCommonElements).
2025-03-10T17:43:18.351+0800 [DEBUG] [org.gradle.api.internal.artifacts.ivyservice.resolveengine.graph.builder.NodeState] Changed edges for org.jetbrains.kotlin:kotlin-stdlib-common:2.1.10(stdlibCommonElements) selects same versions as previous traversal. ignoring
2025-03-10T17:43:18.351+0800 [DEBUG] [org.gradle.api.internal.artifacts.ivyservice.resolveengine.graph.builder.DependencyGraphBuilder] Visiting configuration org.jetbrains.kotlin:kotlin-stdlib-jdk8:1.8.22(compile).
2025-03-10T17:43:18.351+0800 [DEBUG] [org.gradle.api.internal.artifacts.ivyservice.resolveengine.graph.builder.NodeState] Changed edges for org.jetbrains.kotlin:kotlin-stdlib-jdk8:1.8.22(compile) selects same versions as previous traversal. ignoring
2025-03-10T17:43:18.351+0800 [DEBUG] [org.gradle.api.internal.artifacts.ivyservice.resolveengine.graph.builder.DependencyGraphBuilder] Visiting configuration org.jetbrains.kotlinx:kotlinx-coroutines-core-jvm:1.7.1(jvmApiElements-published).
2025-03-10T17:43:18.351+0800 [DEBUG] [org.gradle.api.internal.artifacts.ivyservice.resolveengine.graph.builder.NodeState] org.jetbrains.kotlin:kotlin-stdlib-jdk8 is excluded from org.jetbrains.kotlinx:kotlinx-coroutines-core-jvm:1.7.1(jvmApiElements-published) by { "module names" : ["kotlin-stdlib-jvm", "kotlin-stdlib-jdk8", "kotlin-stdlib-jdk7", "kotlin-stdlib"]}.
2025-03-10T17:43:18.351+0800 [DEBUG] [org.gradle.api.internal.artifacts.ivyservice.resolveengine.graph.builder.NodeState] Filter { "module names" : ["kotlin-stdlib-jvm", "kotlin-stdlib-jdk8", "kotlin-stdlib-jdk7", "kotlin-stdlib"]} doesn't exclude same dependencies as previous "excludes none". Previous dependencies left = [org.gradle.api.internal.artifacts.ivyservice.resolveengine.graph.builder.DependencyState@57543781, org.gradle.api.internal.artifacts.ivyservice.resolveengine.graph.builder.DependencyState@f8045e37, org.gradle.api.internal.artifacts.ivyservice.resolveengine.graph.builder.DependencyState@12db97b7, org.gradle.api.internal.artifacts.ivyservice.resolveengine.graph.builder.DependencyState@70a5082f] - New dependencies left = [org.gradle.api.internal.artifacts.ivyservice.resolveengine.graph.builder.DependencyState@57543781, org.gradle.api.internal.artifacts.ivyservice.resolveengine.graph.builder.DependencyState@f8045e37, org.gradle.api.internal.artifacts.ivyservice.resolveengine.graph.builder.DependencyState@12db97b7]
2025-03-10T17:43:18.351+0800 [DEBUG] [org.gradle.api.internal.artifacts.ivyservice.resolveengine.graph.builder.NodeState] org.jetbrains.kotlin:kotlin-stdlib-jdk8 is excluded from org.jetbrains.kotlinx:kotlinx-coroutines-core-jvm:1.7.1(jvmApiElements-published) by { "module names" : ["kotlin-stdlib-jvm", "kotlin-stdlib-jdk8", "kotlin-stdlib-jdk7", "kotlin-stdlib"]}.
2025-03-10T17:43:18.351+0800 [DEBUG] [org.gradle.internal.component.model.LoggingAttributeMatchingExplanationBuilder] Selected match org.gradle.internal.component.model.DefaultExternalComponentGraphResolveState$DefaultConfigurationGraphResolveState@38a17ebd from candidates [org.gradle.internal.component.model.DefaultExternalComponentGraphResolveState$DefaultConfigurationGraphResolveState@38a17ebd] for {org.gradle.category=library, org.gradle.dependency.bundling=external, org.gradle.jvm.environment=standard-jvm, org.gradle.jvm.version=11, org.gradle.libraryelements=classes, org.gradle.usage=java-api, org.jetbrains.kotlin.platform.type=jvm}
2025-03-10T17:43:18.351+0800 [DEBUG] [org.gradle.api.internal.artifacts.ivyservice.resolveengine.graph.builder.DependencyGraphBuilder] Visiting configuration org.jetbrains.kotlin:kotlin-stdlib-jdk8:1.8.22(compile).
2025-03-10T17:43:18.351+0800 [DEBUG] [org.gradle.api.internal.artifacts.ivyservice.resolveengine.graph.builder.NodeState] Changed edges for org.jetbrains.kotlin:kotlin-stdlib-jdk8:1.8.22(compile) selects same versions as previous traversal. ignoring
2025-03-10T17:43:18.351+0800 [DEBUG] [org.gradle.api.internal.artifacts.ivyservice.resolveengine.graph.builder.DependencyGraphBuilder] Visiting configuration org.jetbrains.kotlin:kotlin-stdlib-common:2.1.10(stdlibCommonElements).
2025-03-10T17:43:18.351+0800 [DEBUG] [org.gradle.api.internal.artifacts.ivyservice.resolveengine.graph.builder.NodeState] Changed edges for org.jetbrains.kotlin:kotlin-stdlib-common:2.1.10(stdlibCommonElements) selects same versions as previous traversal. ignoring
2025-03-10T17:43:18.351+0800 [DEBUG] [org.gradle.api.internal.artifacts.ivyservice.resolveengine.graph.builder.DependencyGraphBuilder] Visiting configuration org.jetbrains.kotlinx:kotlinx-coroutines-bom:1.7.1(platform-compile).
2025-03-10T17:43:18.351+0800 [DEBUG] [org.gradle.api.internal.artifacts.ivyservice.resolveengine.graph.builder.NodeState] Changed edges for org.jetbrains.kotlinx:kotlinx-coroutines-bom:1.7.1(platform-compile) selects same versions as previous traversal. ignoring
2025-03-10T17:43:18.351+0800 [DEBUG] [org.gradle.api.internal.artifacts.ivyservice.resolveengine.graph.builder.DependencyGraphBuilder] Visiting configuration org.jetbrains:annotations:23.0.0(compile).
2025-03-10T17:43:18.351+0800 [DEBUG] [org.gradle.api.internal.artifacts.ivyservice.resolveengine.graph.builder.DependencyGraphBuilder] Visiting configuration org.jetbrains.kotlinx:kotlinx-coroutines-jdk8:1.7.1(apiElements).
2025-03-10T17:43:18.351+0800 [DEBUG] [org.gradle.api.internal.artifacts.ivyservice.resolveengine.graph.builder.NodeState] Changed edges for org.jetbrains.kotlinx:kotlinx-coroutines-jdk8:1.7.1(apiElements) selects same versions as previous traversal. ignoring
2025-03-10T17:43:18.351+0800 [DEBUG] [org.gradle.api.internal.artifacts.ivyservice.resolveengine.graph.builder.DependencyGraphBuilder] Visiting configuration org.jetbrains.kotlin:kotlin-stdlib-jdk7:1.8.22(compile).
2025-03-10T17:43:18.351+0800 [DEBUG] [org.gradle.api.internal.artifacts.ivyservice.resolveengine.graph.builder.NodeState] Changed edges for org.jetbrains.kotlin:kotlin-stdlib-jdk7:1.8.22(compile) selects same versions as previous traversal. ignoring
2025-03-10T17:43:18.351+0800 [DEBUG] [org.gradle.api.internal.artifacts.ivyservice.resolveengine.graph.builder.DependencyGraphBuilder] Visiting configuration org.slf4j:slf4j-api:2.0.7(compile).
2025-03-10T17:43:18.351+0800 [DEBUG] [org.gradle.api.internal.artifacts.ivyservice.resolveengine.graph.builder.NodeState] Changed edges for org.slf4j:slf4j-api:2.0.7(compile) selects same versions as previous traversal. ignoring
2025-03-10T17:43:18.351+0800 [DEBUG] [org.gradle.api.internal.artifacts.ivyservice.resolveengine.graph.builder.DependencyGraphBuilder] Visiting configuration org.jetbrains.kotlinx:kotlinx-coroutines-core:1.7.1(jvmApiElements-published).
2025-03-10T17:43:18.351+0800 [DEBUG] [org.gradle.api.internal.artifacts.ivyservice.resolveengine.graph.builder.NodeState] Changed edges for org.jetbrains.kotlinx:kotlinx-coroutines-core:1.7.1(jvmApiElements-published) selects same versions as previous traversal. ignoring
2025-03-10T17:43:18.351+0800 [DEBUG] [org.gradle.api.internal.artifacts.ivyservice.resolveengine.graph.builder.DependencyGraphBuilder] Visiting configuration io.ktor:ktor-io:2.3.6(jvmApiElements-published).
2025-03-10T17:43:18.351+0800 [DEBUG] [org.gradle.api.internal.artifacts.ivyservice.resolveengine.graph.builder.DependencyGraphBuilder] Visiting configuration io.ktor:ktor-bom:2.3.6(apiElements).
2025-03-10T17:43:18.351+0800 [DEBUG] [org.gradle.api.internal.artifacts.ivyservice.ivyresolve.RepositoryChainComponentMetaDataResolver] Attempting to resolve component for io.ktor:ktor-io-jvm:2.3.6 using repositories [MavenRepo]
2025-03-10T17:43:18.351+0800 [DEBUG] [org.gradle.api.internal.artifacts.ivyservice.ivyresolve.CachingModuleComponentRepository] Using cached module metadata for module 'io.ktor:ktor-io-jvm:2.3.6' in 'MavenRepo'
2025-03-10T17:43:18.351+0800 [DEBUG] [org.gradle.api.internal.artifacts.ivyservice.ivyresolve.RepositoryChainComponentMetaDataResolver] Using io.ktor:ktor-io-jvm:2.3.6 from Maven repository 'MavenRepo'
2025-03-10T17:43:18.351+0800 [DEBUG] [org.gradle.api.internal.artifacts.ivyservice.resolveengine.graph.builder.DependencyGraphBuilder] Visiting configuration io.ktor:ktor-utils:2.3.6(jvmApiElements-published).
2025-03-10T17:43:18.351+0800 [DEBUG] [org.gradle.api.internal.artifacts.ivyservice.resolveengine.graph.builder.NodeState] Changed edges for io.ktor:ktor-utils:2.3.6(jvmApiElements-published) selects same versions as previous traversal. ignoring
2025-03-10T17:43:18.351+0800 [DEBUG] [org.gradle.api.internal.artifacts.ivyservice.resolveengine.graph.builder.DependencyGraphBuilder] Visiting configuration io.ktor:ktor-http:2.3.6(jvmApiElements-published).
2025-03-10T17:43:18.351+0800 [DEBUG] [org.gradle.api.internal.artifacts.ivyservice.resolveengine.graph.builder.NodeState] Changed edges for io.ktor:ktor-http:2.3.6(jvmApiElements-published) selects same versions as previous traversal. ignoring
2025-03-10T17:43:18.351+0800 [DEBUG] [org.gradle.api.internal.artifacts.ivyservice.resolveengine.graph.builder.DependencyGraphBuilder] Visiting configuration io.ktor:ktor-websockets:2.3.6(jvmApiElements-published).
2025-03-10T17:43:18.351+0800 [DEBUG] [org.gradle.api.internal.artifacts.ivyservice.resolveengine.graph.builder.NodeState] Changed edges for io.ktor:ktor-websockets:2.3.6(jvmApiElements-published) selects same versions as previous traversal. ignoring
2025-03-10T17:43:18.351+0800 [DEBUG] [org.gradle.api.internal.artifacts.ivyservice.resolveengine.graph.builder.DependencyGraphBuilder] Visiting configuration io.netty:netty-common:4.1.97.Final(compile).
2025-03-10T17:43:18.351+0800 [DEBUG] [org.gradle.api.internal.artifacts.ivyservice.resolveengine.graph.builder.NodeState] Changed edges for io.netty:netty-common:4.1.97.Final(compile) selects same versions as previous traversal. ignoring
2025-03-10T17:43:18.351+0800 [DEBUG] [org.gradle.api.internal.artifacts.ivyservice.resolveengine.graph.builder.DependencyGraphBuilder] Visiting configuration io.netty:netty-buffer:4.1.97.Final(compile).
2025-03-10T17:43:18.351+0800 [DEBUG] [org.gradle.api.internal.artifacts.ivyservice.resolveengine.graph.builder.NodeState] Changed edges for io.netty:netty-buffer:4.1.97.Final(compile) selects same versions as previous traversal. ignoring
2025-03-10T17:43:18.351+0800 [DEBUG] [org.gradle.api.internal.artifacts.ivyservice.resolveengine.graph.builder.DependencyGraphBuilder] Visiting configuration io.netty:netty-resolver:4.1.97.Final(compile).
2025-03-10T17:43:18.351+0800 [DEBUG] [org.gradle.api.internal.artifacts.ivyservice.resolveengine.graph.builder.DependencyGraphBuilder] Visiting configuration io.netty:netty-transport:4.1.97.Final(compile).
2025-03-10T17:43:18.351+0800 [DEBUG] [org.gradle.api.internal.artifacts.ivyservice.resolveengine.graph.builder.NodeState] Changed edges for io.netty:netty-transport:4.1.97.Final(compile) selects same versions as previous traversal. ignoring
2025-03-10T17:43:18.351+0800 [DEBUG] [org.gradle.api.internal.artifacts.ivyservice.resolveengine.graph.builder.DependencyGraphBuilder] Visiting configuration io.netty:netty-codec:4.1.97.Final(compile).
2025-03-10T17:43:18.351+0800 [DEBUG] [org.gradle.api.internal.artifacts.ivyservice.resolveengine.graph.builder.NodeState] Changed edges for io.netty:netty-codec:4.1.97.Final(compile) selects same versions as previous traversal. ignoring
2025-03-10T17:43:18.351+0800 [DEBUG] [org.gradle.api.internal.artifacts.ivyservice.resolveengine.graph.builder.DependencyGraphBuilder] Visiting configuration io.netty:netty-handler:4.1.97.Final(compile).
2025-03-10T17:43:18.351+0800 [DEBUG] [org.gradle.api.internal.artifacts.ivyservice.resolveengine.graph.builder.NodeState] Changed edges for io.netty:netty-handler:4.1.97.Final(compile) selects same versions as previous traversal. ignoring
2025-03-10T17:43:18.351+0800 [DEBUG] [org.gradle.api.internal.artifacts.ivyservice.resolveengine.graph.builder.DependencyGraphBuilder] Visiting configuration io.netty:netty-transport-native-unix-common:4.1.97.Final(compile).
2025-03-10T17:43:18.352+0800 [DEBUG] [org.gradle.api.internal.artifacts.ivyservice.resolveengine.graph.builder.NodeState] Changed edges for io.netty:netty-transport-native-unix-common:4.1.97.Final(compile) selects same versions as previous traversal. ignoring
2025-03-10T17:43:18.352+0800 [DEBUG] [org.gradle.api.internal.artifacts.ivyservice.resolveengine.graph.builder.DependencyGraphBuilder] Visiting configuration io.ktor:ktor-server-core:2.3.6(jvmApiElements-published).
2025-03-10T17:43:18.352+0800 [DEBUG] [org.gradle.api.internal.artifacts.ivyservice.resolveengine.graph.builder.NodeState] Changed edges for io.ktor:ktor-server-core:2.3.6(jvmApiElements-published) selects same versions as previous traversal. ignoring
2025-03-10T17:43:18.352+0800 [DEBUG] [org.gradle.api.internal.artifacts.ivyservice.resolveengine.graph.builder.DependencyGraphBuilder] Visiting configuration io.ktor:ktor-http-cio:2.3.6(jvmApiElements-published).
2025-03-10T17:43:18.352+0800 [DEBUG] [org.gradle.api.internal.artifacts.ivyservice.resolveengine.graph.builder.DependencyGraphBuilder] Visiting configuration io.ktor:ktor-bom:2.3.6(apiElements).
2025-03-10T17:43:18.352+0800 [DEBUG] [org.gradle.api.internal.artifacts.ivyservice.ivyresolve.RepositoryChainComponentMetaDataResolver] Attempting to resolve component for io.ktor:ktor-http-cio-jvm:2.3.6 using repositories [MavenRepo]
2025-03-10T17:43:18.352+0800 [DEBUG] [org.gradle.api.internal.artifacts.ivyservice.ivyresolve.CachingModuleComponentRepository] Using cached module metadata for module 'io.ktor:ktor-http-cio-jvm:2.3.6' in 'MavenRepo'
2025-03-10T17:43:18.352+0800 [DEBUG] [org.gradle.api.internal.artifacts.ivyservice.ivyresolve.RepositoryChainComponentMetaDataResolver] Using io.ktor:ktor-http-cio-jvm:2.3.6 from Maven repository 'MavenRepo'
2025-03-10T17:43:18.352+0800 [DEBUG] [org.gradle.api.internal.artifacts.ivyservice.resolveengine.graph.builder.DependencyGraphBuilder] Visiting configuration io.ktor:ktor-serialization:2.3.6(jvmApiElements-published).
2025-03-10T17:43:18.352+0800 [DEBUG] [org.gradle.api.internal.artifacts.ivyservice.resolveengine.graph.builder.NodeState] Changed edges for io.ktor:ktor-serialization:2.3.6(jvmApiElements-published) selects same versions as previous traversal. ignoring
2025-03-10T17:43:18.352+0800 [DEBUG] [org.gradle.api.internal.artifacts.ivyservice.resolveengine.graph.builder.DependencyGraphBuilder] Visiting configuration org.jetbrains.kotlinx:kotlinx-serialization-bom:1.5.1(platform-compile).
2025-03-10T17:43:18.352+0800 [DEBUG] [org.gradle.api.internal.artifacts.ivyservice.resolveengine.graph.builder.DependencyGraphBuilder] Visiting configuration org.jetbrains.kotlin:kotlin-stdlib:2.1.10(jvmApiElements).
2025-03-10T17:43:18.352+0800 [DEBUG] [org.gradle.api.internal.artifacts.ivyservice.resolveengine.graph.builder.NodeState] Changed edges for org.jetbrains.kotlin:kotlin-stdlib:2.1.10(jvmApiElements) selects same versions as previous traversal. ignoring
2025-03-10T17:43:18.352+0800 [DEBUG] [org.gradle.api.internal.artifacts.ivyservice.resolveengine.graph.builder.DependencyGraphBuilder] Visiting configuration org.jetbrains.kotlinx:kotlinx-serialization-core:1.5.1(jvmApiElements-published).
2025-03-10T17:43:18.352+0800 [DEBUG] [org.gradle.api.internal.artifacts.ivyservice.resolveengine.graph.builder.DependencyGraphBuilder] Visiting configuration org.jetbrains.kotlinx:kotlinx-serialization-bom:1.5.1(platform-compile).
2025-03-10T17:43:18.352+0800 [DEBUG] [org.gradle.api.internal.artifacts.ivyservice.ivyresolve.RepositoryChainComponentMetaDataResolver] Attempting to resolve component for org.jetbrains.kotlinx:kotlinx-serialization-core-jvm:1.5.1 using repositories [MavenRepo]
2025-03-10T17:43:18.352+0800 [DEBUG] [org.gradle.api.internal.artifacts.ivyservice.ivyresolve.CachingModuleComponentRepository] Using cached module metadata for module 'org.jetbrains.kotlinx:kotlinx-serialization-core-jvm:1.5.1' in 'MavenRepo'
2025-03-10T17:43:18.352+0800 [DEBUG] [org.gradle.api.internal.artifacts.ivyservice.ivyresolve.RepositoryChainComponentMetaDataResolver] Using org.jetbrains.kotlinx:kotlinx-serialization-core-jvm:1.5.1 from Maven repository 'MavenRepo'
2025-03-10T17:43:18.352+0800 [DEBUG] [org.gradle.api.internal.artifacts.ivyservice.resolveengine.graph.builder.DependencyGraphBuilder] Visiting configuration io.ktor:ktor-events:2.3.6(jvmApiElements-published).
2025-03-10T17:43:18.352+0800 [DEBUG] [org.gradle.api.internal.artifacts.ivyservice.resolveengine.graph.builder.NodeState] Changed edges for io.ktor:ktor-events:2.3.6(jvmApiElements-published) selects same versions as previous traversal. ignoring
2025-03-10T17:43:18.352+0800 [DEBUG] [org.gradle.api.internal.artifacts.ivyservice.resolveengine.graph.builder.DependencyGraphBuilder] Visiting configuration io.ktor:ktor-websocket-serialization:2.3.6(jvmApiElements-published).
2025-03-10T17:43:18.352+0800 [DEBUG] [org.gradle.api.internal.artifacts.ivyservice.resolveengine.graph.builder.NodeState] Changed edges for io.ktor:ktor-websocket-serialization:2.3.6(jvmApiElements-published) selects same versions as previous traversal. ignoring
2025-03-10T17:43:18.352+0800 [DEBUG] [org.gradle.api.internal.artifacts.ivyservice.resolveengine.graph.builder.DependencyGraphBuilder] Visiting configuration org.jetbrains.kotlinx:kotlinx-serialization-json:1.5.1(jvmApiElements-published).
2025-03-10T17:43:18.352+0800 [DEBUG] [org.gradle.api.internal.artifacts.ivyservice.resolveengine.graph.builder.NodeState] Changed edges for org.jetbrains.kotlinx:kotlinx-serialization-json:1.5.1(jvmApiElements-published) selects same versions as previous traversal. ignoring
2025-03-10T17:43:18.352+0800 [DEBUG] [org.gradle.api.internal.artifacts.ivyservice.resolveengine.graph.builder.DependencyGraphBuilder] Visiting configuration org.jetbrains:annotations:13.0(compile).
2025-03-10T17:43:18.352+0800 [DEBUG] [org.gradle.api.internal.artifacts.ivyservice.resolveengine.graph.builder.NodeState] version for org.jetbrains:annotations:13.0(compile) is not selected. ignoring.
2025-03-10T17:43:18.352+0800 [DEBUG] [org.gradle.api.internal.artifacts.ivyservice.resolveengine.graph.builder.DependencyGraphBuilder] Visiting configuration io.ktor:ktor-io-jvm:2.3.6(jvmApiElements-published).
2025-03-10T17:43:18.352+0800 [DEBUG] [org.gradle.internal.component.model.LoggingAttributeMatchingExplanationBuilder] Selected match org.gradle.internal.component.model.DefaultExternalComponentGraphResolveState$DefaultConfigurationGraphResolveState@38a17ebd from candidates [org.gradle.internal.component.model.DefaultExternalComponentGraphResolveState$DefaultConfigurationGraphResolveState@38a17ebd] for {org.gradle.category=library, org.gradle.dependency.bundling=external, org.gradle.jvm.environment=standard-jvm, org.gradle.jvm.version=11, org.gradle.libraryelements=classes, org.gradle.usage=java-api, org.jetbrains.kotlin.platform.type=jvm}
2025-03-10T17:43:18.352+0800 [DEBUG] [org.gradle.api.internal.artifacts.ivyservice.resolveengine.graph.builder.DependencyGraphBuilder] Visiting configuration io.netty:netty-common:4.1.97.Final(compile).
2025-03-10T17:43:18.352+0800 [DEBUG] [org.gradle.api.internal.artifacts.ivyservice.resolveengine.graph.builder.NodeState] Changed edges for io.netty:netty-common:4.1.97.Final(compile) selects same versions as previous traversal. ignoring
2025-03-10T17:43:18.352+0800 [DEBUG] [org.gradle.api.internal.artifacts.ivyservice.resolveengine.graph.builder.DependencyGraphBuilder] Visiting configuration io.ktor:ktor-http-cio-jvm:2.3.6(jvmApiElements-published).
2025-03-10T17:43:18.352+0800 [DEBUG] [org.gradle.internal.component.model.LoggingAttributeMatchingExplanationBuilder] Selected match org.gradle.internal.component.model.DefaultExternalComponentGraphResolveState$DefaultConfigurationGraphResolveState@38a17ebd from candidates [org.gradle.internal.component.model.DefaultExternalComponentGraphResolveState$DefaultConfigurationGraphResolveState@38a17ebd] for {org.gradle.category=library, org.gradle.dependency.bundling=external, org.gradle.jvm.environment=standard-jvm, org.gradle.jvm.version=11, org.gradle.libraryelements=classes, org.gradle.usage=java-api, org.jetbrains.kotlin.platform.type=jvm}
2025-03-10T17:43:18.352+0800 [DEBUG] [org.gradle.api.internal.artifacts.ivyservice.resolveengine.graph.builder.DependencyGraphBuilder] Visiting configuration io.ktor:ktor-bom:2.3.6(apiElements).
2025-03-10T17:43:18.352+0800 [DEBUG] [org.gradle.api.internal.artifacts.ivyservice.ivyresolve.RepositoryChainComponentMetaDataResolver] Attempting to resolve component for io.ktor:ktor-network:2.3.6 using repositories [MavenRepo]
2025-03-10T17:43:18.352+0800 [DEBUG] [org.gradle.api.internal.artifacts.ivyservice.ivyresolve.CachingModuleComponentRepository] Using cached module metadata for module 'io.ktor:ktor-network:2.3.6' in 'MavenRepo'
2025-03-10T17:43:18.352+0800 [DEBUG] [org.gradle.api.internal.artifacts.ivyservice.ivyresolve.RepositoryChainComponentMetaDataResolver] Using io.ktor:ktor-network:2.3.6 from Maven repository 'MavenRepo'
2025-03-10T17:43:18.352+0800 [DEBUG] [org.gradle.api.internal.artifacts.ivyservice.resolveengine.graph.builder.DependencyGraphBuilder] Visiting configuration org.jetbrains.kotlinx:kotlinx-serialization-json-jvm:1.5.1(jvmApiElements-published).
2025-03-10T17:43:18.352+0800 [DEBUG] [org.gradle.api.internal.artifacts.ivyservice.resolveengine.graph.builder.NodeState] Changed edges for org.jetbrains.kotlinx:kotlinx-serialization-json-jvm:1.5.1(jvmApiElements-published) selects same versions as previous traversal. ignoring
2025-03-10T17:43:18.352+0800 [DEBUG] [org.gradle.api.internal.artifacts.ivyservice.resolveengine.graph.builder.DependencyGraphBuilder] Visiting configuration org.jetbrains.kotlinx:kotlinx-serialization-core-jvm:1.5.1(jvmApiElements-published).
2025-03-10T17:43:18.352+0800 [DEBUG] [org.gradle.internal.component.model.LoggingAttributeMatchingExplanationBuilder] Selected match org.gradle.internal.component.model.DefaultExternalComponentGraphResolveState$DefaultConfigurationGraphResolveState@38a17ebd from candidates [org.gradle.internal.component.model.DefaultExternalComponentGraphResolveState$DefaultConfigurationGraphResolveState@38a17ebd] for {org.gradle.category=library, org.gradle.dependency.bundling=external, org.gradle.jvm.environment=standard-jvm, org.gradle.jvm.version=11, org.gradle.libraryelements=classes, org.gradle.usage=java-api, org.jetbrains.kotlin.platform.type=jvm}
2025-03-10T17:43:18.352+0800 [DEBUG] [org.gradle.api.internal.artifacts.ivyservice.resolveengine.graph.builder.DependencyGraphBuilder] Visiting configuration org.jetbrains.kotlin:kotlin-stdlib-jdk7:1.8.22(compile).
2025-03-10T17:43:18.352+0800 [DEBUG] [org.gradle.api.internal.artifacts.ivyservice.resolveengine.graph.builder.NodeState] Changed edges for org.jetbrains.kotlin:kotlin-stdlib-jdk7:1.8.22(compile) selects same versions as previous traversal. ignoring
2025-03-10T17:43:18.352+0800 [DEBUG] [org.gradle.api.internal.artifacts.ivyservice.resolveengine.graph.builder.DependencyGraphBuilder] Visiting configuration org.jetbrains.kotlin:kotlin-stdlib-jdk8:1.8.22(compile).
2025-03-10T17:43:18.352+0800 [DEBUG] [org.gradle.api.internal.artifacts.ivyservice.resolveengine.graph.builder.NodeState] Changed edges for org.jetbrains.kotlin:kotlin-stdlib-jdk8:1.8.22(compile) selects same versions as previous traversal. ignoring
2025-03-10T17:43:18.352+0800 [DEBUG] [org.gradle.api.internal.artifacts.ivyservice.resolveengine.graph.builder.DependencyGraphBuilder] Visiting configuration org.jetbrains.kotlinx:kotlinx-coroutines-jdk8:1.7.1(apiElements).
2025-03-10T17:43:18.352+0800 [DEBUG] [org.gradle.api.internal.artifacts.ivyservice.resolveengine.graph.builder.NodeState] Changed edges for org.jetbrains.kotlinx:kotlinx-coroutines-jdk8:1.7.1(apiElements) selects same versions as previous traversal. ignoring
2025-03-10T17:43:18.352+0800 [DEBUG] [org.gradle.api.internal.artifacts.ivyservice.resolveengine.graph.builder.DependencyGraphBuilder] Visiting configuration org.slf4j:slf4j-api:2.0.7(compile).
2025-03-10T17:43:18.352+0800 [DEBUG] [org.gradle.api.internal.artifacts.ivyservice.resolveengine.graph.builder.NodeState] Changed edges for org.slf4j:slf4j-api:2.0.7(compile) selects same versions as previous traversal. ignoring
2025-03-10T17:43:18.352+0800 [DEBUG] [org.gradle.api.internal.artifacts.ivyservice.resolveengine.graph.builder.DependencyGraphBuilder] Visiting configuration org.jetbrains.kotlinx:kotlinx-coroutines-core:1.7.1(jvmApiElements-published).
2025-03-10T17:43:18.352+0800 [DEBUG] [org.gradle.api.internal.artifacts.ivyservice.resolveengine.graph.builder.NodeState] Changed edges for org.jetbrains.kotlinx:kotlinx-coroutines-core:1.7.1(jvmApiElements-published) selects same versions as previous traversal. ignoring
2025-03-10T17:43:18.352+0800 [DEBUG] [org.gradle.api.internal.artifacts.ivyservice.resolveengine.graph.builder.DependencyGraphBuilder] Visiting configuration org.jetbrains.kotlin:kotlin-stdlib-common:2.1.10(stdlibCommonElements).
2025-03-10T17:43:18.352+0800 [DEBUG] [org.gradle.api.internal.artifacts.ivyservice.resolveengine.graph.builder.NodeState] Changed edges for org.jetbrains.kotlin:kotlin-stdlib-common:2.1.10(stdlibCommonElements) selects same versions as previous traversal. ignoring
2025-03-10T17:43:18.352+0800 [DEBUG] [org.gradle.api.internal.artifacts.ivyservice.resolveengine.graph.builder.DependencyGraphBuilder] Visiting configuration io.ktor:ktor-http:2.3.6(jvmApiElements-published).
2025-03-10T17:43:18.352+0800 [DEBUG] [org.gradle.api.internal.artifacts.ivyservice.resolveengine.graph.builder.NodeState] Changed edges for io.ktor:ktor-http:2.3.6(jvmApiElements-published) selects same versions as previous traversal. ignoring
2025-03-10T17:43:18.352+0800 [DEBUG] [org.gradle.api.internal.artifacts.ivyservice.resolveengine.graph.builder.DependencyGraphBuilder] Visiting configuration io.ktor:ktor-network:2.3.6(jvmApiElements-published).
2025-03-10T17:43:18.352+0800 [DEBUG] [org.gradle.api.internal.artifacts.ivyservice.resolveengine.graph.builder.DependencyGraphBuilder] Visiting configuration io.ktor:ktor-bom:2.3.6(apiElements).
2025-03-10T17:43:18.353+0800 [DEBUG] [org.gradle.api.internal.artifacts.ivyservice.ivyresolve.RepositoryChainComponentMetaDataResolver] Attempting to resolve component for io.ktor:ktor-network-jvm:2.3.6 using repositories [MavenRepo]
2025-03-10T17:43:18.353+0800 [DEBUG] [org.gradle.api.internal.artifacts.ivyservice.ivyresolve.CachingModuleComponentRepository] Using cached module metadata for module 'io.ktor:ktor-network-jvm:2.3.6' in 'MavenRepo'
2025-03-10T17:43:18.353+0800 [DEBUG] [org.gradle.api.internal.artifacts.ivyservice.ivyresolve.RepositoryChainComponentMetaDataResolver] Using io.ktor:ktor-network-jvm:2.3.6 from Maven repository 'MavenRepo'
2025-03-10T17:43:18.353+0800 [DEBUG] [org.gradle.api.internal.artifacts.ivyservice.resolveengine.graph.builder.DependencyGraphBuilder] Visiting configuration org.jetbrains.kotlinx:kotlinx-serialization-bom:1.5.1(platform-compile).
2025-03-10T17:43:18.353+0800 [DEBUG] [org.gradle.api.internal.artifacts.ivyservice.resolveengine.graph.builder.NodeState] Changed edges for org.jetbrains.kotlinx:kotlinx-serialization-bom:1.5.1(platform-compile) selects same versions as previous traversal. ignoring
2025-03-10T17:43:18.353+0800 [DEBUG] [org.gradle.api.internal.artifacts.ivyservice.resolveengine.graph.builder.DependencyGraphBuilder] Visiting configuration org.jetbrains.kotlin:kotlin-stdlib:2.1.10(jvmApiElements).
2025-03-10T17:43:18.353+0800 [DEBUG] [org.gradle.api.internal.artifacts.ivyservice.resolveengine.graph.builder.NodeState] Changed edges for org.jetbrains.kotlin:kotlin-stdlib:2.1.10(jvmApiElements) selects same versions as previous traversal. ignoring
2025-03-10T17:43:18.353+0800 [DEBUG] [org.gradle.api.internal.artifacts.ivyservice.resolveengine.graph.builder.DependencyGraphBuilder] Visiting configuration io.ktor:ktor-network-jvm:2.3.6(jvmApiElements-published).
2025-03-10T17:43:18.353+0800 [DEBUG] [org.gradle.internal.component.model.LoggingAttributeMatchingExplanationBuilder] Selected match org.gradle.internal.component.model.DefaultExternalComponentGraphResolveState$DefaultConfigurationGraphResolveState@38a17ebd from candidates [org.gradle.internal.component.model.DefaultExternalComponentGraphResolveState$DefaultConfigurationGraphResolveState@38a17ebd] for {org.gradle.category=library, org.gradle.dependency.bundling=external, org.gradle.jvm.environment=standard-jvm, org.gradle.jvm.version=11, org.gradle.libraryelements=classes, org.gradle.usage=java-api, org.jetbrains.kotlin.platform.type=jvm}
2025-03-10T17:43:18.353+0800 [DEBUG] [org.gradle.api.internal.artifacts.ivyservice.resolveengine.graph.builder.DependencyGraphBuilder] Visiting configuration org.jetbrains.kotlin:kotlin-stdlib-jdk7:1.8.22(compile).
2025-03-10T17:43:18.353+0800 [DEBUG] [org.gradle.api.internal.artifacts.ivyservice.resolveengine.graph.builder.NodeState] Changed edges for org.jetbrains.kotlin:kotlin-stdlib-jdk7:1.8.22(compile) selects same versions as previous traversal. ignoring
2025-03-10T17:43:18.353+0800 [DEBUG] [org.gradle.api.internal.artifacts.ivyservice.resolveengine.graph.builder.DependencyGraphBuilder] Visiting configuration org.jetbrains.kotlin:kotlin-stdlib-jdk8:1.8.22(compile).
2025-03-10T17:43:18.353+0800 [DEBUG] [org.gradle.api.internal.artifacts.ivyservice.resolveengine.graph.builder.NodeState] Changed edges for org.jetbrains.kotlin:kotlin-stdlib-jdk8:1.8.22(compile) selects same versions as previous traversal. ignoring
2025-03-10T17:43:18.353+0800 [DEBUG] [org.gradle.api.internal.artifacts.ivyservice.resolveengine.graph.builder.DependencyGraphBuilder] Visiting configuration org.jetbrains.kotlinx:kotlinx-coroutines-jdk8:1.7.1(apiElements).
2025-03-10T17:43:18.353+0800 [DEBUG] [org.gradle.api.internal.artifacts.ivyservice.resolveengine.graph.builder.NodeState] Changed edges for org.jetbrains.kotlinx:kotlinx-coroutines-jdk8:1.7.1(apiElements) selects same versions as previous traversal. ignoring
2025-03-10T17:43:18.353+0800 [DEBUG] [org.gradle.api.internal.artifacts.ivyservice.resolveengine.graph.builder.DependencyGraphBuilder] Visiting configuration org.slf4j:slf4j-api:2.0.7(compile).
2025-03-10T17:43:18.353+0800 [DEBUG] [org.gradle.api.internal.artifacts.ivyservice.resolveengine.graph.builder.NodeState] Changed edges for org.slf4j:slf4j-api:2.0.7(compile) selects same versions as previous traversal. ignoring
2025-03-10T17:43:18.353+0800 [DEBUG] [org.gradle.api.internal.artifacts.ivyservice.resolveengine.graph.builder.DependencyGraphBuilder] Visiting configuration org.jetbrains.kotlinx:kotlinx-coroutines-core:1.7.1(jvmApiElements-published).
2025-03-10T17:43:18.353+0800 [DEBUG] [org.gradle.api.internal.artifacts.ivyservice.resolveengine.graph.builder.NodeState] Changed edges for org.jetbrains.kotlinx:kotlinx-coroutines-core:1.7.1(jvmApiElements-published) selects same versions as previous traversal. ignoring
2025-03-10T17:43:18.353+0800 [DEBUG] [org.gradle.api.internal.artifacts.ivyservice.resolveengine.graph.builder.DependencyGraphBuilder] Visiting configuration org.jetbrains.kotlin:kotlin-stdlib-common:2.1.10(stdlibCommonElements).
2025-03-10T17:43:18.353+0800 [DEBUG] [org.gradle.api.internal.artifacts.ivyservice.resolveengine.graph.builder.NodeState] Changed edges for org.jetbrains.kotlin:kotlin-stdlib-common:2.1.10(stdlibCommonElements) selects same versions as previous traversal. ignoring
2025-03-10T17:43:18.353+0800 [DEBUG] [org.gradle.api.internal.artifacts.ivyservice.resolveengine.graph.builder.DependencyGraphBuilder] Visiting configuration io.ktor:ktor-utils:2.3.6(jvmApiElements-published).
2025-03-10T17:43:18.353+0800 [DEBUG] [org.gradle.api.internal.artifacts.ivyservice.resolveengine.graph.builder.NodeState] Changed edges for io.ktor:ktor-utils:2.3.6(jvmApiElements-published) selects same versions as previous traversal. ignoring
2025-03-10T17:43:18.353+0800 [DEBUG] [org.gradle.api.internal.artifacts.ivyservice.resolveengine.oldresult.TransientConfigurationResultsBuilder] Flushing resolved configuration data in Binary store in /Users/sam/.gradle/.tmp/gradle9872735857155707061.bin. Wrote root 1062.
2025-03-10T17:43:18.353+0800 [DEBUG] [org.gradle.internal.operations.DefaultBuildOperationRunner] Build operation 'Resolve dependencies of :compileClasspath' completed
2025-03-10T17:43:18.353+0800 [DEBUG] [org.gradle.internal.component.model.LoggingAttributeMatchingExplanationBuilder] Selected match org.jetbrains.exposed:exposed-dao:0.41.1 variant apiElements from candidates [org.jetbrains.exposed:exposed-dao:0.41.1 variant apiElements] for {org.gradle.category=library, org.gradle.dependency.bundling=external, org.gradle.jvm.environment=standard-jvm, org.gradle.jvm.version=11, org.gradle.libraryelements=classes, org.gradle.usage=java-api, org.jetbrains.kotlin.platform.type=jvm}
2025-03-10T17:43:18.353+0800 [DEBUG] [org.gradle.internal.component.model.LoggingAttributeMatchingExplanationBuilder] Selected match org.jetbrains.exposed:exposed-jdbc:0.41.1 variant apiElements from candidates [org.jetbrains.exposed:exposed-jdbc:0.41.1 variant apiElements] for {org.gradle.category=library, org.gradle.dependency.bundling=external, org.gradle.jvm.environment=standard-jvm, org.gradle.jvm.version=11, org.gradle.libraryelements=classes, org.gradle.usage=java-api, org.jetbrains.kotlin.platform.type=jvm}
2025-03-10T17:43:18.354+0800 [DEBUG] [org.gradle.internal.component.model.LoggingAttributeMatchingExplanationBuilder] Selected match org.jetbrains.exposed:exposed-java-time:0.41.1 variant apiElements from candidates [org.jetbrains.exposed:exposed-java-time:0.41.1 variant apiElements] for {org.gradle.category=library, org.gradle.dependency.bundling=external, org.gradle.jvm.environment=standard-jvm, org.gradle.jvm.version=11, org.gradle.libraryelements=classes, org.gradle.usage=java-api, org.jetbrains.kotlin.platform.type=jvm}
2025-03-10T17:43:18.354+0800 [DEBUG] [org.gradle.internal.component.model.LoggingAttributeMatchingExplanationBuilder] Selected match org.jetbrains.exposed:exposed-core:0.41.1 variant apiElements from candidates [org.jetbrains.exposed:exposed-core:0.41.1 variant apiElements] for {org.gradle.category=library, org.gradle.dependency.bundling=external, org.gradle.jvm.environment=standard-jvm, org.gradle.jvm.version=11, org.gradle.libraryelements=classes, org.gradle.usage=java-api, org.jetbrains.kotlin.platform.type=jvm}
2025-03-10T17:43:18.354+0800 [DEBUG] [org.gradle.internal.component.model.LoggingAttributeMatchingExplanationBuilder] Selected match io.ktor:ktor-bom:2.3.6 variant apiElements from candidates [io.ktor:ktor-bom:2.3.6 variant apiElements] for {org.gradle.category=platform, org.gradle.dependency.bundling=external, org.gradle.jvm.environment=standard-jvm, org.gradle.jvm.version=11, org.gradle.libraryelements=classes, org.gradle.usage=java-api, org.jetbrains.kotlin.platform.type=jvm}
2025-03-10T17:43:18.354+0800 [DEBUG] [org.gradle.internal.component.model.LoggingAttributeMatchingExplanationBuilder] Selected match io.ktor:ktor-server-websockets:2.3.6 variant jvmApiElements-published from candidates [io.ktor:ktor-server-websockets:2.3.6 variant jvmApiElements-published] for {org.gradle.category=library, org.gradle.dependency.bundling=external, org.gradle.jvm.environment=standard-jvm, org.gradle.jvm.version=11, org.gradle.libraryelements=classes, org.gradle.usage=java-api, org.jetbrains.kotlin.platform.type=jvm}
2025-03-10T17:43:18.354+0800 [DEBUG] [org.gradle.internal.component.model.LoggingAttributeMatchingExplanationBuilder] Selected match io.ktor:ktor-server-websockets-jvm:2.3.6 variant jvmApiElements-published from candidates [io.ktor:ktor-server-websockets-jvm:2.3.6 variant jvmApiElements-published] for {org.gradle.category=library, org.gradle.dependency.bundling=external, org.gradle.jvm.environment=standard-jvm, org.gradle.jvm.version=11, org.gradle.libraryelements=classes, org.gradle.usage=java-api, org.jetbrains.kotlin.platform.type=jvm}
2025-03-10T17:43:18.354+0800 [DEBUG] [org.gradle.internal.component.model.LoggingAttributeMatchingExplanationBuilder] Selected match io.ktor:ktor-server-content-negotiation:2.3.6 variant jvmApiElements-published from candidates [io.ktor:ktor-server-content-negotiation:2.3.6 variant jvmApiElements-published] for {org.gradle.category=library, org.gradle.dependency.bundling=external, org.gradle.jvm.environment=standard-jvm, org.gradle.jvm.version=11, org.gradle.libraryelements=classes, org.gradle.usage=java-api, org.jetbrains.kotlin.platform.type=jvm}
2025-03-10T17:43:18.354+0800 [DEBUG] [org.gradle.internal.component.model.LoggingAttributeMatchingExplanationBuilder] Selected match io.ktor:ktor-server-content-negotiation-jvm:2.3.6 variant jvmApiElements-published from candidates [io.ktor:ktor-server-content-negotiation-jvm:2.3.6 variant jvmApiElements-published] for {org.gradle.category=library, org.gradle.dependency.bundling=external, org.gradle.jvm.environment=standard-jvm, org.gradle.jvm.version=11, org.gradle.libraryelements=classes, org.gradle.usage=java-api, org.jetbrains.kotlin.platform.type=jvm}
2025-03-10T17:43:18.354+0800 [DEBUG] [org.gradle.internal.component.model.LoggingAttributeMatchingExplanationBuilder] Selected match io.ktor:ktor-server-cors:2.3.6 variant jvmApiElements-published from candidates [io.ktor:ktor-server-cors:2.3.6 variant jvmApiElements-published] for {org.gradle.category=library, org.gradle.dependency.bundling=external, org.gradle.jvm.environment=standard-jvm, org.gradle.jvm.version=11, org.gradle.libraryelements=classes, org.gradle.usage=java-api, org.jetbrains.kotlin.platform.type=jvm}
2025-03-10T17:43:18.354+0800 [DEBUG] [org.gradle.internal.component.model.LoggingAttributeMatchingExplanationBuilder] Selected match io.ktor:ktor-server-cors-jvm:2.3.6 variant jvmApiElements-published from candidates [io.ktor:ktor-server-cors-jvm:2.3.6 variant jvmApiElements-published] for {org.gradle.category=library, org.gradle.dependency.bundling=external, org.gradle.jvm.environment=standard-jvm, org.gradle.jvm.version=11, org.gradle.libraryelements=classes, org.gradle.usage=java-api, org.jetbrains.kotlin.platform.type=jvm}
2025-03-10T17:43:18.354+0800 [DEBUG] [org.gradle.internal.component.model.LoggingAttributeMatchingExplanationBuilder] Selected match io.ktor:ktor-server-auth:2.3.6 variant jvmApiElements-published from candidates [io.ktor:ktor-server-auth:2.3.6 variant jvmApiElements-published] for {org.gradle.category=library, org.gradle.dependency.bundling=external, org.gradle.jvm.environment=standard-jvm, org.gradle.jvm.version=11, org.gradle.libraryelements=classes, org.gradle.usage=java-api, org.jetbrains.kotlin.platform.type=jvm}
2025-03-10T17:43:18.354+0800 [DEBUG] [org.gradle.internal.component.model.LoggingAttributeMatchingExplanationBuilder] Selected match io.ktor:ktor-server-auth-jvm:2.3.6 variant jvmApiElements-published from candidates [io.ktor:ktor-server-auth-jvm:2.3.6 variant jvmApiElements-published] for {org.gradle.category=library, org.gradle.dependency.bundling=external, org.gradle.jvm.environment=standard-jvm, org.gradle.jvm.version=11, org.gradle.libraryelements=classes, org.gradle.usage=java-api, org.jetbrains.kotlin.platform.type=jvm}
2025-03-10T17:43:18.354+0800 [DEBUG] [org.gradle.internal.component.model.LoggingAttributeMatchingExplanationBuilder] Selected match io.ktor:ktor-server-netty:2.3.6 variant jvmApiElements-published from candidates [io.ktor:ktor-server-netty:2.3.6 variant jvmApiElements-published] for {org.gradle.category=library, org.gradle.dependency.bundling=external, org.gradle.jvm.environment=standard-jvm, org.gradle.jvm.version=11, org.gradle.libraryelements=classes, org.gradle.usage=java-api, org.jetbrains.kotlin.platform.type=jvm}
2025-03-10T17:43:18.354+0800 [DEBUG] [org.gradle.internal.component.model.LoggingAttributeMatchingExplanationBuilder] Selected match io.ktor:ktor-server-netty-jvm:2.3.6 variant jvmApiElements-published from candidates [io.ktor:ktor-server-netty-jvm:2.3.6 variant jvmApiElements-published] for {org.gradle.category=library, org.gradle.dependency.bundling=external, org.gradle.jvm.environment=standard-jvm, org.gradle.jvm.version=11, org.gradle.libraryelements=classes, org.gradle.usage=java-api, org.jetbrains.kotlin.platform.type=jvm}
2025-03-10T17:43:18.354+0800 [DEBUG] [org.gradle.internal.component.model.LoggingAttributeMatchingExplanationBuilder] Selected match io.ktor:ktor-server-host-common:2.3.6 variant jvmApiElements-published from candidates [io.ktor:ktor-server-host-common:2.3.6 variant jvmApiElements-published] for {org.gradle.category=library, org.gradle.dependency.bundling=external, org.gradle.jvm.environment=standard-jvm, org.gradle.jvm.version=11, org.gradle.libraryelements=classes, org.gradle.usage=java-api, org.jetbrains.kotlin.platform.type=jvm}
2025-03-10T17:43:18.354+0800 [DEBUG] [org.gradle.internal.component.model.LoggingAttributeMatchingExplanationBuilder] Selected match io.ktor:ktor-server-host-common-jvm:2.3.6 variant jvmApiElements-published from candidates [io.ktor:ktor-server-host-common-jvm:2.3.6 variant jvmApiElements-published] for {org.gradle.category=library, org.gradle.dependency.bundling=external, org.gradle.jvm.environment=standard-jvm, org.gradle.jvm.version=11, org.gradle.libraryelements=classes, org.gradle.usage=java-api, org.jetbrains.kotlin.platform.type=jvm}
2025-03-10T17:43:18.354+0800 [DEBUG] [org.gradle.internal.component.model.LoggingAttributeMatchingExplanationBuilder] Selected match io.ktor:ktor-server-sessions:2.3.6 variant jvmApiElements-published from candidates [io.ktor:ktor-server-sessions:2.3.6 variant jvmApiElements-published] for {org.gradle.category=library, org.gradle.dependency.bundling=external, org.gradle.jvm.environment=standard-jvm, org.gradle.jvm.version=11, org.gradle.libraryelements=classes, org.gradle.usage=java-api, org.jetbrains.kotlin.platform.type=jvm}
2025-03-10T17:43:18.354+0800 [DEBUG] [org.gradle.internal.component.model.LoggingAttributeMatchingExplanationBuilder] Selected match io.ktor:ktor-server-sessions-jvm:2.3.6 variant jvmApiElements-published from candidates [io.ktor:ktor-server-sessions-jvm:2.3.6 variant jvmApiElements-published] for {org.gradle.category=library, org.gradle.dependency.bundling=external, org.gradle.jvm.environment=standard-jvm, org.gradle.jvm.version=11, org.gradle.libraryelements=classes, org.gradle.usage=java-api, org.jetbrains.kotlin.platform.type=jvm}
2025-03-10T17:43:18.354+0800 [DEBUG] [org.gradle.internal.component.model.LoggingAttributeMatchingExplanationBuilder] Selected match io.ktor:ktor-server-core:2.3.6 variant jvmApiElements-published from candidates [io.ktor:ktor-server-core:2.3.6 variant jvmApiElements-published] for {org.gradle.category=library, org.gradle.dependency.bundling=external, org.gradle.jvm.environment=standard-jvm, org.gradle.jvm.version=11, org.gradle.libraryelements=classes, org.gradle.usage=java-api, org.jetbrains.kotlin.platform.type=jvm}
2025-03-10T17:43:18.354+0800 [DEBUG] [org.gradle.internal.component.model.LoggingAttributeMatchingExplanationBuilder] Selected match io.ktor:ktor-server-core-jvm:2.3.6 variant jvmApiElements-published from candidates [io.ktor:ktor-server-core-jvm:2.3.6 variant jvmApiElements-published] for {org.gradle.category=library, org.gradle.dependency.bundling=external, org.gradle.jvm.environment=standard-jvm, org.gradle.jvm.version=11, org.gradle.libraryelements=classes, org.gradle.usage=java-api, org.jetbrains.kotlin.platform.type=jvm}
2025-03-10T17:43:18.354+0800 [DEBUG] [org.gradle.internal.component.model.LoggingAttributeMatchingExplanationBuilder] Selected match io.ktor:ktor-serialization-kotlinx-json:2.3.6 variant jvmApiElements-published from candidates [io.ktor:ktor-serialization-kotlinx-json:2.3.6 variant jvmApiElements-published] for {org.gradle.category=library, org.gradle.dependency.bundling=external, org.gradle.jvm.environment=standard-jvm, org.gradle.jvm.version=11, org.gradle.libraryelements=classes, org.gradle.usage=java-api, org.jetbrains.kotlin.platform.type=jvm}
2025-03-10T17:43:18.354+0800 [DEBUG] [org.gradle.internal.component.model.LoggingAttributeMatchingExplanationBuilder] Selected match io.ktor:ktor-serialization-kotlinx-json-jvm:2.3.6 variant jvmApiElements-published from candidates [io.ktor:ktor-serialization-kotlinx-json-jvm:2.3.6 variant jvmApiElements-published] for {org.gradle.category=library, org.gradle.dependency.bundling=external, org.gradle.jvm.environment=standard-jvm, org.gradle.jvm.version=11, org.gradle.libraryelements=classes, org.gradle.usage=java-api, org.jetbrains.kotlin.platform.type=jvm}
2025-03-10T17:43:18.354+0800 [DEBUG] [org.gradle.internal.component.model.LoggingAttributeMatchingExplanationBuilder] Selected match io.ktor:ktor-client-core:2.3.6 variant jvmApiElements-published from candidates [io.ktor:ktor-client-core:2.3.6 variant jvmApiElements-published] for {org.gradle.category=library, org.gradle.dependency.bundling=external, org.gradle.jvm.environment=standard-jvm, org.gradle.jvm.version=11, org.gradle.libraryelements=classes, org.gradle.usage=java-api, org.jetbrains.kotlin.platform.type=jvm}
2025-03-10T17:43:18.354+0800 [DEBUG] [org.gradle.internal.component.model.LoggingAttributeMatchingExplanationBuilder] Selected match io.ktor:ktor-client-core-jvm:2.3.6 variant jvmApiElements-published from candidates [io.ktor:ktor-client-core-jvm:2.3.6 variant jvmApiElements-published] for {org.gradle.category=library, org.gradle.dependency.bundling=external, org.gradle.jvm.environment=standard-jvm, org.gradle.jvm.version=11, org.gradle.libraryelements=classes, org.gradle.usage=java-api, org.jetbrains.kotlin.platform.type=jvm}
2025-03-10T17:43:18.354+0800 [DEBUG] [org.gradle.internal.component.model.LoggingAttributeMatchingExplanationBuilder] Selected match io.ktor:ktor-websocket-serialization:2.3.6 variant jvmApiElements-published from candidates [io.ktor:ktor-websocket-serialization:2.3.6 variant jvmApiElements-published] for {org.gradle.category=library, org.gradle.dependency.bundling=external, org.gradle.jvm.environment=standard-jvm, org.gradle.jvm.version=11, org.gradle.libraryelements=classes, org.gradle.usage=java-api, org.jetbrains.kotlin.platform.type=jvm}
2025-03-10T17:43:18.354+0800 [DEBUG] [org.gradle.internal.component.model.LoggingAttributeMatchingExplanationBuilder] Selected match io.ktor:ktor-websocket-serialization-jvm:2.3.6 variant jvmApiElements-published from candidates [io.ktor:ktor-websocket-serialization-jvm:2.3.6 variant jvmApiElements-published] for {org.gradle.category=library, org.gradle.dependency.bundling=external, org.gradle.jvm.environment=standard-jvm, org.gradle.jvm.version=11, org.gradle.libraryelements=classes, org.gradle.usage=java-api, org.jetbrains.kotlin.platform.type=jvm}
2025-03-10T17:43:18.354+0800 [DEBUG] [org.gradle.internal.component.model.LoggingAttributeMatchingExplanationBuilder] Selected match io.ktor:ktor-serialization-kotlinx:2.3.6 variant jvmApiElements-published from candidates [io.ktor:ktor-serialization-kotlinx:2.3.6 variant jvmApiElements-published] for {org.gradle.category=library, org.gradle.dependency.bundling=external, org.gradle.jvm.environment=standard-jvm, org.gradle.jvm.version=11, org.gradle.libraryelements=classes, org.gradle.usage=java-api, org.jetbrains.kotlin.platform.type=jvm}
2025-03-10T17:43:18.354+0800 [DEBUG] [org.gradle.internal.component.model.LoggingAttributeMatchingExplanationBuilder] Selected match io.ktor:ktor-serialization-kotlinx-jvm:2.3.6 variant jvmApiElements-published from candidates [io.ktor:ktor-serialization-kotlinx-jvm:2.3.6 variant jvmApiElements-published] for {org.gradle.category=library, org.gradle.dependency.bundling=external, org.gradle.jvm.environment=standard-jvm, org.gradle.jvm.version=11, org.gradle.libraryelements=classes, org.gradle.usage=java-api, org.jetbrains.kotlin.platform.type=jvm}
2025-03-10T17:43:18.354+0800 [DEBUG] [org.gradle.internal.component.model.LoggingAttributeMatchingExplanationBuilder] Selected match io.ktor:ktor-serialization:2.3.6 variant jvmApiElements-published from candidates [io.ktor:ktor-serialization:2.3.6 variant jvmApiElements-published] for {org.gradle.category=library, org.gradle.dependency.bundling=external, org.gradle.jvm.environment=standard-jvm, org.gradle.jvm.version=11, org.gradle.libraryelements=classes, org.gradle.usage=java-api, org.jetbrains.kotlin.platform.type=jvm}
2025-03-10T17:43:18.354+0800 [DEBUG] [org.gradle.internal.component.model.LoggingAttributeMatchingExplanationBuilder] Selected match io.ktor:ktor-serialization-jvm:2.3.6 variant jvmApiElements-published from candidates [io.ktor:ktor-serialization-jvm:2.3.6 variant jvmApiElements-published] for {org.gradle.category=library, org.gradle.dependency.bundling=external, org.gradle.jvm.environment=standard-jvm, org.gradle.jvm.version=11, org.gradle.libraryelements=classes, org.gradle.usage=java-api, org.jetbrains.kotlin.platform.type=jvm}
2025-03-10T17:43:18.354+0800 [DEBUG] [org.gradle.internal.component.model.LoggingAttributeMatchingExplanationBuilder] Selected match io.ktor:ktor-events:2.3.6 variant jvmApiElements-published from candidates [io.ktor:ktor-events:2.3.6 variant jvmApiElements-published] for {org.gradle.category=library, org.gradle.dependency.bundling=external, org.gradle.jvm.environment=standard-jvm, org.gradle.jvm.version=11, org.gradle.libraryelements=classes, org.gradle.usage=java-api, org.jetbrains.kotlin.platform.type=jvm}
2025-03-10T17:43:18.354+0800 [DEBUG] [org.gradle.internal.component.model.LoggingAttributeMatchingExplanationBuilder] Selected match io.ktor:ktor-events-jvm:2.3.6 variant jvmApiElements-published from candidates [io.ktor:ktor-events-jvm:2.3.6 variant jvmApiElements-published] for {org.gradle.category=library, org.gradle.dependency.bundling=external, org.gradle.jvm.environment=standard-jvm, org.gradle.jvm.version=11, org.gradle.libraryelements=classes, org.gradle.usage=java-api, org.jetbrains.kotlin.platform.type=jvm}
2025-03-10T17:43:18.354+0800 [DEBUG] [org.gradle.internal.component.model.LoggingAttributeMatchingExplanationBuilder] Selected match io.ktor:ktor-websockets:2.3.6 variant jvmApiElements-published from candidates [io.ktor:ktor-websockets:2.3.6 variant jvmApiElements-published] for {org.gradle.category=library, org.gradle.dependency.bundling=external, org.gradle.jvm.environment=standard-jvm, org.gradle.jvm.version=11, org.gradle.libraryelements=classes, org.gradle.usage=java-api, org.jetbrains.kotlin.platform.type=jvm}
2025-03-10T17:43:18.354+0800 [DEBUG] [org.gradle.internal.component.model.LoggingAttributeMatchingExplanationBuilder] Selected match io.ktor:ktor-websockets-jvm:2.3.6 variant jvmApiElements-published from candidates [io.ktor:ktor-websockets-jvm:2.3.6 variant jvmApiElements-published] for {org.gradle.category=library, org.gradle.dependency.bundling=external, org.gradle.jvm.environment=standard-jvm, org.gradle.jvm.version=11, org.gradle.libraryelements=classes, org.gradle.usage=java-api, org.jetbrains.kotlin.platform.type=jvm}
2025-03-10T17:43:18.354+0800 [DEBUG] [org.gradle.internal.component.model.LoggingAttributeMatchingExplanationBuilder] Selected match io.ktor:ktor-http-cio:2.3.6 variant jvmApiElements-published from candidates [io.ktor:ktor-http-cio:2.3.6 variant jvmApiElements-published] for {org.gradle.category=library, org.gradle.dependency.bundling=external, org.gradle.jvm.environment=standard-jvm, org.gradle.jvm.version=11, org.gradle.libraryelements=classes, org.gradle.usage=java-api, org.jetbrains.kotlin.platform.type=jvm}
2025-03-10T17:43:18.354+0800 [DEBUG] [org.gradle.internal.component.model.LoggingAttributeMatchingExplanationBuilder] Selected match io.ktor:ktor-http-cio-jvm:2.3.6 variant jvmApiElements-published from candidates [io.ktor:ktor-http-cio-jvm:2.3.6 variant jvmApiElements-published] for {org.gradle.category=library, org.gradle.dependency.bundling=external, org.gradle.jvm.environment=standard-jvm, org.gradle.jvm.version=11, org.gradle.libraryelements=classes, org.gradle.usage=java-api, org.jetbrains.kotlin.platform.type=jvm}
2025-03-10T17:43:18.354+0800 [DEBUG] [org.gradle.internal.component.model.LoggingAttributeMatchingExplanationBuilder] Selected match io.ktor:ktor-http:2.3.6 variant jvmApiElements-published from candidates [io.ktor:ktor-http:2.3.6 variant jvmApiElements-published] for {org.gradle.category=library, org.gradle.dependency.bundling=external, org.gradle.jvm.environment=standard-jvm, org.gradle.jvm.version=11, org.gradle.libraryelements=classes, org.gradle.usage=java-api, org.jetbrains.kotlin.platform.type=jvm}
2025-03-10T17:43:18.354+0800 [DEBUG] [org.gradle.internal.component.model.LoggingAttributeMatchingExplanationBuilder] Selected match io.ktor:ktor-http-jvm:2.3.6 variant jvmApiElements-published from candidates [io.ktor:ktor-http-jvm:2.3.6 variant jvmApiElements-published] for {org.gradle.category=library, org.gradle.dependency.bundling=external, org.gradle.jvm.environment=standard-jvm, org.gradle.jvm.version=11, org.gradle.libraryelements=classes, org.gradle.usage=java-api, org.jetbrains.kotlin.platform.type=jvm}
2025-03-10T17:43:18.354+0800 [DEBUG] [org.gradle.internal.component.model.LoggingAttributeMatchingExplanationBuilder] Selected match io.ktor:ktor-network:2.3.6 variant jvmApiElements-published from candidates [io.ktor:ktor-network:2.3.6 variant jvmApiElements-published] for {org.gradle.category=library, org.gradle.dependency.bundling=external, org.gradle.jvm.environment=standard-jvm, org.gradle.jvm.version=11, org.gradle.libraryelements=classes, org.gradle.usage=java-api, org.jetbrains.kotlin.platform.type=jvm}
2025-03-10T17:43:18.354+0800 [DEBUG] [org.gradle.internal.component.model.LoggingAttributeMatchingExplanationBuilder] Selected match io.ktor:ktor-network-jvm:2.3.6 variant jvmApiElements-published from candidates [io.ktor:ktor-network-jvm:2.3.6 variant jvmApiElements-published] for {org.gradle.category=library, org.gradle.dependency.bundling=external, org.gradle.jvm.environment=standard-jvm, org.gradle.jvm.version=11, org.gradle.libraryelements=classes, org.gradle.usage=java-api, org.jetbrains.kotlin.platform.type=jvm}
2025-03-10T17:43:18.354+0800 [DEBUG] [org.gradle.internal.component.model.LoggingAttributeMatchingExplanationBuilder] Selected match io.ktor:ktor-utils:2.3.6 variant jvmApiElements-published from candidates [io.ktor:ktor-utils:2.3.6 variant jvmApiElements-published] for {org.gradle.category=library, org.gradle.dependency.bundling=external, org.gradle.jvm.environment=standard-jvm, org.gradle.jvm.version=11, org.gradle.libraryelements=classes, org.gradle.usage=java-api, org.jetbrains.kotlin.platform.type=jvm}
2025-03-10T17:43:18.354+0800 [DEBUG] [org.gradle.internal.component.model.LoggingAttributeMatchingExplanationBuilder] Selected match io.ktor:ktor-utils-jvm:2.3.6 variant jvmApiElements-published from candidates [io.ktor:ktor-utils-jvm:2.3.6 variant jvmApiElements-published] for {org.gradle.category=library, org.gradle.dependency.bundling=external, org.gradle.jvm.environment=standard-jvm, org.gradle.jvm.version=11, org.gradle.libraryelements=classes, org.gradle.usage=java-api, org.jetbrains.kotlin.platform.type=jvm}
2025-03-10T17:43:18.354+0800 [DEBUG] [org.gradle.internal.component.model.LoggingAttributeMatchingExplanationBuilder] Selected match io.ktor:ktor-io:2.3.6 variant jvmApiElements-published from candidates [io.ktor:ktor-io:2.3.6 variant jvmApiElements-published] for {org.gradle.category=library, org.gradle.dependency.bundling=external, org.gradle.jvm.environment=standard-jvm, org.gradle.jvm.version=11, org.gradle.libraryelements=classes, org.gradle.usage=java-api, org.jetbrains.kotlin.platform.type=jvm}
2025-03-10T17:43:18.354+0800 [DEBUG] [org.gradle.internal.component.model.LoggingAttributeMatchingExplanationBuilder] Selected match io.ktor:ktor-io-jvm:2.3.6 variant jvmApiElements-published from candidates [io.ktor:ktor-io-jvm:2.3.6 variant jvmApiElements-published] for {org.gradle.category=library, org.gradle.dependency.bundling=external, org.gradle.jvm.environment=standard-jvm, org.gradle.jvm.version=11, org.gradle.libraryelements=classes, org.gradle.usage=java-api, org.jetbrains.kotlin.platform.type=jvm}
2025-03-10T17:43:18.354+0800 [DEBUG] [org.gradle.internal.component.model.LoggingAttributeMatchingExplanationBuilder] Selected match org.jetbrains.kotlin:kotlin-stdlib-jdk8:1.8.22 configuration compile from candidates [org.jetbrains.kotlin:kotlin-stdlib-jdk8:1.8.22 configuration compile] for {org.gradle.category=library, org.gradle.dependency.bundling=external, org.gradle.jvm.environment=standard-jvm, org.gradle.jvm.version=11, org.gradle.libraryelements=classes, org.gradle.usage=java-api, org.jetbrains.kotlin.platform.type=jvm}
2025-03-10T17:43:18.354+0800 [DEBUG] [org.gradle.internal.component.model.LoggingAttributeMatchingExplanationBuilder] Selected match org.jetbrains.kotlin:kotlin-reflect:1.8.22 configuration compile from candidates [org.jetbrains.kotlin:kotlin-reflect:1.8.22 configuration compile] for {org.gradle.category=library, org.gradle.dependency.bundling=external, org.gradle.jvm.environment=standard-jvm, org.gradle.jvm.version=11, org.gradle.libraryelements=classes, org.gradle.usage=java-api, org.jetbrains.kotlin.platform.type=jvm}
2025-03-10T17:43:18.354+0800 [DEBUG] [org.gradle.internal.component.model.LoggingAttributeMatchingExplanationBuilder] Selected match org.jetbrains.kotlin:kotlin-stdlib-jdk7:1.8.22 configuration compile from candidates [org.jetbrains.kotlin:kotlin-stdlib-jdk7:1.8.22 configuration compile] for {org.gradle.category=library, org.gradle.dependency.bundling=external, org.gradle.jvm.environment=standard-jvm, org.gradle.jvm.version=11, org.gradle.libraryelements=classes, org.gradle.usage=java-api, org.jetbrains.kotlin.platform.type=jvm}
2025-03-10T17:43:18.354+0800 [DEBUG] [org.gradle.internal.component.model.LoggingAttributeMatchingExplanationBuilder] Selected match org.jetbrains.kotlinx:kotlinx-serialization-core:1.5.1 variant jvmApiElements-published from candidates [org.jetbrains.kotlinx:kotlinx-serialization-core:1.5.1 variant jvmApiElements-published] for {org.gradle.category=library, org.gradle.dependency.bundling=external, org.gradle.jvm.environment=standard-jvm, org.gradle.jvm.version=11, org.gradle.libraryelements=classes, org.gradle.usage=java-api, org.jetbrains.kotlin.platform.type=jvm}
2025-03-10T17:43:18.354+0800 [DEBUG] [org.gradle.internal.component.model.LoggingAttributeMatchingExplanationBuilder] Selected match org.jetbrains.kotlinx:kotlinx-serialization-core-jvm:1.5.1 variant jvmApiElements-published from candidates [org.jetbrains.kotlinx:kotlinx-serialization-core-jvm:1.5.1 variant jvmApiElements-published] for {org.gradle.category=library, org.gradle.dependency.bundling=external, org.gradle.jvm.environment=standard-jvm, org.gradle.jvm.version=11, org.gradle.libraryelements=classes, org.gradle.usage=java-api, org.jetbrains.kotlin.platform.type=jvm}
2025-03-10T17:43:18.354+0800 [DEBUG] [org.gradle.internal.component.model.LoggingAttributeMatchingExplanationBuilder] Selected match org.jetbrains.kotlinx:kotlinx-serialization-bom:1.5.1 configuration platform-compile from candidates [org.jetbrains.kotlinx:kotlinx-serialization-bom:1.5.1 configuration platform-compile] for {org.gradle.category=platform, org.gradle.dependency.bundling=external, org.gradle.jvm.environment=standard-jvm, org.gradle.jvm.version=11, org.gradle.libraryelements=classes, org.gradle.usage=java-api, org.jetbrains.kotlin.platform.type=jvm}
2025-03-10T17:43:18.354+0800 [DEBUG] [org.gradle.internal.component.model.LoggingAttributeMatchingExplanationBuilder] Selected match org.jetbrains.kotlinx:kotlinx-serialization-bom:1.5.1 configuration platform-compile from candidates [org.jetbrains.kotlinx:kotlinx-serialization-bom:1.5.1 configuration platform-compile] for {org.gradle.category=platform, org.gradle.dependency.bundling=external, org.gradle.jvm.environment=standard-jvm, org.gradle.jvm.version=11, org.gradle.libraryelements=classes, org.gradle.usage=java-api, org.jetbrains.kotlin.platform.type=jvm}
2025-03-10T17:43:18.354+0800 [DEBUG] [org.gradle.internal.component.model.LoggingAttributeMatchingExplanationBuilder] Selected match org.jetbrains.kotlinx:kotlinx-serialization-json:1.5.1 variant jvmApiElements-published from candidates [org.jetbrains.kotlinx:kotlinx-serialization-json:1.5.1 variant jvmApiElements-published] for {org.gradle.category=library, org.gradle.dependency.bundling=external, org.gradle.jvm.environment=standard-jvm, org.gradle.jvm.version=11, org.gradle.libraryelements=classes, org.gradle.usage=java-api, org.jetbrains.kotlin.platform.type=jvm}
2025-03-10T17:43:18.355+0800 [DEBUG] [org.gradle.internal.component.model.LoggingAttributeMatchingExplanationBuilder] Selected match org.jetbrains.kotlinx:kotlinx-serialization-json-jvm:1.5.1 variant jvmApiElements-published from candidates [org.jetbrains.kotlinx:kotlinx-serialization-json-jvm:1.5.1 variant jvmApiElements-published] for {org.gradle.category=library, org.gradle.dependency.bundling=external, org.gradle.jvm.environment=standard-jvm, org.gradle.jvm.version=11, org.gradle.libraryelements=classes, org.gradle.usage=java-api, org.jetbrains.kotlin.platform.type=jvm}
2025-03-10T17:43:18.355+0800 [DEBUG] [org.gradle.internal.component.model.LoggingAttributeMatchingExplanationBuilder] Selected match org.jetbrains.kotlinx:kotlinx-coroutines-bom:1.7.1 configuration platform-compile from candidates [org.jetbrains.kotlinx:kotlinx-coroutines-bom:1.7.1 configuration platform-compile] for {org.gradle.category=platform, org.gradle.dependency.bundling=external, org.gradle.jvm.environment=standard-jvm, org.gradle.jvm.version=11, org.gradle.libraryelements=classes, org.gradle.usage=java-api, org.jetbrains.kotlin.platform.type=jvm}
2025-03-10T17:43:18.355+0800 [DEBUG] [org.gradle.internal.component.model.LoggingAttributeMatchingExplanationBuilder] Selected match org.jetbrains.kotlinx:kotlinx-coroutines-bom:1.7.1 configuration platform-compile from candidates [org.jetbrains.kotlinx:kotlinx-coroutines-bom:1.7.1 configuration platform-compile] for {org.gradle.category=platform, org.gradle.dependency.bundling=external, org.gradle.jvm.environment=standard-jvm, org.gradle.jvm.version=11, org.gradle.libraryelements=classes, org.gradle.usage=java-api, org.jetbrains.kotlin.platform.type=jvm}
2025-03-10T17:43:18.355+0800 [DEBUG] [org.gradle.internal.component.model.LoggingAttributeMatchingExplanationBuilder] Selected match org.jetbrains.kotlinx:kotlinx-coroutines-jdk8:1.7.1 variant apiElements from candidates [org.jetbrains.kotlinx:kotlinx-coroutines-jdk8:1.7.1 variant apiElements] for {org.gradle.category=library, org.gradle.dependency.bundling=external, org.gradle.jvm.environment=standard-jvm, org.gradle.jvm.version=11, org.gradle.libraryelements=classes, org.gradle.usage=java-api, org.jetbrains.kotlin.platform.type=jvm}
2025-03-10T17:43:18.355+0800 [DEBUG] [org.gradle.internal.component.model.LoggingAttributeMatchingExplanationBuilder] Selected match org.jetbrains.kotlinx:kotlinx-coroutines-core:1.7.1 variant jvmApiElements-published from candidates [org.jetbrains.kotlinx:kotlinx-coroutines-core:1.7.1 variant jvmApiElements-published] for {org.gradle.category=library, org.gradle.dependency.bundling=external, org.gradle.jvm.environment=standard-jvm, org.gradle.jvm.version=11, org.gradle.libraryelements=classes, org.gradle.usage=java-api, org.jetbrains.kotlin.platform.type=jvm}
2025-03-10T17:43:18.355+0800 [DEBUG] [org.gradle.internal.component.model.LoggingAttributeMatchingExplanationBuilder] Selected match org.jetbrains.kotlinx:kotlinx-coroutines-core-jvm:1.7.1 variant jvmApiElements-published from candidates [org.jetbrains.kotlinx:kotlinx-coroutines-core-jvm:1.7.1 variant jvmApiElements-published] for {org.gradle.category=library, org.gradle.dependency.bundling=external, org.gradle.jvm.environment=standard-jvm, org.gradle.jvm.version=11, org.gradle.libraryelements=classes, org.gradle.usage=java-api, org.jetbrains.kotlin.platform.type=jvm}
2025-03-10T17:43:18.355+0800 [DEBUG] [org.gradle.internal.component.model.LoggingAttributeMatchingExplanationBuilder] Selected match org.jetbrains.kotlin:kotlin-stdlib-common:2.1.10 variant stdlibCommonElements from candidates [org.jetbrains.kotlin:kotlin-stdlib-common:2.1.10 variant stdlibCommonElements] for {org.gradle.category=library, org.gradle.dependency.bundling=external, org.gradle.jvm.environment=standard-jvm, org.gradle.jvm.version=11, org.gradle.libraryelements=classes, org.gradle.usage=java-api, org.jetbrains.kotlin.platform.type=jvm}
2025-03-10T17:43:18.355+0800 [DEBUG] [org.gradle.internal.component.model.LoggingAttributeMatchingExplanationBuilder] Selected match org.jetbrains.kotlin:kotlin-stdlib:2.1.10 variant jvmApiElements from candidates [org.jetbrains.kotlin:kotlin-stdlib:2.1.10 variant jvmApiElements] for {org.gradle.category=library, org.gradle.dependency.bundling=external, org.gradle.jvm.environment=standard-jvm, org.gradle.jvm.version=11, org.gradle.libraryelements=classes, org.gradle.usage=java-api, org.jetbrains.kotlin.platform.type=jvm}
2025-03-10T17:43:18.355+0800 [DEBUG] [org.gradle.internal.component.model.LoggingAttributeMatchingExplanationBuilder] Selected match org.eclipse.paho:org.eclipse.paho.client.mqttv3:1.2.5 configuration compile from candidates [org.eclipse.paho:org.eclipse.paho.client.mqttv3:1.2.5 configuration compile] for {org.gradle.category=library, org.gradle.dependency.bundling=external, org.gradle.jvm.environment=standard-jvm, org.gradle.jvm.version=11, org.gradle.libraryelements=classes, org.gradle.usage=java-api, org.jetbrains.kotlin.platform.type=jvm}
2025-03-10T17:43:18.355+0800 [DEBUG] [org.gradle.internal.component.model.LoggingAttributeMatchingExplanationBuilder] Selected match org.postgresql:postgresql:42.5.4 configuration compile from candidates [org.postgresql:postgresql:42.5.4 configuration compile] for {org.gradle.category=library, org.gradle.dependency.bundling=external, org.gradle.jvm.environment=standard-jvm, org.gradle.jvm.version=11, org.gradle.libraryelements=classes, org.gradle.usage=java-api, org.jetbrains.kotlin.platform.type=jvm}
2025-03-10T17:43:18.355+0800 [DEBUG] [org.gradle.internal.component.model.LoggingAttributeMatchingExplanationBuilder] Selected match com.zaxxer:HikariCP:5.0.1 configuration compile from candidates [com.zaxxer:HikariCP:5.0.1 configuration compile] for {org.gradle.category=library, org.gradle.dependency.bundling=external, org.gradle.jvm.environment=standard-jvm, org.gradle.jvm.version=11, org.gradle.libraryelements=classes, org.gradle.usage=java-api, org.jetbrains.kotlin.platform.type=jvm}
2025-03-10T17:43:18.355+0800 [DEBUG] [org.gradle.internal.component.model.LoggingAttributeMatchingExplanationBuilder] Selected match ch.qos.logback:logback-classic:1.4.11 configuration compile from candidates [ch.qos.logback:logback-classic:1.4.11 configuration compile] for {org.gradle.category=library, org.gradle.dependency.bundling=external, org.gradle.jvm.environment=standard-jvm, org.gradle.jvm.version=11, org.gradle.libraryelements=classes, org.gradle.usage=java-api, org.jetbrains.kotlin.platform.type=jvm}
2025-03-10T17:43:18.355+0800 [DEBUG] [org.gradle.internal.component.model.LoggingAttributeMatchingExplanationBuilder] Selected match org.jetbrains:annotations:23.0.0 configuration compile from candidates [org.jetbrains:annotations:23.0.0 configuration compile] for {org.gradle.category=library, org.gradle.dependency.bundling=external, org.gradle.jvm.environment=standard-jvm, org.gradle.jvm.version=11, org.gradle.libraryelements=classes, org.gradle.usage=java-api, org.jetbrains.kotlin.platform.type=jvm}
2025-03-10T17:43:18.355+0800 [DEBUG] [org.gradle.internal.component.model.LoggingAttributeMatchingExplanationBuilder] Selected match org.slf4j:slf4j-api:2.0.7 configuration compile from candidates [org.slf4j:slf4j-api:2.0.7 configuration compile] for {org.gradle.category=library, org.gradle.dependency.bundling=external, org.gradle.jvm.environment=standard-jvm, org.gradle.jvm.version=11, org.gradle.libraryelements=classes, org.gradle.usage=java-api, org.jetbrains.kotlin.platform.type=jvm}
2025-03-10T17:43:18.355+0800 [DEBUG] [org.gradle.internal.component.model.LoggingAttributeMatchingExplanationBuilder] Selected match ch.qos.logback:logback-core:1.4.11 configuration compile from candidates [ch.qos.logback:logback-core:1.4.11 configuration compile] for {org.gradle.category=library, org.gradle.dependency.bundling=external, org.gradle.jvm.environment=standard-jvm, org.gradle.jvm.version=11, org.gradle.libraryelements=classes, org.gradle.usage=java-api, org.jetbrains.kotlin.platform.type=jvm}
2025-03-10T17:43:18.355+0800 [DEBUG] [org.gradle.internal.component.model.LoggingAttributeMatchingExplanationBuilder] Selected match com.typesafe:config:1.4.2 configuration compile from candidates [com.typesafe:config:1.4.2 configuration compile] for {org.gradle.category=library, org.gradle.dependency.bundling=external, org.gradle.jvm.environment=standard-jvm, org.gradle.jvm.version=11, org.gradle.libraryelements=classes, org.gradle.usage=java-api, org.jetbrains.kotlin.platform.type=jvm}
2025-03-10T17:43:18.355+0800 [DEBUG] [org.gradle.internal.component.model.LoggingAttributeMatchingExplanationBuilder] Selected match io.netty:netty-codec-http2:4.1.97.Final configuration compile from candidates [io.netty:netty-codec-http2:4.1.97.Final configuration compile] for {org.gradle.category=library, org.gradle.dependency.bundling=external, org.gradle.jvm.environment=standard-jvm, org.gradle.jvm.version=11, org.gradle.libraryelements=classes, org.gradle.usage=java-api, org.jetbrains.kotlin.platform.type=jvm}
2025-03-10T17:43:18.355+0800 [DEBUG] [org.gradle.internal.component.model.LoggingAttributeMatchingExplanationBuilder] Selected match org.eclipse.jetty.alpn:alpn-api:1.1.3.v20160715 configuration compile from candidates [org.eclipse.jetty.alpn:alpn-api:1.1.3.v20160715 configuration compile] for {org.gradle.category=library, org.gradle.dependency.bundling=external, org.gradle.jvm.environment=standard-jvm, org.gradle.jvm.version=11, org.gradle.libraryelements=classes, org.gradle.usage=java-api, org.jetbrains.kotlin.platform.type=jvm}
2025-03-10T17:43:18.355+0800 [DEBUG] [org.gradle.internal.component.model.LoggingAttributeMatchingExplanationBuilder] Selected match io.netty:netty-transport-native-kqueue:4.1.97.Final configuration compile from candidates [io.netty:netty-transport-native-kqueue:4.1.97.Final configuration compile] for {org.gradle.category=library, org.gradle.dependency.bundling=external, org.gradle.jvm.environment=standard-jvm, org.gradle.jvm.version=11, org.gradle.libraryelements=classes, org.gradle.usage=java-api, org.jetbrains.kotlin.platform.type=jvm}
2025-03-10T17:43:18.355+0800 [DEBUG] [org.gradle.internal.component.model.LoggingAttributeMatchingExplanationBuilder] Selected match io.netty:netty-transport-native-epoll:4.1.97.Final configuration compile from candidates [io.netty:netty-transport-native-epoll:4.1.97.Final configuration compile] for {org.gradle.category=library, org.gradle.dependency.bundling=external, org.gradle.jvm.environment=standard-jvm, org.gradle.jvm.version=11, org.gradle.libraryelements=classes, org.gradle.usage=java-api, org.jetbrains.kotlin.platform.type=jvm}
2025-03-10T17:43:18.355+0800 [DEBUG] [org.gradle.internal.component.model.LoggingAttributeMatchingExplanationBuilder] Selected match io.netty:netty-codec-http:4.1.97.Final configuration compile from candidates [io.netty:netty-codec-http:4.1.97.Final configuration compile] for {org.gradle.category=library, org.gradle.dependency.bundling=external, org.gradle.jvm.environment=standard-jvm, org.gradle.jvm.version=11, org.gradle.libraryelements=classes, org.gradle.usage=java-api, org.jetbrains.kotlin.platform.type=jvm}
2025-03-10T17:43:18.355+0800 [DEBUG] [org.gradle.internal.component.model.LoggingAttributeMatchingExplanationBuilder] Selected match io.netty:netty-handler:4.1.97.Final configuration compile from candidates [io.netty:netty-handler:4.1.97.Final configuration compile] for {org.gradle.category=library, org.gradle.dependency.bundling=external, org.gradle.jvm.environment=standard-jvm, org.gradle.jvm.version=11, org.gradle.libraryelements=classes, org.gradle.usage=java-api, org.jetbrains.kotlin.platform.type=jvm}
2025-03-10T17:43:18.355+0800 [DEBUG] [org.gradle.internal.component.model.LoggingAttributeMatchingExplanationBuilder] Selected match io.netty:netty-codec:4.1.97.Final configuration compile from candidates [io.netty:netty-codec:4.1.97.Final configuration compile] for {org.gradle.category=library, org.gradle.dependency.bundling=external, org.gradle.jvm.environment=standard-jvm, org.gradle.jvm.version=11, org.gradle.libraryelements=classes, org.gradle.usage=java-api, org.jetbrains.kotlin.platform.type=jvm}
2025-03-10T17:43:18.355+0800 [DEBUG] [org.gradle.internal.component.model.LoggingAttributeMatchingExplanationBuilder] Selected match io.netty:netty-transport-classes-kqueue:4.1.97.Final configuration compile from candidates [io.netty:netty-transport-classes-kqueue:4.1.97.Final configuration compile] for {org.gradle.category=library, org.gradle.dependency.bundling=external, org.gradle.jvm.environment=standard-jvm, org.gradle.jvm.version=11, org.gradle.libraryelements=classes, org.gradle.usage=java-api, org.jetbrains.kotlin.platform.type=jvm}
2025-03-10T17:43:18.355+0800 [DEBUG] [org.gradle.internal.component.model.LoggingAttributeMatchingExplanationBuilder] Selected match io.netty:netty-transport-classes-epoll:4.1.97.Final configuration compile from candidates [io.netty:netty-transport-classes-epoll:4.1.97.Final configuration compile] for {org.gradle.category=library, org.gradle.dependency.bundling=external, org.gradle.jvm.environment=standard-jvm, org.gradle.jvm.version=11, org.gradle.libraryelements=classes, org.gradle.usage=java-api, org.jetbrains.kotlin.platform.type=jvm}
2025-03-10T17:43:18.355+0800 [DEBUG] [org.gradle.internal.component.model.LoggingAttributeMatchingExplanationBuilder] Selected match io.netty:netty-transport-native-unix-common:4.1.97.Final configuration compile from candidates [io.netty:netty-transport-native-unix-common:4.1.97.Final configuration compile] for {org.gradle.category=library, org.gradle.dependency.bundling=external, org.gradle.jvm.environment=standard-jvm, org.gradle.jvm.version=11, org.gradle.libraryelements=classes, org.gradle.usage=java-api, org.jetbrains.kotlin.platform.type=jvm}
2025-03-10T17:43:18.355+0800 [DEBUG] [org.gradle.internal.component.model.LoggingAttributeMatchingExplanationBuilder] Selected match io.netty:netty-transport:4.1.97.Final configuration compile from candidates [io.netty:netty-transport:4.1.97.Final configuration compile] for {org.gradle.category=library, org.gradle.dependency.bundling=external, org.gradle.jvm.environment=standard-jvm, org.gradle.jvm.version=11, org.gradle.libraryelements=classes, org.gradle.usage=java-api, org.jetbrains.kotlin.platform.type=jvm}
2025-03-10T17:43:18.355+0800 [DEBUG] [org.gradle.internal.component.model.LoggingAttributeMatchingExplanationBuilder] Selected match io.netty:netty-buffer:4.1.97.Final configuration compile from candidates [io.netty:netty-buffer:4.1.97.Final configuration compile] for {org.gradle.category=library, org.gradle.dependency.bundling=external, org.gradle.jvm.environment=standard-jvm, org.gradle.jvm.version=11, org.gradle.libraryelements=classes, org.gradle.usage=java-api, org.jetbrains.kotlin.platform.type=jvm}
2025-03-10T17:43:18.355+0800 [DEBUG] [org.gradle.internal.component.model.LoggingAttributeMatchingExplanationBuilder] Selected match io.netty:netty-resolver:4.1.97.Final configuration compile from candidates [io.netty:netty-resolver:4.1.97.Final configuration compile] for {org.gradle.category=library, org.gradle.dependency.bundling=external, org.gradle.jvm.environment=standard-jvm, org.gradle.jvm.version=11, org.gradle.libraryelements=classes, org.gradle.usage=java-api, org.jetbrains.kotlin.platform.type=jvm}
2025-03-10T17:43:18.355+0800 [DEBUG] [org.gradle.internal.component.model.LoggingAttributeMatchingExplanationBuilder] Selected match io.netty:netty-common:4.1.97.Final configuration compile from candidates [io.netty:netty-common:4.1.97.Final configuration compile] for {org.gradle.category=library, org.gradle.dependency.bundling=external, org.gradle.jvm.environment=standard-jvm, org.gradle.jvm.version=11, org.gradle.libraryelements=classes, org.gradle.usage=java-api, org.jetbrains.kotlin.platform.type=jvm}
2025-03-10T17:43:18.356+0800 [DEBUG] [org.gradle.api.internal.artifacts.ivyservice.ivyresolve.CachingModuleComponentRepository] Found artifact 'org.gradle.internal.component.external.model.UrlBackedArtifactMetadata@7b41918e' in resolver cache: /Users/sam/.gradle/caches/modules-2/files-2.1/org.jetbrains.exposed/exposed-jdbc/0.41.1/13aa3881ac29ae4890196d74812cfded1fae4b90/exposed-jdbc-0.41.1.jar
2025-03-10T17:43:18.356+0800 [DEBUG] [org.gradle.api.internal.artifacts.ivyservice.ivyresolve.CachingModuleComponentRepository] Found artifact 'org.gradle.internal.component.external.model.UrlBackedArtifactMetadata@7ac01e0b' in resolver cache: /Users/sam/.gradle/caches/modules-2/files-2.1/org.jetbrains.exposed/exposed-dao/0.41.1/a125d583f35b0611953de7607e1fecffa1bc8685/exposed-dao-0.41.1.jar
2025-03-10T17:43:18.356+0800 [DEBUG] [org.gradle.api.internal.artifacts.ivyservice.ivyresolve.CachingModuleComponentRepository] Found artifact 'org.gradle.internal.component.external.model.UrlBackedArtifactMetadata@5397b552' in resolver cache: /Users/sam/.gradle/caches/modules-2/files-2.1/io.ktor/ktor-server-content-negotiation-jvm/2.3.6/90486b015e1033ce62e976c300f9ef2968f34875/ktor-server-content-negotiation-jvm-2.3.6.jar
2025-03-10T17:43:18.359+0800 [DEBUG] [org.gradle.api.internal.artifacts.ivyservice.ivyresolve.CachingModuleComponentRepository] Found artifact 'org.gradle.internal.component.external.model.UrlBackedArtifactMetadata@522f4393' in resolver cache: /Users/sam/.gradle/caches/modules-2/files-2.1/io.ktor/ktor-server-core-jvm/2.3.6/42724e1cd2883bc1d1867b67d2dff708836a84fc/ktor-server-core-jvm-2.3.6.jar
2025-03-10T17:43:18.359+0800 [DEBUG] [org.gradle.api.internal.artifacts.ivyservice.ivyresolve.CachingModuleComponentRepository] Found artifact 'org.gradle.internal.component.external.model.UrlBackedArtifactMetadata@5f28f788' in resolver cache: /Users/sam/.gradle/caches/modules-2/files-2.1/io.ktor/ktor-server-netty-jvm/2.3.6/dd89a079ea09ecc3ebf3d1d647ae8e16f0c4ebdb/ktor-server-netty-jvm-2.3.6.jar
2025-03-10T17:43:18.359+0800 [DEBUG] [org.gradle.api.internal.artifacts.ivyservice.ivyresolve.CachingModuleComponentRepository] Found artifact 'org.gradle.internal.component.external.model.UrlBackedArtifactMetadata@3a68058b' in resolver cache: /Users/sam/.gradle/caches/modules-2/files-2.1/io.ktor/ktor-server-host-common-jvm/2.3.6/9d59f7198bb61a0873ddc91e5546715344622307/ktor-server-host-common-jvm-2.3.6.jar
2025-03-10T17:43:18.359+0800 [DEBUG] [org.gradle.api.internal.artifacts.ivyservice.ivyresolve.CachingModuleComponentRepository] Found artifact 'org.gradle.internal.component.external.model.UrlBackedArtifactMetadata@5b1768b5' in resolver cache: /Users/sam/.gradle/caches/modules-2/files-2.1/io.ktor/ktor-client-core-jvm/2.3.6/1d80e80aa69d0f01502aee14a8f3643ee5979caa/ktor-client-core-jvm-2.3.6.jar
2025-03-10T17:43:18.359+0800 [DEBUG] [org.gradle.api.internal.artifacts.ivyservice.ivyresolve.CachingModuleComponentRepository] Found artifact 'org.gradle.internal.component.external.model.UrlBackedArtifactMetadata@1e15fdb3' in resolver cache: /Users/sam/.gradle/caches/modules-2/files-2.1/io.ktor/ktor-websocket-serialization-jvm/2.3.6/9854724b2452f006ee3294da97a30658bf155747/ktor-websocket-serialization-jvm-2.3.6.jar
2025-03-10T17:43:18.359+0800 [DEBUG] [org.gradle.api.internal.artifacts.ivyservice.ivyresolve.CachingModuleComponentRepository] Found artifact 'org.gradle.internal.component.external.model.UrlBackedArtifactMetadata@3e57861e' in resolver cache: /Users/sam/.gradle/caches/modules-2/files-2.1/io.ktor/ktor-websockets-jvm/2.3.6/2445e00903b2d5ff718d2204ae454ed169ea6a6c/ktor-websockets-jvm-2.3.6.jar
2025-03-10T17:43:18.359+0800 [DEBUG] [org.gradle.api.internal.artifacts.ivyservice.ivyresolve.CachingModuleComponentRepository] Found artifact 'org.gradle.internal.component.external.model.UrlBackedArtifactMetadata@7b550fb0' in resolver cache: /Users/sam/.gradle/caches/modules-2/files-2.1/io.ktor/ktor-http-cio-jvm/2.3.6/562d00ab9b583e2251b297095784c317a56b7a75/ktor-http-cio-jvm-2.3.6.jar
2025-03-10T17:43:18.359+0800 [DEBUG] [org.gradle.api.internal.artifacts.ivyservice.ivyresolve.CachingModuleComponentRepository] Found artifact 'org.gradle.internal.component.external.model.UrlBackedArtifactMetadata@57a83bf8' in resolver cache: /Users/sam/.gradle/caches/modules-2/files-2.1/io.ktor/ktor-serialization-kotlinx-json-jvm/2.3.6/237629e3cb28a2e768c2abd36aab97cfad2c4eb6/ktor-serialization-kotlinx-json-jvm-2.3.6.jar
2025-03-10T17:43:18.360+0800 [DEBUG] [org.gradle.api.internal.artifacts.ivyservice.ivyresolve.CachingModuleComponentRepository] Found artifact 'org.gradle.internal.component.external.model.UrlBackedArtifactMetadata@3894faf7' in resolver cache: /Users/sam/.gradle/caches/modules-2/files-2.1/io.ktor/ktor-server-sessions-jvm/2.3.6/284ffa3d3083f628ec2ce2a263326749b896ca7c/ktor-server-sessions-jvm-2.3.6.jar
2025-03-10T17:43:18.359+0800 [DEBUG] [org.gradle.api.internal.artifacts.ivyservice.ivyresolve.CachingModuleComponentRepository] Found artifact 'org.gradle.internal.component.external.model.UrlBackedArtifactMetadata@305a5929' in resolver cache: /Users/sam/.gradle/caches/modules-2/files-2.1/io.ktor/ktor-http-jvm/2.3.6/550659a94f8b9ce66c27cef5eddd599cd96443a8/ktor-http-jvm-2.3.6.jar
2025-03-10T17:43:18.359+0800 [DEBUG] [org.gradle.internal.operations.DefaultBuildOperationRunner] Build operation 'Resolve ktor-server-core-jvm-2.3.6.jar (io.ktor:ktor-server-core-jvm:2.3.6)' completed
2025-03-10T17:43:18.360+0800 [DEBUG] [org.gradle.api.internal.artifacts.ivyservice.ivyresolve.CachingModuleComponentRepository] Found artifact 'org.gradle.internal.component.external.model.UrlBackedArtifactMetadata@4a6456f4' in resolver cache: /Users/sam/.gradle/caches/modules-2/files-2.1/io.ktor/ktor-utils-jvm/2.3.6/5deb03c1ee8ba69b200951c27358e0b812cb073e/ktor-utils-jvm-2.3.6.jar
2025-03-10T17:43:18.359+0800 [DEBUG] [org.gradle.api.internal.artifacts.ivyservice.ivyresolve.CachingModuleComponentRepository] Found artifact 'org.gradle.internal.component.external.model.UrlBackedArtifactMetadata@37cd349f' in resolver cache: /Users/sam/.gradle/caches/modules-2/files-2.1/io.ktor/ktor-events-jvm/2.3.6/7361b04c85d908d618848cf48851b92ece5e59ab/ktor-events-jvm-2.3.6.jar
2025-03-10T17:43:18.359+0800 [DEBUG] [org.gradle.api.internal.artifacts.ivyservice.ivyresolve.CachingModuleComponentRepository] Found artifact 'org.gradle.internal.component.external.model.UrlBackedArtifactMetadata@7f7e1a3e' in resolver cache: /Users/sam/.gradle/caches/modules-2/files-2.1/io.ktor/ktor-serialization-jvm/2.3.6/578d35a2dcc790fa0fcfb2f88c9a7fce98483ae5/ktor-serialization-jvm-2.3.6.jar
2025-03-10T17:43:18.360+0800 [DEBUG] [org.gradle.api.internal.artifacts.ivyservice.ivyresolve.CachingModuleComponentRepository] Found artifact 'kotlin-reflect-1.8.22.jar (org.jetbrains.kotlin:kotlin-reflect:1.8.22)' in resolver cache: /Users/sam/.gradle/caches/modules-2/files-2.1/org.jetbrains.kotlin/kotlin-reflect/1.8.22/b52be44bc57cb6fd2169a29aefa4507c4e49c858/kotlin-reflect-1.8.22.jar
2025-03-10T17:43:18.359+0800 [DEBUG] [org.gradle.api.internal.artifacts.ivyservice.ivyresolve.CachingModuleComponentRepository] Found artifact 'org.gradle.internal.component.external.model.UrlBackedArtifactMetadata@7eff858b' in resolver cache: /Users/sam/.gradle/caches/modules-2/files-2.1/io.ktor/ktor-serialization-kotlinx-jvm/2.3.6/47e4ea3a98141a9ed916ab4d7d7b3a8718d69fe8/ktor-serialization-kotlinx-jvm-2.3.6.jar
2025-03-10T17:43:18.360+0800 [DEBUG] [org.gradle.api.internal.artifacts.ivyservice.ivyresolve.CachingModuleComponentRepository] Found artifact 'kotlin-stdlib-jdk7-1.8.22.jar (org.jetbrains.kotlin:kotlin-stdlib-jdk7:1.8.22)' in resolver cache: /Users/sam/.gradle/caches/modules-2/files-2.1/org.jetbrains.kotlin/kotlin-stdlib-jdk7/1.8.22/4dabb8248310d833bb6a8b516024a91fd3d275c/kotlin-stdlib-jdk7-1.8.22.jar
2025-03-10T17:43:18.360+0800 [DEBUG] [org.gradle.api.internal.artifacts.ivyservice.ivyresolve.CachingModuleComponentRepository] Found artifact 'org.gradle.internal.component.external.model.UrlBackedArtifactMetadata@3bfd1430' in resolver cache: /Users/sam/.gradle/caches/modules-2/files-2.1/org.jetbrains.kotlinx/kotlinx-serialization-core-jvm/1.5.1/e26cf5dfbcfe3e82ca196694dfd305753b1a49b9/kotlinx-serialization-core-jvm-1.5.1.jar
2025-03-10T17:43:18.360+0800 [DEBUG] [org.gradle.api.internal.artifacts.ivyservice.ivyresolve.CachingModuleComponentRepository] Found artifact 'org.gradle.internal.component.external.model.UrlBackedArtifactMetadata@f5affef' in resolver cache: /Users/sam/.gradle/caches/modules-2/files-2.1/io.ktor/ktor-server-auth-jvm/2.3.6/dc0b1f7ef4285dc3391b5e6d174a835cf5d62084/ktor-server-auth-jvm-2.3.6.jar
2025-03-10T17:43:18.360+0800 [DEBUG] [org.gradle.api.internal.artifacts.ivyservice.ivyresolve.CachingModuleComponentRepository] Found artifact 'kotlin-stdlib-jdk8-1.8.22.jar (org.jetbrains.kotlin:kotlin-stdlib-jdk8:1.8.22)' in resolver cache: /Users/sam/.gradle/caches/modules-2/files-2.1/org.jetbrains.kotlin/kotlin-stdlib-jdk8/1.8.22/b25c86d47d6b962b9cf0f8c3f320c8a10eea3dd1/kotlin-stdlib-jdk8-1.8.22.jar
2025-03-10T17:43:18.360+0800 [DEBUG] [org.gradle.api.internal.artifacts.ivyservice.ivyresolve.CachingModuleComponentRepository] Found artifact 'org.gradle.internal.component.external.model.UrlBackedArtifactMetadata@3cab693d' in resolver cache: /Users/sam/.gradle/caches/modules-2/files-2.1/io.ktor/ktor-network-jvm/2.3.6/23ab56a7a6d3c6b1a32ccaf5a15ba8f9eda4916/ktor-network-jvm-2.3.6.jar
2025-03-10T17:43:18.361+0800 [DEBUG] [org.gradle.api.internal.artifacts.ivyservice.ivyresolve.CachingModuleComponentRepository] Found artifact 'org.gradle.internal.component.external.model.UrlBackedArtifactMetadata@79a9f0cc' in resolver cache: /Users/sam/.gradle/caches/modules-2/files-2.1/org.jetbrains.kotlin/kotlin-stdlib/2.1.10/d3028429e7151d7a7c1a0d63a4f60eac86a87b91/kotlin-stdlib-2.1.10.jar
2025-03-10T17:43:18.360+0800 [DEBUG] [org.gradle.api.internal.artifacts.ivyservice.ivyresolve.CachingModuleComponentRepository] Found artifact 'org.gradle.internal.component.external.model.UrlBackedArtifactMetadata@438974b3' in resolver cache: /Users/sam/.gradle/caches/modules-2/files-2.1/io.ktor/ktor-io-jvm/2.3.6/4b8aa5850072fa773ddd80104e5353e1325d2b6a/ktor-io-jvm-2.3.6.jar
2025-03-10T17:43:18.361+0800 [DEBUG] [org.gradle.internal.operations.DefaultBuildOperationRunner] Build operation 'Resolve ktor-io-jvm-2.3.6.jar (io.ktor:ktor-io-jvm:2.3.6)' completed
2025-03-10T17:43:18.360+0800 [DEBUG] [org.gradle.api.internal.artifacts.ivyservice.ivyresolve.CachingModuleComponentRepository] Found artifact 'org.gradle.internal.component.external.model.UrlBackedArtifactMetadata@48815ed0' in resolver cache: /Users/sam/.gradle/caches/modules-2/files-2.1/org.jetbrains.kotlinx/kotlinx-coroutines-core-jvm/1.7.1/63a0779cf668e2a47d13fda7c3b0c4f8dc7762f4/kotlinx-coroutines-core-jvm-1.7.1.jar
2025-03-10T17:43:18.360+0800 [DEBUG] [org.gradle.api.internal.artifacts.ivyservice.ivyresolve.CachingModuleComponentRepository] Found artifact 'org.gradle.internal.component.external.model.UrlBackedArtifactMetadata@315bc57d' in resolver cache: /Users/sam/.gradle/caches/modules-2/files-2.1/io.ktor/ktor-server-cors-jvm/2.3.6/8ca5563eeb951ac5995a80bfffedb64a0f62285f/ktor-server-cors-jvm-2.3.6.jar
2025-03-10T17:43:18.360+0800 [DEBUG] [org.gradle.api.internal.artifacts.ivyservice.ivyresolve.CachingModuleComponentRepository] Found artifact 'org.gradle.internal.component.external.model.UrlBackedArtifactMetadata@4ec0b97e' in resolver cache: /Users/sam/.gradle/caches/modules-2/files-2.1/io.ktor/ktor-server-websockets-jvm/2.3.6/75a49c2a21abbc7d5321b8af377cb22b68fe92c3/ktor-server-websockets-jvm-2.3.6.jar
2025-03-10T17:43:18.360+0800 [DEBUG] [org.gradle.api.internal.artifacts.ivyservice.ivyresolve.CachingModuleComponentRepository] Found artifact 'org.gradle.internal.component.external.model.UrlBackedArtifactMetadata@b656adc' in resolver cache: /Users/sam/.gradle/caches/modules-2/files-2.1/org.jetbrains.kotlinx/kotlinx-coroutines-jdk8/1.7.1/31b0f471577d3c228d331fde355e14ccb071c90a/kotlinx-coroutines-jdk8-1.7.1.jar
2025-03-10T17:43:18.361+0800 [DEBUG] [org.gradle.api.internal.artifacts.ivyservice.ivyresolve.CachingModuleComponentRepository] Found artifact 'config-1.4.2.jar (com.typesafe:config:1.4.2)' in resolver cache: /Users/sam/.gradle/caches/modules-2/files-2.1/com.typesafe/config/1.4.2/4c40a633e7994cfb0354244efb6d03fcb11c3ecf/config-1.4.2.jar
2025-03-10T17:43:18.361+0800 [DEBUG] [org.gradle.api.internal.artifacts.ivyservice.ivyresolve.CachingModuleComponentRepository] Found artifact 'org.gradle.internal.component.external.model.UrlBackedArtifactMetadata@3a7c9bb5' in resolver cache: /Users/sam/.gradle/caches/modules-2/files-2.1/org.jetbrains.kotlinx/kotlinx-serialization-json-jvm/1.5.1/21ac91884e0b9462b9106d1a83e5e0d200170c65/kotlinx-serialization-json-jvm-1.5.1.jar
2025-03-10T17:43:18.361+0800 [DEBUG] [org.gradle.api.internal.artifacts.ivyservice.ivyresolve.CachingModuleComponentRepository] Found artifact 'logback-core-1.4.11.jar (ch.qos.logback:logback-core:1.4.11)' in resolver cache: /Users/sam/.gradle/caches/modules-2/files-2.1/ch.qos.logback/logback-core/1.4.11/2f9f280219a9922a74200eaf7138c4c17fb87c0f/logback-core-1.4.11.jar
2025-03-10T17:43:18.361+0800 [DEBUG] [org.gradle.api.internal.artifacts.ivyservice.ivyresolve.CachingModuleComponentRepository] Found artifact 'org.gradle.internal.component.external.model.UrlBackedArtifactMetadata@590978fa' in resolver cache: /Users/sam/.gradle/caches/modules-2/files-2.1/org.jetbrains.exposed/exposed-core/0.41.1/9beb750a4ebd55009dc9cb138f62adae21772c65/exposed-core-0.41.1.jar
2025-03-10T17:43:18.362+0800 [DEBUG] [org.gradle.api.internal.artifacts.ivyservice.ivyresolve.CachingModuleComponentRepository] Found artifact 'slf4j-api-2.0.7.jar (org.slf4j:slf4j-api:2.0.7)' in resolver cache: /Users/sam/.gradle/caches/modules-2/files-2.1/org.slf4j/slf4j-api/2.0.7/41eb7184ea9d556f23e18b5cb99cad1f8581fc00/slf4j-api-2.0.7.jar
2025-03-10T17:43:18.361+0800 [DEBUG] [org.gradle.api.internal.artifacts.ivyservice.ivyresolve.CachingModuleComponentRepository] Found artifact 'org.gradle.internal.component.external.model.UrlBackedArtifactMetadata@716917ae' in resolver cache: /Users/sam/.gradle/caches/modules-2/files-2.1/org.jetbrains.exposed/exposed-java-time/0.41.1/4211022e682c489af30a32085873e096a7582a12/exposed-java-time-0.41.1.jar
2025-03-10T17:43:18.361+0800 [DEBUG] [org.gradle.api.internal.artifacts.ivyservice.ivyresolve.CachingModuleComponentRepository] Found artifact 'annotations-23.0.0.jar (org.jetbrains:annotations:23.0.0)' in resolver cache: /Users/sam/.gradle/caches/modules-2/files-2.1/org.jetbrains/annotations/23.0.0/8cc20c07506ec18e0834947b84a864bfc094484e/annotations-23.0.0.jar
2025-03-10T17:43:18.362+0800 [DEBUG] [org.gradle.api.internal.artifacts.ivyservice.ivyresolve.CachingModuleComponentRepository] Found artifact 'netty-handler-4.1.97.Final.jar (io.netty:netty-handler:4.1.97.Final)' in resolver cache: /Users/sam/.gradle/caches/modules-2/files-2.1/io.netty/netty-handler/4.1.97.Final/abb86c6906bf512bf2b797a41cd7d2e8d3cd7c36/netty-handler-4.1.97.Final.jar
2025-03-10T17:43:18.361+0800 [DEBUG] [org.gradle.api.internal.artifacts.ivyservice.ivyresolve.CachingModuleComponentRepository] Found artifact 'logback-classic-1.4.11.jar (ch.qos.logback:logback-classic:1.4.11)' in resolver cache: /Users/sam/.gradle/caches/modules-2/files-2.1/ch.qos.logback/logback-classic/1.4.11/54450c0c783e896a1a6d88c043bd2f1daba1c382/logback-classic-1.4.11.jar
2025-03-10T17:43:18.361+0800 [DEBUG] [org.gradle.api.internal.artifacts.ivyservice.ivyresolve.CachingModuleComponentRepository] Found artifact 'HikariCP-5.0.1.jar (com.zaxxer:HikariCP:5.0.1)' in resolver cache: /Users/sam/.gradle/caches/modules-2/files-2.1/com.zaxxer/HikariCP/5.0.1/a74c7f0a37046846e88d54f7cb6ea6d565c65f9c/HikariCP-5.0.1.jar
2025-03-10T17:43:18.362+0800 [DEBUG] [org.gradle.api.internal.artifacts.ivyservice.ivyresolve.CachingModuleComponentRepository] Found artifact 'netty-transport-classes-kqueue-4.1.97.Final.jar (io.netty:netty-transport-classes-kqueue:4.1.97.Final)' in resolver cache: /Users/sam/.gradle/caches/modules-2/files-2.1/io.netty/netty-transport-classes-kqueue/4.1.97.Final/29be6504ec6d9f5a173dfe562196998b2b365502/netty-transport-classes-kqueue-4.1.97.Final.jar
2025-03-10T17:43:18.361+0800 [DEBUG] [org.gradle.api.internal.artifacts.ivyservice.ivyresolve.CachingModuleComponentRepository] Found artifact 'postgresql-42.5.4.jar (org.postgresql:postgresql:42.5.4)' in resolver cache: /Users/sam/.gradle/caches/modules-2/files-2.1/org.postgresql/postgresql/42.5.4/15015a54f15e340a9a8a6a2c5457429cb1176b8/postgresql-42.5.4.jar
2025-03-10T17:43:18.361+0800 [DEBUG] [org.gradle.api.internal.artifacts.ivyservice.ivyresolve.CachingModuleComponentRepository] Found artifact 'org.eclipse.paho.client.mqttv3-1.2.5.jar (org.eclipse.paho:org.eclipse.paho.client.mqttv3:1.2.5)' in resolver cache: /Users/sam/.gradle/caches/modules-2/files-2.1/org.eclipse.paho/org.eclipse.paho.client.mqttv3/1.2.5/1546cfc794449c39ad569853843a930104fdc297/org.eclipse.paho.client.mqttv3-1.2.5.jar
2025-03-10T17:43:18.362+0800 [DEBUG] [org.gradle.api.internal.artifacts.ivyservice.ivyresolve.CachingModuleComponentRepository] Found artifact 'netty-transport-native-unix-common-4.1.97.Final.jar (io.netty:netty-transport-native-unix-common:4.1.97.Final)' in resolver cache: /Users/sam/.gradle/caches/modules-2/files-2.1/io.netty/netty-transport-native-unix-common/4.1.97.Final/d469d84265ab70095b01b40886cabdd433b6e664/netty-transport-native-unix-common-4.1.97.Final.jar
2025-03-10T17:43:18.362+0800 [DEBUG] [org.gradle.api.internal.artifacts.ivyservice.ivyresolve.CachingModuleComponentRepository] Found artifact 'netty-transport-classes-epoll-4.1.97.Final.jar (io.netty:netty-transport-classes-epoll:4.1.97.Final)' in resolver cache: /Users/sam/.gradle/caches/modules-2/files-2.1/io.netty/netty-transport-classes-epoll/4.1.97.Final/795da37ded759e862457a82d9d92c4d39ce8ecee/netty-transport-classes-epoll-4.1.97.Final.jar
2025-03-10T17:43:18.362+0800 [DEBUG] [org.gradle.internal.operations.DefaultBuildOperationRunner] Build operation 'Resolve HikariCP-5.0.1.jar (com.zaxxer:HikariCP:5.0.1)' completed
2025-03-10T17:43:18.362+0800 [DEBUG] [org.gradle.api.internal.artifacts.ivyservice.ivyresolve.CachingModuleComponentRepository] Found artifact 'netty-codec-4.1.97.Final.jar (io.netty:netty-codec:4.1.97.Final)' in resolver cache: /Users/sam/.gradle/caches/modules-2/files-2.1/io.netty/netty-codec/4.1.97.Final/384ba4d75670befbedb45c4d3b497a93639c206d/netty-codec-4.1.97.Final.jar
2025-03-10T17:43:18.362+0800 [DEBUG] [org.gradle.api.internal.artifacts.ivyservice.ivyresolve.CachingModuleComponentRepository] Found artifact 'netty-codec-http-4.1.97.Final.jar (io.netty:netty-codec-http:4.1.97.Final)' in resolver cache: /Users/sam/.gradle/caches/modules-2/files-2.1/io.netty/netty-codec-http/4.1.97.Final/af78acec783ffd77c63d8aeecc21041fd39ac54f/netty-codec-http-4.1.97.Final.jar
2025-03-10T17:43:18.362+0800 [DEBUG] [org.gradle.api.internal.artifacts.ivyservice.ivyresolve.CachingModuleComponentRepository] Found artifact 'netty-transport-native-epoll-4.1.97.Final.jar (io.netty:netty-transport-native-epoll:4.1.97.Final)' in resolver cache: /Users/sam/.gradle/caches/modules-2/files-2.1/io.netty/netty-transport-native-epoll/4.1.97.Final/d569aa0dbbe7bccac689a69ca2a15c7eae2bc619/netty-transport-native-epoll-4.1.97.Final.jar
2025-03-10T17:43:18.361+0800 [DEBUG] [org.gradle.api.internal.artifacts.ivyservice.ivyresolve.CachingModuleComponentRepository] Found artifact 'alpn-api-1.1.3.v20160715.jar (org.eclipse.jetty.alpn:alpn-api:1.1.3.v20160715)' in resolver cache: /Users/sam/.gradle/caches/modules-2/files-2.1/org.eclipse.jetty.alpn/alpn-api/1.1.3.v20160715/a1bf3a937f91b4c953acd13e8c9552347adc2198/alpn-api-1.1.3.v20160715.jar
2025-03-10T17:43:18.363+0800 [DEBUG] [org.gradle.api.internal.artifacts.ivyservice.ivyresolve.CachingModuleComponentRepository] Found artifact 'netty-transport-native-kqueue-4.1.97.Final.jar (io.netty:netty-transport-native-kqueue:4.1.97.Final)' in resolver cache: /Users/sam/.gradle/caches/modules-2/files-2.1/io.netty/netty-transport-native-kqueue/4.1.97.Final/68268a71eb3061068a3c082ab1ecf77bee73b3a7/netty-transport-native-kqueue-4.1.97.Final.jar
2025-03-10T17:43:18.361+0800 [DEBUG] [org.gradle.api.internal.artifacts.ivyservice.ivyresolve.CachingModuleComponentRepository] Found artifact 'netty-codec-http2-4.1.97.Final.jar (io.netty:netty-codec-http2:4.1.97.Final)' in resolver cache: /Users/sam/.gradle/caches/modules-2/files-2.1/io.netty/netty-codec-http2/4.1.97.Final/893888d09a7bef0d0ba973d7471943e765d0fd08/netty-codec-http2-4.1.97.Final.jar
2025-03-10T17:43:18.362+0800 [DEBUG] [org.gradle.api.internal.artifacts.ivyservice.ivyresolve.CachingModuleComponentRepository] Found artifact 'netty-common-4.1.97.Final.jar (io.netty:netty-common:4.1.97.Final)' in resolver cache: /Users/sam/.gradle/caches/modules-2/files-2.1/io.netty/netty-common/4.1.97.Final/7cceacaf11df8dc63f23d0fb58e9d4640fc88404/netty-common-4.1.97.Final.jar
2025-03-10T17:43:18.363+0800 [DEBUG] [org.gradle.internal.operations.DefaultBuildOperationRunner] Build operation 'Resolve netty-common-4.1.97.Final.jar (io.netty:netty-common:4.1.97.Final)' completed
2025-03-10T17:43:18.362+0800 [DEBUG] [org.gradle.api.internal.artifacts.ivyservice.ivyresolve.CachingModuleComponentRepository] Found artifact 'netty-resolver-4.1.97.Final.jar (io.netty:netty-resolver:4.1.97.Final)' in resolver cache: /Users/sam/.gradle/caches/modules-2/files-2.1/io.netty/netty-resolver/4.1.97.Final/cec8348108dc76c47cf87c669d514be52c922144/netty-resolver-4.1.97.Final.jar
2025-03-10T17:43:18.362+0800 [DEBUG] [org.gradle.api.internal.artifacts.ivyservice.ivyresolve.CachingModuleComponentRepository] Found artifact 'netty-buffer-4.1.97.Final.jar (io.netty:netty-buffer:4.1.97.Final)' in resolver cache: /Users/sam/.gradle/caches/modules-2/files-2.1/io.netty/netty-buffer/4.1.97.Final/f8f3d8644afa5e6e1a40a3a6aeb9d9aa970ecb4f/netty-buffer-4.1.97.Final.jar
2025-03-10T17:43:18.362+0800 [DEBUG] [org.gradle.api.internal.artifacts.ivyservice.ivyresolve.CachingModuleComponentRepository] Found artifact 'netty-transport-4.1.97.Final.jar (io.netty:netty-transport:4.1.97.Final)' in resolver cache: /Users/sam/.gradle/caches/modules-2/files-2.1/io.netty/netty-transport/4.1.97.Final/f37380d23c9bb079bc702910833b2fd532c9abd0/netty-transport-4.1.97.Final.jar
2025-03-10T17:43:18.364+0800 [DEBUG] [org.gradle.internal.resources.AbstractTrackedResourceLock] Execution worker: released lock on state of build :
2025-03-10T17:43:18.364+0800 [DEBUG] [org.gradle.internal.resources.AbstractTrackedResourceLock] Execution worker: released lock on worker lease
2025-03-10T17:43:18.364+0800 [DEBUG] [org.gradle.internal.resources.AbstractTrackedResourceLock] Execution worker: acquired lock on state of build :
2025-03-10T17:43:18.364+0800 [DEBUG] [org.gradle.internal.resources.AbstractTrackedResourceLock] Execution worker: acquired lock on worker lease
2025-03-10T17:43:18.364+0800 [DEBUG] [org.gradle.internal.operations.DefaultBuildOperationRunner] Build operation 'Resolve files of configuration ':compileClasspath'' completed
2025-03-10T17:43:18.364+0800 [DEBUG] [org.gradle.internal.component.model.LoggingAttributeMatchingExplanationBuilder] Candidate exposed-dao-0.41.1.jar doesn't match attributes {artifactType=classpath-entry-snapshot}
2025-03-10T17:43:18.364+0800 [DEBUG] [org.gradle.internal.component.model.LoggingAttributeMatchingExplanationBuilder] Candidate exposed-jdbc-0.41.1.jar doesn't match attributes {artifactType=classpath-entry-snapshot}
2025-03-10T17:43:18.364+0800 [DEBUG] [org.gradle.internal.component.model.LoggingAttributeMatchingExplanationBuilder] Candidate exposed-java-time-0.41.1.jar doesn't match attributes {artifactType=classpath-entry-snapshot}
2025-03-10T17:43:18.364+0800 [DEBUG] [org.gradle.internal.component.model.LoggingAttributeMatchingExplanationBuilder] Candidate exposed-core-0.41.1.jar doesn't match attributes {artifactType=classpath-entry-snapshot}
2025-03-10T17:43:18.364+0800 [DEBUG] [org.gradle.internal.component.model.LoggingAttributeMatchingExplanationBuilder] Candidate ktor-server-websockets-jvm-2.3.6.jar doesn't match attributes {artifactType=classpath-entry-snapshot}
2025-03-10T17:43:18.364+0800 [DEBUG] [org.gradle.internal.component.model.LoggingAttributeMatchingExplanationBuilder] Candidate ktor-server-content-negotiation-jvm-2.3.6.jar doesn't match attributes {artifactType=classpath-entry-snapshot}
2025-03-10T17:43:18.364+0800 [DEBUG] [org.gradle.internal.component.model.LoggingAttributeMatchingExplanationBuilder] Candidate ktor-server-cors-jvm-2.3.6.jar doesn't match attributes {artifactType=classpath-entry-snapshot}
2025-03-10T17:43:18.364+0800 [DEBUG] [org.gradle.internal.component.model.LoggingAttributeMatchingExplanationBuilder] Candidate ktor-server-auth-jvm-2.3.6.jar doesn't match attributes {artifactType=classpath-entry-snapshot}
2025-03-10T17:43:18.364+0800 [DEBUG] [org.gradle.internal.component.model.LoggingAttributeMatchingExplanationBuilder] Candidate ktor-server-netty-jvm-2.3.6.jar doesn't match attributes {artifactType=classpath-entry-snapshot}
2025-03-10T17:43:18.364+0800 [DEBUG] [org.gradle.internal.component.model.LoggingAttributeMatchingExplanationBuilder] Candidate ktor-server-host-common-jvm-2.3.6.jar doesn't match attributes {artifactType=classpath-entry-snapshot}
2025-03-10T17:43:18.364+0800 [DEBUG] [org.gradle.internal.component.model.LoggingAttributeMatchingExplanationBuilder] Candidate ktor-server-sessions-jvm-2.3.6.jar doesn't match attributes {artifactType=classpath-entry-snapshot}
2025-03-10T17:43:18.364+0800 [DEBUG] [org.gradle.internal.component.model.LoggingAttributeMatchingExplanationBuilder] Candidate ktor-server-core-jvm-2.3.6.jar doesn't match attributes {artifactType=classpath-entry-snapshot}
2025-03-10T17:43:18.364+0800 [DEBUG] [org.gradle.internal.component.model.LoggingAttributeMatchingExplanationBuilder] Candidate ktor-serialization-kotlinx-json-jvm-2.3.6.jar doesn't match attributes {artifactType=classpath-entry-snapshot}
2025-03-10T17:43:18.364+0800 [DEBUG] [org.gradle.internal.component.model.LoggingAttributeMatchingExplanationBuilder] Candidate ktor-client-core-jvm-2.3.6.jar doesn't match attributes {artifactType=classpath-entry-snapshot}
2025-03-10T17:43:18.364+0800 [DEBUG] [org.gradle.internal.component.model.LoggingAttributeMatchingExplanationBuilder] Candidate ktor-websocket-serialization-jvm-2.3.6.jar doesn't match attributes {artifactType=classpath-entry-snapshot}
2025-03-10T17:43:18.364+0800 [DEBUG] [org.gradle.internal.component.model.LoggingAttributeMatchingExplanationBuilder] Candidate ktor-serialization-kotlinx-jvm-2.3.6.jar doesn't match attributes {artifactType=classpath-entry-snapshot}
2025-03-10T17:43:18.364+0800 [DEBUG] [org.gradle.internal.component.model.LoggingAttributeMatchingExplanationBuilder] Candidate ktor-serialization-jvm-2.3.6.jar doesn't match attributes {artifactType=classpath-entry-snapshot}
2025-03-10T17:43:18.364+0800 [DEBUG] [org.gradle.internal.component.model.LoggingAttributeMatchingExplanationBuilder] Candidate ktor-events-jvm-2.3.6.jar doesn't match attributes {artifactType=classpath-entry-snapshot}
2025-03-10T17:43:18.364+0800 [DEBUG] [org.gradle.internal.component.model.LoggingAttributeMatchingExplanationBuilder] Candidate ktor-websockets-jvm-2.3.6.jar doesn't match attributes {artifactType=classpath-entry-snapshot}
2025-03-10T17:43:18.364+0800 [DEBUG] [org.gradle.internal.component.model.LoggingAttributeMatchingExplanationBuilder] Candidate ktor-http-cio-jvm-2.3.6.jar doesn't match attributes {artifactType=classpath-entry-snapshot}
2025-03-10T17:43:18.364+0800 [DEBUG] [org.gradle.internal.component.model.LoggingAttributeMatchingExplanationBuilder] Candidate ktor-http-jvm-2.3.6.jar doesn't match attributes {artifactType=classpath-entry-snapshot}
2025-03-10T17:43:18.364+0800 [DEBUG] [org.gradle.internal.component.model.LoggingAttributeMatchingExplanationBuilder] Candidate ktor-network-jvm-2.3.6.jar doesn't match attributes {artifactType=classpath-entry-snapshot}
2025-03-10T17:43:18.364+0800 [DEBUG] [org.gradle.internal.component.model.LoggingAttributeMatchingExplanationBuilder] Candidate ktor-utils-jvm-2.3.6.jar doesn't match attributes {artifactType=classpath-entry-snapshot}
2025-03-10T17:43:18.364+0800 [DEBUG] [org.gradle.internal.component.model.LoggingAttributeMatchingExplanationBuilder] Candidate ktor-io-jvm-2.3.6.jar doesn't match attributes {artifactType=classpath-entry-snapshot}
2025-03-10T17:43:18.364+0800 [DEBUG] [org.gradle.internal.component.model.LoggingAttributeMatchingExplanationBuilder] Candidate kotlin-stdlib-jdk8-1.8.22.jar doesn't match attributes {artifactType=classpath-entry-snapshot}
2025-03-10T17:43:18.364+0800 [DEBUG] [org.gradle.internal.component.model.LoggingAttributeMatchingExplanationBuilder] Candidate kotlin-reflect-1.8.22.jar doesn't match attributes {artifactType=classpath-entry-snapshot}
2025-03-10T17:43:18.364+0800 [DEBUG] [org.gradle.internal.component.model.LoggingAttributeMatchingExplanationBuilder] Candidate kotlin-stdlib-jdk7-1.8.22.jar doesn't match attributes {artifactType=classpath-entry-snapshot}
2025-03-10T17:43:18.364+0800 [DEBUG] [org.gradle.internal.component.model.LoggingAttributeMatchingExplanationBuilder] Candidate kotlinx-serialization-core-jvm-1.5.1.jar doesn't match attributes {artifactType=classpath-entry-snapshot}
2025-03-10T17:43:18.364+0800 [DEBUG] [org.gradle.internal.component.model.LoggingAttributeMatchingExplanationBuilder] Candidate kotlinx-serialization-json-jvm-1.5.1.jar doesn't match attributes {artifactType=classpath-entry-snapshot}
2025-03-10T17:43:18.364+0800 [DEBUG] [org.gradle.internal.component.model.LoggingAttributeMatchingExplanationBuilder] Candidate kotlinx-coroutines-jdk8-1.7.1.jar doesn't match attributes {artifactType=classpath-entry-snapshot}
2025-03-10T17:43:18.364+0800 [DEBUG] [org.gradle.internal.component.model.LoggingAttributeMatchingExplanationBuilder] Candidate kotlinx-coroutines-core-jvm-1.7.1.jar doesn't match attributes {artifactType=classpath-entry-snapshot}
2025-03-10T17:43:18.364+0800 [DEBUG] [org.gradle.internal.component.model.LoggingAttributeMatchingExplanationBuilder] Candidate kotlin-stdlib-2.1.10.jar doesn't match attributes {artifactType=classpath-entry-snapshot}
2025-03-10T17:43:18.365+0800 [DEBUG] [org.gradle.internal.component.model.LoggingAttributeMatchingExplanationBuilder] Candidate org.eclipse.paho.client.mqttv3-1.2.5.jar doesn't match attributes {artifactType=classpath-entry-snapshot}
2025-03-10T17:43:18.365+0800 [DEBUG] [org.gradle.internal.component.model.LoggingAttributeMatchingExplanationBuilder] Candidate postgresql-42.5.4.jar doesn't match attributes {artifactType=classpath-entry-snapshot}
2025-03-10T17:43:18.365+0800 [DEBUG] [org.gradle.internal.component.model.LoggingAttributeMatchingExplanationBuilder] Candidate HikariCP-5.0.1.jar doesn't match attributes {artifactType=classpath-entry-snapshot}
2025-03-10T17:43:18.365+0800 [DEBUG] [org.gradle.internal.component.model.LoggingAttributeMatchingExplanationBuilder] Candidate logback-classic-1.4.11.jar doesn't match attributes {artifactType=classpath-entry-snapshot}
2025-03-10T17:43:18.365+0800 [DEBUG] [org.gradle.internal.component.model.LoggingAttributeMatchingExplanationBuilder] Candidate annotations-23.0.0.jar doesn't match attributes {artifactType=classpath-entry-snapshot}
2025-03-10T17:43:18.365+0800 [DEBUG] [org.gradle.internal.component.model.LoggingAttributeMatchingExplanationBuilder] Candidate slf4j-api-2.0.7.jar doesn't match attributes {artifactType=classpath-entry-snapshot}
2025-03-10T17:43:18.365+0800 [DEBUG] [org.gradle.internal.component.model.LoggingAttributeMatchingExplanationBuilder] Candidate logback-core-1.4.11.jar doesn't match attributes {artifactType=classpath-entry-snapshot}
2025-03-10T17:43:18.365+0800 [DEBUG] [org.gradle.internal.component.model.LoggingAttributeMatchingExplanationBuilder] Candidate config-1.4.2.jar doesn't match attributes {artifactType=classpath-entry-snapshot}
2025-03-10T17:43:18.365+0800 [DEBUG] [org.gradle.internal.component.model.LoggingAttributeMatchingExplanationBuilder] Candidate netty-codec-http2-4.1.97.Final.jar doesn't match attributes {artifactType=classpath-entry-snapshot}
2025-03-10T17:43:18.365+0800 [DEBUG] [org.gradle.internal.component.model.LoggingAttributeMatchingExplanationBuilder] Candidate alpn-api-1.1.3.v20160715.jar doesn't match attributes {artifactType=classpath-entry-snapshot}
2025-03-10T17:43:18.365+0800 [DEBUG] [org.gradle.internal.component.model.LoggingAttributeMatchingExplanationBuilder] Candidate netty-transport-native-kqueue-4.1.97.Final.jar doesn't match attributes {artifactType=classpath-entry-snapshot}
2025-03-10T17:43:18.365+0800 [DEBUG] [org.gradle.internal.component.model.LoggingAttributeMatchingExplanationBuilder] Candidate netty-transport-native-epoll-4.1.97.Final.jar doesn't match attributes {artifactType=classpath-entry-snapshot}
2025-03-10T17:43:18.365+0800 [DEBUG] [org.gradle.internal.component.model.LoggingAttributeMatchingExplanationBuilder] Candidate netty-codec-http-4.1.97.Final.jar doesn't match attributes {artifactType=classpath-entry-snapshot}
2025-03-10T17:43:18.365+0800 [DEBUG] [org.gradle.internal.component.model.LoggingAttributeMatchingExplanationBuilder] Candidate netty-handler-4.1.97.Final.jar doesn't match attributes {artifactType=classpath-entry-snapshot}
2025-03-10T17:43:18.365+0800 [DEBUG] [org.gradle.internal.component.model.LoggingAttributeMatchingExplanationBuilder] Candidate netty-codec-4.1.97.Final.jar doesn't match attributes {artifactType=classpath-entry-snapshot}
2025-03-10T17:43:18.365+0800 [DEBUG] [org.gradle.internal.component.model.LoggingAttributeMatchingExplanationBuilder] Candidate netty-transport-classes-kqueue-4.1.97.Final.jar doesn't match attributes {artifactType=classpath-entry-snapshot}
2025-03-10T17:43:18.365+0800 [DEBUG] [org.gradle.internal.component.model.LoggingAttributeMatchingExplanationBuilder] Candidate netty-transport-classes-epoll-4.1.97.Final.jar doesn't match attributes {artifactType=classpath-entry-snapshot}
2025-03-10T17:43:18.365+0800 [DEBUG] [org.gradle.internal.component.model.LoggingAttributeMatchingExplanationBuilder] Candidate netty-transport-native-unix-common-4.1.97.Final.jar doesn't match attributes {artifactType=classpath-entry-snapshot}
2025-03-10T17:43:18.365+0800 [DEBUG] [org.gradle.internal.component.model.LoggingAttributeMatchingExplanationBuilder] Candidate netty-transport-4.1.97.Final.jar doesn't match attributes {artifactType=classpath-entry-snapshot}
2025-03-10T17:43:18.365+0800 [DEBUG] [org.gradle.internal.component.model.LoggingAttributeMatchingExplanationBuilder] Candidate netty-buffer-4.1.97.Final.jar doesn't match attributes {artifactType=classpath-entry-snapshot}
2025-03-10T17:43:18.365+0800 [DEBUG] [org.gradle.internal.component.model.LoggingAttributeMatchingExplanationBuilder] Candidate netty-resolver-4.1.97.Final.jar doesn't match attributes {artifactType=classpath-entry-snapshot}
2025-03-10T17:43:18.365+0800 [DEBUG] [org.gradle.internal.component.model.LoggingAttributeMatchingExplanationBuilder] Candidate netty-common-4.1.97.Final.jar doesn't match attributes {artifactType=classpath-entry-snapshot}
2025-03-10T17:43:18.365+0800 [DEBUG] [org.gradle.api.internal.artifacts.ivyservice.modulecache.ResolvedArtifactCaches] Reusing in-memory cache for repo 'MavenRepo' [26c913274550a0b2221f47a0fe2d2358].
2025-03-10T17:43:18.365+0800 [DEBUG] [org.gradle.api.internal.artifacts.ivyservice.resolveengine.graph.builder.DependencyGraphBuilder] Visiting configuration org.example:MyApplicationBackend:1.0-SNAPSHOT(kotlinBuildToolsApiClasspath).
2025-03-10T17:43:18.366+0800 [DEBUG] [org.gradle.api.internal.artifacts.ivyservice.ivyresolve.RepositoryChainComponentMetaDataResolver] Attempting to resolve component for org.jetbrains.kotlin:kotlin-build-tools-impl:2.1.10 using repositories [MavenRepo]
2025-03-10T17:43:18.366+0800 [DEBUG] [org.gradle.api.internal.artifacts.ivyservice.ivyresolve.CachingModuleComponentRepository] Using cached module metadata for module 'org.jetbrains.kotlin:kotlin-build-tools-impl:2.1.10' in 'MavenRepo'
2025-03-10T17:43:18.366+0800 [DEBUG] [org.gradle.api.internal.artifacts.ivyservice.ivyresolve.RepositoryChainComponentMetaDataResolver] Using org.jetbrains.kotlin:kotlin-build-tools-impl:2.1.10 from Maven repository 'MavenRepo'
2025-03-10T17:43:18.366+0800 [DEBUG] [org.gradle.internal.component.model.DefaultAttributeMatcher] Selected matches [1] from candidates [org.gradle.internal.component.model.DefaultExternalComponentGraphResolveState$DefaultConfigurationGraphResolveState@2e0fdcf3, org.gradle.internal.component.model.DefaultExternalComponentGraphResolveState$DefaultConfigurationGraphResolveState@440d6442, org.gradle.internal.component.model.DefaultExternalComponentGraphResolveState$DefaultConfigurationGraphResolveState@3c992ef6, org.gradle.internal.component.model.DefaultExternalComponentGraphResolveState$DefaultConfigurationGraphResolveState@4b801e4d, org.gradle.internal.component.model.DefaultExternalComponentGraphResolveState$DefaultConfigurationGraphResolveState@1bb8bb8a, org.gradle.internal.component.model.DefaultExternalComponentGraphResolveState$DefaultConfigurationGraphResolveState@3438f3cb, org.gradle.internal.component.model.DefaultExternalComponentGraphResolveState$DefaultConfigurationGraphResolveState@41a38524, org.gradle.internal.component.model.DefaultExternalComponentGraphResolveState$DefaultConfigurationGraphResolveState@a9a892b] for {}
2025-03-10T17:43:18.366+0800 [DEBUG] [org.gradle.api.internal.artifacts.ivyservice.resolveengine.graph.builder.DependencyGraphBuilder] Visiting configuration org.jetbrains.kotlin:kotlin-build-tools-impl:2.1.10(runtime).
2025-03-10T17:43:18.366+0800 [DEBUG] [org.gradle.api.internal.artifacts.ivyservice.ivyresolve.RepositoryChainComponentMetaDataResolver] Attempting to resolve component for org.jetbrains.kotlin:kotlin-build-tools-api:2.1.10 using repositories [MavenRepo]
2025-03-10T17:43:18.366+0800 [DEBUG] [org.gradle.api.internal.artifacts.ivyservice.ivyresolve.CachingModuleComponentRepository] Using cached module metadata for module 'org.jetbrains.kotlin:kotlin-build-tools-api:2.1.10' in 'MavenRepo'
2025-03-10T17:43:18.366+0800 [DEBUG] [org.gradle.api.internal.artifacts.ivyservice.ivyresolve.RepositoryChainComponentMetaDataResolver] Using org.jetbrains.kotlin:kotlin-build-tools-api:2.1.10 from Maven repository 'MavenRepo'
2025-03-10T17:43:18.366+0800 [DEBUG] [org.gradle.api.internal.artifacts.ivyservice.ivyresolve.RepositoryChainComponentMetaDataResolver] Attempting to resolve component for org.jetbrains.kotlin:kotlin-stdlib:2.1.10 using repositories [MavenRepo]
2025-03-10T17:43:18.366+0800 [DEBUG] [org.gradle.api.internal.artifacts.ivyservice.ivyresolve.CachingModuleComponentRepository] Using cached module metadata for module 'org.jetbrains.kotlin:kotlin-stdlib:2.1.10' in 'MavenRepo'
2025-03-10T17:43:18.366+0800 [DEBUG] [org.gradle.api.internal.artifacts.ivyservice.ivyresolve.RepositoryChainComponentMetaDataResolver] Using org.jetbrains.kotlin:kotlin-stdlib:2.1.10 from Maven repository 'MavenRepo'
2025-03-10T17:43:18.366+0800 [DEBUG] [org.gradle.internal.component.model.DefaultAttributeMatcher] Selected matches [1] from candidates [org.gradle.internal.component.model.DefaultExternalComponentGraphResolveState$DefaultConfigurationGraphResolveState@67054157, org.gradle.internal.component.model.DefaultExternalComponentGraphResolveState$DefaultConfigurationGraphResolveState@201b502d, org.gradle.internal.component.model.DefaultExternalComponentGraphResolveState$DefaultConfigurationGraphResolveState@276e9fa, org.gradle.internal.component.model.DefaultExternalComponentGraphResolveState$DefaultConfigurationGraphResolveState@3f617fd6, org.gradle.internal.component.model.DefaultExternalComponentGraphResolveState$DefaultConfigurationGraphResolveState@72239e94, org.gradle.internal.component.model.DefaultExternalComponentGraphResolveState$DefaultConfigurationGraphResolveState@8c322c5, org.gradle.internal.component.model.DefaultExternalComponentGraphResolveState$DefaultConfigurationGraphResolveState@3d4f331e, org.gradle.internal.component.model.DefaultExternalComponentGraphResolveState$DefaultConfigurationGraphResolveState@96464ae, org.gradle.internal.component.model.DefaultExternalComponentGraphResolveState$DefaultConfigurationGraphResolveState@675d9c28, org.gradle.internal.component.model.DefaultExternalComponentGraphResolveState$DefaultConfigurationGraphResolveState@76194f0c, org.gradle.internal.component.model.DefaultExternalComponentGraphResolveState$DefaultConfigurationGraphResolveState@328a4512, org.gradle.internal.component.model.DefaultExternalComponentGraphResolveState$DefaultConfigurationGraphResolveState@186106f9, org.gradle.internal.component.model.DefaultExternalComponentGraphResolveState$DefaultConfigurationGraphResolveState@13566501, org.gradle.internal.component.model.DefaultExternalComponentGraphResolveState$DefaultConfigurationGraphResolveState@2f0b3948, org.gradle.internal.component.model.DefaultExternalComponentGraphResolveState$DefaultConfigurationGraphResolveState@4f495b6e] for {}
2025-03-10T17:43:18.366+0800 [DEBUG] [org.gradle.api.internal.artifacts.ivyservice.ivyresolve.RepositoryChainComponentMetaDataResolver] Attempting to resolve component for org.jetbrains.kotlin:kotlin-compiler-embeddable:2.1.10 using repositories [MavenRepo]
2025-03-10T17:43:18.366+0800 [DEBUG] [org.gradle.api.internal.artifacts.ivyservice.ivyresolve.CachingModuleComponentRepository] Using cached module metadata for module 'org.jetbrains.kotlin:kotlin-compiler-embeddable:2.1.10' in 'MavenRepo'
2025-03-10T17:43:18.366+0800 [DEBUG] [org.gradle.api.internal.artifacts.ivyservice.ivyresolve.RepositoryChainComponentMetaDataResolver] Using org.jetbrains.kotlin:kotlin-compiler-embeddable:2.1.10 from Maven repository 'MavenRepo'
2025-03-10T17:43:18.366+0800 [DEBUG] [org.gradle.api.internal.artifacts.ivyservice.ivyresolve.RepositoryChainComponentMetaDataResolver] Attempting to resolve component for org.jetbrains.kotlin:kotlin-compiler-runner:2.1.10 using repositories [MavenRepo]
2025-03-10T17:43:18.366+0800 [DEBUG] [org.gradle.api.internal.artifacts.ivyservice.ivyresolve.CachingModuleComponentRepository] Using cached module metadata for module 'org.jetbrains.kotlin:kotlin-compiler-runner:2.1.10' in 'MavenRepo'
2025-03-10T17:43:18.366+0800 [DEBUG] [org.gradle.api.internal.artifacts.ivyservice.ivyresolve.RepositoryChainComponentMetaDataResolver] Using org.jetbrains.kotlin:kotlin-compiler-runner:2.1.10 from Maven repository 'MavenRepo'
2025-03-10T17:43:18.366+0800 [DEBUG] [org.gradle.api.internal.artifacts.ivyservice.ivyresolve.RepositoryChainComponentMetaDataResolver] Attempting to resolve component for org.jetbrains.kotlin:kotlin-scripting-compiler-embeddable:2.1.10 using repositories [MavenRepo]
2025-03-10T17:43:18.366+0800 [DEBUG] [org.gradle.api.internal.artifacts.ivyservice.ivyresolve.CachingModuleComponentRepository] Using cached module metadata for module 'org.jetbrains.kotlin:kotlin-scripting-compiler-embeddable:2.1.10' in 'MavenRepo'
2025-03-10T17:43:18.366+0800 [DEBUG] [org.gradle.api.internal.artifacts.ivyservice.ivyresolve.RepositoryChainComponentMetaDataResolver] Using org.jetbrains.kotlin:kotlin-scripting-compiler-embeddable:2.1.10 from Maven repository 'MavenRepo'
2025-03-10T17:43:18.366+0800 [DEBUG] [org.gradle.api.internal.artifacts.ivyservice.ivyresolve.RepositoryChainComponentMetaDataResolver] Attempting to resolve component for org.jetbrains.kotlin:kotlin-scripting-compiler-impl-embeddable:2.1.10 using repositories [MavenRepo]
2025-03-10T17:43:18.366+0800 [DEBUG] [org.gradle.api.internal.artifacts.ivyservice.ivyresolve.CachingModuleComponentRepository] Using cached module metadata for module 'org.jetbrains.kotlin:kotlin-scripting-compiler-impl-embeddable:2.1.10' in 'MavenRepo'
2025-03-10T17:43:18.366+0800 [DEBUG] [org.gradle.api.internal.artifacts.ivyservice.ivyresolve.RepositoryChainComponentMetaDataResolver] Using org.jetbrains.kotlin:kotlin-scripting-compiler-impl-embeddable:2.1.10 from Maven repository 'MavenRepo'
2025-03-10T17:43:18.366+0800 [DEBUG] [org.gradle.api.internal.artifacts.ivyservice.resolveengine.graph.builder.DependencyGraphBuilder] Visiting configuration org.jetbrains.kotlin:kotlin-build-tools-api:2.1.10(runtime).
2025-03-10T17:43:18.366+0800 [DEBUG] [org.gradle.api.internal.artifacts.ivyservice.resolveengine.graph.builder.DependencyGraphBuilder] Visiting configuration org.jetbrains.kotlin:kotlin-stdlib:2.1.10(jvmRuntimeElements).
2025-03-10T17:43:18.366+0800 [DEBUG] [org.gradle.api.internal.artifacts.ivyservice.ivyresolve.RepositoryChainComponentMetaDataResolver] Attempting to resolve component for org.jetbrains:annotations:13.0 using repositories [MavenRepo]
2025-03-10T17:43:18.366+0800 [DEBUG] [org.gradle.api.internal.artifacts.ivyservice.ivyresolve.CachingModuleComponentRepository] Using cached module metadata for module 'org.jetbrains:annotations:13.0' in 'MavenRepo'
2025-03-10T17:43:18.366+0800 [DEBUG] [org.gradle.api.internal.artifacts.ivyservice.ivyresolve.RepositoryChainComponentMetaDataResolver] Using org.jetbrains:annotations:13.0 from Maven repository 'MavenRepo'
2025-03-10T17:43:18.366+0800 [DEBUG] [org.gradle.api.internal.artifacts.ivyservice.resolveengine.graph.builder.DependencyGraphBuilder] Visiting configuration org.jetbrains.kotlin:kotlin-compiler-embeddable:2.1.10(runtime).
2025-03-10T17:43:18.367+0800 [DEBUG] [org.gradle.api.internal.artifacts.ivyservice.ivyresolve.RepositoryChainComponentMetaDataResolver] Attempting to resolve component for org.jetbrains.kotlin:kotlin-script-runtime:2.1.10 using repositories [MavenRepo]
2025-03-10T17:43:18.367+0800 [DEBUG] [org.gradle.api.internal.artifacts.ivyservice.ivyresolve.CachingModuleComponentRepository] Using cached module metadata for module 'org.jetbrains.kotlin:kotlin-script-runtime:2.1.10' in 'MavenRepo'
2025-03-10T17:43:18.367+0800 [DEBUG] [org.gradle.api.internal.artifacts.ivyservice.ivyresolve.RepositoryChainComponentMetaDataResolver] Using org.jetbrains.kotlin:kotlin-script-runtime:2.1.10 from Maven repository 'MavenRepo'
2025-03-10T17:43:18.367+0800 [DEBUG] [org.gradle.api.internal.artifacts.ivyservice.ivyresolve.RepositoryChainComponentMetaDataResolver] Attempting to resolve component for org.jetbrains.kotlin:kotlin-reflect:1.6.10 using repositories [MavenRepo]
2025-03-10T17:43:18.367+0800 [DEBUG] [org.gradle.api.internal.artifacts.ivyservice.ivyresolve.CachingModuleComponentRepository] Using cached module metadata for module 'org.jetbrains.kotlin:kotlin-reflect:1.6.10' in 'MavenRepo'
2025-03-10T17:43:18.367+0800 [DEBUG] [org.gradle.api.internal.artifacts.ivyservice.ivyresolve.RepositoryChainComponentMetaDataResolver] Using org.jetbrains.kotlin:kotlin-reflect:1.6.10 from Maven repository 'MavenRepo'
2025-03-10T17:43:18.367+0800 [DEBUG] [org.gradle.api.internal.artifacts.ivyservice.ivyresolve.RepositoryChainComponentMetaDataResolver] Attempting to resolve component for org.jetbrains.kotlin:kotlin-daemon-embeddable:2.1.10 using repositories [MavenRepo]
2025-03-10T17:43:18.367+0800 [DEBUG] [org.gradle.api.internal.artifacts.ivyservice.ivyresolve.CachingModuleComponentRepository] Using cached module metadata for module 'org.jetbrains.kotlin:kotlin-daemon-embeddable:2.1.10' in 'MavenRepo'
2025-03-10T17:43:18.367+0800 [DEBUG] [org.gradle.api.internal.artifacts.ivyservice.ivyresolve.RepositoryChainComponentMetaDataResolver] Using org.jetbrains.kotlin:kotlin-daemon-embeddable:2.1.10 from Maven repository 'MavenRepo'
2025-03-10T17:43:18.367+0800 [DEBUG] [org.gradle.api.internal.artifacts.ivyservice.ivyresolve.RepositoryChainComponentMetaDataResolver] Attempting to resolve component for org.jetbrains.intellij.deps:trove4j:1.0.20200330 using repositories [MavenRepo]
2025-03-10T17:43:18.367+0800 [DEBUG] [org.gradle.api.internal.artifacts.ivyservice.ivyresolve.CachingModuleComponentRepository] Using cached module metadata for module 'org.jetbrains.intellij.deps:trove4j:1.0.20200330' in 'MavenRepo'
2025-03-10T17:43:18.367+0800 [DEBUG] [org.gradle.api.internal.artifacts.ivyservice.ivyresolve.RepositoryChainComponentMetaDataResolver] Using org.jetbrains.intellij.deps:trove4j:1.0.20200330 from Maven repository 'MavenRepo'
2025-03-10T17:43:18.367+0800 [DEBUG] [org.gradle.api.internal.artifacts.ivyservice.ivyresolve.RepositoryChainComponentMetaDataResolver] Attempting to resolve component for org.jetbrains.kotlinx:kotlinx-coroutines-core-jvm:1.6.4 using repositories [MavenRepo]
2025-03-10T17:43:18.367+0800 [DEBUG] [org.gradle.api.internal.artifacts.ivyservice.ivyresolve.CachingModuleComponentRepository] Using cached module metadata for module 'org.jetbrains.kotlinx:kotlinx-coroutines-core-jvm:1.6.4' in 'MavenRepo'
2025-03-10T17:43:18.367+0800 [DEBUG] [org.gradle.api.internal.artifacts.ivyservice.ivyresolve.RepositoryChainComponentMetaDataResolver] Using org.jetbrains.kotlinx:kotlinx-coroutines-core-jvm:1.6.4 from Maven repository 'MavenRepo'
2025-03-10T17:43:18.367+0800 [DEBUG] [org.gradle.internal.component.model.DefaultAttributeMatcher] Selected matches [1] from candidates [org.gradle.internal.component.model.DefaultExternalComponentGraphResolveState$DefaultConfigurationGraphResolveState@178cb999, org.gradle.internal.component.model.DefaultExternalComponentGraphResolveState$DefaultConfigurationGraphResolveState@23fe5448] for {}
2025-03-10T17:43:18.367+0800 [DEBUG] [org.gradle.api.internal.artifacts.ivyservice.resolveengine.graph.builder.DependencyGraphBuilder] Visiting configuration org.jetbrains.kotlin:kotlin-compiler-runner:2.1.10(runtime).
2025-03-10T17:43:18.367+0800 [DEBUG] [org.gradle.api.internal.artifacts.ivyservice.ivyresolve.RepositoryChainComponentMetaDataResolver] Attempting to resolve component for org.jetbrains.kotlin:kotlin-build-common:2.1.10 using repositories [MavenRepo]
2025-03-10T17:43:18.367+0800 [DEBUG] [org.gradle.api.internal.artifacts.ivyservice.ivyresolve.CachingModuleComponentRepository] Using cached module metadata for module 'org.jetbrains.kotlin:kotlin-build-common:2.1.10' in 'MavenRepo'
2025-03-10T17:43:18.367+0800 [DEBUG] [org.gradle.api.internal.artifacts.ivyservice.ivyresolve.RepositoryChainComponentMetaDataResolver] Using org.jetbrains.kotlin:kotlin-build-common:2.1.10 from Maven repository 'MavenRepo'
2025-03-10T17:43:18.367+0800 [DEBUG] [org.gradle.api.internal.artifacts.ivyservice.ivyresolve.RepositoryChainComponentMetaDataResolver] Attempting to resolve component for org.jetbrains.kotlin:kotlin-daemon-client:2.1.10 using repositories [MavenRepo]
2025-03-10T17:43:18.367+0800 [DEBUG] [org.gradle.api.internal.artifacts.ivyservice.ivyresolve.CachingModuleComponentRepository] Using cached module metadata for module 'org.jetbrains.kotlin:kotlin-daemon-client:2.1.10' in 'MavenRepo'
2025-03-10T17:43:18.367+0800 [DEBUG] [org.gradle.api.internal.artifacts.ivyservice.ivyresolve.RepositoryChainComponentMetaDataResolver] Using org.jetbrains.kotlin:kotlin-daemon-client:2.1.10 from Maven repository 'MavenRepo'
2025-03-10T17:43:18.367+0800 [DEBUG] [org.gradle.api.internal.artifacts.ivyservice.resolveengine.graph.builder.DependencyGraphBuilder] Visiting configuration org.jetbrains.kotlin:kotlin-scripting-compiler-embeddable:2.1.10(runtime).
2025-03-10T17:43:18.367+0800 [DEBUG] [org.gradle.api.internal.artifacts.ivyservice.resolveengine.graph.builder.DependencyGraphBuilder] Visiting configuration org.jetbrains.kotlin:kotlin-scripting-compiler-impl-embeddable:2.1.10(runtime).
2025-03-10T17:43:18.368+0800 [DEBUG] [org.gradle.api.internal.artifacts.ivyservice.ivyresolve.RepositoryChainComponentMetaDataResolver] Attempting to resolve component for org.jetbrains.kotlin:kotlin-scripting-common:2.1.10 using repositories [MavenRepo]
2025-03-10T17:43:18.368+0800 [DEBUG] [org.gradle.api.internal.artifacts.ivyservice.ivyresolve.CachingModuleComponentRepository] Using cached module metadata for module 'org.jetbrains.kotlin:kotlin-scripting-common:2.1.10' in 'MavenRepo'
2025-03-10T17:43:18.368+0800 [DEBUG] [org.gradle.api.internal.artifacts.ivyservice.ivyresolve.RepositoryChainComponentMetaDataResolver] Using org.jetbrains.kotlin:kotlin-scripting-common:2.1.10 from Maven repository 'MavenRepo'
2025-03-10T17:43:18.368+0800 [DEBUG] [org.gradle.api.internal.artifacts.ivyservice.ivyresolve.RepositoryChainComponentMetaDataResolver] Attempting to resolve component for org.jetbrains.kotlin:kotlin-scripting-jvm:2.1.10 using repositories [MavenRepo]
2025-03-10T17:43:18.368+0800 [DEBUG] [org.gradle.api.internal.artifacts.ivyservice.ivyresolve.CachingModuleComponentRepository] Using cached module metadata for module 'org.jetbrains.kotlin:kotlin-scripting-jvm:2.1.10' in 'MavenRepo'
2025-03-10T17:43:18.368+0800 [DEBUG] [org.gradle.api.internal.artifacts.ivyservice.ivyresolve.RepositoryChainComponentMetaDataResolver] Using org.jetbrains.kotlin:kotlin-scripting-jvm:2.1.10 from Maven repository 'MavenRepo'
2025-03-10T17:43:18.368+0800 [DEBUG] [org.gradle.api.internal.artifacts.ivyservice.resolveengine.graph.builder.DependencyGraphBuilder] Visiting configuration org.jetbrains:annotations:13.0(runtime).
2025-03-10T17:43:18.368+0800 [DEBUG] [org.gradle.api.internal.artifacts.ivyservice.resolveengine.graph.builder.DependencyGraphBuilder] Visiting configuration org.jetbrains.kotlin:kotlin-stdlib:2.1.10(jvmRuntimeElements).
2025-03-10T17:43:18.368+0800 [DEBUG] [org.gradle.api.internal.artifacts.ivyservice.resolveengine.graph.builder.NodeState] Changed edges for org.jetbrains.kotlin:kotlin-stdlib:2.1.10(jvmRuntimeElements) selects same versions as previous traversal. ignoring
2025-03-10T17:43:18.368+0800 [DEBUG] [org.gradle.api.internal.artifacts.ivyservice.resolveengine.graph.builder.DependencyGraphBuilder] Visiting configuration org.jetbrains.kotlin:kotlin-script-runtime:2.1.10(runtime).
2025-03-10T17:43:18.368+0800 [DEBUG] [org.gradle.api.internal.artifacts.ivyservice.resolveengine.graph.builder.DependencyGraphBuilder] Visiting configuration org.jetbrains.kotlin:kotlin-reflect:1.6.10(runtime).
2025-03-10T17:43:18.368+0800 [DEBUG] [org.gradle.api.internal.artifacts.ivyservice.resolveengine.graph.builder.NodeState] org.jetbrains.kotlin:kotlin-stdlib is excluded from org.jetbrains.kotlin:kotlin-reflect:1.6.10(runtime) by "excludes everything".
2025-03-10T17:43:18.368+0800 [DEBUG] [org.gradle.api.internal.artifacts.ivyservice.resolveengine.graph.builder.DependencyGraphBuilder] Visiting configuration org.jetbrains.kotlin:kotlin-daemon-embeddable:2.1.10(runtime).
2025-03-10T17:43:18.368+0800 [DEBUG] [org.gradle.api.internal.artifacts.ivyservice.resolveengine.graph.builder.DependencyGraphBuilder] Visiting configuration org.jetbrains.intellij.deps:trove4j:1.0.20200330(runtime).
2025-03-10T17:43:18.368+0800 [DEBUG] [org.gradle.api.internal.artifacts.ivyservice.resolveengine.graph.builder.DependencyGraphBuilder] Visiting configuration org.jetbrains.kotlinx:kotlinx-coroutines-core-jvm:1.6.4(jvmRuntimeElements-published).
2025-03-10T17:43:18.368+0800 [DEBUG] [org.gradle.api.internal.artifacts.ivyservice.resolveengine.graph.builder.NodeState] org.jetbrains.kotlinx:kotlinx-coroutines-bom is excluded from org.jetbrains.kotlinx:kotlinx-coroutines-core-jvm:1.6.4(jvmRuntimeElements-published) by "excludes everything".
2025-03-10T17:43:18.368+0800 [DEBUG] [org.gradle.api.internal.artifacts.ivyservice.resolveengine.graph.builder.NodeState] org.jetbrains.kotlin:kotlin-stdlib-jdk8 is excluded from org.jetbrains.kotlinx:kotlinx-coroutines-core-jvm:1.6.4(jvmRuntimeElements-published) by "excludes everything".
2025-03-10T17:43:18.368+0800 [DEBUG] [org.gradle.api.internal.artifacts.ivyservice.resolveengine.graph.builder.NodeState] org.jetbrains.kotlin:kotlin-stdlib-common is excluded from org.jetbrains.kotlinx:kotlinx-coroutines-core-jvm:1.6.4(jvmRuntimeElements-published) by "excludes everything".
2025-03-10T17:43:18.368+0800 [DEBUG] [org.gradle.api.internal.artifacts.ivyservice.resolveengine.graph.builder.DependencyGraphBuilder] Visiting configuration org.jetbrains.kotlin:kotlin-build-common:2.1.10(runtime).
2025-03-10T17:43:18.368+0800 [DEBUG] [org.gradle.api.internal.artifacts.ivyservice.resolveengine.graph.builder.DependencyGraphBuilder] Visiting configuration org.jetbrains.kotlin:kotlin-daemon-client:2.1.10(runtime).
2025-03-10T17:43:18.368+0800 [DEBUG] [org.gradle.api.internal.artifacts.ivyservice.resolveengine.graph.builder.DependencyGraphBuilder] Visiting configuration org.jetbrains.kotlin:kotlin-compiler-embeddable:2.1.10(runtime).
2025-03-10T17:43:18.368+0800 [DEBUG] [org.gradle.api.internal.artifacts.ivyservice.resolveengine.graph.builder.NodeState] Changed edges for org.jetbrains.kotlin:kotlin-compiler-embeddable:2.1.10(runtime) selects same versions as previous traversal. ignoring
2025-03-10T17:43:18.368+0800 [DEBUG] [org.gradle.api.internal.artifacts.ivyservice.resolveengine.graph.builder.DependencyGraphBuilder] Visiting configuration org.jetbrains.kotlin:kotlin-scripting-common:2.1.10(runtime).
2025-03-10T17:43:18.368+0800 [DEBUG] [org.gradle.api.internal.artifacts.ivyservice.resolveengine.graph.builder.DependencyGraphBuilder] Visiting configuration org.jetbrains.kotlin:kotlin-scripting-jvm:2.1.10(runtime).
2025-03-10T17:43:18.369+0800 [DEBUG] [org.gradle.api.internal.artifacts.ivyservice.resolveengine.graph.builder.DependencyGraphBuilder] Visiting configuration org.jetbrains.kotlin:kotlin-stdlib:2.1.10(jvmRuntimeElements).
2025-03-10T17:43:18.369+0800 [DEBUG] [org.gradle.api.internal.artifacts.ivyservice.resolveengine.graph.builder.NodeState] Changed edges for org.jetbrains.kotlin:kotlin-stdlib:2.1.10(jvmRuntimeElements) selects same versions as previous traversal. ignoring
2025-03-10T17:43:18.369+0800 [DEBUG] [org.gradle.api.internal.artifacts.ivyservice.resolveengine.graph.builder.DependencyGraphBuilder] Visiting configuration org.jetbrains.kotlin:kotlin-script-runtime:2.1.10(runtime).
2025-03-10T17:43:18.369+0800 [DEBUG] [org.gradle.api.internal.artifacts.ivyservice.resolveengine.graph.builder.NodeState] Changed edges for org.jetbrains.kotlin:kotlin-script-runtime:2.1.10(runtime) selects same versions as previous traversal. ignoring
2025-03-10T17:43:18.369+0800 [DEBUG] [org.gradle.api.internal.artifacts.ivyservice.resolveengine.graph.builder.DependencyGraphBuilder] Visiting configuration org.jetbrains.kotlin:kotlin-scripting-common:2.1.10(runtime).
2025-03-10T17:43:18.369+0800 [DEBUG] [org.gradle.api.internal.artifacts.ivyservice.resolveengine.graph.builder.NodeState] Changed edges for org.jetbrains.kotlin:kotlin-scripting-common:2.1.10(runtime) selects same versions as previous traversal. ignoring
2025-03-10T17:43:18.369+0800 [DEBUG] [org.gradle.api.internal.artifacts.ivyservice.resolveengine.oldresult.TransientConfigurationResultsBuilder] Flushing resolved configuration data in Binary store in /Users/sam/.gradle/.tmp/gradle9872735857155707061.bin. Wrote root 2977.
2025-03-10T17:43:18.369+0800 [DEBUG] [org.gradle.internal.operations.DefaultBuildOperationRunner] Build operation 'Resolve dependencies of :kotlinBuildToolsApiClasspath' completed
2025-03-10T17:43:18.369+0800 [DEBUG] [org.gradle.api.internal.artifacts.ivyservice.resolveengine.result.StreamingResolutionResultBuilder$RootFactory] Loaded resolution results (0.0 secs) from Binary store in /Users/sam/.gradle/.tmp/gradle8131739376831001840.bin offset 8926 exists? true
2025-03-10T17:43:18.370+0800 [DEBUG] [org.gradle.internal.component.model.LoggingAttributeMatchingExplanationBuilder] Selected match org.jetbrains.kotlin:kotlin-build-tools-impl:2.1.10 configuration runtime from candidates [org.jetbrains.kotlin:kotlin-build-tools-impl:2.1.10 configuration runtime] for {}
2025-03-10T17:43:18.370+0800 [DEBUG] [org.gradle.internal.component.model.LoggingAttributeMatchingExplanationBuilder] Selected match org.jetbrains.kotlin:kotlin-build-tools-api:2.1.10 configuration runtime from candidates [org.jetbrains.kotlin:kotlin-build-tools-api:2.1.10 configuration runtime] for {}
2025-03-10T17:43:18.370+0800 [DEBUG] [org.gradle.internal.component.model.LoggingAttributeMatchingExplanationBuilder] Selected match org.jetbrains.kotlin:kotlin-compiler-runner:2.1.10 configuration runtime from candidates [org.jetbrains.kotlin:kotlin-compiler-runner:2.1.10 configuration runtime] for {}
2025-03-10T17:43:18.370+0800 [DEBUG] [org.gradle.internal.component.model.LoggingAttributeMatchingExplanationBuilder] Selected match org.jetbrains.kotlin:kotlin-compiler-embeddable:2.1.10 configuration runtime from candidates [org.jetbrains.kotlin:kotlin-compiler-embeddable:2.1.10 configuration runtime] for {}
2025-03-10T17:43:18.370+0800 [DEBUG] [org.gradle.internal.component.model.LoggingAttributeMatchingExplanationBuilder] Selected match org.jetbrains.kotlin:kotlin-scripting-compiler-embeddable:2.1.10 configuration runtime from candidates [org.jetbrains.kotlin:kotlin-scripting-compiler-embeddable:2.1.10 configuration runtime] for {}
2025-03-10T17:43:18.370+0800 [DEBUG] [org.gradle.internal.component.model.LoggingAttributeMatchingExplanationBuilder] Selected match org.jetbrains.kotlin:kotlin-scripting-compiler-impl-embeddable:2.1.10 configuration runtime from candidates [org.jetbrains.kotlin:kotlin-scripting-compiler-impl-embeddable:2.1.10 configuration runtime] for {}
2025-03-10T17:43:18.370+0800 [DEBUG] [org.gradle.internal.component.model.LoggingAttributeMatchingExplanationBuilder] Selected match org.jetbrains.kotlin:kotlin-daemon-client:2.1.10 configuration runtime from candidates [org.jetbrains.kotlin:kotlin-daemon-client:2.1.10 configuration runtime] for {}
2025-03-10T17:43:18.370+0800 [DEBUG] [org.gradle.internal.component.model.LoggingAttributeMatchingExplanationBuilder] Selected match org.jetbrains.kotlin:kotlin-scripting-jvm:2.1.10 configuration runtime from candidates [org.jetbrains.kotlin:kotlin-scripting-jvm:2.1.10 configuration runtime] for {}
2025-03-10T17:43:18.370+0800 [DEBUG] [org.gradle.internal.component.model.LoggingAttributeMatchingExplanationBuilder] Selected match org.jetbrains.kotlin:kotlin-scripting-common:2.1.10 configuration runtime from candidates [org.jetbrains.kotlin:kotlin-scripting-common:2.1.10 configuration runtime] for {}
2025-03-10T17:43:18.370+0800 [DEBUG] [org.gradle.internal.component.model.LoggingAttributeMatchingExplanationBuilder] Selected match org.jetbrains.kotlin:kotlin-stdlib:2.1.10 variant jvmRuntimeElements from candidates [org.jetbrains.kotlin:kotlin-stdlib:2.1.10 variant jvmRuntimeElements] for {}
2025-03-10T17:43:18.370+0800 [DEBUG] [org.gradle.internal.component.model.LoggingAttributeMatchingExplanationBuilder] Selected match org.jetbrains:annotations:13.0 configuration runtime from candidates [org.jetbrains:annotations:13.0 configuration runtime] for {}
2025-03-10T17:43:18.370+0800 [DEBUG] [org.gradle.internal.component.model.LoggingAttributeMatchingExplanationBuilder] Selected match org.jetbrains.kotlin:kotlin-script-runtime:2.1.10 configuration runtime from candidates [org.jetbrains.kotlin:kotlin-script-runtime:2.1.10 configuration runtime] for {}
2025-03-10T17:43:18.370+0800 [DEBUG] [org.gradle.internal.component.model.LoggingAttributeMatchingExplanationBuilder] Selected match org.jetbrains.kotlin:kotlin-reflect:1.6.10 configuration runtime from candidates [org.jetbrains.kotlin:kotlin-reflect:1.6.10 configuration runtime] for {}
2025-03-10T17:43:18.370+0800 [DEBUG] [org.gradle.internal.component.model.LoggingAttributeMatchingExplanationBuilder] Selected match org.jetbrains.kotlin:kotlin-daemon-embeddable:2.1.10 configuration runtime from candidates [org.jetbrains.kotlin:kotlin-daemon-embeddable:2.1.10 configuration runtime] for {}
2025-03-10T17:43:18.370+0800 [DEBUG] [org.gradle.internal.component.model.LoggingAttributeMatchingExplanationBuilder] Selected match org.jetbrains.intellij.deps:trove4j:1.0.20200330 configuration runtime from candidates [org.jetbrains.intellij.deps:trove4j:1.0.20200330 configuration runtime] for {}
2025-03-10T17:43:18.370+0800 [DEBUG] [org.gradle.internal.component.model.LoggingAttributeMatchingExplanationBuilder] Selected match org.jetbrains.kotlinx:kotlinx-coroutines-core-jvm:1.6.4 variant jvmRuntimeElements-published from candidates [org.jetbrains.kotlinx:kotlinx-coroutines-core-jvm:1.6.4 variant jvmRuntimeElements-published] for {}
2025-03-10T17:43:18.370+0800 [DEBUG] [org.gradle.internal.component.model.LoggingAttributeMatchingExplanationBuilder] Selected match org.jetbrains.kotlin:kotlin-build-common:2.1.10 configuration runtime from candidates [org.jetbrains.kotlin:kotlin-build-common:2.1.10 configuration runtime] for {}
2025-03-10T17:43:18.371+0800 [DEBUG] [org.gradle.api.internal.artifacts.ivyservice.ivyresolve.CachingModuleComponentRepository] Found artifact 'kotlin-build-tools-impl-2.1.10.jar (org.jetbrains.kotlin:kotlin-build-tools-impl:2.1.10)' in resolver cache: /Users/sam/.gradle/caches/modules-2/files-2.1/org.jetbrains.kotlin/kotlin-build-tools-impl/2.1.10/e5b248f2e67c6b2dc684a9f10bcc7f243fa9eb70/kotlin-build-tools-impl-2.1.10.jar
2025-03-10T17:43:18.371+0800 [DEBUG] [org.gradle.internal.operations.DefaultBuildOperationRunner] Build operation 'Resolve kotlin-build-tools-impl-2.1.10.jar (org.jetbrains.kotlin:kotlin-build-tools-impl:2.1.10)' completed
2025-03-10T17:43:18.371+0800 [DEBUG] [org.gradle.api.internal.artifacts.ivyservice.ivyresolve.CachingModuleComponentRepository] Found artifact 'annotations-13.0.jar (org.jetbrains:annotations:13.0)' in resolver cache: /Users/sam/.gradle/caches/modules-2/files-2.1/org.jetbrains/annotations/13.0/919f0dfe192fb4e063e7dacadee7f8bb9a2672a9/annotations-13.0.jar
2025-03-10T17:43:18.371+0800 [DEBUG] [org.gradle.api.internal.artifacts.ivyservice.ivyresolve.CachingModuleComponentRepository] Found artifact 'kotlin-compiler-embeddable-2.1.10.jar (org.jetbrains.kotlin:kotlin-compiler-embeddable:2.1.10)' in resolver cache: /Users/sam/.gradle/caches/modules-2/files-2.1/org.jetbrains.kotlin/kotlin-compiler-embeddable/2.1.10/ee3e5c806617c52ce167bdf96933efef9593853e/kotlin-compiler-embeddable-2.1.10.jar
2025-03-10T17:43:18.371+0800 [DEBUG] [org.gradle.api.internal.artifacts.ivyservice.ivyresolve.CachingModuleComponentRepository] Found artifact 'kotlin-build-tools-api-2.1.10.jar (org.jetbrains.kotlin:kotlin-build-tools-api:2.1.10)' in resolver cache: /Users/sam/.gradle/caches/modules-2/files-2.1/org.jetbrains.kotlin/kotlin-build-tools-api/2.1.10/3a7443c08605fcf6a4f9fafa62ec62adf4014805/kotlin-build-tools-api-2.1.10.jar
2025-03-10T17:43:18.372+0800 [DEBUG] [org.gradle.api.internal.artifacts.ivyservice.ivyresolve.CachingModuleComponentRepository] Found artifact 'kotlin-reflect-1.6.10.jar (org.jetbrains.kotlin:kotlin-reflect:1.6.10)' in resolver cache: /Users/sam/.gradle/caches/modules-2/files-2.1/org.jetbrains.kotlin/kotlin-reflect/1.6.10/1cbe9c92c12a94eea200d23c2bbaedaf3daf5132/kotlin-reflect-1.6.10.jar
2025-03-10T17:43:18.372+0800 [DEBUG] [org.gradle.api.internal.artifacts.ivyservice.ivyresolve.CachingModuleComponentRepository] Found artifact 'kotlin-scripting-jvm-2.1.10.jar (org.jetbrains.kotlin:kotlin-scripting-jvm:2.1.10)' in resolver cache: /Users/sam/.gradle/caches/modules-2/files-2.1/org.jetbrains.kotlin/kotlin-scripting-jvm/2.1.10/7992af0361147f5918380c58982a1eae2a4eb75e/kotlin-scripting-jvm-2.1.10.jar
2025-03-10T17:43:18.372+0800 [DEBUG] [org.gradle.api.internal.artifacts.ivyservice.ivyresolve.CachingModuleComponentRepository] Found artifact 'trove4j-1.0.20200330.jar (org.jetbrains.intellij.deps:trove4j:1.0.20200330)' in resolver cache: /Users/sam/.gradle/caches/modules-2/files-2.1/org.jetbrains.intellij.deps/trove4j/1.0.20200330/3afb14d5f9ceb459d724e907a21145e8ff394f02/trove4j-1.0.20200330.jar
2025-03-10T17:43:18.372+0800 [DEBUG] [org.gradle.api.internal.artifacts.ivyservice.ivyresolve.CachingModuleComponentRepository] Found artifact 'kotlin-daemon-embeddable-2.1.10.jar (org.jetbrains.kotlin:kotlin-daemon-embeddable:2.1.10)' in resolver cache: /Users/sam/.gradle/caches/modules-2/files-2.1/org.jetbrains.kotlin/kotlin-daemon-embeddable/2.1.10/58b88d47cdc057f09a8ea603ece5fd1993c7cb64/kotlin-daemon-embeddable-2.1.10.jar
2025-03-10T17:43:18.373+0800 [DEBUG] [org.gradle.internal.operations.DefaultBuildOperationRunner] Build operation 'Resolve kotlin-daemon-embeddable-2.1.10.jar (org.jetbrains.kotlin:kotlin-daemon-embeddable:2.1.10)' completed
2025-03-10T17:43:18.373+0800 [DEBUG] [org.gradle.api.internal.artifacts.ivyservice.ivyresolve.CachingModuleComponentRepository] Found artifact 'kotlin-daemon-client-2.1.10.jar (org.jetbrains.kotlin:kotlin-daemon-client:2.1.10)' in resolver cache: /Users/sam/.gradle/caches/modules-2/files-2.1/org.jetbrains.kotlin/kotlin-daemon-client/2.1.10/f6261f723952df0327291dae333ec23b58180f56/kotlin-daemon-client-2.1.10.jar
2025-03-10T17:43:18.372+0800 [DEBUG] [org.gradle.api.internal.artifacts.ivyservice.ivyresolve.CachingModuleComponentRepository] Found artifact 'kotlin-build-common-2.1.10.jar (org.jetbrains.kotlin:kotlin-build-common:2.1.10)' in resolver cache: /Users/sam/.gradle/caches/modules-2/files-2.1/org.jetbrains.kotlin/kotlin-build-common/2.1.10/b9f9d8d1312489285a09f7e2c7651d2e91f742fc/kotlin-build-common-2.1.10.jar
2025-03-10T17:43:18.372+0800 [DEBUG] [org.gradle.api.internal.artifacts.ivyservice.ivyresolve.CachingModuleComponentRepository] Found artifact 'org.gradle.internal.component.external.model.UrlBackedArtifactMetadata@11350886' in resolver cache: /Users/sam/.gradle/caches/modules-2/files-2.1/org.jetbrains.kotlinx/kotlinx-coroutines-core-jvm/1.6.4/2c997cd1c0ef33f3e751d3831929aeff1390cb30/kotlinx-coroutines-core-jvm-1.6.4.jar
2025-03-10T17:43:18.373+0800 [DEBUG] [org.gradle.api.internal.artifacts.ivyservice.ivyresolve.CachingModuleComponentRepository] Found artifact 'kotlin-compiler-runner-2.1.10.jar (org.jetbrains.kotlin:kotlin-compiler-runner:2.1.10)' in resolver cache: /Users/sam/.gradle/caches/modules-2/files-2.1/org.jetbrains.kotlin/kotlin-compiler-runner/2.1.10/1c1f3ab4265d15190326501bf49f078a3d06023f/kotlin-compiler-runner-2.1.10.jar
2025-03-10T17:43:18.373+0800 [DEBUG] [org.gradle.api.internal.artifacts.ivyservice.ivyresolve.CachingModuleComponentRepository] Found artifact 'kotlin-scripting-compiler-impl-embeddable-2.1.10.jar (org.jetbrains.kotlin:kotlin-scripting-compiler-impl-embeddable:2.1.10)' in resolver cache: /Users/sam/.gradle/caches/modules-2/files-2.1/org.jetbrains.kotlin/kotlin-scripting-compiler-impl-embeddable/2.1.10/1c80f23a996ff41f5511e8ef646b53bd7ca625f6/kotlin-scripting-compiler-impl-embeddable-2.1.10.jar
2025-03-10T17:43:18.373+0800 [DEBUG] [org.gradle.api.internal.artifacts.ivyservice.ivyresolve.CachingModuleComponentRepository] Found artifact 'kotlin-scripting-compiler-embeddable-2.1.10.jar (org.jetbrains.kotlin:kotlin-scripting-compiler-embeddable:2.1.10)' in resolver cache: /Users/sam/.gradle/caches/modules-2/files-2.1/org.jetbrains.kotlin/kotlin-scripting-compiler-embeddable/2.1.10/68d78ab84d41a631df147c9c730e07c86a89dd2d/kotlin-scripting-compiler-embeddable-2.1.10.jar
2025-03-10T17:43:18.374+0800 [DEBUG] [org.gradle.internal.resources.AbstractTrackedResourceLock] Execution worker: released lock on state of build :
2025-03-10T17:43:18.374+0800 [DEBUG] [org.gradle.internal.resources.AbstractTrackedResourceLock] Execution worker: released lock on worker lease
2025-03-10T17:43:18.374+0800 [DEBUG] [org.gradle.api.internal.artifacts.ivyservice.ivyresolve.CachingModuleComponentRepository] Found artifact 'kotlin-scripting-common-2.1.10.jar (org.jetbrains.kotlin:kotlin-scripting-common:2.1.10)' in resolver cache: /Users/sam/.gradle/caches/modules-2/files-2.1/org.jetbrains.kotlin/kotlin-scripting-common/2.1.10/c6bc5aa794c482975bb0513e731c47a525cf8130/kotlin-scripting-common-2.1.10.jar
2025-03-10T17:43:18.374+0800 [DEBUG] [org.gradle.api.internal.artifacts.ivyservice.ivyresolve.CachingModuleComponentRepository] Found artifact 'kotlin-script-runtime-2.1.10.jar (org.jetbrains.kotlin:kotlin-script-runtime:2.1.10)' in resolver cache: /Users/sam/.gradle/caches/modules-2/files-2.1/org.jetbrains.kotlin/kotlin-script-runtime/2.1.10/70000e6ef453308e55d42ea4ace5b8c32325ce75/kotlin-script-runtime-2.1.10.jar
2025-03-10T17:43:18.377+0800 [DEBUG] [org.gradle.internal.resources.AbstractTrackedResourceLock] Execution worker: acquired lock on state of build :
2025-03-10T17:43:18.377+0800 [DEBUG] [org.gradle.internal.resources.AbstractTrackedResourceLock] Execution worker: acquired lock on worker lease
2025-03-10T17:43:18.377+0800 [DEBUG] [org.gradle.internal.operations.DefaultBuildOperationRunner] Build operation 'Resolve files of configuration ':kotlinBuildToolsApiClasspath'' completed
2025-03-10T17:43:18.378+0800 [DEBUG] [org.gradle.internal.operations.DefaultBuildOperationRunner] Build operation 'Fingerprint transform inputs' completed
2025-03-10T17:43:18.378+0800 [INFO] [org.gradle.api.internal.artifacts.transform.TransformStep] Transforming exposed-dao-0.41.1.jar with BuildToolsApiClasspathEntrySnapshotTransform
2025-03-10T17:43:18.378+0800 [DEBUG] [org.gradle.internal.operations.DefaultBuildOperationRunner] Build operation 'Identifying work' completed
2025-03-10T17:43:18.378+0800 [INFO] [org.gradle.api.internal.artifacts.transform.TransformStep] Transforming exposed-jdbc-0.41.1.jar with BuildToolsApiClasspathEntrySnapshotTransform
2025-03-10T17:43:18.378+0800 [DEBUG] [org.gradle.internal.operations.DefaultBuildOperationRunner] Build operation 'Identifying work' completed
2025-03-10T17:43:18.378+0800 [INFO] [org.gradle.api.internal.artifacts.transform.TransformStep] Transforming exposed-java-time-0.41.1.jar with BuildToolsApiClasspathEntrySnapshotTransform
2025-03-10T17:43:18.378+0800 [DEBUG] [org.gradle.internal.operations.DefaultBuildOperationRunner] Build operation 'Identifying work' completed
2025-03-10T17:43:18.378+0800 [INFO] [org.gradle.api.internal.artifacts.transform.TransformStep] Transforming exposed-core-0.41.1.jar with BuildToolsApiClasspathEntrySnapshotTransform
2025-03-10T17:43:18.378+0800 [DEBUG] [org.gradle.internal.operations.DefaultBuildOperationRunner] Build operation 'Identifying work' completed
2025-03-10T17:43:18.378+0800 [INFO] [org.gradle.api.internal.artifacts.transform.TransformStep] Transforming ktor-server-websockets-jvm-2.3.6.jar with BuildToolsApiClasspathEntrySnapshotTransform
2025-03-10T17:43:18.379+0800 [DEBUG] [org.gradle.internal.operations.DefaultBuildOperationRunner] Build operation 'Identifying work' completed
2025-03-10T17:43:18.379+0800 [INFO] [org.gradle.api.internal.artifacts.transform.TransformStep] Transforming ktor-server-content-negotiation-jvm-2.3.6.jar with BuildToolsApiClasspathEntrySnapshotTransform
2025-03-10T17:43:18.379+0800 [DEBUG] [org.gradle.internal.operations.DefaultBuildOperationRunner] Build operation 'Identifying work' completed
2025-03-10T17:43:18.379+0800 [INFO] [org.gradle.api.internal.artifacts.transform.TransformStep] Transforming ktor-server-cors-jvm-2.3.6.jar with BuildToolsApiClasspathEntrySnapshotTransform
2025-03-10T17:43:18.379+0800 [DEBUG] [org.gradle.internal.operations.DefaultBuildOperationRunner] Build operation 'Identifying work' completed
2025-03-10T17:43:18.379+0800 [INFO] [org.gradle.api.internal.artifacts.transform.TransformStep] Transforming ktor-server-auth-jvm-2.3.6.jar with BuildToolsApiClasspathEntrySnapshotTransform
2025-03-10T17:43:18.379+0800 [DEBUG] [org.gradle.internal.operations.DefaultBuildOperationRunner] Build operation 'Identifying work' completed
2025-03-10T17:43:18.379+0800 [INFO] [org.gradle.api.internal.artifacts.transform.TransformStep] Transforming ktor-server-netty-jvm-2.3.6.jar with BuildToolsApiClasspathEntrySnapshotTransform
2025-03-10T17:43:18.379+0800 [DEBUG] [org.gradle.internal.operations.DefaultBuildOperationRunner] Build operation 'Identifying work' completed
2025-03-10T17:43:18.379+0800 [INFO] [org.gradle.api.internal.artifacts.transform.TransformStep] Transforming ktor-server-host-common-jvm-2.3.6.jar with BuildToolsApiClasspathEntrySnapshotTransform
2025-03-10T17:43:18.379+0800 [DEBUG] [org.gradle.internal.operations.DefaultBuildOperationRunner] Build operation 'Identifying work' completed
2025-03-10T17:43:18.379+0800 [INFO] [org.gradle.api.internal.artifacts.transform.TransformStep] Transforming ktor-server-sessions-jvm-2.3.6.jar with BuildToolsApiClasspathEntrySnapshotTransform
2025-03-10T17:43:18.379+0800 [DEBUG] [org.gradle.internal.operations.DefaultBuildOperationRunner] Build operation 'Identifying work' completed
2025-03-10T17:43:18.379+0800 [INFO] [org.gradle.api.internal.artifacts.transform.TransformStep] Transforming ktor-server-core-jvm-2.3.6.jar with BuildToolsApiClasspathEntrySnapshotTransform
2025-03-10T17:43:18.379+0800 [DEBUG] [org.gradle.internal.operations.DefaultBuildOperationRunner] Build operation 'Identifying work' completed
2025-03-10T17:43:18.379+0800 [INFO] [org.gradle.api.internal.artifacts.transform.TransformStep] Transforming ktor-serialization-kotlinx-json-jvm-2.3.6.jar with BuildToolsApiClasspathEntrySnapshotTransform
2025-03-10T17:43:18.379+0800 [DEBUG] [org.gradle.internal.operations.DefaultBuildOperationRunner] Build operation 'Identifying work' completed
2025-03-10T17:43:18.379+0800 [INFO] [org.gradle.api.internal.artifacts.transform.TransformStep] Transforming ktor-client-core-jvm-2.3.6.jar with BuildToolsApiClasspathEntrySnapshotTransform
2025-03-10T17:43:18.379+0800 [DEBUG] [org.gradle.internal.operations.DefaultBuildOperationRunner] Build operation 'Identifying work' completed
2025-03-10T17:43:18.379+0800 [INFO] [org.gradle.api.internal.artifacts.transform.TransformStep] Transforming ktor-websocket-serialization-jvm-2.3.6.jar with BuildToolsApiClasspathEntrySnapshotTransform
2025-03-10T17:43:18.379+0800 [DEBUG] [org.gradle.internal.operations.DefaultBuildOperationRunner] Build operation 'Identifying work' completed
2025-03-10T17:43:18.379+0800 [INFO] [org.gradle.api.internal.artifacts.transform.TransformStep] Transforming ktor-serialization-kotlinx-jvm-2.3.6.jar with BuildToolsApiClasspathEntrySnapshotTransform
2025-03-10T17:43:18.379+0800 [DEBUG] [org.gradle.internal.operations.DefaultBuildOperationRunner] Build operation 'Identifying work' completed
2025-03-10T17:43:18.379+0800 [INFO] [org.gradle.api.internal.artifacts.transform.TransformStep] Transforming ktor-serialization-jvm-2.3.6.jar with BuildToolsApiClasspathEntrySnapshotTransform
2025-03-10T17:43:18.379+0800 [DEBUG] [org.gradle.internal.operations.DefaultBuildOperationRunner] Build operation 'Identifying work' completed
2025-03-10T17:43:18.379+0800 [INFO] [org.gradle.api.internal.artifacts.transform.TransformStep] Transforming ktor-events-jvm-2.3.6.jar with BuildToolsApiClasspathEntrySnapshotTransform
2025-03-10T17:43:18.379+0800 [DEBUG] [org.gradle.internal.operations.DefaultBuildOperationRunner] Build operation 'Identifying work' completed
2025-03-10T17:43:18.379+0800 [INFO] [org.gradle.api.internal.artifacts.transform.TransformStep] Transforming ktor-websockets-jvm-2.3.6.jar with BuildToolsApiClasspathEntrySnapshotTransform
2025-03-10T17:43:18.380+0800 [DEBUG] [org.gradle.internal.operations.DefaultBuildOperationRunner] Build operation 'Identifying work' completed
2025-03-10T17:43:18.380+0800 [INFO] [org.gradle.api.internal.artifacts.transform.TransformStep] Transforming ktor-http-cio-jvm-2.3.6.jar with BuildToolsApiClasspathEntrySnapshotTransform
2025-03-10T17:43:18.380+0800 [DEBUG] [org.gradle.internal.operations.DefaultBuildOperationRunner] Build operation 'Identifying work' completed
2025-03-10T17:43:18.380+0800 [INFO] [org.gradle.api.internal.artifacts.transform.TransformStep] Transforming ktor-http-jvm-2.3.6.jar with BuildToolsApiClasspathEntrySnapshotTransform
2025-03-10T17:43:18.380+0800 [DEBUG] [org.gradle.internal.operations.DefaultBuildOperationRunner] Build operation 'Identifying work' completed
2025-03-10T17:43:18.380+0800 [INFO] [org.gradle.api.internal.artifacts.transform.TransformStep] Transforming ktor-network-jvm-2.3.6.jar with BuildToolsApiClasspathEntrySnapshotTransform
2025-03-10T17:43:18.380+0800 [DEBUG] [org.gradle.internal.operations.DefaultBuildOperationRunner] Build operation 'Identifying work' completed
2025-03-10T17:43:18.380+0800 [INFO] [org.gradle.api.internal.artifacts.transform.TransformStep] Transforming ktor-utils-jvm-2.3.6.jar with BuildToolsApiClasspathEntrySnapshotTransform
2025-03-10T17:43:18.380+0800 [DEBUG] [org.gradle.internal.operations.DefaultBuildOperationRunner] Build operation 'Identifying work' completed
2025-03-10T17:43:18.380+0800 [INFO] [org.gradle.api.internal.artifacts.transform.TransformStep] Transforming ktor-io-jvm-2.3.6.jar with BuildToolsApiClasspathEntrySnapshotTransform
2025-03-10T17:43:18.380+0800 [DEBUG] [org.gradle.internal.operations.DefaultBuildOperationRunner] Build operation 'Identifying work' completed
2025-03-10T17:43:18.380+0800 [INFO] [org.gradle.api.internal.artifacts.transform.TransformStep] Transforming kotlin-stdlib-jdk8-1.8.22.jar with BuildToolsApiClasspathEntrySnapshotTransform
2025-03-10T17:43:18.380+0800 [DEBUG] [org.gradle.internal.operations.DefaultBuildOperationRunner] Build operation 'Identifying work' completed
2025-03-10T17:43:18.380+0800 [INFO] [org.gradle.api.internal.artifacts.transform.TransformStep] Transforming kotlin-reflect-1.8.22.jar with BuildToolsApiClasspathEntrySnapshotTransform
2025-03-10T17:43:18.380+0800 [DEBUG] [org.gradle.internal.operations.DefaultBuildOperationRunner] Build operation 'Identifying work' completed
2025-03-10T17:43:18.380+0800 [INFO] [org.gradle.api.internal.artifacts.transform.TransformStep] Transforming kotlin-stdlib-jdk7-1.8.22.jar with BuildToolsApiClasspathEntrySnapshotTransform
2025-03-10T17:43:18.380+0800 [DEBUG] [org.gradle.internal.operations.DefaultBuildOperationRunner] Build operation 'Identifying work' completed
2025-03-10T17:43:18.380+0800 [INFO] [org.gradle.api.internal.artifacts.transform.TransformStep] Transforming kotlinx-serialization-core-jvm-1.5.1.jar with BuildToolsApiClasspathEntrySnapshotTransform
2025-03-10T17:43:18.380+0800 [DEBUG] [org.gradle.internal.operations.DefaultBuildOperationRunner] Build operation 'Identifying work' completed
2025-03-10T17:43:18.380+0800 [INFO] [org.gradle.api.internal.artifacts.transform.TransformStep] Transforming kotlinx-serialization-json-jvm-1.5.1.jar with BuildToolsApiClasspathEntrySnapshotTransform
2025-03-10T17:43:18.380+0800 [DEBUG] [org.gradle.internal.operations.DefaultBuildOperationRunner] Build operation 'Identifying work' completed
2025-03-10T17:43:18.380+0800 [INFO] [org.gradle.api.internal.artifacts.transform.TransformStep] Transforming kotlinx-coroutines-jdk8-1.7.1.jar with BuildToolsApiClasspathEntrySnapshotTransform
2025-03-10T17:43:18.380+0800 [DEBUG] [org.gradle.internal.operations.DefaultBuildOperationRunner] Build operation 'Identifying work' completed
2025-03-10T17:43:18.380+0800 [INFO] [org.gradle.api.internal.artifacts.transform.TransformStep] Transforming kotlinx-coroutines-core-jvm-1.7.1.jar with BuildToolsApiClasspathEntrySnapshotTransform
2025-03-10T17:43:18.380+0800 [DEBUG] [org.gradle.internal.operations.DefaultBuildOperationRunner] Build operation 'Identifying work' completed
2025-03-10T17:43:18.380+0800 [INFO] [org.gradle.api.internal.artifacts.transform.TransformStep] Transforming kotlin-stdlib-2.1.10.jar with BuildToolsApiClasspathEntrySnapshotTransform
2025-03-10T17:43:18.380+0800 [DEBUG] [org.gradle.internal.operations.DefaultBuildOperationRunner] Build operation 'Identifying work' completed
2025-03-10T17:43:18.380+0800 [INFO] [org.gradle.api.internal.artifacts.transform.TransformStep] Transforming org.eclipse.paho.client.mqttv3-1.2.5.jar with BuildToolsApiClasspathEntrySnapshotTransform
2025-03-10T17:43:18.381+0800 [DEBUG] [org.gradle.internal.operations.DefaultBuildOperationRunner] Build operation 'Identifying work' completed
2025-03-10T17:43:18.381+0800 [INFO] [org.gradle.api.internal.artifacts.transform.TransformStep] Transforming postgresql-42.5.4.jar with BuildToolsApiClasspathEntrySnapshotTransform
2025-03-10T17:43:18.381+0800 [DEBUG] [org.gradle.internal.operations.DefaultBuildOperationRunner] Build operation 'Identifying work' completed
2025-03-10T17:43:18.381+0800 [INFO] [org.gradle.api.internal.artifacts.transform.TransformStep] Transforming HikariCP-5.0.1.jar with BuildToolsApiClasspathEntrySnapshotTransform
2025-03-10T17:43:18.381+0800 [DEBUG] [org.gradle.internal.operations.DefaultBuildOperationRunner] Build operation 'Identifying work' completed
2025-03-10T17:43:18.381+0800 [INFO] [org.gradle.api.internal.artifacts.transform.TransformStep] Transforming logback-classic-1.4.11.jar with BuildToolsApiClasspathEntrySnapshotTransform
2025-03-10T17:43:18.381+0800 [DEBUG] [org.gradle.internal.operations.DefaultBuildOperationRunner] Build operation 'Identifying work' completed
2025-03-10T17:43:18.381+0800 [INFO] [org.gradle.api.internal.artifacts.transform.TransformStep] Transforming annotations-23.0.0.jar with BuildToolsApiClasspathEntrySnapshotTransform
2025-03-10T17:43:18.381+0800 [DEBUG] [org.gradle.internal.operations.DefaultBuildOperationRunner] Build operation 'Identifying work' completed
2025-03-10T17:43:18.381+0800 [INFO] [org.gradle.api.internal.artifacts.transform.TransformStep] Transforming slf4j-api-2.0.7.jar with BuildToolsApiClasspathEntrySnapshotTransform
2025-03-10T17:43:18.381+0800 [DEBUG] [org.gradle.internal.operations.DefaultBuildOperationRunner] Build operation 'Identifying work' completed
2025-03-10T17:43:18.381+0800 [INFO] [org.gradle.api.internal.artifacts.transform.TransformStep] Transforming logback-core-1.4.11.jar with BuildToolsApiClasspathEntrySnapshotTransform
2025-03-10T17:43:18.381+0800 [DEBUG] [org.gradle.internal.operations.DefaultBuildOperationRunner] Build operation 'Identifying work' completed
2025-03-10T17:43:18.381+0800 [INFO] [org.gradle.api.internal.artifacts.transform.TransformStep] Transforming config-1.4.2.jar with BuildToolsApiClasspathEntrySnapshotTransform
2025-03-10T17:43:18.381+0800 [DEBUG] [org.gradle.internal.operations.DefaultBuildOperationRunner] Build operation 'Identifying work' completed
2025-03-10T17:43:18.381+0800 [INFO] [org.gradle.api.internal.artifacts.transform.TransformStep] Transforming netty-codec-http2-4.1.97.Final.jar with BuildToolsApiClasspathEntrySnapshotTransform
2025-03-10T17:43:18.381+0800 [DEBUG] [org.gradle.internal.operations.DefaultBuildOperationRunner] Build operation 'Identifying work' completed
2025-03-10T17:43:18.381+0800 [INFO] [org.gradle.api.internal.artifacts.transform.TransformStep] Transforming alpn-api-1.1.3.v20160715.jar with BuildToolsApiClasspathEntrySnapshotTransform
2025-03-10T17:43:18.381+0800 [DEBUG] [org.gradle.internal.operations.DefaultBuildOperationRunner] Build operation 'Identifying work' completed
2025-03-10T17:43:18.381+0800 [INFO] [org.gradle.api.internal.artifacts.transform.TransformStep] Transforming netty-transport-native-kqueue-4.1.97.Final.jar with BuildToolsApiClasspathEntrySnapshotTransform
2025-03-10T17:43:18.381+0800 [DEBUG] [org.gradle.internal.operations.DefaultBuildOperationRunner] Build operation 'Identifying work' completed
2025-03-10T17:43:18.381+0800 [INFO] [org.gradle.api.internal.artifacts.transform.TransformStep] Transforming netty-transport-native-epoll-4.1.97.Final.jar with BuildToolsApiClasspathEntrySnapshotTransform
2025-03-10T17:43:18.381+0800 [DEBUG] [org.gradle.internal.operations.DefaultBuildOperationRunner] Build operation 'Identifying work' completed
2025-03-10T17:43:18.381+0800 [INFO] [org.gradle.api.internal.artifacts.transform.TransformStep] Transforming netty-codec-http-4.1.97.Final.jar with BuildToolsApiClasspathEntrySnapshotTransform
2025-03-10T17:43:18.381+0800 [DEBUG] [org.gradle.internal.operations.DefaultBuildOperationRunner] Build operation 'Identifying work' completed
2025-03-10T17:43:18.381+0800 [INFO] [org.gradle.api.internal.artifacts.transform.TransformStep] Transforming netty-handler-4.1.97.Final.jar with BuildToolsApiClasspathEntrySnapshotTransform
2025-03-10T17:43:18.381+0800 [DEBUG] [org.gradle.internal.operations.DefaultBuildOperationRunner] Build operation 'Identifying work' completed
2025-03-10T17:43:18.381+0800 [INFO] [org.gradle.api.internal.artifacts.transform.TransformStep] Transforming netty-codec-4.1.97.Final.jar with BuildToolsApiClasspathEntrySnapshotTransform
2025-03-10T17:43:18.381+0800 [DEBUG] [org.gradle.internal.operations.DefaultBuildOperationRunner] Build operation 'Identifying work' completed
2025-03-10T17:43:18.382+0800 [INFO] [org.gradle.api.internal.artifacts.transform.TransformStep] Transforming netty-transport-classes-kqueue-4.1.97.Final.jar with BuildToolsApiClasspathEntrySnapshotTransform
2025-03-10T17:43:18.382+0800 [DEBUG] [org.gradle.internal.operations.DefaultBuildOperationRunner] Build operation 'Identifying work' completed
2025-03-10T17:43:18.382+0800 [INFO] [org.gradle.api.internal.artifacts.transform.TransformStep] Transforming netty-transport-classes-epoll-4.1.97.Final.jar with BuildToolsApiClasspathEntrySnapshotTransform
2025-03-10T17:43:18.382+0800 [DEBUG] [org.gradle.internal.operations.DefaultBuildOperationRunner] Build operation 'Identifying work' completed
2025-03-10T17:43:18.382+0800 [INFO] [org.gradle.api.internal.artifacts.transform.TransformStep] Transforming netty-transport-native-unix-common-4.1.97.Final.jar with BuildToolsApiClasspathEntrySnapshotTransform
2025-03-10T17:43:18.382+0800 [DEBUG] [org.gradle.internal.operations.DefaultBuildOperationRunner] Build operation 'Identifying work' completed
2025-03-10T17:43:18.382+0800 [INFO] [org.gradle.api.internal.artifacts.transform.TransformStep] Transforming netty-transport-4.1.97.Final.jar with BuildToolsApiClasspathEntrySnapshotTransform
2025-03-10T17:43:18.382+0800 [DEBUG] [org.gradle.internal.operations.DefaultBuildOperationRunner] Build operation 'Identifying work' completed
2025-03-10T17:43:18.382+0800 [INFO] [org.gradle.api.internal.artifacts.transform.TransformStep] Transforming netty-buffer-4.1.97.Final.jar with BuildToolsApiClasspathEntrySnapshotTransform
2025-03-10T17:43:18.382+0800 [DEBUG] [org.gradle.internal.operations.DefaultBuildOperationRunner] Build operation 'Identifying work' completed
2025-03-10T17:43:18.382+0800 [INFO] [org.gradle.api.internal.artifacts.transform.TransformStep] Transforming netty-resolver-4.1.97.Final.jar with BuildToolsApiClasspathEntrySnapshotTransform
2025-03-10T17:43:18.382+0800 [DEBUG] [org.gradle.internal.operations.DefaultBuildOperationRunner] Build operation 'Identifying work' completed
2025-03-10T17:43:18.382+0800 [INFO] [org.gradle.api.internal.artifacts.transform.TransformStep] Transforming netty-common-4.1.97.Final.jar with BuildToolsApiClasspathEntrySnapshotTransform
2025-03-10T17:43:18.382+0800 [DEBUG] [org.gradle.internal.operations.DefaultBuildOperationRunner] Build operation 'Identifying work' completed
2025-03-10T17:43:18.382+0800 [DEBUG] [org.gradle.internal.operations.DefaultBuildOperationRunner] Build operation 'Resolve files of configuration ':detachedConfiguration1'' completed
2025-03-10T17:43:18.383+0800 [DEBUG] [org.gradle.api.internal.artifacts.ivyservice.modulecache.ResolvedArtifactCaches] Reusing in-memory cache for repo 'MavenRepo' [26c913274550a0b2221f47a0fe2d2358].
2025-03-10T17:43:18.383+0800 [DEBUG] [org.gradle.api.internal.artifacts.ivyservice.resolveengine.graph.builder.DependencyGraphBuilder] Visiting configuration org.example:MyApplicationBackend:1.0-SNAPSHOT(kotlinCompilerClasspath).
2025-03-10T17:43:18.383+0800 [DEBUG] [org.gradle.api.internal.artifacts.ivyservice.ivyresolve.RepositoryChainComponentMetaDataResolver] Attempting to resolve component for org.jetbrains.kotlin:kotlin-compiler-embeddable:2.1.10 using repositories [MavenRepo]
2025-03-10T17:43:18.383+0800 [DEBUG] [org.gradle.api.internal.artifacts.ivyservice.ivyresolve.CachingModuleComponentRepository] Using cached module metadata for module 'org.jetbrains.kotlin:kotlin-compiler-embeddable:2.1.10' in 'MavenRepo'
2025-03-10T17:43:18.383+0800 [DEBUG] [org.gradle.api.internal.artifacts.ivyservice.ivyresolve.RepositoryChainComponentMetaDataResolver] Using org.jetbrains.kotlin:kotlin-compiler-embeddable:2.1.10 from Maven repository 'MavenRepo'
2025-03-10T17:43:18.383+0800 [DEBUG] [org.gradle.api.internal.artifacts.ivyservice.resolveengine.graph.builder.DependencyGraphBuilder] Visiting configuration org.jetbrains.kotlin:kotlin-compiler-embeddable:2.1.10(runtime).
2025-03-10T17:43:18.383+0800 [DEBUG] [org.gradle.api.internal.artifacts.ivyservice.ivyresolve.RepositoryChainComponentMetaDataResolver] Attempting to resolve component for org.jetbrains.kotlin:kotlin-stdlib:2.1.10 using repositories [MavenRepo]
2025-03-10T17:43:18.383+0800 [DEBUG] [org.gradle.api.internal.artifacts.ivyservice.ivyresolve.CachingModuleComponentRepository] Using cached module metadata for module 'org.jetbrains.kotlin:kotlin-stdlib:2.1.10' in 'MavenRepo'
2025-03-10T17:43:18.383+0800 [DEBUG] [org.gradle.api.internal.artifacts.ivyservice.ivyresolve.RepositoryChainComponentMetaDataResolver] Using org.jetbrains.kotlin:kotlin-stdlib:2.1.10 from Maven repository 'MavenRepo'
2025-03-10T17:43:18.383+0800 [DEBUG] [org.gradle.api.internal.artifacts.ivyservice.ivyresolve.RepositoryChainComponentMetaDataResolver] Attempting to resolve component for org.jetbrains.kotlin:kotlin-script-runtime:2.1.10 using repositories [MavenRepo]
2025-03-10T17:43:18.383+0800 [DEBUG] [org.gradle.api.internal.artifacts.ivyservice.ivyresolve.CachingModuleComponentRepository] Using cached module metadata for module 'org.jetbrains.kotlin:kotlin-script-runtime:2.1.10' in 'MavenRepo'
2025-03-10T17:43:18.383+0800 [DEBUG] [org.gradle.api.internal.artifacts.ivyservice.ivyresolve.RepositoryChainComponentMetaDataResolver] Using org.jetbrains.kotlin:kotlin-script-runtime:2.1.10 from Maven repository 'MavenRepo'
2025-03-10T17:43:18.383+0800 [DEBUG] [org.gradle.api.internal.artifacts.ivyservice.ivyresolve.RepositoryChainComponentMetaDataResolver] Attempting to resolve component for org.jetbrains.kotlin:kotlin-reflect:1.6.10 using repositories [MavenRepo]
2025-03-10T17:43:18.384+0800 [DEBUG] [org.gradle.api.internal.artifacts.ivyservice.ivyresolve.CachingModuleComponentRepository] Using cached module metadata for module 'org.jetbrains.kotlin:kotlin-reflect:1.6.10' in 'MavenRepo'
2025-03-10T17:43:18.384+0800 [DEBUG] [org.gradle.api.internal.artifacts.ivyservice.ivyresolve.RepositoryChainComponentMetaDataResolver] Using org.jetbrains.kotlin:kotlin-reflect:1.6.10 from Maven repository 'MavenRepo'
2025-03-10T17:43:18.384+0800 [DEBUG] [org.gradle.api.internal.artifacts.ivyservice.ivyresolve.RepositoryChainComponentMetaDataResolver] Attempting to resolve component for org.jetbrains.kotlin:kotlin-daemon-embeddable:2.1.10 using repositories [MavenRepo]
2025-03-10T17:43:18.384+0800 [DEBUG] [org.gradle.api.internal.artifacts.ivyservice.ivyresolve.CachingModuleComponentRepository] Using cached module metadata for module 'org.jetbrains.kotlin:kotlin-daemon-embeddable:2.1.10' in 'MavenRepo'
2025-03-10T17:43:18.384+0800 [DEBUG] [org.gradle.api.internal.artifacts.ivyservice.ivyresolve.RepositoryChainComponentMetaDataResolver] Using org.jetbrains.kotlin:kotlin-daemon-embeddable:2.1.10 from Maven repository 'MavenRepo'
2025-03-10T17:43:18.384+0800 [DEBUG] [org.gradle.api.internal.artifacts.ivyservice.ivyresolve.RepositoryChainComponentMetaDataResolver] Attempting to resolve component for org.jetbrains.intellij.deps:trove4j:1.0.20200330 using repositories [MavenRepo]
2025-03-10T17:43:18.384+0800 [DEBUG] [org.gradle.api.internal.artifacts.ivyservice.ivyresolve.CachingModuleComponentRepository] Using cached module metadata for module 'org.jetbrains.intellij.deps:trove4j:1.0.20200330' in 'MavenRepo'
2025-03-10T17:43:18.384+0800 [DEBUG] [org.gradle.api.internal.artifacts.ivyservice.ivyresolve.RepositoryChainComponentMetaDataResolver] Using org.jetbrains.intellij.deps:trove4j:1.0.20200330 from Maven repository 'MavenRepo'
2025-03-10T17:43:18.384+0800 [DEBUG] [org.gradle.api.internal.artifacts.ivyservice.ivyresolve.RepositoryChainComponentMetaDataResolver] Attempting to resolve component for org.jetbrains.kotlinx:kotlinx-coroutines-core-jvm:1.6.4 using repositories [MavenRepo]
2025-03-10T17:43:18.384+0800 [DEBUG] [org.gradle.api.internal.artifacts.ivyservice.ivyresolve.CachingModuleComponentRepository] Using cached module metadata for module 'org.jetbrains.kotlinx:kotlinx-coroutines-core-jvm:1.6.4' in 'MavenRepo'
2025-03-10T17:43:18.384+0800 [DEBUG] [org.gradle.api.internal.artifacts.ivyservice.ivyresolve.RepositoryChainComponentMetaDataResolver] Using org.jetbrains.kotlinx:kotlinx-coroutines-core-jvm:1.6.4 from Maven repository 'MavenRepo'
2025-03-10T17:43:18.384+0800 [DEBUG] [org.gradle.api.internal.artifacts.ivyservice.resolveengine.graph.builder.DependencyGraphBuilder] Visiting configuration org.jetbrains.kotlin:kotlin-stdlib:2.1.10(jvmRuntimeElements).
2025-03-10T17:43:18.384+0800 [DEBUG] [org.gradle.api.internal.artifacts.ivyservice.ivyresolve.RepositoryChainComponentMetaDataResolver] Attempting to resolve component for org.jetbrains:annotations:13.0 using repositories [MavenRepo]
2025-03-10T17:43:18.384+0800 [DEBUG] [org.gradle.api.internal.artifacts.ivyservice.ivyresolve.CachingModuleComponentRepository] Using cached module metadata for module 'org.jetbrains:annotations:13.0' in 'MavenRepo'
2025-03-10T17:43:18.384+0800 [DEBUG] [org.gradle.api.internal.artifacts.ivyservice.ivyresolve.RepositoryChainComponentMetaDataResolver] Using org.jetbrains:annotations:13.0 from Maven repository 'MavenRepo'
2025-03-10T17:43:18.384+0800 [DEBUG] [org.gradle.api.internal.artifacts.ivyservice.resolveengine.graph.builder.DependencyGraphBuilder] Visiting configuration org.jetbrains.kotlin:kotlin-script-runtime:2.1.10(runtime).
2025-03-10T17:43:18.384+0800 [DEBUG] [org.gradle.api.internal.artifacts.ivyservice.resolveengine.graph.builder.DependencyGraphBuilder] Visiting configuration org.jetbrains.kotlin:kotlin-reflect:1.6.10(runtime).
2025-03-10T17:43:18.384+0800 [DEBUG] [org.gradle.api.internal.artifacts.ivyservice.resolveengine.graph.builder.NodeState] org.jetbrains.kotlin:kotlin-stdlib is excluded from org.jetbrains.kotlin:kotlin-reflect:1.6.10(runtime) by "excludes everything".
2025-03-10T17:43:18.384+0800 [DEBUG] [org.gradle.api.internal.artifacts.ivyservice.resolveengine.graph.builder.DependencyGraphBuilder] Visiting configuration org.jetbrains.kotlin:kotlin-daemon-embeddable:2.1.10(runtime).
2025-03-10T17:43:18.384+0800 [DEBUG] [org.gradle.api.internal.artifacts.ivyservice.resolveengine.graph.builder.DependencyGraphBuilder] Visiting configuration org.jetbrains.intellij.deps:trove4j:1.0.20200330(runtime).
2025-03-10T17:43:18.384+0800 [DEBUG] [org.gradle.api.internal.artifacts.ivyservice.resolveengine.graph.builder.DependencyGraphBuilder] Visiting configuration org.jetbrains.kotlinx:kotlinx-coroutines-core-jvm:1.6.4(jvmRuntimeElements-published).
2025-03-10T17:43:18.384+0800 [DEBUG] [org.gradle.api.internal.artifacts.ivyservice.resolveengine.graph.builder.NodeState] org.jetbrains.kotlinx:kotlinx-coroutines-bom is excluded from org.jetbrains.kotlinx:kotlinx-coroutines-core-jvm:1.6.4(jvmRuntimeElements-published) by "excludes everything".
2025-03-10T17:43:18.384+0800 [DEBUG] [org.gradle.api.internal.artifacts.ivyservice.resolveengine.graph.builder.NodeState] org.jetbrains.kotlin:kotlin-stdlib-jdk8 is excluded from org.jetbrains.kotlinx:kotlinx-coroutines-core-jvm:1.6.4(jvmRuntimeElements-published) by "excludes everything".
2025-03-10T17:43:18.384+0800 [DEBUG] [org.gradle.api.internal.artifacts.ivyservice.resolveengine.graph.builder.NodeState] org.jetbrains.kotlin:kotlin-stdlib-common is excluded from org.jetbrains.kotlinx:kotlinx-coroutines-core-jvm:1.6.4(jvmRuntimeElements-published) by "excludes everything".
2025-03-10T17:43:18.384+0800 [DEBUG] [org.gradle.api.internal.artifacts.ivyservice.resolveengine.graph.builder.DependencyGraphBuilder] Visiting configuration org.jetbrains:annotations:13.0(runtime).
2025-03-10T17:43:18.385+0800 [DEBUG] [org.gradle.api.internal.artifacts.ivyservice.resolveengine.oldresult.TransientConfigurationResultsBuilder] Flushing resolved configuration data in Binary store in /Users/sam/.gradle/.tmp/gradle9872735857155707061.bin. Wrote root 3160.
2025-03-10T17:43:18.385+0800 [DEBUG] [org.gradle.internal.operations.DefaultBuildOperationRunner] Build operation 'Resolve dependencies of :kotlinCompilerClasspath' completed
2025-03-10T17:43:18.385+0800 [DEBUG] [org.gradle.internal.component.model.LoggingAttributeMatchingExplanationBuilder] Selected match org.jetbrains.kotlin:kotlin-compiler-embeddable:2.1.10 configuration runtime from candidates [org.jetbrains.kotlin:kotlin-compiler-embeddable:2.1.10 configuration runtime] for {}
2025-03-10T17:43:18.385+0800 [DEBUG] [org.gradle.internal.component.model.LoggingAttributeMatchingExplanationBuilder] Selected match org.jetbrains.kotlin:kotlin-stdlib:2.1.10 variant jvmRuntimeElements from candidates [org.jetbrains.kotlin:kotlin-stdlib:2.1.10 variant jvmRuntimeElements] for {}
2025-03-10T17:43:18.385+0800 [DEBUG] [org.gradle.internal.component.model.LoggingAttributeMatchingExplanationBuilder] Selected match org.jetbrains.kotlin:kotlin-script-runtime:2.1.10 configuration runtime from candidates [org.jetbrains.kotlin:kotlin-script-runtime:2.1.10 configuration runtime] for {}
2025-03-10T17:43:18.385+0800 [DEBUG] [org.gradle.internal.component.model.LoggingAttributeMatchingExplanationBuilder] Selected match org.jetbrains.kotlin:kotlin-reflect:1.6.10 configuration runtime from candidates [org.jetbrains.kotlin:kotlin-reflect:1.6.10 configuration runtime] for {}
2025-03-10T17:43:18.385+0800 [DEBUG] [org.gradle.internal.component.model.LoggingAttributeMatchingExplanationBuilder] Selected match org.jetbrains.kotlin:kotlin-daemon-embeddable:2.1.10 configuration runtime from candidates [org.jetbrains.kotlin:kotlin-daemon-embeddable:2.1.10 configuration runtime] for {}
2025-03-10T17:43:18.385+0800 [DEBUG] [org.gradle.internal.component.model.LoggingAttributeMatchingExplanationBuilder] Selected match org.jetbrains.intellij.deps:trove4j:1.0.20200330 configuration runtime from candidates [org.jetbrains.intellij.deps:trove4j:1.0.20200330 configuration runtime] for {}
2025-03-10T17:43:18.385+0800 [DEBUG] [org.gradle.internal.component.model.LoggingAttributeMatchingExplanationBuilder] Selected match org.jetbrains.kotlinx:kotlinx-coroutines-core-jvm:1.6.4 variant jvmRuntimeElements-published from candidates [org.jetbrains.kotlinx:kotlinx-coroutines-core-jvm:1.6.4 variant jvmRuntimeElements-published] for {}
2025-03-10T17:43:18.385+0800 [DEBUG] [org.gradle.internal.component.model.LoggingAttributeMatchingExplanationBuilder] Selected match org.jetbrains:annotations:13.0 configuration runtime from candidates [org.jetbrains:annotations:13.0 configuration runtime] for {}
2025-03-10T17:43:18.385+0800 [DEBUG] [org.gradle.internal.operations.DefaultBuildOperationRunner] Build operation 'Resolve files of configuration ':kotlinCompilerClasspath'' completed
2025-03-10T17:43:18.386+0800 [DEBUG] [org.gradle.api.internal.artifacts.ivyservice.modulecache.ResolvedArtifactCaches] Reusing in-memory cache for repo 'MavenRepo' [26c913274550a0b2221f47a0fe2d2358].
2025-03-10T17:43:18.386+0800 [DEBUG] [org.gradle.api.internal.artifacts.ivyservice.resolveengine.graph.builder.DependencyGraphBuilder] Visiting configuration org.example:MyApplicationBackend:1.0-SNAPSHOT(kotlinCompilerPluginClasspathMain).
2025-03-10T17:43:18.386+0800 [DEBUG] [org.gradle.api.internal.artifacts.ivyservice.ivyresolve.RepositoryChainComponentMetaDataResolver] Attempting to resolve component for org.jetbrains.kotlin:kotlin-scripting-compiler-embeddable:2.1.10 using repositories [MavenRepo]
2025-03-10T17:43:18.386+0800 [DEBUG] [org.gradle.api.internal.artifacts.ivyservice.ivyresolve.CachingModuleComponentRepository] Using cached module metadata for module 'org.jetbrains.kotlin:kotlin-scripting-compiler-embeddable:2.1.10' in 'MavenRepo'
2025-03-10T17:43:18.386+0800 [DEBUG] [org.gradle.api.internal.artifacts.ivyservice.ivyresolve.RepositoryChainComponentMetaDataResolver] Using org.jetbrains.kotlin:kotlin-scripting-compiler-embeddable:2.1.10 from Maven repository 'MavenRepo'
2025-03-10T17:43:18.386+0800 [DEBUG] [org.gradle.internal.component.model.LoggingAttributeMatchingExplanationBuilder] Candidate org.gradle.internal.component.model.DefaultExternalComponentGraphResolveState$DefaultConfigurationGraphResolveState@4e8f5d53 attribute org.gradle.usage value {org.gradle.status=release, org.gradle.usage=java-api} doesn't requested value java-runtime
2025-03-10T17:43:18.386+0800 [DEBUG] [org.gradle.internal.component.model.LoggingAttributeMatchingExplanationBuilder] Candidate org.gradle.internal.component.model.DefaultExternalComponentGraphResolveState$DefaultConfigurationGraphResolveState@162b6a44 doesn't have attribute org.gradle.plugin.api-version
2025-03-10T17:43:18.386+0800 [DEBUG] [org.gradle.internal.component.model.LoggingAttributeMatchingExplanationBuilder] Candidate org.gradle.internal.component.model.DefaultExternalComponentGraphResolveState$DefaultConfigurationGraphResolveState@61d5d0a6 attribute org.gradle.category value {org.gradle.category=documentation, org.gradle.status=release} doesn't requested value library
2025-03-10T17:43:18.386+0800 [DEBUG] [org.gradle.internal.component.model.LoggingAttributeMatchingExplanationBuilder] Candidate org.gradle.internal.component.model.DefaultExternalComponentGraphResolveState$DefaultConfigurationGraphResolveState@28565223 attribute org.gradle.category value {org.gradle.category=documentation, org.gradle.status=release} doesn't requested value library
2025-03-10T17:43:18.386+0800 [DEBUG] [org.gradle.internal.component.model.LoggingAttributeMatchingExplanationBuilder] Candidate org.gradle.internal.component.model.DefaultExternalComponentGraphResolveState$DefaultConfigurationGraphResolveState@1c07e7bf attribute org.gradle.category value {org.gradle.category=platform, org.gradle.status=release, org.gradle.usage=java-api} doesn't requested value library
2025-03-10T17:43:18.386+0800 [DEBUG] [org.gradle.internal.component.model.LoggingAttributeMatchingExplanationBuilder] Candidate org.gradle.internal.component.model.DefaultExternalComponentGraphResolveState$DefaultConfigurationGraphResolveState@51b3c731 attribute org.gradle.category value {org.gradle.category=platform, org.gradle.status=release, org.gradle.usage=java-runtime} doesn't requested value library
2025-03-10T17:43:18.386+0800 [DEBUG] [org.gradle.internal.component.model.LoggingAttributeMatchingExplanationBuilder] Candidate org.gradle.internal.component.model.DefaultExternalComponentGraphResolveState$DefaultConfigurationGraphResolveState@1e2c7d41 attribute org.gradle.category value {org.gradle.category=enforced-platform, org.gradle.status=release, org.gradle.usage=java-api} doesn't requested value library
2025-03-10T17:43:18.386+0800 [DEBUG] [org.gradle.internal.component.model.LoggingAttributeMatchingExplanationBuilder] Candidate org.gradle.internal.component.model.DefaultExternalComponentGraphResolveState$DefaultConfigurationGraphResolveState@4f1e3ed attribute org.gradle.category value {org.gradle.category=enforced-platform, org.gradle.status=release, org.gradle.usage=java-runtime} doesn't requested value library
2025-03-10T17:43:18.386+0800 [DEBUG] [org.gradle.internal.component.model.DefaultAttributeMatcher] Selected matches [1] from candidates [org.gradle.internal.component.model.DefaultExternalComponentGraphResolveState$DefaultConfigurationGraphResolveState@4e8f5d53, org.gradle.internal.component.model.DefaultExternalComponentGraphResolveState$DefaultConfigurationGraphResolveState@162b6a44, org.gradle.internal.component.model.DefaultExternalComponentGraphResolveState$DefaultConfigurationGraphResolveState@61d5d0a6, org.gradle.internal.component.model.DefaultExternalComponentGraphResolveState$DefaultConfigurationGraphResolveState@28565223, org.gradle.internal.component.model.DefaultExternalComponentGraphResolveState$DefaultConfigurationGraphResolveState@1c07e7bf, org.gradle.internal.component.model.DefaultExternalComponentGraphResolveState$DefaultConfigurationGraphResolveState@51b3c731, org.gradle.internal.component.model.DefaultExternalComponentGraphResolveState$DefaultConfigurationGraphResolveState@1e2c7d41, org.gradle.internal.component.model.DefaultExternalComponentGraphResolveState$DefaultConfigurationGraphResolveState@4f1e3ed] for {org.gradle.category=library, org.gradle.libraryelements=jar, org.gradle.plugin.api-version=8.10, org.gradle.usage=java-runtime}
2025-03-10T17:43:18.386+0800 [DEBUG] [org.gradle.api.internal.artifacts.ivyservice.ivyresolve.RepositoryChainComponentMetaDataResolver] Attempting to resolve component for org.jetbrains.kotlin:kotlin-serialization-compiler-plugin-embeddable:2.1.10 using repositories [MavenRepo]
2025-03-10T17:43:18.386+0800 [DEBUG] [org.gradle.api.internal.artifacts.ivyservice.ivyresolve.CachingModuleComponentRepository] Using cached module metadata for module 'org.jetbrains.kotlin:kotlin-serialization-compiler-plugin-embeddable:2.1.10' in 'MavenRepo'
2025-03-10T17:43:18.386+0800 [DEBUG] [org.gradle.api.internal.artifacts.ivyservice.ivyresolve.RepositoryChainComponentMetaDataResolver] Using org.jetbrains.kotlin:kotlin-serialization-compiler-plugin-embeddable:2.1.10 from Maven repository 'MavenRepo'
2025-03-10T17:43:18.386+0800 [DEBUG] [org.gradle.api.internal.artifacts.ivyservice.resolveengine.graph.builder.DependencyGraphBuilder] Visiting configuration org.jetbrains.kotlin:kotlin-scripting-compiler-embeddable:2.1.10(runtime).
2025-03-10T17:43:18.386+0800 [DEBUG] [org.gradle.api.internal.artifacts.ivyservice.ivyresolve.RepositoryChainComponentMetaDataResolver] Attempting to resolve component for org.jetbrains.kotlin:kotlin-scripting-compiler-impl-embeddable:2.1.10 using repositories [MavenRepo]
2025-03-10T17:43:18.387+0800 [DEBUG] [org.gradle.api.internal.artifacts.ivyservice.ivyresolve.CachingModuleComponentRepository] Using cached module metadata for module 'org.jetbrains.kotlin:kotlin-scripting-compiler-impl-embeddable:2.1.10' in 'MavenRepo'
2025-03-10T17:43:18.387+0800 [DEBUG] [org.gradle.api.internal.artifacts.ivyservice.ivyresolve.RepositoryChainComponentMetaDataResolver] Using org.jetbrains.kotlin:kotlin-scripting-compiler-impl-embeddable:2.1.10 from Maven repository 'MavenRepo'
2025-03-10T17:43:18.387+0800 [DEBUG] [org.gradle.api.internal.artifacts.ivyservice.ivyresolve.RepositoryChainComponentMetaDataResolver] Attempting to resolve component for org.jetbrains.kotlin:kotlin-stdlib:2.1.10 using repositories [MavenRepo]
2025-03-10T17:43:18.387+0800 [DEBUG] [org.gradle.api.internal.artifacts.ivyservice.ivyresolve.CachingModuleComponentRepository] Using cached module metadata for module 'org.jetbrains.kotlin:kotlin-stdlib:2.1.10' in 'MavenRepo'
2025-03-10T17:43:18.387+0800 [DEBUG] [org.gradle.api.internal.artifacts.ivyservice.ivyresolve.RepositoryChainComponentMetaDataResolver] Using org.jetbrains.kotlin:kotlin-stdlib:2.1.10 from Maven repository 'MavenRepo'
2025-03-10T17:43:18.387+0800 [DEBUG] [org.gradle.internal.component.model.LoggingAttributeMatchingExplanationBuilder] Candidate org.gradle.internal.component.model.DefaultExternalComponentGraphResolveState$DefaultConfigurationGraphResolveState@67054157 attribute org.gradle.usage value {org.gradle.category=library, org.gradle.jvm.environment=standard-jvm, org.gradle.libraryelements=jar, org.gradle.usage=java-api} doesn't requested value java-runtime
2025-03-10T17:43:18.387+0800 [DEBUG] [org.gradle.internal.component.model.LoggingAttributeMatchingExplanationBuilder] Candidate org.gradle.internal.component.model.DefaultExternalComponentGraphResolveState$DefaultConfigurationGraphResolveState@201b502d doesn't have attribute org.gradle.plugin.api-version
2025-03-10T17:43:18.387+0800 [DEBUG] [org.gradle.internal.component.model.LoggingAttributeMatchingExplanationBuilder] Candidate org.gradle.internal.component.model.DefaultExternalComponentGraphResolveState$DefaultConfigurationGraphResolveState@276e9fa attribute org.gradle.category value {org.gradle.category=documentation} doesn't requested value library
2025-03-10T17:43:18.387+0800 [DEBUG] [org.gradle.internal.component.model.LoggingAttributeMatchingExplanationBuilder] Candidate org.gradle.internal.component.model.DefaultExternalComponentGraphResolveState$DefaultConfigurationGraphResolveState@3f617fd6 attribute org.gradle.usage value {org.gradle.category=library, org.gradle.jvm.environment=non-jvm, org.gradle.usage=kotlin-metadata} doesn't requested value java-runtime
2025-03-10T17:43:18.387+0800 [DEBUG] [org.gradle.internal.component.model.LoggingAttributeMatchingExplanationBuilder] Candidate org.gradle.internal.component.model.DefaultExternalComponentGraphResolveState$DefaultConfigurationGraphResolveState@72239e94 attribute org.gradle.category value {org.gradle.category=documentation} doesn't requested value library
2025-03-10T17:43:18.387+0800 [DEBUG] [org.gradle.internal.component.model.LoggingAttributeMatchingExplanationBuilder] Candidate org.gradle.internal.component.model.DefaultExternalComponentGraphResolveState$DefaultConfigurationGraphResolveState@8c322c5 attribute org.gradle.usage value {org.gradle.category=library, org.gradle.jvm.environment=non-jvm, org.gradle.usage=kotlin-api} doesn't requested value java-runtime
2025-03-10T17:43:18.387+0800 [DEBUG] [org.gradle.internal.component.model.LoggingAttributeMatchingExplanationBuilder] Candidate org.gradle.internal.component.model.DefaultExternalComponentGraphResolveState$DefaultConfigurationGraphResolveState@3d4f331e attribute org.gradle.usage value {org.gradle.category=library, org.gradle.jvm.environment=non-jvm, org.gradle.usage=kotlin-api} doesn't requested value java-runtime
2025-03-10T17:43:18.387+0800 [DEBUG] [org.gradle.internal.component.model.LoggingAttributeMatchingExplanationBuilder] Candidate org.gradle.internal.component.model.DefaultExternalComponentGraphResolveState$DefaultConfigurationGraphResolveState@96464ae attribute org.gradle.usage value {org.gradle.category=library, org.gradle.jvm.environment=non-jvm, org.gradle.usage=kotlin-runtime} doesn't requested value java-runtime
2025-03-10T17:43:18.387+0800 [DEBUG] [org.gradle.internal.component.model.LoggingAttributeMatchingExplanationBuilder] Candidate org.gradle.internal.component.model.DefaultExternalComponentGraphResolveState$DefaultConfigurationGraphResolveState@675d9c28 attribute org.gradle.category value {org.gradle.category=documentation} doesn't requested value library
2025-03-10T17:43:18.387+0800 [DEBUG] [org.gradle.internal.component.model.LoggingAttributeMatchingExplanationBuilder] Candidate org.gradle.internal.component.model.DefaultExternalComponentGraphResolveState$DefaultConfigurationGraphResolveState@76194f0c attribute org.gradle.usage value {org.gradle.category=library, org.gradle.jvm.environment=non-jvm, org.gradle.usage=kotlin-api} doesn't requested value java-runtime
2025-03-10T17:43:18.387+0800 [DEBUG] [org.gradle.internal.component.model.LoggingAttributeMatchingExplanationBuilder] Candidate org.gradle.internal.component.model.DefaultExternalComponentGraphResolveState$DefaultConfigurationGraphResolveState@328a4512 attribute org.gradle.usage value {org.gradle.category=library, org.gradle.jvm.environment=non-jvm, org.gradle.usage=kotlin-runtime} doesn't requested value java-runtime
2025-03-10T17:43:18.387+0800 [DEBUG] [org.gradle.internal.component.model.LoggingAttributeMatchingExplanationBuilder] Candidate org.gradle.internal.component.model.DefaultExternalComponentGraphResolveState$DefaultConfigurationGraphResolveState@186106f9 attribute org.gradle.category value {org.gradle.category=documentation} doesn't requested value library
2025-03-10T17:43:18.387+0800 [DEBUG] [org.gradle.internal.component.model.LoggingAttributeMatchingExplanationBuilder] Candidate org.gradle.internal.component.model.DefaultExternalComponentGraphResolveState$DefaultConfigurationGraphResolveState@13566501 attribute org.gradle.usage value {org.gradle.category=library, org.gradle.jvm.environment=non-jvm, org.gradle.usage=kotlin-api} doesn't requested value java-runtime
2025-03-10T17:43:18.387+0800 [DEBUG] [org.gradle.internal.component.model.LoggingAttributeMatchingExplanationBuilder] Candidate org.gradle.internal.component.model.DefaultExternalComponentGraphResolveState$DefaultConfigurationGraphResolveState@2f0b3948 attribute org.gradle.usage value {org.gradle.category=library, org.gradle.jvm.environment=non-jvm, org.gradle.usage=kotlin-runtime} doesn't requested value java-runtime
2025-03-10T17:43:18.387+0800 [DEBUG] [org.gradle.internal.component.model.LoggingAttributeMatchingExplanationBuilder] Candidate org.gradle.internal.component.model.DefaultExternalComponentGraphResolveState$DefaultConfigurationGraphResolveState@4f495b6e attribute org.gradle.category value {org.gradle.category=documentation} doesn't requested value library
2025-03-10T17:43:18.387+0800 [DEBUG] [org.gradle.internal.component.model.DefaultAttributeMatcher] Selected matches [1] from candidates [org.gradle.internal.component.model.DefaultExternalComponentGraphResolveState$DefaultConfigurationGraphResolveState@67054157, org.gradle.internal.component.model.DefaultExternalComponentGraphResolveState$DefaultConfigurationGraphResolveState@201b502d, org.gradle.internal.component.model.DefaultExternalComponentGraphResolveState$DefaultConfigurationGraphResolveState@276e9fa, org.gradle.internal.component.model.DefaultExternalComponentGraphResolveState$DefaultConfigurationGraphResolveState@3f617fd6, org.gradle.internal.component.model.DefaultExternalComponentGraphResolveState$DefaultConfigurationGraphResolveState@72239e94, org.gradle.internal.component.model.DefaultExternalComponentGraphResolveState$DefaultConfigurationGraphResolveState@8c322c5, org.gradle.internal.component.model.DefaultExternalComponentGraphResolveState$DefaultConfigurationGraphResolveState@3d4f331e, org.gradle.internal.component.model.DefaultExternalComponentGraphResolveState$DefaultConfigurationGraphResolveState@96464ae, org.gradle.internal.component.model.DefaultExternalComponentGraphResolveState$DefaultConfigurationGraphResolveState@675d9c28, org.gradle.internal.component.model.DefaultExternalComponentGraphResolveState$DefaultConfigurationGraphResolveState@76194f0c, org.gradle.internal.component.model.DefaultExternalComponentGraphResolveState$DefaultConfigurationGraphResolveState@328a4512, org.gradle.internal.component.model.DefaultExternalComponentGraphResolveState$DefaultConfigurationGraphResolveState@186106f9, org.gradle.internal.component.model.DefaultExternalComponentGraphResolveState$DefaultConfigurationGraphResolveState@13566501, org.gradle.internal.component.model.DefaultExternalComponentGraphResolveState$DefaultConfigurationGraphResolveState@2f0b3948, org.gradle.internal.component.model.DefaultExternalComponentGraphResolveState$DefaultConfigurationGraphResolveState@4f495b6e] for {org.gradle.category=library, org.gradle.libraryelements=jar, org.gradle.plugin.api-version=8.10, org.gradle.usage=java-runtime}
2025-03-10T17:43:18.387+0800 [DEBUG] [org.gradle.api.internal.artifacts.ivyservice.resolveengine.graph.builder.DependencyGraphBuilder] Visiting configuration org.jetbrains.kotlin:kotlin-serialization-compiler-plugin-embeddable:2.1.10(runtime).
2025-03-10T17:43:18.387+0800 [DEBUG] [org.gradle.api.internal.artifacts.ivyservice.resolveengine.graph.builder.DependencyGraphBuilder] Visiting configuration org.jetbrains.kotlin:kotlin-scripting-compiler-impl-embeddable:2.1.10(runtime).
2025-03-10T17:43:18.387+0800 [DEBUG] [org.gradle.api.internal.artifacts.ivyservice.ivyresolve.RepositoryChainComponentMetaDataResolver] Attempting to resolve component for org.jetbrains.kotlin:kotlin-scripting-common:2.1.10 using repositories [MavenRepo]
2025-03-10T17:43:18.387+0800 [DEBUG] [org.gradle.api.internal.artifacts.ivyservice.ivyresolve.CachingModuleComponentRepository] Using cached module metadata for module 'org.jetbrains.kotlin:kotlin-scripting-common:2.1.10' in 'MavenRepo'
2025-03-10T17:43:18.387+0800 [DEBUG] [org.gradle.api.internal.artifacts.ivyservice.ivyresolve.RepositoryChainComponentMetaDataResolver] Using org.jetbrains.kotlin:kotlin-scripting-common:2.1.10 from Maven repository 'MavenRepo'
2025-03-10T17:43:18.388+0800 [DEBUG] [org.gradle.api.internal.artifacts.ivyservice.ivyresolve.RepositoryChainComponentMetaDataResolver] Attempting to resolve component for org.jetbrains.kotlin:kotlin-scripting-jvm:2.1.10 using repositories [MavenRepo]
2025-03-10T17:43:18.388+0800 [DEBUG] [org.gradle.api.internal.artifacts.ivyservice.ivyresolve.CachingModuleComponentRepository] Using cached module metadata for module 'org.jetbrains.kotlin:kotlin-scripting-jvm:2.1.10' in 'MavenRepo'
2025-03-10T17:43:18.388+0800 [DEBUG] [org.gradle.api.internal.artifacts.ivyservice.ivyresolve.RepositoryChainComponentMetaDataResolver] Using org.jetbrains.kotlin:kotlin-scripting-jvm:2.1.10 from Maven repository 'MavenRepo'
2025-03-10T17:43:18.388+0800 [DEBUG] [org.gradle.api.internal.artifacts.ivyservice.resolveengine.graph.builder.DependencyGraphBuilder] Visiting configuration org.jetbrains.kotlin:kotlin-stdlib:2.1.10(jvmRuntimeElements).
2025-03-10T17:43:18.388+0800 [DEBUG] [org.gradle.api.internal.artifacts.ivyservice.ivyresolve.RepositoryChainComponentMetaDataResolver] Attempting to resolve component for org.jetbrains:annotations:13.0 using repositories [MavenRepo]
2025-03-10T17:43:18.388+0800 [DEBUG] [org.gradle.api.internal.artifacts.ivyservice.ivyresolve.CachingModuleComponentRepository] Using cached module metadata for module 'org.jetbrains:annotations:13.0' in 'MavenRepo'
2025-03-10T17:43:18.388+0800 [DEBUG] [org.gradle.api.internal.artifacts.ivyservice.ivyresolve.RepositoryChainComponentMetaDataResolver] Using org.jetbrains:annotations:13.0 from Maven repository 'MavenRepo'
2025-03-10T17:43:18.388+0800 [DEBUG] [org.gradle.api.internal.artifacts.ivyservice.resolveengine.graph.builder.DependencyGraphBuilder] Visiting configuration org.jetbrains.kotlin:kotlin-scripting-common:2.1.10(runtime).
2025-03-10T17:43:18.388+0800 [DEBUG] [org.gradle.api.internal.artifacts.ivyservice.resolveengine.graph.builder.DependencyGraphBuilder] Visiting configuration org.jetbrains.kotlin:kotlin-scripting-jvm:2.1.10(runtime).
2025-03-10T17:43:18.388+0800 [DEBUG] [org.gradle.api.internal.artifacts.ivyservice.ivyresolve.RepositoryChainComponentMetaDataResolver] Attempting to resolve component for org.jetbrains.kotlin:kotlin-script-runtime:2.1.10 using repositories [MavenRepo]
2025-03-10T17:43:18.388+0800 [DEBUG] [org.gradle.api.internal.artifacts.ivyservice.ivyresolve.CachingModuleComponentRepository] Using cached module metadata for module 'org.jetbrains.kotlin:kotlin-script-runtime:2.1.10' in 'MavenRepo'
2025-03-10T17:43:18.388+0800 [DEBUG] [org.gradle.api.internal.artifacts.ivyservice.ivyresolve.RepositoryChainComponentMetaDataResolver] Using org.jetbrains.kotlin:kotlin-script-runtime:2.1.10 from Maven repository 'MavenRepo'
2025-03-10T17:43:18.388+0800 [DEBUG] [org.gradle.api.internal.artifacts.ivyservice.resolveengine.graph.builder.DependencyGraphBuilder] Visiting configuration org.jetbrains:annotations:13.0(runtime).
2025-03-10T17:43:18.388+0800 [DEBUG] [org.gradle.api.internal.artifacts.ivyservice.resolveengine.graph.builder.DependencyGraphBuilder] Visiting configuration org.jetbrains.kotlin:kotlin-stdlib:2.1.10(jvmRuntimeElements).
2025-03-10T17:43:18.388+0800 [DEBUG] [org.gradle.api.internal.artifacts.ivyservice.resolveengine.graph.builder.NodeState] Changed edges for org.jetbrains.kotlin:kotlin-stdlib:2.1.10(jvmRuntimeElements) selects same versions as previous traversal. ignoring
2025-03-10T17:43:18.388+0800 [DEBUG] [org.gradle.api.internal.artifacts.ivyservice.resolveengine.graph.builder.DependencyGraphBuilder] Visiting configuration org.jetbrains.kotlin:kotlin-script-runtime:2.1.10(runtime).
2025-03-10T17:43:18.388+0800 [DEBUG] [org.gradle.api.internal.artifacts.ivyservice.resolveengine.graph.builder.DependencyGraphBuilder] Visiting configuration org.jetbrains.kotlin:kotlin-scripting-common:2.1.10(runtime).
2025-03-10T17:43:18.388+0800 [DEBUG] [org.gradle.api.internal.artifacts.ivyservice.resolveengine.graph.builder.NodeState] Changed edges for org.jetbrains.kotlin:kotlin-scripting-common:2.1.10(runtime) selects same versions as previous traversal. ignoring
2025-03-10T17:43:18.388+0800 [DEBUG] [org.gradle.api.internal.artifacts.ivyservice.resolveengine.oldresult.TransientConfigurationResultsBuilder] Flushing resolved configuration data in Binary store in /Users/sam/.gradle/.tmp/gradle9872735857155707061.bin. Wrote root 3187.
2025-03-10T17:43:18.388+0800 [DEBUG] [org.gradle.internal.operations.DefaultBuildOperationRunner] Build operation 'Resolve dependencies of :kotlinCompilerPluginClasspathMain' completed
2025-03-10T17:43:18.388+0800 [DEBUG] [org.gradle.internal.component.model.LoggingAttributeMatchingExplanationBuilder] Selected match org.jetbrains.kotlin:kotlin-scripting-compiler-embeddable:2.1.10 configuration runtime from candidates [org.jetbrains.kotlin:kotlin-scripting-compiler-embeddable:2.1.10 configuration runtime] for {org.gradle.category=library, org.gradle.libraryelements=jar, org.gradle.plugin.api-version=8.10, org.gradle.usage=java-runtime}
2025-03-10T17:43:18.389+0800 [DEBUG] [org.gradle.internal.component.model.LoggingAttributeMatchingExplanationBuilder] Selected match org.jetbrains.kotlin:kotlin-serialization-compiler-plugin-embeddable:2.1.10 configuration runtime from candidates [org.jetbrains.kotlin:kotlin-serialization-compiler-plugin-embeddable:2.1.10 configuration runtime] for {org.gradle.category=library, org.gradle.libraryelements=jar, org.gradle.plugin.api-version=8.10, org.gradle.usage=java-runtime}
2025-03-10T17:43:18.389+0800 [DEBUG] [org.gradle.internal.component.model.LoggingAttributeMatchingExplanationBuilder] Selected match org.jetbrains.kotlin:kotlin-scripting-compiler-impl-embeddable:2.1.10 configuration runtime from candidates [org.jetbrains.kotlin:kotlin-scripting-compiler-impl-embeddable:2.1.10 configuration runtime] for {org.gradle.category=library, org.gradle.libraryelements=jar, org.gradle.plugin.api-version=8.10, org.gradle.usage=java-runtime}
2025-03-10T17:43:18.389+0800 [DEBUG] [org.gradle.internal.component.model.LoggingAttributeMatchingExplanationBuilder] Selected match org.jetbrains.kotlin:kotlin-scripting-jvm:2.1.10 configuration runtime from candidates [org.jetbrains.kotlin:kotlin-scripting-jvm:2.1.10 configuration runtime] for {org.gradle.category=library, org.gradle.libraryelements=jar, org.gradle.plugin.api-version=8.10, org.gradle.usage=java-runtime}
2025-03-10T17:43:18.389+0800 [DEBUG] [org.gradle.internal.component.model.LoggingAttributeMatchingExplanationBuilder] Selected match org.jetbrains.kotlin:kotlin-scripting-common:2.1.10 configuration runtime from candidates [org.jetbrains.kotlin:kotlin-scripting-common:2.1.10 configuration runtime] for {org.gradle.category=library, org.gradle.libraryelements=jar, org.gradle.plugin.api-version=8.10, org.gradle.usage=java-runtime}
2025-03-10T17:43:18.389+0800 [DEBUG] [org.gradle.internal.component.model.LoggingAttributeMatchingExplanationBuilder] Selected match org.jetbrains.kotlin:kotlin-stdlib:2.1.10 variant jvmRuntimeElements from candidates [org.jetbrains.kotlin:kotlin-stdlib:2.1.10 variant jvmRuntimeElements] for {org.gradle.category=library, org.gradle.libraryelements=jar, org.gradle.plugin.api-version=8.10, org.gradle.usage=java-runtime}
2025-03-10T17:43:18.389+0800 [DEBUG] [org.gradle.internal.component.model.LoggingAttributeMatchingExplanationBuilder] Selected match org.jetbrains:annotations:13.0 configuration runtime from candidates [org.jetbrains:annotations:13.0 configuration runtime] for {org.gradle.category=library, org.gradle.libraryelements=jar, org.gradle.plugin.api-version=8.10, org.gradle.usage=java-runtime}
2025-03-10T17:43:18.389+0800 [DEBUG] [org.gradle.internal.component.model.LoggingAttributeMatchingExplanationBuilder] Selected match org.jetbrains.kotlin:kotlin-script-runtime:2.1.10 configuration runtime from candidates [org.jetbrains.kotlin:kotlin-script-runtime:2.1.10 configuration runtime] for {org.gradle.category=library, org.gradle.libraryelements=jar, org.gradle.plugin.api-version=8.10, org.gradle.usage=java-runtime}
2025-03-10T17:43:18.389+0800 [DEBUG] [org.gradle.api.internal.artifacts.ivyservice.ivyresolve.CachingModuleComponentRepository] Found artifact 'kotlin-serialization-compiler-plugin-embeddable-2.1.10.jar (org.jetbrains.kotlin:kotlin-serialization-compiler-plugin-embeddable:2.1.10)' in resolver cache: /Users/sam/.gradle/caches/modules-2/files-2.1/org.jetbrains.kotlin/kotlin-serialization-compiler-plugin-embeddable/2.1.10/5f9d3a378f471e0168d63c26a4ced31da7047abf/kotlin-serialization-compiler-plugin-embeddable-2.1.10.jar
2025-03-10T17:43:18.389+0800 [DEBUG] [org.gradle.internal.operations.DefaultBuildOperationRunner] Build operation 'Resolve kotlin-serialization-compiler-plugin-embeddable-2.1.10.jar (org.jetbrains.kotlin:kotlin-serialization-compiler-plugin-embeddable:2.1.10)' completed
2025-03-10T17:43:18.389+0800 [DEBUG] [org.gradle.internal.operations.DefaultBuildOperationRunner] Build operation 'Resolve files of configuration ':kotlinCompilerPluginClasspathMain'' completed
2025-03-10T17:43:18.389+0800 [DEBUG] [org.gradle.internal.operations.DefaultBuildOperationRunner] Build operation 'Snapshot inputs and outputs before executing task ':compileKotlin'' completed
2025-03-10T17:43:18.390+0800 [INFO] [org.gradle.internal.execution.steps.AbstractResolveCachingStateStep] Caching disabled for task ':compileKotlin' because:
  Build cache is disabled
2025-03-10T17:43:18.390+0800 [DEBUG] [org.gradle.internal.operations.DefaultBuildOperationRunner] Build operation 'Snapshot task inputs for :compileKotlin' completed
2025-03-10T17:43:18.390+0800 [DEBUG] [org.gradle.internal.execution.steps.SkipUpToDateStep] Determining if task ':compileKotlin' is up-to-date
2025-03-10T17:43:18.390+0800 [INFO] [org.gradle.internal.execution.steps.SkipUpToDateStep] Task ':compileKotlin' is not up-to-date because:
  Input property 'classpathSnapshotProperties.classpathSnapshot' file /Users/sam/.gradle/caches/8.10/transforms/9a348ee4d6c78a365a29b6b31a48deac/transformed/exposed-java-time-0_41_1_jar-snapshot.bin has been added.
  Input property 'classpathSnapshotProperties.classpathSnapshot' file /Users/sam/.gradle/caches/8.10/transforms/177f157e767faeb9a807ea8f641744a6/transformed/h2-2_2_224_jar-snapshot.bin has been removed.
  Input property 'classpathSnapshotProperties.classpathSnapshot' file /Users/sam/.gradle/caches/8.10/transforms/840d6933d095bc3bfd1290045d62f7d7/transformed/postgresql-42_5_4_jar-snapshot.bin has been added.
  and more...
2025-03-10T17:43:18.390+0800 [DEBUG] [org.gradle.internal.vfs.impl.AbstractVirtualFileSystem] Invalidating VFS paths: [/Users/sam/Desktop/MyApplicationBackend/MyApplicationBackend/build/kotlin/compileKotlin/classpath-snapshot, /Users/sam/Desktop/MyApplicationBackend/MyApplicationBackend/build/classes/kotlin/main, /Users/sam/Desktop/MyApplicationBackend/MyApplicationBackend/build/kotlin/compileKotlin/cacheable, /Users/sam/Desktop/MyApplicationBackend/MyApplicationBackend/build/kotlin/compileKotlin/local-state]
2025-03-10T17:43:18.391+0800 [DEBUG] [org.gradle.internal.execution.steps.PreCreateOutputParentsStep] Ensuring directory exists for property classpathSnapshotProperties.classpathSnapshotDir at /Users/sam/Desktop/MyApplicationBackend/MyApplicationBackend/build/kotlin/compileKotlin/classpath-snapshot
2025-03-10T17:43:18.391+0800 [DEBUG] [org.gradle.internal.execution.steps.PreCreateOutputParentsStep] Ensuring directory exists for property destinationDirectory at /Users/sam/Desktop/MyApplicationBackend/MyApplicationBackend/build/classes/kotlin/main
2025-03-10T17:43:18.391+0800 [DEBUG] [org.gradle.internal.execution.steps.PreCreateOutputParentsStep] Ensuring directory exists for property taskBuildCacheableOutputDirectory$kotlin_gradle_plugin_common at /Users/sam/Desktop/MyApplicationBackend/MyApplicationBackend/build/kotlin/compileKotlin/cacheable
2025-03-10T17:43:18.391+0800 [DEBUG] [org.gradle.internal.execution.steps.PreCreateOutputParentsStep] Ensuring parent directory exists for property local state at /Users/sam/Desktop/MyApplicationBackend/MyApplicationBackend/build/kotlin/compileKotlin/local-state
2025-03-10T17:43:18.391+0800 [DEBUG] [org.gradle.api.internal.tasks.execution.TaskExecution] Executing actions for task ':compileKotlin'.
2025-03-10T17:43:18.392+0800 [INFO] [org.gradle.api.internal.file.collections.DirectoryFileTree] file or directory '/Users/sam/Desktop/MyApplicationBackend/MyApplicationBackend/src/main/java', not found
2025-03-10T17:43:18.392+0800 [DEBUG] [org.gradle.api.Task] [KOTLIN] All kotlin sources: src/main/kotlin/Main.kt, src/main/kotlin/com/example/Application.kt, src/main/kotlin/com/example/database/DatabaseConfig.kt, src/main/kotlin/com/example/database/Repository.kt, src/main/kotlin/com/example/database/Tables.kt, src/main/kotlin/com/example/models/Location.kt, src/main/kotlin/com/example/models/PatientEvent.kt, src/main/kotlin/com/example/mqtt/MqttSender.kt, src/main/kotlin/com/example/plugins/Routing.kt, src/main/kotlin/com/example/plugins/Serialization.kt, src/main/kotlin/com/example/plugins/Sockets.kt, src/main/kotlin/com/example/routes/LocationRoutes.kt, src/main/kotlin/com/example/services/MqttService.kt
2025-03-10T17:43:18.392+0800 [DEBUG] [org.gradle.internal.operations.DefaultBuildOperationRunner] Build operation 'Resolve files of configuration ':compileClasspath'' completed
2025-03-10T17:43:18.393+0800 [INFO] [org.gradle.api.internal.file.collections.DirectoryFileTree] file or directory '/Users/sam/Desktop/MyApplicationBackend/MyApplicationBackend/src/main/java', not found
2025-03-10T17:43:18.393+0800 [INFO] [org.gradle.api.internal.file.collections.DirectoryFileTree] file or directory '/Users/sam/Desktop/MyApplicationBackend/MyApplicationBackend/src/main/java', not found
2025-03-10T17:43:18.393+0800 [INFO] [org.gradle.api.internal.file.collections.DirectoryFileTree] file or directory '/Users/sam/Desktop/MyApplicationBackend/MyApplicationBackend/src/main/java', not found
2025-03-10T17:43:18.393+0800 [INFO] [org.gradle.api.Task] Kotlin source files: /Users/sam/Desktop/MyApplicationBackend/MyApplicationBackend/src/main/kotlin/Main.kt, /Users/sam/Desktop/MyApplicationBackend/MyApplicationBackend/src/main/kotlin/com/example/database/DatabaseConfig.kt, /Users/sam/Desktop/MyApplicationBackend/MyApplicationBackend/src/main/kotlin/com/example/database/Tables.kt, /Users/sam/Desktop/MyApplicationBackend/MyApplicationBackend/src/main/kotlin/com/example/database/Repository.kt, /Users/sam/Desktop/MyApplicationBackend/MyApplicationBackend/src/main/kotlin/com/example/Application.kt, /Users/sam/Desktop/MyApplicationBackend/MyApplicationBackend/src/main/kotlin/com/example/plugins/Routing.kt, /Users/sam/Desktop/MyApplicationBackend/MyApplicationBackend/src/main/kotlin/com/example/plugins/Serialization.kt, /Users/sam/Desktop/MyApplicationBackend/MyApplicationBackend/src/main/kotlin/com/example/plugins/Sockets.kt, /Users/sam/Desktop/MyApplicationBackend/MyApplicationBackend/src/main/kotlin/com/example/models/Location.kt, /Users/sam/Desktop/MyApplicationBackend/MyApplicationBackend/src/main/kotlin/com/example/models/PatientEvent.kt, /Users/sam/Desktop/MyApplicationBackend/MyApplicationBackend/src/main/kotlin/com/example/mqtt/MqttSender.kt, /Users/sam/Desktop/MyApplicationBackend/MyApplicationBackend/src/main/kotlin/com/example/routes/LocationRoutes.kt, /Users/sam/Desktop/MyApplicationBackend/MyApplicationBackend/src/main/kotlin/com/example/services/MqttService.kt
2025-03-10T17:43:18.393+0800 [INFO] [org.gradle.api.Task] Java source files: 
2025-03-10T17:43:18.393+0800 [INFO] [org.gradle.api.Task] Script source files: 
2025-03-10T17:43:18.393+0800 [INFO] [org.gradle.api.Task] Script file extensions: 
2025-03-10T17:43:18.393+0800 [INFO] [org.gradle.api.Task] Using Kotlin/JVM incremental compilation
2025-03-10T17:43:18.394+0800 [INFO] [org.gradle.api.Task] [KOTLIN] Kotlin compilation 'jdkHome' argument: /Users/sam/.gradle/jdks/eclipse_adoptium-11-aarch64-os_x.2/jdk-11.0.26+4/Contents/Home
2025-03-10T17:43:18.394+0800 [DEBUG] [org.gradle.api.Task] [KOTLIN] Existing client-is-alive flag file: /var/folders/60/kn2gksdj66jgn3_9dbvr63vm0000gn/T/kotlin-compiler-in-ypplicationackend-5937994122594252674.alive
2025-03-10T17:43:18.394+0800 [DEBUG] [org.gradle.api.Task] [KOTLIN] Created session-is-alive flag file: /Users/sam/Desktop/MyApplicationBackend/MyApplicationBackend/.kotlin/sessions/kotlin-compiler-11087785212879947881.salive
2025-03-10T17:43:18.395+0800 [DEBUG] [org.gradle.internal.resources.AbstractTrackedResourceLock] Execution worker: released lock on state of build :
2025-03-10T17:43:18.395+0800 [DEBUG] [org.gradle.internal.resources.AbstractTrackedResourceLock] Execution worker: released lock on task execution for build :
2025-03-10T17:43:18.395+0800 [DEBUG] [org.gradle.internal.resources.AbstractTrackedResourceLock] Execution worker: released lock on worker lease
2025-03-10T17:43:18.396+0800 [DEBUG] [org.gradle.api.Task] Using ':compileKotlin' logger
2025-03-10T17:43:18.396+0800 [DEBUG] [org.gradle.api.Task] [KOTLIN] Kotlin compiler class: org.jetbrains.kotlin.cli.jvm.K2JVMCompiler
2025-03-10T17:43:18.396+0800 [DEBUG] [org.gradle.api.Task] [KOTLIN] Kotlin compiler classpath: /Users/sam/.gradle/caches/modules-2/files-2.1/org.jetbrains.kotlin/kotlin-compiler-embeddable/2.1.10/ee3e5c806617c52ce167bdf96933efef9593853e/kotlin-compiler-embeddable-2.1.10.jar:/Users/sam/.gradle/caches/modules-2/files-2.1/org.jetbrains.kotlin/kotlin-stdlib/2.1.10/d3028429e7151d7a7c1a0d63a4f60eac86a87b91/kotlin-stdlib-2.1.10.jar:/Users/sam/.gradle/caches/modules-2/files-2.1/org.jetbrains.kotlin/kotlin-script-runtime/2.1.10/70000e6ef453308e55d42ea4ace5b8c32325ce75/kotlin-script-runtime-2.1.10.jar:/Users/sam/.gradle/caches/modules-2/files-2.1/org.jetbrains.kotlin/kotlin-reflect/1.6.10/1cbe9c92c12a94eea200d23c2bbaedaf3daf5132/kotlin-reflect-1.6.10.jar:/Users/sam/.gradle/caches/modules-2/files-2.1/org.jetbrains.kotlin/kotlin-daemon-embeddable/2.1.10/58b88d47cdc057f09a8ea603ece5fd1993c7cb64/kotlin-daemon-embeddable-2.1.10.jar:/Users/sam/.gradle/caches/modules-2/files-2.1/org.jetbrains.intellij.deps/trove4j/1.0.20200330/3afb14d5f9ceb459d724e907a21145e8ff394f02/trove4j-1.0.20200330.jar:/Users/sam/.gradle/caches/modules-2/files-2.1/org.jetbrains.kotlinx/kotlinx-coroutines-core-jvm/1.6.4/2c997cd1c0ef33f3e751d3831929aeff1390cb30/kotlinx-coroutines-core-jvm-1.6.4.jar:/Users/sam/.gradle/caches/modules-2/files-2.1/org.jetbrains/annotations/13.0/919f0dfe192fb4e063e7dacadee7f8bb9a2672a9/annotations-13.0.jar
2025-03-10T17:43:18.397+0800 [DEBUG] [org.gradle.api.Task] [KOTLIN] :compileKotlin Kotlin compiler args: -Xallow-no-source-files -classpath /Users/sam/.gradle/caches/modules-2/files-2.1/org.jetbrains.exposed/exposed-dao/0.41.1/a125d583f35b0611953de7607e1fecffa1bc8685/exposed-dao-0.41.1.jar:/Users/sam/.gradle/caches/modules-2/files-2.1/org.jetbrains.exposed/exposed-jdbc/0.41.1/13aa3881ac29ae4890196d74812cfded1fae4b90/exposed-jdbc-0.41.1.jar:/Users/sam/.gradle/caches/modules-2/files-2.1/org.jetbrains.exposed/exposed-java-time/0.41.1/4211022e682c489af30a32085873e096a7582a12/exposed-java-time-0.41.1.jar:/Users/sam/.gradle/caches/modules-2/files-2.1/org.jetbrains.exposed/exposed-core/0.41.1/9beb750a4ebd55009dc9cb138f62adae21772c65/exposed-core-0.41.1.jar:/Users/sam/.gradle/caches/modules-2/files-2.1/io.ktor/ktor-server-websockets-jvm/2.3.6/75a49c2a21abbc7d5321b8af377cb22b68fe92c3/ktor-server-websockets-jvm-2.3.6.jar:/Users/sam/.gradle/caches/modules-2/files-2.1/io.ktor/ktor-server-content-negotiation-jvm/2.3.6/90486b015e1033ce62e976c300f9ef2968f34875/ktor-server-content-negotiation-jvm-2.3.6.jar:/Users/sam/.gradle/caches/modules-2/files-2.1/io.ktor/ktor-server-cors-jvm/2.3.6/8ca5563eeb951ac5995a80bfffedb64a0f62285f/ktor-server-cors-jvm-2.3.6.jar:/Users/sam/.gradle/caches/modules-2/files-2.1/io.ktor/ktor-server-auth-jvm/2.3.6/dc0b1f7ef4285dc3391b5e6d174a835cf5d62084/ktor-server-auth-jvm-2.3.6.jar:/Users/sam/.gradle/caches/modules-2/files-2.1/io.ktor/ktor-server-netty-jvm/2.3.6/dd89a079ea09ecc3ebf3d1d647ae8e16f0c4ebdb/ktor-server-netty-jvm-2.3.6.jar:/Users/sam/.gradle/caches/modules-2/files-2.1/io.ktor/ktor-server-host-common-jvm/2.3.6/9d59f7198bb61a0873ddc91e5546715344622307/ktor-server-host-common-jvm-2.3.6.jar:/Users/sam/.gradle/caches/modules-2/files-2.1/io.ktor/ktor-server-sessions-jvm/2.3.6/284ffa3d3083f628ec2ce2a263326749b896ca7c/ktor-server-sessions-jvm-2.3.6.jar:/Users/sam/.gradle/caches/modules-2/files-2.1/io.ktor/ktor-server-core-jvm/2.3.6/42724e1cd2883bc1d1867b67d2dff708836a84fc/ktor-server-core-jvm-2.3.6.jar:/Users/sam/.gradle/caches/modules-2/files-2.1/io.ktor/ktor-serialization-kotlinx-json-jvm/2.3.6/237629e3cb28a2e768c2abd36aab97cfad2c4eb6/ktor-serialization-kotlinx-json-jvm-2.3.6.jar:/Users/sam/.gradle/caches/modules-2/files-2.1/io.ktor/ktor-client-core-jvm/2.3.6/1d80e80aa69d0f01502aee14a8f3643ee5979caa/ktor-client-core-jvm-2.3.6.jar:/Users/sam/.gradle/caches/modules-2/files-2.1/io.ktor/ktor-websocket-serialization-jvm/2.3.6/9854724b2452f006ee3294da97a30658bf155747/ktor-websocket-serialization-jvm-2.3.6.jar:/Users/sam/.gradle/caches/modules-2/files-2.1/io.ktor/ktor-serialization-kotlinx-jvm/2.3.6/47e4ea3a98141a9ed916ab4d7d7b3a8718d69fe8/ktor-serialization-kotlinx-jvm-2.3.6.jar:/Users/sam/.gradle/caches/modules-2/files-2.1/io.ktor/ktor-serialization-jvm/2.3.6/578d35a2dcc790fa0fcfb2f88c9a7fce98483ae5/ktor-serialization-jvm-2.3.6.jar:/Users/sam/.gradle/caches/modules-2/files-2.1/io.ktor/ktor-events-jvm/2.3.6/7361b04c85d908d618848cf48851b92ece5e59ab/ktor-events-jvm-2.3.6.jar:/Users/sam/.gradle/caches/modules-2/files-2.1/io.ktor/ktor-websockets-jvm/2.3.6/2445e00903b2d5ff718d2204ae454ed169ea6a6c/ktor-websockets-jvm-2.3.6.jar:/Users/sam/.gradle/caches/modules-2/files-2.1/io.ktor/ktor-http-cio-jvm/2.3.6/562d00ab9b583e2251b297095784c317a56b7a75/ktor-http-cio-jvm-2.3.6.jar:/Users/sam/.gradle/caches/modules-2/files-2.1/io.ktor/ktor-http-jvm/2.3.6/550659a94f8b9ce66c27cef5eddd599cd96443a8/ktor-http-jvm-2.3.6.jar:/Users/sam/.gradle/caches/modules-2/files-2.1/io.ktor/ktor-network-jvm/2.3.6/23ab56a7a6d3c6b1a32ccaf5a15ba8f9eda4916/ktor-network-jvm-2.3.6.jar:/Users/sam/.gradle/caches/modules-2/files-2.1/io.ktor/ktor-utils-jvm/2.3.6/5deb03c1ee8ba69b200951c27358e0b812cb073e/ktor-utils-jvm-2.3.6.jar:/Users/sam/.gradle/caches/modules-2/files-2.1/io.ktor/ktor-io-jvm/2.3.6/4b8aa5850072fa773ddd80104e5353e1325d2b6a/ktor-io-jvm-2.3.6.jar:/Users/sam/.gradle/caches/modules-2/files-2.1/org.jetbrains.kotlin/kotlin-stdlib-jdk8/1.8.22/b25c86d47d6b962b9cf0f8c3f320c8a10eea3dd1/kotlin-stdlib-jdk8-1.8.22.jar:/Users/sam/.gradle/caches/modules-2/files-2.1/org.jetbrains.kotlin/kotlin-reflect/1.8.22/b52be44bc57cb6fd2169a29aefa4507c4e49c858/kotlin-reflect-1.8.22.jar:/Users/sam/.gradle/caches/modules-2/files-2.1/org.jetbrains.kotlin/kotlin-stdlib-jdk7/1.8.22/4dabb8248310d833bb6a8b516024a91fd3d275c/kotlin-stdlib-jdk7-1.8.22.jar:/Users/sam/.gradle/caches/modules-2/files-2.1/org.jetbrains.kotlinx/kotlinx-serialization-core-jvm/1.5.1/e26cf5dfbcfe3e82ca196694dfd305753b1a49b9/kotlinx-serialization-core-jvm-1.5.1.jar:/Users/sam/.gradle/caches/modules-2/files-2.1/org.jetbrains.kotlinx/kotlinx-serialization-json-jvm/1.5.1/21ac91884e0b9462b9106d1a83e5e0d200170c65/kotlinx-serialization-json-jvm-1.5.1.jar:/Users/sam/.gradle/caches/modules-2/files-2.1/org.jetbrains.kotlinx/kotlinx-coroutines-jdk8/1.7.1/31b0f471577d3c228d331fde355e14ccb071c90a/kotlinx-coroutines-jdk8-1.7.1.jar:/Users/sam/.gradle/caches/modules-2/files-2.1/org.jetbrains.kotlinx/kotlinx-coroutines-core-jvm/1.7.1/63a0779cf668e2a47d13fda7c3b0c4f8dc7762f4/kotlinx-coroutines-core-jvm-1.7.1.jar:/Users/sam/.gradle/caches/modules-2/files-2.1/org.jetbrains.kotlin/kotlin-stdlib/2.1.10/d3028429e7151d7a7c1a0d63a4f60eac86a87b91/kotlin-stdlib-2.1.10.jar:/Users/sam/.gradle/caches/modules-2/files-2.1/org.eclipse.paho/org.eclipse.paho.client.mqttv3/1.2.5/1546cfc794449c39ad569853843a930104fdc297/org.eclipse.paho.client.mqttv3-1.2.5.jar:/Users/sam/.gradle/caches/modules-2/files-2.1/org.postgresql/postgresql/42.5.4/15015a54f15e340a9a8a6a2c5457429cb1176b8/postgresql-42.5.4.jar:/Users/sam/.gradle/caches/modules-2/files-2.1/com.zaxxer/HikariCP/5.0.1/a74c7f0a37046846e88d54f7cb6ea6d565c65f9c/HikariCP-5.0.1.jar:/Users/sam/.gradle/caches/modules-2/files-2.1/ch.qos.logback/logback-classic/1.4.11/54450c0c783e896a1a6d88c043bd2f1daba1c382/logback-classic-1.4.11.jar:/Users/sam/.gradle/caches/modules-2/files-2.1/org.jetbrains/annotations/23.0.0/8cc20c07506ec18e0834947b84a864bfc094484e/annotations-23.0.0.jar:/Users/sam/.gradle/caches/modules-2/files-2.1/org.slf4j/slf4j-api/2.0.7/41eb7184ea9d556f23e18b5cb99cad1f8581fc00/slf4j-api-2.0.7.jar:/Users/sam/.gradle/caches/modules-2/files-2.1/ch.qos.logback/logback-core/1.4.11/2f9f280219a9922a74200eaf7138c4c17fb87c0f/logback-core-1.4.11.jar:/Users/sam/.gradle/caches/modules-2/files-2.1/com.typesafe/config/1.4.2/4c40a633e7994cfb0354244efb6d03fcb11c3ecf/config-1.4.2.jar:/Users/sam/.gradle/caches/modules-2/files-2.1/io.netty/netty-codec-http2/4.1.97.Final/893888d09a7bef0d0ba973d7471943e765d0fd08/netty-codec-http2-4.1.97.Final.jar:/Users/sam/.gradle/caches/modules-2/files-2.1/org.eclipse.jetty.alpn/alpn-api/1.1.3.v20160715/a1bf3a937f91b4c953acd13e8c9552347adc2198/alpn-api-1.1.3.v20160715.jar:/Users/sam/.gradle/caches/modules-2/files-2.1/io.netty/netty-transport-native-kqueue/4.1.97.Final/68268a71eb3061068a3c082ab1ecf77bee73b3a7/netty-transport-native-kqueue-4.1.97.Final.jar:/Users/sam/.gradle/caches/modules-2/files-2.1/io.netty/netty-transport-native-epoll/4.1.97.Final/d569aa0dbbe7bccac689a69ca2a15c7eae2bc619/netty-transport-native-epoll-4.1.97.Final.jar:/Users/sam/.gradle/caches/modules-2/files-2.1/io.netty/netty-codec-http/4.1.97.Final/af78acec783ffd77c63d8aeecc21041fd39ac54f/netty-codec-http-4.1.97.Final.jar:/Users/sam/.gradle/caches/modules-2/files-2.1/io.netty/netty-handler/4.1.97.Final/abb86c6906bf512bf2b797a41cd7d2e8d3cd7c36/netty-handler-4.1.97.Final.jar:/Users/sam/.gradle/caches/modules-2/files-2.1/io.netty/netty-codec/4.1.97.Final/384ba4d75670befbedb45c4d3b497a93639c206d/netty-codec-4.1.97.Final.jar:/Users/sam/.gradle/caches/modules-2/files-2.1/io.netty/netty-transport-classes-kqueue/4.1.97.Final/29be6504ec6d9f5a173dfe562196998b2b365502/netty-transport-classes-kqueue-4.1.97.Final.jar:/Users/sam/.gradle/caches/modules-2/files-2.1/io.netty/netty-transport-classes-epoll/4.1.97.Final/795da37ded759e862457a82d9d92c4d39ce8ecee/netty-transport-classes-epoll-4.1.97.Final.jar:/Users/sam/.gradle/caches/modules-2/files-2.1/io.netty/netty-transport-native-unix-common/4.1.97.Final/d469d84265ab70095b01b40886cabdd433b6e664/netty-transport-native-unix-common-4.1.97.Final.jar:/Users/sam/.gradle/caches/modules-2/files-2.1/io.netty/netty-transport/4.1.97.Final/f37380d23c9bb079bc702910833b2fd532c9abd0/netty-transport-4.1.97.Final.jar:/Users/sam/.gradle/caches/modules-2/files-2.1/io.netty/netty-buffer/4.1.97.Final/f8f3d8644afa5e6e1a40a3a6aeb9d9aa970ecb4f/netty-buffer-4.1.97.Final.jar:/Users/sam/.gradle/caches/modules-2/files-2.1/io.netty/netty-resolver/4.1.97.Final/cec8348108dc76c47cf87c669d514be52c922144/netty-resolver-4.1.97.Final.jar:/Users/sam/.gradle/caches/modules-2/files-2.1/io.netty/netty-common/4.1.97.Final/7cceacaf11df8dc63f23d0fb58e9d4640fc88404/netty-common-4.1.97.Final.jar -d /Users/sam/Desktop/MyApplicationBackend/MyApplicationBackend/build/classes/kotlin/main -jdk-home /Users/sam/.gradle/jdks/eclipse_adoptium-11-aarch64-os_x.2/jdk-11.0.26+4/Contents/Home -jvm-target 11 -module-name MyApplicationBackend -no-reflect -no-stdlib -Xplugin=/Users/sam/.gradle/caches/modules-2/files-2.1/org.jetbrains.kotlin/kotlin-scripting-compiler-embeddable/2.1.10/68d78ab84d41a631df147c9c730e07c86a89dd2d/kotlin-scripting-compiler-embeddable-2.1.10.jar,/Users/sam/.gradle/caches/modules-2/files-2.1/org.jetbrains.kotlin/kotlin-serialization-compiler-plugin-embeddable/2.1.10/5f9d3a378f471e0168d63c26a4ced31da7047abf/kotlin-serialization-compiler-plugin-embeddable-2.1.10.jar,/Users/sam/.gradle/caches/modules-2/files-2.1/org.jetbrains.kotlin/kotlin-scripting-compiler-impl-embeddable/2.1.10/1c80f23a996ff41f5511e8ef646b53bd7ca625f6/kotlin-scripting-compiler-impl-embeddable-2.1.10.jar,/Users/sam/.gradle/caches/modules-2/files-2.1/org.jetbrains.kotlin/kotlin-scripting-jvm/2.1.10/7992af0361147f5918380c58982a1eae2a4eb75e/kotlin-scripting-jvm-2.1.10.jar,/Users/sam/.gradle/caches/modules-2/files-2.1/org.jetbrains.kotlin/kotlin-scripting-common/2.1.10/c6bc5aa794c482975bb0513e731c47a525cf8130/kotlin-scripting-common-2.1.10.jar,/Users/sam/.gradle/caches/modules-2/files-2.1/org.jetbrains.kotlin/kotlin-stdlib/2.1.10/d3028429e7151d7a7c1a0d63a4f60eac86a87b91/kotlin-stdlib-2.1.10.jar,/Users/sam/.gradle/caches/modules-2/files-2.1/org.jetbrains/annotations/13.0/919f0dfe192fb4e063e7dacadee7f8bb9a2672a9/annotations-13.0.jar,/Users/sam/.gradle/caches/modules-2/files-2.1/org.jetbrains.kotlin/kotlin-script-runtime/2.1.10/70000e6ef453308e55d42ea4ace5b8c32325ce75/kotlin-script-runtime-2.1.10.jar -verbose /Users/sam/Desktop/MyApplicationBackend/MyApplicationBackend/src/main/kotlin/Main.kt /Users/sam/Desktop/MyApplicationBackend/MyApplicationBackend/src/main/kotlin/com/example/database/DatabaseConfig.kt /Users/sam/Desktop/MyApplicationBackend/MyApplicationBackend/src/main/kotlin/com/example/database/Tables.kt /Users/sam/Desktop/MyApplicationBackend/MyApplicationBackend/src/main/kotlin/com/example/database/Repository.kt /Users/sam/Desktop/MyApplicationBackend/MyApplicationBackend/src/main/kotlin/com/example/Application.kt /Users/sam/Desktop/MyApplicationBackend/MyApplicationBackend/src/main/kotlin/com/example/plugins/Routing.kt /Users/sam/Desktop/MyApplicationBackend/MyApplicationBackend/src/main/kotlin/com/example/plugins/Serialization.kt /Users/sam/Desktop/MyApplicationBackend/MyApplicationBackend/src/main/kotlin/com/example/plugins/Sockets.kt /Users/sam/Desktop/MyApplicationBackend/MyApplicationBackend/src/main/kotlin/com/example/models/Location.kt /Users/sam/Desktop/MyApplicationBackend/MyApplicationBackend/src/main/kotlin/com/example/models/PatientEvent.kt /Users/sam/Desktop/MyApplicationBackend/MyApplicationBackend/src/main/kotlin/com/example/mqtt/MqttSender.kt /Users/sam/Desktop/MyApplicationBackend/MyApplicationBackend/src/main/kotlin/com/example/routes/LocationRoutes.kt /Users/sam/Desktop/MyApplicationBackend/MyApplicationBackend/src/main/kotlin/com/example/services/MqttService.kt
2025-03-10T17:43:18.397+0800 [DEBUG] [sun.rmi.client.ref] WorkerExecutor Queue: get connection
2025-03-10T17:43:18.397+0800 [DEBUG] [sun.rmi.transport.tcp] WorkerExecutor Queue: create connection
2025-03-10T17:43:18.398+0800 [DEBUG] [sun.rmi.loader] WorkerExecutor Queue: interfaces = [org.jetbrains.kotlin.daemon.common.CompileService], codebase = "", defaultLoader = InstrumentingVisitableURLClassLoader(ClassLoaderScopeIdentifier.Id{coreAndPlugins:settings[:]:buildSrc[:]:root-project[:](export)})
2025-03-10T17:43:18.399+0800 [DEBUG] [sun.rmi.loader] WorkerExecutor Queue: name = "java.lang.reflect.Proxy", codebase = "", defaultLoader = InstrumentingVisitableURLClassLoader(ClassLoaderScopeIdentifier.Id{coreAndPlugins:settings[:]:buildSrc[:]:root-project[:](export)})
2025-03-10T17:43:18.399+0800 [DEBUG] [sun.rmi.loader] WorkerExecutor Queue: name = "java.rmi.server.RemoteObjectInvocationHandler", codebase = "", defaultLoader = InstrumentingVisitableURLClassLoader(ClassLoaderScopeIdentifier.Id{coreAndPlugins:settings[:]:buildSrc[:]:root-project[:](export)})
2025-03-10T17:43:18.399+0800 [DEBUG] [sun.rmi.loader] WorkerExecutor Queue: name = "java.rmi.server.RemoteObject", codebase = "", defaultLoader = InstrumentingVisitableURLClassLoader(ClassLoaderScopeIdentifier.Id{coreAndPlugins:settings[:]:buildSrc[:]:root-project[:](export)})
2025-03-10T17:43:18.399+0800 [DEBUG] [sun.rmi.loader] WorkerExecutor Queue: name = "org.jetbrains.kotlin.daemon.common.LoopbackNetworkInterface$ClientLoopbackSocketFactory", codebase = "", defaultLoader = InstrumentingVisitableURLClassLoader(ClassLoaderScopeIdentifier.Id{coreAndPlugins:settings[:]:buildSrc[:]:root-project[:](export)})
2025-03-10T17:43:18.399+0800 [DEBUG] [sun.rmi.loader] WorkerExecutor Queue: name = "org.jetbrains.kotlin.daemon.common.LoopbackNetworkInterface$AbstractClientLoopbackSocketFactory", codebase = "", defaultLoader = InstrumentingVisitableURLClassLoader(ClassLoaderScopeIdentifier.Id{coreAndPlugins:settings[:]:buildSrc[:]:root-project[:](export)})
2025-03-10T17:43:18.399+0800 [DEBUG] [sun.rmi.client.ref] WorkerExecutor Queue: free connection (reuse = true)
2025-03-10T17:43:18.399+0800 [DEBUG] [sun.rmi.transport.tcp] WorkerExecutor Queue: reuse connection
2025-03-10T17:43:18.399+0800 [DEBUG] [sun.rmi.transport.tcp] WorkerExecutor Queue: create reaper
2025-03-10T17:43:18.399+0800 [DEBUG] [sun.rmi.client.ref] WorkerExecutor Queue: get connection
2025-03-10T17:43:18.399+0800 [DEBUG] [sun.rmi.transport.tcp] WorkerExecutor Queue: create connection
2025-03-10T17:43:18.400+0800 [DEBUG] [sun.rmi.loader] WorkerExecutor Queue: name = "java.rmi.dgc.Lease", codebase = "", defaultLoader = InstrumentingVisitableURLClassLoader(ClassLoaderScopeIdentifier.Id{coreAndPlugins:settings[:]:buildSrc[:]:root-project[:](export)})
2025-03-10T17:43:18.400+0800 [DEBUG] [sun.rmi.loader] WorkerExecutor Queue: name = "java.rmi.dgc.VMID", codebase = "", defaultLoader = InstrumentingVisitableURLClassLoader(ClassLoaderScopeIdentifier.Id{coreAndPlugins:settings[:]:buildSrc[:]:root-project[:](export)})
2025-03-10T17:43:18.400+0800 [DEBUG] [sun.rmi.loader] WorkerExecutor Queue: name = "[B", codebase = "", defaultLoader = InstrumentingVisitableURLClassLoader(ClassLoaderScopeIdentifier.Id{coreAndPlugins:settings[:]:buildSrc[:]:root-project[:](export)})
2025-03-10T17:43:18.400+0800 [DEBUG] [sun.rmi.loader] WorkerExecutor Queue: name = "java.rmi.server.UID", codebase = "", defaultLoader = InstrumentingVisitableURLClassLoader(ClassLoaderScopeIdentifier.Id{coreAndPlugins:settings[:]:buildSrc[:]:root-project[:](export)})
2025-03-10T17:43:18.401+0800 [DEBUG] [sun.rmi.client.ref] WorkerExecutor Queue: free connection (reuse = true)
2025-03-10T17:43:18.401+0800 [DEBUG] [sun.rmi.transport.tcp] WorkerExecutor Queue: reuse connection
2025-03-10T17:43:18.401+0800 [DEBUG] [sun.rmi.transport.tcp] WorkerExecutor Queue: create reaper
2025-03-10T17:43:18.401+0800 [DEBUG] [sun.rmi.transport.tcp] WorkerExecutor Queue: reuse connection
2025-03-10T17:43:18.401+0800 [DEBUG] [sun.rmi.transport.tcp] WorkerExecutor Queue: reuse connection
2025-03-10T17:43:18.401+0800 [DEBUG] [sun.rmi.transport.tcp] WorkerExecutor Queue: reuse connection
2025-03-10T17:43:18.401+0800 [DEBUG] [sun.rmi.loader] WorkerExecutor Queue: name = "org.jetbrains.kotlin.daemon.common.CompileService$CallResult$Good", codebase = "", defaultLoader = InstrumentingVisitableURLClassLoader(ClassLoaderScopeIdentifier.Id{coreAndPlugins:settings[:]:buildSrc[:]:root-project[:](export)})
2025-03-10T17:43:18.402+0800 [DEBUG] [sun.rmi.loader] WorkerExecutor Queue: name = "org.jetbrains.kotlin.daemon.common.CompileService$CallResult", codebase = "", defaultLoader = InstrumentingVisitableURLClassLoader(ClassLoaderScopeIdentifier.Id{coreAndPlugins:settings[:]:buildSrc[:]:root-project[:](export)})
2025-03-10T17:43:18.402+0800 [DEBUG] [sun.rmi.loader] WorkerExecutor Queue: name = "org.jetbrains.kotlin.daemon.common.DaemonJVMOptions", codebase = "", defaultLoader = InstrumentingVisitableURLClassLoader(ClassLoaderScopeIdentifier.Id{coreAndPlugins:settings[:]:buildSrc[:]:root-project[:](export)})
2025-03-10T17:43:18.402+0800 [DEBUG] [sun.rmi.loader] WorkerExecutor Queue: name = "java.util.ArrayList", codebase = "", defaultLoader = InstrumentingVisitableURLClassLoader(ClassLoaderScopeIdentifier.Id{coreAndPlugins:settings[:]:buildSrc[:]:root-project[:](export)})
2025-03-10T17:43:18.402+0800 [DEBUG] [sun.rmi.client.ref] WorkerExecutor Queue: free connection (reuse = true)
2025-03-10T17:43:18.402+0800 [DEBUG] [sun.rmi.transport.tcp] WorkerExecutor Queue: reuse connection
2025-03-10T17:43:18.403+0800 [DEBUG] [sun.rmi.transport.tcp] WorkerExecutor Queue: reuse connection
2025-03-10T17:43:18.403+0800 [DEBUG] [sun.rmi.loader] WorkerExecutor Queue: name = "org.jetbrains.kotlin.daemon.common.CompileService$CallResult$Ok", codebase = "", defaultLoader = InstrumentingVisitableURLClassLoader(ClassLoaderScopeIdentifier.Id{coreAndPlugins:settings[:]:buildSrc[:]:root-project[:](export)})
2025-03-10T17:43:18.404+0800 [DEBUG] [sun.rmi.loader] WorkerExecutor Queue: name = "org.jetbrains.kotlin.daemon.common.CompileService$CallResult", codebase = "", defaultLoader = InstrumentingVisitableURLClassLoader(ClassLoaderScopeIdentifier.Id{coreAndPlugins:settings[:]:buildSrc[:]:root-project[:](export)})
2025-03-10T17:43:18.404+0800 [DEBUG] [sun.rmi.client.ref] WorkerExecutor Queue: free connection (reuse = true)
2025-03-10T17:43:18.404+0800 [DEBUG] [sun.rmi.transport.tcp] WorkerExecutor Queue: reuse connection
2025-03-10T17:43:18.404+0800 [DEBUG] [sun.rmi.transport.tcp] WorkerExecutor Queue: reuse connection
2025-03-10T17:43:18.404+0800 [DEBUG] [sun.rmi.loader] WorkerExecutor Queue: name = "org.jetbrains.kotlin.daemon.common.CompileService$CallResult$Good", codebase = "", defaultLoader = InstrumentingVisitableURLClassLoader(ClassLoaderScopeIdentifier.Id{coreAndPlugins:settings[:]:buildSrc[:]:root-project[:](export)})
2025-03-10T17:43:18.404+0800 [DEBUG] [sun.rmi.loader] WorkerExecutor Queue: name = "org.jetbrains.kotlin.daemon.common.CompileService$CallResult", codebase = "", defaultLoader = InstrumentingVisitableURLClassLoader(ClassLoaderScopeIdentifier.Id{coreAndPlugins:settings[:]:buildSrc[:]:root-project[:](export)})
2025-03-10T17:43:18.405+0800 [DEBUG] [sun.rmi.loader] WorkerExecutor Queue: name = "java.lang.Integer", codebase = "", defaultLoader = InstrumentingVisitableURLClassLoader(ClassLoaderScopeIdentifier.Id{coreAndPlugins:settings[:]:buildSrc[:]:root-project[:](export)})
2025-03-10T17:43:18.405+0800 [DEBUG] [sun.rmi.loader] WorkerExecutor Queue: name = "java.lang.Number", codebase = "", defaultLoader = InstrumentingVisitableURLClassLoader(ClassLoaderScopeIdentifier.Id{coreAndPlugins:settings[:]:buildSrc[:]:root-project[:](export)})
2025-03-10T17:43:18.405+0800 [DEBUG] [sun.rmi.client.ref] WorkerExecutor Queue: free connection (reuse = true)
2025-03-10T17:43:18.405+0800 [DEBUG] [sun.rmi.transport.tcp] WorkerExecutor Queue: reuse connection
2025-03-10T17:43:18.405+0800 [DEBUG] [org.gradle.api.Task] v: found daemon on port 17969 (2852962 ms old), trying to connect
2025-03-10T17:43:18.405+0800 [DEBUG] [org.gradle.api.Task] v: connected to the daemon
2025-03-10T17:43:18.405+0800 [DEBUG] [org.gradle.api.Task] v: successfully leased a compile session (id = 12)
2025-03-10T17:43:18.405+0800 [DEBUG] [sun.rmi.transport.tcp] WorkerExecutor Queue: reuse connection
2025-03-10T17:43:18.405+0800 [DEBUG] [sun.rmi.loader] WorkerExecutor Queue: name = "org.jetbrains.kotlin.daemon.common.CompileService$CallResult$Good", codebase = "", defaultLoader = InstrumentingVisitableURLClassLoader(ClassLoaderScopeIdentifier.Id{coreAndPlugins:settings[:]:buildSrc[:]:root-project[:](export)})
2025-03-10T17:43:18.405+0800 [DEBUG] [sun.rmi.loader] WorkerExecutor Queue: name = "org.jetbrains.kotlin.daemon.common.CompileService$CallResult", codebase = "", defaultLoader = InstrumentingVisitableURLClassLoader(ClassLoaderScopeIdentifier.Id{coreAndPlugins:settings[:]:buildSrc[:]:root-project[:](export)})
2025-03-10T17:43:18.405+0800 [DEBUG] [sun.rmi.loader] WorkerExecutor Queue: name = "org.jetbrains.kotlin.daemon.common.DaemonJVMOptions", codebase = "", defaultLoader = InstrumentingVisitableURLClassLoader(ClassLoaderScopeIdentifier.Id{coreAndPlugins:settings[:]:buildSrc[:]:root-project[:](export)})
2025-03-10T17:43:18.405+0800 [DEBUG] [sun.rmi.loader] WorkerExecutor Queue: name = "java.util.ArrayList", codebase = "", defaultLoader = InstrumentingVisitableURLClassLoader(ClassLoaderScopeIdentifier.Id{coreAndPlugins:settings[:]:buildSrc[:]:root-project[:](export)})
2025-03-10T17:43:18.405+0800 [DEBUG] [sun.rmi.client.ref] WorkerExecutor Queue: free connection (reuse = true)
2025-03-10T17:43:18.406+0800 [DEBUG] [sun.rmi.transport.tcp] WorkerExecutor Queue: reuse connection
2025-03-10T17:43:18.406+0800 [DEBUG] [org.gradle.api.Task] Kotlin compile daemon JVM options: [-Xmx512m, -XX:MaxMetaspaceSize=384m, -XX:ReservedCodeCacheSize=320m, --Djava.awt.headless=true, --Djava.rmi.server.hostname=127.0.0.1, --Dkotlin.environment.keepalive, --ea, --XX:+UseCodeCacheFlushing, --XX:+UseParallelGC, --Dkotlin.daemon.initiator.marker.file=/var/folders/60/kn2gksdj66jgn3_9dbvr63vm0000gn/T/kotlin-compiler-in-ypplicationackend-5937994122594252674.alive, ---add-exports=java.base/sun.nio.ch=ALL-UNNAMED, -Dkotlin.environment.keepalive, -ea]
2025-03-10T17:43:18.406+0800 [DEBUG] [sun.rmi.transport.tcp] WorkerExecutor Queue: reuse connection
2025-03-10T17:43:18.406+0800 [DEBUG] [sun.rmi.loader] WorkerExecutor Queue: name = "org.jetbrains.kotlin.daemon.common.CompileService$CallResult$Good", codebase = "", defaultLoader = InstrumentingVisitableURLClassLoader(ClassLoaderScopeIdentifier.Id{coreAndPlugins:settings[:]:buildSrc[:]:root-project[:](export)})
2025-03-10T17:43:18.406+0800 [DEBUG] [sun.rmi.loader] WorkerExecutor Queue: name = "org.jetbrains.kotlin.daemon.common.CompileService$CallResult", codebase = "", defaultLoader = InstrumentingVisitableURLClassLoader(ClassLoaderScopeIdentifier.Id{coreAndPlugins:settings[:]:buildSrc[:]:root-project[:](export)})
2025-03-10T17:43:18.406+0800 [DEBUG] [sun.rmi.loader] WorkerExecutor Queue: name = "java.lang.Long", codebase = "", defaultLoader = InstrumentingVisitableURLClassLoader(ClassLoaderScopeIdentifier.Id{coreAndPlugins:settings[:]:buildSrc[:]:root-project[:](export)})
2025-03-10T17:43:18.406+0800 [DEBUG] [sun.rmi.loader] WorkerExecutor Queue: name = "java.lang.Number", codebase = "", defaultLoader = InstrumentingVisitableURLClassLoader(ClassLoaderScopeIdentifier.Id{coreAndPlugins:settings[:]:buildSrc[:]:root-project[:](export)})
2025-03-10T17:43:18.406+0800 [DEBUG] [sun.rmi.client.ref] WorkerExecutor Queue: free connection (reuse = true)
2025-03-10T17:43:18.406+0800 [DEBUG] [sun.rmi.transport.tcp] WorkerExecutor Queue: reuse connection
2025-03-10T17:43:18.406+0800 [INFO] [org.gradle.api.Task] Options for KOTLIN DAEMON: IncrementalCompilationOptions(super=CompilationOptions(compilerMode=INCREMENTAL_COMPILER, targetPlatform=JVM, reportCategories=[0, 1, 2, 3, 4], reportSeverity=3, requestedCompilationResults=[0], kotlinScriptExtensions=[]), areFileChangesKnown=true, modifiedFiles=[/Users/sam/Desktop/MyApplicationBackend/MyApplicationBackend/src/main/kotlin/com/example/Application.kt, /Users/sam/Desktop/MyApplicationBackend/MyApplicationBackend/src/main/kotlin/com/example/database/DatabaseConfig.kt, /Users/sam/Desktop/MyApplicationBackend/MyApplicationBackend/src/main/kotlin/com/example/database/Repository.kt, /Users/sam/Desktop/MyApplicationBackend/MyApplicationBackend/src/main/kotlin/com/example/database/Tables.kt, /Users/sam/Desktop/MyApplicationBackend/MyApplicationBackend/src/main/kotlin/com/example/models/PatientEvent.kt, /Users/sam/Desktop/MyApplicationBackend/MyApplicationBackend/src/main/kotlin/com/example/mqtt/MqttSender.kt, /Users/sam/.gradle/caches/8.10/transforms/9a348ee4d6c78a365a29b6b31a48deac/transformed/exposed-java-time-0_41_1_jar-snapshot.bin, /Users/sam/.gradle/caches/8.10/transforms/840d6933d095bc3bfd1290045d62f7d7/transformed/postgresql-42_5_4_jar-snapshot.bin, /Users/sam/.gradle/caches/8.10/transforms/1fe49286a44d8b1f44b3490ab1a6d3a2/transformed/HikariCP-5_0_1_jar-snapshot.bin], deletedFiles=[/Users/sam/.gradle/caches/8.10/transforms/177f157e767faeb9a807ea8f641744a6/transformed/h2-2_2_224_jar-snapshot.bin], classpathChanges=ToBeComputedByIncrementalCompiler, workingDir=/Users/sam/Desktop/MyApplicationBackend/MyApplicationBackend/build/kotlin/compileKotlin/cacheable, multiModuleICSettings=MultiModuleICSettings(buildHistoryFile=/Users/sam/Desktop/MyApplicationBackend/MyApplicationBackend/build/kotlin/compileKotlin/local-state/build-history.bin, useModuleDetection=false), usePreciseJavaTracking=true, icFeatures=IncrementalCompilationFeatures(withAbiSnapshot=false, preciseCompilationResultsBackup=true, keepIncrementalCompilationCachesInMemory=true, enableUnsafeIncrementalCompilationForMultiplatform=false), outputFiles=[/Users/sam/Desktop/MyApplicationBackend/MyApplicationBackend/build/classes/kotlin/main, /Users/sam/Desktop/MyApplicationBackend/MyApplicationBackend/build/kotlin/compileKotlin/cacheable, /Users/sam/Desktop/MyApplicationBackend/MyApplicationBackend/build/kotlin/compileKotlin/local-state])
2025-03-10T17:43:18.406+0800 [DEBUG] [sun.rmi.transport.tcp] WorkerExecutor Queue: reuse connection
2025-03-10T17:43:18.411+0800 [DEBUG] [org.gradle.api.Task] [KOTLIN] [IC] src/main/kotlin/com/example/Application.kt is marked dirty: was modified since last time
2025-03-10T17:43:18.412+0800 [DEBUG] [org.gradle.api.Task] [KOTLIN] [IC] src/main/kotlin/com/example/database/DatabaseConfig.kt is marked dirty: was modified since last time
2025-03-10T17:43:18.412+0800 [DEBUG] [org.gradle.api.Task] [KOTLIN] [IC] src/main/kotlin/com/example/database/Repository.kt is marked dirty: was modified since last time
2025-03-10T17:43:18.413+0800 [DEBUG] [org.gradle.api.Task] [KOTLIN] [IC] src/main/kotlin/com/example/database/Tables.kt is marked dirty: was modified since last time
2025-03-10T17:43:18.413+0800 [DEBUG] [org.gradle.api.Task] [KOTLIN] [IC] src/main/kotlin/com/example/models/PatientEvent.kt is marked dirty: was modified since last time
2025-03-10T17:43:18.413+0800 [DEBUG] [org.gradle.api.Task] [KOTLIN] [IC] src/main/kotlin/com/example/mqtt/MqttSender.kt is marked dirty: was modified since last time
2025-03-10T17:43:18.414+0800 [DEBUG] [org.gradle.api.Task] [KOTLIN] [IC] Classpath changes info passed from Gradle task: ToBeComputedByIncrementalCompiler
2025-03-10T17:43:18.421+0800 [DEBUG] [org.gradle.api.Task] [KOTLIN] [IC] [ClasspathSnapshot] Shrunk current classpath snapshot for diffing, retained 124 / 7867 classes
2025-03-10T17:43:18.421+0800 [DEBUG] [org.gradle.api.Task] [KOTLIN] [IC] [ClasspathSnapshot] Loaded shrunk previous classpath snapshot for diffing, found 124 classes
2025-03-10T17:43:18.422+0800 [DEBUG] [org.gradle.api.Task] [KOTLIN] [IC] [ClasspathSnapshot] Changed set = ProgramSymbolSet(classes = [], classMembers = {}, packageMembers = {})
2025-03-10T17:43:18.428+0800 [DEBUG] [org.gradle.api.Task] [KOTLIN] [IC] Process SignatureChanged(fqName = .kotlin_module)
2025-03-10T17:43:18.429+0800 [DEBUG] [org.gradle.api.Task] [KOTLIN] [IC] Process SignatureChanged(fqName = com.example.ApplicationKt)
2025-03-10T17:43:18.429+0800 [DEBUG] [org.gradle.api.Task] [KOTLIN] [IC] Process SignatureChanged(fqName = com.example.ApplicationKt.main.1)
2025-03-10T17:43:18.432+0800 [DEBUG] [org.gradle.api.Task] [KOTLIN] [IC] Deleting /Users/sam/Desktop/MyApplicationBackend/MyApplicationBackend/build/classes/kotlin/main/com/example/ApplicationKt.class on clearing cache for /Users/sam/Desktop/MyApplicationBackend/MyApplicationBackend/src/main/kotlin/com/example/Application.kt
2025-03-10T17:43:18.432+0800 [DEBUG] [org.gradle.api.Task] [KOTLIN] [IC] Moving /Users/sam/Desktop/MyApplicationBackend/MyApplicationBackend/build/classes/kotlin/main/com/example/ApplicationKt.class to the stash as /var/folders/60/kn2gksdj66jgn3_9dbvr63vm0000gn/T/kotlin-backups4568152968760042674/0.backup
2025-03-10T17:43:18.433+0800 [DEBUG] [org.gradle.api.Task] [KOTLIN] [IC] Deleting /Users/sam/Desktop/MyApplicationBackend/MyApplicationBackend/build/classes/kotlin/main/com/example/ApplicationKt$main$1.class on clearing cache for /Users/sam/Desktop/MyApplicationBackend/MyApplicationBackend/src/main/kotlin/com/example/Application.kt
2025-03-10T17:43:18.433+0800 [DEBUG] [org.gradle.api.Task] [KOTLIN] [IC] Moving /Users/sam/Desktop/MyApplicationBackend/MyApplicationBackend/build/classes/kotlin/main/com/example/ApplicationKt$main$1.class to the stash as /var/folders/60/kn2gksdj66jgn3_9dbvr63vm0000gn/T/kotlin-backups4568152968760042674/1.backup
2025-03-10T17:43:18.433+0800 [DEBUG] [org.gradle.api.Task] [KOTLIN] [IC] Deleting /Users/sam/Desktop/MyApplicationBackend/MyApplicationBackend/build/classes/kotlin/main/META-INF/MyApplicationBackend.kotlin_module on clearing cache for /Users/sam/Desktop/MyApplicationBackend/MyApplicationBackend/src/main/kotlin/com/example/Application.kt
2025-03-10T17:43:18.434+0800 [DEBUG] [org.gradle.api.Task] [KOTLIN] [IC] Moving /Users/sam/Desktop/MyApplicationBackend/MyApplicationBackend/build/classes/kotlin/main/META-INF/MyApplicationBackend.kotlin_module to the stash as /var/folders/60/kn2gksdj66jgn3_9dbvr63vm0000gn/T/kotlin-backups4568152968760042674/2.backup
2025-03-10T17:43:18.631+0800 [DEBUG] [org.gradle.api.Task] [KOTLIN] [IC] Marking the /Users/sam/Desktop/MyApplicationBackend/MyApplicationBackend/build/kotlin/compileKotlin/cacheable/dirty-sources.txt file as newly added
2025-03-10T17:43:18.632+0800 [DEBUG] [org.gradle.api.Task] [KOTLIN] compile iteration: src/main/kotlin/com/example/Application.kt, src/main/kotlin/com/example/database/DatabaseConfig.kt, src/main/kotlin/com/example/database/Repository.kt, src/main/kotlin/com/example/database/Tables.kt, src/main/kotlin/com/example/models/PatientEvent.kt, src/main/kotlin/com/example/mqtt/MqttSender.kt
2025-03-10T17:43:18.632+0800 [DEBUG] [org.gradle.api.Task] [KOTLIN] compiler exit code: COMPILATION_ERROR
2025-03-10T17:43:18.634+0800 [DEBUG] [org.gradle.api.Task] [KOTLIN] [IC] Moving /Users/sam/Desktop/MyApplicationBackend/MyApplicationBackend/build/kotlin/compileKotlin/local-state/build-history.bin to the stash as /var/folders/60/kn2gksdj66jgn3_9dbvr63vm0000gn/T/kotlin-backups4568152968760042674/3.backup
2025-03-10T17:43:18.636+0800 [DEBUG] [org.gradle.api.Task] [KOTLIN] [IC] Reverting changes
2025-03-10T17:43:18.636+0800 [DEBUG] [org.gradle.api.Task] [KOTLIN] [IC] Cleaning up stash
2025-03-10T17:43:18.637+0800 [DEBUG] [org.gradle.api.Task] [KOTLIN] [IC] Incremental compilation completed
2025-03-10T17:43:18.638+0800 [DEBUG] [sun.rmi.loader] WorkerExecutor Queue: name = "org.jetbrains.kotlin.daemon.common.CompileService$CallResult$Good", codebase = "", defaultLoader = InstrumentingVisitableURLClassLoader(ClassLoaderScopeIdentifier.Id{coreAndPlugins:settings[:]:buildSrc[:]:root-project[:](export)})
2025-03-10T17:43:18.638+0800 [DEBUG] [sun.rmi.loader] WorkerExecutor Queue: name = "org.jetbrains.kotlin.daemon.common.CompileService$CallResult", codebase = "", defaultLoader = InstrumentingVisitableURLClassLoader(ClassLoaderScopeIdentifier.Id{coreAndPlugins:settings[:]:buildSrc[:]:root-project[:](export)})
2025-03-10T17:43:18.638+0800 [DEBUG] [sun.rmi.loader] WorkerExecutor Queue: name = "java.lang.Integer", codebase = "", defaultLoader = InstrumentingVisitableURLClassLoader(ClassLoaderScopeIdentifier.Id{coreAndPlugins:settings[:]:buildSrc[:]:root-project[:](export)})
2025-03-10T17:43:18.638+0800 [DEBUG] [sun.rmi.loader] WorkerExecutor Queue: name = "java.lang.Number", codebase = "", defaultLoader = InstrumentingVisitableURLClassLoader(ClassLoaderScopeIdentifier.Id{coreAndPlugins:settings[:]:buildSrc[:]:root-project[:](export)})
2025-03-10T17:43:18.638+0800 [DEBUG] [sun.rmi.client.ref] WorkerExecutor Queue: free connection (reuse = true)
2025-03-10T17:43:18.638+0800 [DEBUG] [sun.rmi.transport.tcp] WorkerExecutor Queue: reuse connection
2025-03-10T17:43:18.638+0800 [DEBUG] [org.gradle.api.Task] v: Using Kotlin home directory <no_path>
2025-03-10T17:43:18.638+0800 [DEBUG] [org.gradle.api.Task] v: Using JDK home directory /Users/sam/.gradle/jdks/eclipse_adoptium-11-aarch64-os_x.2/jdk-11.0.26+4/Contents/Home
2025-03-10T17:43:18.638+0800 [DEBUG] [org.gradle.api.Task] v: Using JVM IR backend
2025-03-10T17:43:18.638+0800 [DEBUG] [org.gradle.api.Task] v: Configuring the compilation environment
2025-03-10T17:43:18.638+0800 [DEBUG] [org.gradle.api.Task] v: Loading modules: [java.se, jdk.accessibility, jdk.attach, jdk.compiler, jdk.dynalink, jdk.httpserver, jdk.jartool, jdk.javadoc, jdk.jconsole, jdk.jdi, jdk.jfr, jdk.jshell, jdk.jsobject, jdk.management, jdk.management.jfr, jdk.naming.ldap, jdk.net, jdk.scripting.nashorn, jdk.sctp, jdk.security.auth, jdk.security.jgss, jdk.unsupported, jdk.unsupported.desktop, jdk.xml.dom, java.base, java.compiler, java.datatransfer, java.desktop, java.xml, java.instrument, java.logging, java.management, java.management.rmi, java.rmi, java.naming, java.net.http, java.prefs, java.scripting, java.security.jgss, java.security.sasl, java.sql, java.transaction.xa, java.sql.rowset, java.xml.crypto, jdk.internal.jvmstat, jdk.management.agent, jdk.jdwp.agent, jdk.internal.ed, jdk.internal.le, jdk.internal.opt]
2025-03-10T17:43:18.638+0800 [DEBUG] [sun.rmi.transport.tcp] WorkerExecutor Queue: reuse connection
2025-03-10T17:43:18.639+0800 [DEBUG] [sun.rmi.loader] WorkerExecutor Queue: name = "org.jetbrains.kotlin.daemon.common.CompileService$CallResult$Good", codebase = "", defaultLoader = InstrumentingVisitableURLClassLoader(ClassLoaderScopeIdentifier.Id{coreAndPlugins:settings[:]:buildSrc[:]:root-project[:](export)})
2025-03-10T17:43:18.639+0800 [DEBUG] [sun.rmi.loader] WorkerExecutor Queue: name = "org.jetbrains.kotlin.daemon.common.CompileService$CallResult", codebase = "", defaultLoader = InstrumentingVisitableURLClassLoader(ClassLoaderScopeIdentifier.Id{coreAndPlugins:settings[:]:buildSrc[:]:root-project[:](export)})
2025-03-10T17:43:18.639+0800 [DEBUG] [sun.rmi.loader] WorkerExecutor Queue: name = "java.lang.Long", codebase = "", defaultLoader = InstrumentingVisitableURLClassLoader(ClassLoaderScopeIdentifier.Id{coreAndPlugins:settings[:]:buildSrc[:]:root-project[:](export)})
2025-03-10T17:43:18.639+0800 [DEBUG] [sun.rmi.loader] WorkerExecutor Queue: name = "java.lang.Number", codebase = "", defaultLoader = InstrumentingVisitableURLClassLoader(ClassLoaderScopeIdentifier.Id{coreAndPlugins:settings[:]:buildSrc[:]:root-project[:](export)})
2025-03-10T17:43:18.639+0800 [DEBUG] [sun.rmi.client.ref] WorkerExecutor Queue: free connection (reuse = true)
2025-03-10T17:43:18.639+0800 [DEBUG] [sun.rmi.transport.tcp] WorkerExecutor Queue: reuse connection
2025-03-10T17:43:18.639+0800 [DEBUG] [sun.rmi.transport.tcp] WorkerExecutor Queue: reuse connection
2025-03-10T17:43:18.639+0800 [DEBUG] [sun.rmi.loader] WorkerExecutor Queue: name = "org.jetbrains.kotlin.daemon.common.CompileService$CallResult$Ok", codebase = "", defaultLoader = InstrumentingVisitableURLClassLoader(ClassLoaderScopeIdentifier.Id{coreAndPlugins:settings[:]:buildSrc[:]:root-project[:](export)})
2025-03-10T17:43:18.639+0800 [DEBUG] [sun.rmi.loader] WorkerExecutor Queue: name = "org.jetbrains.kotlin.daemon.common.CompileService$CallResult", codebase = "", defaultLoader = InstrumentingVisitableURLClassLoader(ClassLoaderScopeIdentifier.Id{coreAndPlugins:settings[:]:buildSrc[:]:root-project[:](export)})
2025-03-10T17:43:18.639+0800 [DEBUG] [sun.rmi.client.ref] WorkerExecutor Queue: free connection (reuse = true)
2025-03-10T17:43:18.639+0800 [DEBUG] [sun.rmi.transport.tcp] WorkerExecutor Queue: reuse connection
2025-03-10T17:43:18.639+0800 [INFO] [org.gradle.api.Task] Finished executing kotlin compiler using DAEMON strategy
2025-03-10T17:43:18.639+0800 [INFO] [kotlin-compile-worker] Restoring task outputs to pre-compilation state
2025-03-10T17:43:18.639+0800 [DEBUG] [org.gradle.internal.resources.AbstractTrackedResourceLock] Execution worker: acquired lock on worker lease
2025-03-10T17:43:18.639+0800 [DEBUG] [org.gradle.internal.operations.DefaultBuildOperationRunner] Build operation 'Execute execute for :compileKotlin' completed
2025-03-10T17:43:18.640+0800 [DEBUG] [org.gradle.internal.operations.DefaultBuildOperationRunner] Build operation 'Executing task ':compileKotlin'' completed
2025-03-10T17:43:18.640+0800 [DEBUG] [org.gradle.internal.vfs.impl.AbstractVirtualFileSystem] Invalidating VFS paths: [/Users/sam/Desktop/MyApplicationBackend/MyApplicationBackend/build/kotlin/compileKotlin/classpath-snapshot, /Users/sam/Desktop/MyApplicationBackend/MyApplicationBackend/build/classes/kotlin/main, /Users/sam/Desktop/MyApplicationBackend/MyApplicationBackend/build/kotlin/compileKotlin/cacheable, /Users/sam/Desktop/MyApplicationBackend/MyApplicationBackend/build/kotlin/compileKotlin/local-state]
2025-03-10T17:43:18.641+0800 [DEBUG] [org.gradle.internal.operations.DefaultBuildOperationRunner] Build operation 'Snapshot outputs after executing task ':compileKotlin'' completed
2025-03-10T17:43:18.641+0800 [DEBUG] [org.gradle.api.internal.tasks.execution.ResolveTaskExecutionModeExecuter] Removed task artifact state for task ':compileKotlin' from context.
2025-03-10T17:43:18.641+0800 [DEBUG] [org.gradle.internal.operations.DefaultBuildOperationRunner] Completing Build operation 'Task :compileKotlin'
2025-03-10T17:43:18.641+0800 [DEBUG] [org.gradle.internal.operations.DefaultBuildOperationRunner] Build operation 'Task :compileKotlin' completed
2025-03-10T17:43:18.641+0800 [DEBUG] [org.gradle.execution.plan.DefaultFinalizedExecutionPlan] Node :compileKotlin completed, executed: true
2025-03-10T17:43:18.641+0800 [DEBUG] [org.gradle.execution.plan.DefaultFinalizedExecutionPlan] Node :compileKotlin failed
2025-03-10T17:43:18.641+0800 [DEBUG] [org.gradle.internal.resources.AbstractTrackedResourceLock] Execution worker: released lock on worker lease
2025-03-10T17:43:18.641+0800 [DEBUG] [org.gradle.internal.resources.AbstractTrackedResourceLock] Execution worker Thread 2: acquired lock on worker lease
2025-03-10T17:43:18.641+0800 [DEBUG] [org.gradle.internal.resources.AbstractTrackedResourceLock] Execution worker Thread 2: released lock on worker lease
2025-03-10T17:43:18.641+0800 [DEBUG] [org.gradle.internal.resources.AbstractTrackedResourceLock] Execution worker Thread 9: acquired lock on worker lease
2025-03-10T17:43:18.641+0800 [DEBUG] [org.gradle.internal.resources.AbstractTrackedResourceLock] Execution worker Thread 9: released lock on worker lease
2025-03-10T17:43:18.641+0800 [DEBUG] [org.gradle.internal.resources.AbstractTrackedResourceLock] Execution worker Thread 8: acquired lock on worker lease
2025-03-10T17:43:18.641+0800 [DEBUG] [org.gradle.internal.resources.AbstractTrackedResourceLock] Execution worker Thread 8: released lock on worker lease
2025-03-10T17:43:18.641+0800 [DEBUG] [org.gradle.internal.resources.AbstractTrackedResourceLock] Execution worker Thread 6: acquired lock on worker lease
2025-03-10T17:43:18.641+0800 [DEBUG] [org.gradle.internal.resources.AbstractTrackedResourceLock] Execution worker Thread 6: released lock on worker lease
2025-03-10T17:43:18.641+0800 [DEBUG] [org.gradle.internal.resources.AbstractTrackedResourceLock] Execution worker Thread 10: acquired lock on worker lease
2025-03-10T17:43:18.641+0800 [DEBUG] [org.gradle.internal.resources.AbstractTrackedResourceLock] Execution worker Thread 10: released lock on worker lease
2025-03-10T17:43:18.641+0800 [DEBUG] [org.gradle.internal.resources.AbstractTrackedResourceLock] Execution worker Thread 11: acquired lock on worker lease
2025-03-10T17:43:18.641+0800 [DEBUG] [org.gradle.internal.resources.AbstractTrackedResourceLock] Execution worker Thread 11: released lock on worker lease
2025-03-10T17:43:18.641+0800 [DEBUG] [org.gradle.internal.resources.AbstractTrackedResourceLock] Execution worker Thread 4: acquired lock on worker lease
2025-03-10T17:43:18.641+0800 [DEBUG] [org.gradle.internal.resources.AbstractTrackedResourceLock] Execution worker Thread 4: released lock on worker lease
2025-03-10T17:43:18.641+0800 [DEBUG] [org.gradle.internal.resources.AbstractTrackedResourceLock] Execution worker Thread 7: acquired lock on worker lease
2025-03-10T17:43:18.641+0800 [DEBUG] [org.gradle.internal.resources.AbstractTrackedResourceLock] Execution worker Thread 7: released lock on worker lease
2025-03-10T17:43:18.641+0800 [DEBUG] [org.gradle.internal.resources.AbstractTrackedResourceLock] Execution worker Thread 5: acquired lock on worker lease
2025-03-10T17:43:18.642+0800 [DEBUG] [org.gradle.internal.resources.AbstractTrackedResourceLock] Execution worker Thread 5: released lock on worker lease
2025-03-10T17:43:18.642+0800 [DEBUG] [org.gradle.internal.resources.AbstractTrackedResourceLock] Execution worker Thread 3: acquired lock on worker lease
2025-03-10T17:43:18.642+0800 [DEBUG] [org.gradle.internal.resources.AbstractTrackedResourceLock] Execution worker Thread 3: released lock on worker lease
2025-03-10T17:43:18.642+0800 [DEBUG] [org.gradle.internal.resources.AbstractTrackedResourceLock] included builds: acquired lock on worker lease
2025-03-10T17:43:18.642+0800 [DEBUG] [org.gradle.internal.operations.DefaultBuildOperationRunner] Completing Build operation 'Run tasks'
2025-03-10T17:43:18.642+0800 [DEBUG] [org.gradle.internal.operations.DefaultBuildOperationRunner] Build operation 'Run tasks' completed
2025-03-10T17:43:18.642+0800 [DEBUG] [org.gradle.internal.resources.AbstractTrackedResourceLock] included builds: released lock on worker lease
2025-03-10T17:43:18.642+0800 [DEBUG] [org.gradle.internal.resources.AbstractTrackedResourceLock] Execution worker: acquired lock on worker lease
2025-03-10T17:43:18.642+0800 [DEBUG] [org.gradle.internal.resources.AbstractTrackedResourceLock] Execution worker: released lock on worker lease
2025-03-10T17:43:18.642+0800 [DEBUG] [org.gradle.internal.resources.AbstractTrackedResourceLock] Execution worker Thread 3: acquired lock on worker lease
2025-03-10T17:43:18.642+0800 [DEBUG] [org.gradle.internal.resources.AbstractTrackedResourceLock] Execution worker Thread 3: released lock on worker lease
2025-03-10T17:43:18.642+0800 [DEBUG] [org.gradle.internal.resources.AbstractTrackedResourceLock] Execution worker Thread 5: acquired lock on worker lease
2025-03-10T17:43:18.642+0800 [DEBUG] [org.gradle.internal.resources.AbstractTrackedResourceLock] Execution worker Thread 5: released lock on worker lease
2025-03-10T17:43:18.642+0800 [DEBUG] [org.gradle.internal.resources.AbstractTrackedResourceLock] Execution worker Thread 7: acquired lock on worker lease
2025-03-10T17:43:18.642+0800 [DEBUG] [org.gradle.internal.resources.AbstractTrackedResourceLock] Execution worker Thread 7: released lock on worker lease
2025-03-10T17:43:18.642+0800 [DEBUG] [org.gradle.internal.resources.AbstractTrackedResourceLock] Execution worker Thread 4: acquired lock on worker lease
2025-03-10T17:43:18.642+0800 [DEBUG] [org.gradle.internal.resources.AbstractTrackedResourceLock] Execution worker Thread 4: released lock on worker lease
2025-03-10T17:43:18.642+0800 [DEBUG] [org.gradle.internal.resources.AbstractTrackedResourceLock] Execution worker Thread 11: acquired lock on worker lease
2025-03-10T17:43:18.642+0800 [DEBUG] [org.gradle.internal.resources.AbstractTrackedResourceLock] Execution worker Thread 11: released lock on worker lease
2025-03-10T17:43:18.642+0800 [DEBUG] [org.gradle.internal.resources.AbstractTrackedResourceLock] Execution worker Thread 10: acquired lock on worker lease
2025-03-10T17:43:18.642+0800 [DEBUG] [org.gradle.internal.resources.AbstractTrackedResourceLock] Execution worker Thread 10: released lock on worker lease
2025-03-10T17:43:18.642+0800 [DEBUG] [org.gradle.internal.resources.AbstractTrackedResourceLock] Execution worker Thread 6: acquired lock on worker lease
2025-03-10T17:43:18.642+0800 [DEBUG] [org.gradle.internal.resources.AbstractTrackedResourceLock] Execution worker Thread 6: released lock on worker lease
2025-03-10T17:43:18.642+0800 [DEBUG] [org.gradle.internal.resources.AbstractTrackedResourceLock] Execution worker Thread 8: acquired lock on worker lease
2025-03-10T17:43:18.642+0800 [DEBUG] [org.gradle.internal.resources.AbstractTrackedResourceLock] Execution worker Thread 8: released lock on worker lease
2025-03-10T17:43:18.642+0800 [DEBUG] [org.gradle.internal.resources.AbstractTrackedResourceLock] Execution worker Thread 9: acquired lock on worker lease
2025-03-10T17:43:18.642+0800 [DEBUG] [org.gradle.internal.resources.AbstractTrackedResourceLock] Execution worker Thread 9: released lock on worker lease
2025-03-10T17:43:18.642+0800 [DEBUG] [org.gradle.internal.resources.AbstractTrackedResourceLock] Execution worker Thread 2: acquired lock on worker lease
2025-03-10T17:43:18.642+0800 [DEBUG] [org.gradle.internal.resources.AbstractTrackedResourceLock] Execution worker Thread 2: released lock on worker lease
2025-03-10T17:43:18.642+0800 [DEBUG] [org.gradle.internal.resources.AbstractTrackedResourceLock] Daemon worker Thread 9: acquired lock on worker lease
2025-03-10T17:43:18.642+0800 [DEBUG] [org.gradle.internal.operations.DefaultBuildOperationRunner] Completing Build operation 'Run main tasks'
2025-03-10T17:43:18.642+0800 [DEBUG] [org.gradle.internal.operations.DefaultBuildOperationRunner] Build operation 'Run main tasks' completed
2025-03-10T17:43:18.642+0800 [DEBUG] [org.gradle.internal.operations.DefaultBuildOperationRunner] Build operation 'Finish root build tree' started
2025-03-10T17:43:18.642+0800 [DEBUG] [org.jetbrains.kotlin.gradle.plugin.statistics.BuildFusService$Inject] Executing [reportGlobalMetrics]
2025-03-10T17:43:18.642+0800 [DEBUG] [org.jetbrains.kotlin.gradle.plugin.statistics.BuildFusService$Inject] Executing [reportBuildFinish]
2025-03-10T17:43:18.642+0800 [DEBUG] [org.jetbrains.kotlin.gradle.plugin.statistics.KotlinBuildStatsLoggerService] Executing [class org.jetbrains.kotlin.gradle.plugin.statistics.KotlinBuildStatsLoggerService.initSessionLogger]
2025-03-10T17:43:18.642+0800 [DEBUG] [org.jetbrains.kotlin.gradle.plugin.statistics.KotlinBuildStatsLoggerService] Executing [class org.jetbrains.kotlin.gradle.plugin.statistics.KotlinBuildStatsLoggerService.reportBuildFinish]
2025-03-10T17:43:18.643+0800 [DEBUG] [org.jetbrains.kotlin.gradle.plugin.statistics.KotlinBuildStatsBeanService] Executing [class org.jetbrains.kotlin.gradle.plugin.statistics.KotlinBuildStatsBeanService.buildFinished]
2025-03-10T17:43:18.643+0800 [DEBUG] [org.jetbrains.kotlin.gradle.plugin.statistics.KotlinBuildStatsBeanService] Unregistered org.jetbrains.kotlin.gradle.plugin.statistics.old.Pre232IdeaKotlinBuildStatsBeanService@1bf7c39b
2025-03-10T17:43:18.643+0800 [DEBUG] [org.jetbrains.kotlin.gradle.plugin.statistics.KotlinBuildStatsBeanService] Executing [class org.jetbrains.kotlin.gradle.plugin.statistics.KotlinBuildStatsBeanService.buildFinished]
2025-03-10T17:43:18.643+0800 [DEBUG] [org.jetbrains.kotlin.gradle.plugin.statistics.KotlinBuildStatsBeanService] Unregistered org.jetbrains.kotlin.gradle.plugin.statistics.DefaultKotlinBuildStatsBeanService@76fa1f99
2025-03-10T17:43:18.643+0800 [DEBUG] [org.jetbrains.kotlin.gradle.plugin.statistics.BuildFusService$Inject] [KOTLIN] Close BuildFusService$Inject
2025-03-10T17:43:18.643+0800 [DEBUG] [org.jetbrains.kotlin.gradle.plugin.KotlinGradleFinishBuildHandler] [KOTLIN] Deleted session-is-alive flag file: /Users/sam/Desktop/MyApplicationBackend/MyApplicationBackend/.kotlin/sessions/kotlin-compiler-11087785212879947881.salive
2025-03-10T17:43:18.643+0800 [DEBUG] [org.jetbrains.kotlin.gradle.plugin.KotlinGradleBuildServices$Inject] [KOTLIN] Disposed KotlinGradleBuildServices
2025-03-10T17:43:18.643+0800 [DEBUG] [org.gradle.internal.operations.DefaultBuildOperationRunner] Completing Build operation 'Finish root build tree'
2025-03-10T17:43:18.643+0800 [DEBUG] [org.gradle.internal.operations.DefaultBuildOperationRunner] Build operation 'Finish root build tree' completed
2025-03-10T17:43:18.644+0800 [WARN] [org.gradle.internal.featurelifecycle.LoggingDeprecatedFeatureHandler] 
Deprecated Gradle features were used in this build, making it incompatible with Gradle 9.0.

You can use '--warning-mode all' to show the individual deprecation warnings and determine if they come from your own scripts or plugins.

For more on this, please refer to https://docs.gradle.org/8.10/userguide/command_line_interface.html#sec:command_line_warnings in the Gradle documentation.
2025-03-10T17:43:18.644+0800 [LIFECYCLE] [org.gradle.internal.buildevents.TaskExecutionStatisticsReporter] 1 actionable task: 1 executed
2025-03-10T17:43:18.644+0800 [DEBUG] [org.gradle.internal.operations.DefaultBuildOperationRunner] Build operation 'Build finished for file system watching' started
2025-03-10T17:43:18.644+0800 [INFO] [org.gradle.internal.watch.registry.impl.HierarchicalFileWatcherUpdater] Watched directory hierarchies: [/Users/sam/Desktop/MyApplicationBackend/MyApplicationBackend]
2025-03-10T17:43:18.644+0800 [DEBUG] [org.gradle.internal.operations.DefaultBuildOperationRunner] Completing Build operation 'Build finished for file system watching'
2025-03-10T17:43:18.644+0800 [DEBUG] [org.gradle.internal.operations.DefaultBuildOperationRunner] Build operation 'Build finished for file system watching' completed
2025-03-10T17:43:18.645+0800 [DEBUG] [org.gradle.cache.internal.LockOnDemandCrossProcessCacheAccess] Releasing file lock for cache directory md-supplier (/Users/sam/.gradle/caches/8.10/md-supplier)
2025-03-10T17:43:18.645+0800 [DEBUG] [org.gradle.cache.internal.DefaultFileLockManager] Releasing lock on cache directory md-supplier (/Users/sam/.gradle/caches/8.10/md-supplier).
2025-03-10T17:43:18.645+0800 [DEBUG] [org.gradle.cache.internal.LockOnDemandCrossProcessCacheAccess] Releasing file lock for Build Output Cleanup Cache (/Users/sam/Desktop/MyApplicationBackend/MyApplicationBackend/.gradle/buildOutputCleanup)
2025-03-10T17:43:18.645+0800 [DEBUG] [org.gradle.cache.internal.btree.BTreePersistentIndexedCache] Closing cache outputFiles.bin (/Users/sam/Desktop/MyApplicationBackend/MyApplicationBackend/.gradle/buildOutputCleanup/outputFiles.bin)
2025-03-10T17:43:18.645+0800 [DEBUG] [org.gradle.cache.internal.DefaultFileLockManager] Releasing lock on Build Output Cleanup Cache (/Users/sam/Desktop/MyApplicationBackend/MyApplicationBackend/.gradle/buildOutputCleanup).
2025-03-10T17:43:18.645+0800 [DEBUG] [org.gradle.cache.internal.LockOnDemandCrossProcessCacheAccess] Releasing file lock for execution history cache (/Users/sam/Desktop/MyApplicationBackend/MyApplicationBackend/.gradle/8.10/executionHistory)
2025-03-10T17:43:18.645+0800 [DEBUG] [org.gradle.cache.internal.DefaultFileLockManager] Releasing lock on execution history cache (/Users/sam/Desktop/MyApplicationBackend/MyApplicationBackend/.gradle/8.10/executionHistory).
2025-03-10T17:43:18.645+0800 [DEBUG] [org.gradle.cache.internal.LockOnDemandCrossProcessCacheAccess] Releasing file lock for cache directory md-rule (/Users/sam/.gradle/caches/8.10/md-rule)
2025-03-10T17:43:18.645+0800 [DEBUG] [org.gradle.cache.internal.DefaultFileLockManager] Releasing lock on cache directory md-rule (/Users/sam/.gradle/caches/8.10/md-rule).
2025-03-10T17:43:18.646+0800 [DEBUG] [org.gradle.api.internal.artifacts.ivyservice.resolveengine.store.CachedStoreFactory] Resolution result cache closed. Cache reads: 0, disk reads: 0 (avg: 0.0 secs, total: 0.0 secs)
2025-03-10T17:43:18.646+0800 [DEBUG] [org.gradle.api.internal.artifacts.ivyservice.resolveengine.store.CachedStoreFactory] Resolution result cache closed. Cache reads: 0, disk reads: 1 (avg: 0.0 secs, total: 0.0 secs)
2025-03-10T17:43:18.646+0800 [DEBUG] [org.gradle.api.internal.artifacts.ivyservice.resolveengine.store.ResolutionResultsStoreFactory] Deleted 4 resolution results binary files in 0.0 secs
2025-03-10T17:43:18.646+0800 [DEBUG] [org.gradle.internal.operations.DefaultBuildOperationRunner] Completing Build operation 'Run build'
2025-03-10T17:43:18.646+0800 [DEBUG] [org.gradle.internal.operations.DefaultBuildOperationRunner] Build operation 'Run build' completed
2025-03-10T17:43:18.646+0800 [DEBUG] [org.gradle.internal.resources.AbstractTrackedResourceLock] Daemon worker Thread 9: released lock on worker lease
2025-03-10T17:43:18.647+0800 [DEBUG] [org.gradle.deployment.internal.DefaultDeploymentRegistry] Stopping 0 deployment handles
2025-03-10T17:43:18.647+0800 [DEBUG] [org.gradle.deployment.internal.DefaultDeploymentRegistry] Stopped deployment handles
2025-03-10T17:43:18.647+0800 [DEBUG] [org.gradle.cache.internal.LockOnDemandCrossProcessCacheAccess] Releasing file lock for file hash cache (/Users/sam/Desktop/MyApplicationBackend/MyApplicationBackend/.gradle/8.10/fileHashes)
2025-03-10T17:43:18.647+0800 [DEBUG] [org.gradle.cache.internal.DefaultFileLockManager] Releasing lock on file hash cache (/Users/sam/Desktop/MyApplicationBackend/MyApplicationBackend/.gradle/8.10/fileHashes).
2025-03-10T17:43:18.647+0800 [DEBUG] [org.gradle.cache.internal.LockOnDemandCrossProcessCacheAccess] Releasing file lock for checksums cache (/Users/sam/Desktop/MyApplicationBackend/MyApplicationBackend/.gradle/8.10/checksums)
2025-03-10T17:43:18.647+0800 [DEBUG] [org.gradle.cache.internal.DefaultFileLockManager] Releasing lock on checksums cache (/Users/sam/Desktop/MyApplicationBackend/MyApplicationBackend/.gradle/8.10/checksums).
2025-03-10T17:43:18.647+0800 [DEBUG] [org.gradle.cache.internal.DefaultCacheCleanupExecutor] VCS Checkout Cache (/Users/sam/Desktop/MyApplicationBackend/MyApplicationBackend/.gradle/vcs-1) has last been fully cleaned up 11 hours ago
2025-03-10T17:43:18.647+0800 [DEBUG] [org.gradle.cache.internal.DefaultCacheCleanupExecutor] Skipping cleanup for VCS Checkout Cache (/Users/sam/Desktop/MyApplicationBackend/MyApplicationBackend/.gradle/vcs-1) as it is not yet due
2025-03-10T17:43:18.647+0800 [DEBUG] [org.gradle.cache.internal.DefaultCacheCoordinator] Cache VCS Checkout Cache (/Users/sam/Desktop/MyApplicationBackend/MyApplicationBackend/.gradle/vcs-1) was closed 0 times.
2025-03-10T17:43:18.647+0800 [DEBUG] [org.gradle.cache.internal.DefaultCacheCoordinator] Cache VCS metadata (/Users/sam/Desktop/MyApplicationBackend/MyApplicationBackend/.gradle/8.10/vcsMetadata) was closed 0 times.
2025-03-10T17:43:18.647+0800 [DEBUG] [org.gradle.cache.internal.DefaultCacheCleanupExecutor] dependencies-accessors (/Users/sam/Desktop/MyApplicationBackend/MyApplicationBackend/.gradle/8.10/dependencies-accessors) has last been fully cleaned up 11 hours ago
2025-03-10T17:43:18.647+0800 [DEBUG] [org.gradle.cache.internal.DefaultCacheCleanupExecutor] Skipping cleanup for dependencies-accessors (/Users/sam/Desktop/MyApplicationBackend/MyApplicationBackend/.gradle/8.10/dependencies-accessors) as it is not yet due
2025-03-10T17:43:18.647+0800 [DEBUG] [org.gradle.cache.internal.DefaultCacheCoordinator] Cache dependencies-accessors (/Users/sam/Desktop/MyApplicationBackend/MyApplicationBackend/.gradle/8.10/dependencies-accessors) was closed 0 times.
2025-03-10T17:43:18.647+0800 [DEBUG] [org.gradle.cache.internal.DefaultCacheCoordinator] Cache Compressed Files Expansion Cache (/Users/sam/Desktop/MyApplicationBackend/MyApplicationBackend/.gradle/8.10/expanded) was closed 0 times.
2025-03-10T17:43:18.647+0800 [DEBUG] [org.gradle.internal.operations.DefaultBuildOperationRunner] Build operation 'Deleting unused version-specific caches in /Users/sam/Desktop/MyApplicationBackend/MyApplicationBackend/.gradle' started
2025-03-10T17:43:18.647+0800 [DEBUG] [org.gradle.internal.operations.DefaultBuildOperationRunner] Completing Build operation 'Deleting unused version-specific caches in /Users/sam/Desktop/MyApplicationBackend/MyApplicationBackend/.gradle'
2025-03-10T17:43:18.647+0800 [DEBUG] [org.gradle.internal.operations.DefaultBuildOperationRunner] Build operation 'Deleting unused version-specific caches in /Users/sam/Desktop/MyApplicationBackend/MyApplicationBackend/.gradle' completed
2025-03-10T17:43:18.651+0800 [DEBUG] [org.gradle.launcher.daemon.server.exec.ExecuteBuild] The daemon has finished executing the build.
2025-03-10T17:43:18.704+0800 [DEBUG] [org.gradle.launcher.daemon.client.DaemonClientConnection] thread 1: dispatching class org.gradle.launcher.daemon.protocol.CloseInput
2025-03-10T17:43:18.704+0800 [DEBUG] [org.gradle.launcher.daemon.client.DaemonClient] Received result Success[value=org.gradle.launcher.exec.BuildActionResult@5b057c8c] from daemon DaemonInfo{pid=1078, address=[b1a8f178-af90-4f4a-8c0d-61c18c914117 port:49481, addresses:[/127.0.0.1]], state=Idle, lastBusy=1741599759408, context=DefaultDaemonContext[uid=ce358010-52ff-412c-bc14-b3d381f65b83,javaHome=/Users/sam/Library/Java/JavaVirtualMachines/openjdk-23.0.2/Contents/Home,javaVersion=23,javaVendor=Oracle Corporation,daemonRegistryDir=/Users/sam/.gradle/daemon,pid=1078,idleTimeout=10800000,priority=NORMAL,applyInstrumentationAgent=true,nativeServicesMode=ENABLED,daemonOpts=--add-opens=java.base/java.util=ALL-UNNAMED,--add-opens=java.base/java.lang=ALL-UNNAMED,--add-opens=java.base/java.lang.invoke=ALL-UNNAMED,--add-opens=java.prefs/java.util.prefs=ALL-UNNAMED,--add-exports=jdk.compiler/com.sun.tools.javac.api=ALL-UNNAMED,--add-exports=jdk.compiler/com.sun.tools.javac.util=ALL-UNNAMED,--add-opens=java.base/java.nio.charset=ALL-UNNAMED,--add-opens=java.base/java.net=ALL-UNNAMED,--add-opens=java.base/java.util.concurrent.atomic=ALL-UNNAMED,-XX:MaxMetaspaceSize=384m,-XX:+HeapDumpOnOutOfMemoryError,-Xms256m,-Xmx512m,-Dfile.encoding=UTF-8,-Duser.country=TW,-Duser.language=zh,-Duser.variant]} (build should be done).
2025-03-10T17:43:18.704+0800 [DEBUG] [org.gradle.launcher.daemon.client.DaemonClientConnection] thread 1: dispatching class org.gradle.launcher.daemon.protocol.Finished
2025-03-10T17:43:18.704+0800 [DEBUG] [org.gradle.launcher.daemon.client.DaemonClientConnection] thread 1: connection stop
2025-03-10T17:43:18.705+0800 [LIFECYCLE] [org.gradle.launcher.cli.DebugLoggerWarningAction] 
#############################################################################
   WARNING WARNING WARNING WARNING WARNING WARNING WARNING WARNING WARNING

   Debug level logging will leak security sensitive information!

   For more details, please refer to https://docs.gradle.org/8.10/userguide/logging.html#sec:debug_security in the Gradle documentation.
#############################################################################

